Component: ARM Compiler 5.05 update 2 (build 169) Tool: armlink [4d0f33]

==============================================================================

Section Cross References

    startup_lpc17xx.o(STACK) refers (Special) to heapauxi.o(.text) for __use_two_region_memory
    startup_lpc17xx.o(HEAP) refers (Special) to heapauxi.o(.text) for __use_two_region_memory
    startup_lpc17xx.o(RESET) refers (Special) to heapauxi.o(.text) for __use_two_region_memory
    startup_lpc17xx.o(RESET) refers to startup_lpc17xx.o(STACK) for __initial_sp
    startup_lpc17xx.o(RESET) refers to startup_lpc17xx.o(.text) for Reset_Handler
    startup_lpc17xx.o(RESET) refers to mid_systick.o(.text) for SysTick_Handler
    startup_lpc17xx.o(RESET) refers to drv_timer.o(.text) for TIMER0_IRQHandler
    startup_lpc17xx.o(RESET) refers to drv_uart.o(.text) for UART0_IRQHandler
    startup_lpc17xx.o(RESET) refers to drv_wiegand.o(.text) for EINT3_IRQHandler
    startup_lpc17xx.o(.ARM.__at_0x02FC) refers (Special) to heapauxi.o(.text) for __use_two_region_memory
    startup_lpc17xx.o(.text) refers (Special) to heapauxi.o(.text) for __use_two_region_memory
    startup_lpc17xx.o(.text) refers to system_lpc17xx.o(.text) for SystemInit
    startup_lpc17xx.o(.text) refers to __main.o(!!!main) for __main
    startup_lpc17xx.o(.text) refers to startup_lpc17xx.o(HEAP) for Heap_Mem
    startup_lpc17xx.o(.text) refers to startup_lpc17xx.o(STACK) for Stack_Mem
    drv_eeprom.o(.text) refers to drv_eeprom.o(.data) for EP_ERR_Flag
    drv_enc28j60.o(.text) refers to drv_spi.o(.text) for NetSPI_Enable
    drv_enc28j60.o(.text) refers to mid_sysconfig.o(.text) for delay_ms
    drv_enc28j60.o(.text) refers to drv_enc28j60.o(.data) for Enc28j60Bank
    drv_enc28j60.o(.text) refers to app_network.o(.data) for SR_MAC
    drv_flash.o(.text) refers to drv_spi.o(.text) for SPI_Send1Byte
    drv_flash.o(.text) refers to drv_flash.o(.bss) for FLASH_BUFFER
    drv_keyboard.o(.text) refers to mid_sysconfig.o(.text) for delay_ms
    drv_keyboard.o(.text) refers to mid_magically.o(.text) for Buzzer
    drv_keyboard.o(.text) refers to drv_keyboard.o(.data) for Key_DownFlag
    drv_timer.o(.text) refers to system_lpc17xx.o(.data) for SystemCoreClock
    drv_timer.o(.text) refers to drv_timer.o(.data) for gTimeCount
    drv_wdt.o(.text) refers to system_lpc17xx.o(.data) for SystemCoreClock
    drv_lcd.o(.text) refers to mid_sysconfig.o(.text) for delay_ms
    drv_lcd.o(.text) refers to mid_ziku.o(.text) for ZiKu_GetChineseChar
    drv_lcd.o(.text) refers to rt_memcpy_v6.o(.text) for __aeabi_memcpy
    drv_lcd.o(.text) refers to drv_lcd.o(.constdata) for matrix
    drv_lcd.o(.text) refers to drv_lcd.o(.bss) for DisplayBuf
    drv_lcd.o(.text) refers to rt_memclr.o(.text) for __aeabi_memclr
    drv_uart.o(.text) refers to rt_memclr.o(.text) for __aeabi_memclr
    drv_uart.o(.text) refers to strlen.o(.text) for strlen
    drv_uart.o(.text) refers to mid_comm.o(.text) for Comm_Decoding
    drv_uart.o(.text) refers to drv_uart.o(.data) for FingerprintDataCnt
    drv_uart.o(.text) refers to drv_uart.o(.bss) for FingerprintDataBuf
    drv_uart.o(.text) refers to system_lpc17xx.o(.data) for SystemCoreClock
    drv_uart.o(.text) refers to mid_sysconfig.o(.bss) for gstSysRunInfo
    drv_voice.o(.text) refers to drv_uart.o(.text) for UART2_SendNxByte
    drv_voice.o(.text) refers to mid_sysconfig.o(.text) for delay_ms
    drv_74hc16x.o(.text) refers to mid_sysconfig.o(.text) for delay_ms
    drv_rfm.o(.text) refers to mid_sysconfig.o(.text) for delay_ms
    drv_rfm.o(.text) refers to drv_spi.o(.text) for SPI_Send1Byte
    drv_rfm.o(.text) refers to drv_rfm.o(.bss) for g_Card_RevBuffer
    drv_rfm.o(.text) refers to drv_rfm.o(.data) for g_Card_tagtype
    drv_rfm.o(.text) refers to memcmp.o(.text) for memcmp
    drv_rfm.o(.text) refers to aeabi_memset.o(.text) for __aeabi_memset
    drv_wiegand.o(.text) refers to rt_memclr.o(.text) for __aeabi_memclr
    drv_wiegand.o(.text) refers to drv_wdt.o(.text) for WDT_Feed
    drv_wiegand.o(.text) refers to drv_wiegand.o(.bss) for gstWG
    lib_public.o(.text) refers to rt_memclr_w.o(.text) for __aeabi_memclr4
    lib_public.o(.text) refers to rt_memcpy_v6.o(.text) for __aeabi_memcpy
    lib_public.o(.text) refers to strlen.o(.text) for strlen
    mid_systick.o(.text) refers to mid_systick.o(.data) for bSysTickEnable
    mid_systick.o(.text) refers to mid_systick.o(.bss) for TimerPool
    mid_magically.o(.text) refers to rt_memclr_w.o(.text) for __aeabi_memclr4
    mid_magically.o(.text) refers to lib_public.o(.text) for Ascii_To_Hex
    mid_magically.o(.text) refers to mid_sysconfig.o(.text) for Store_Parameters
    mid_magically.o(.text) refers to mid_sysconfig.o(.bss) for gstSysRunInfo
    mid_magically.o(.text) refers to mid_magically.o(.data) for pTimer_LedBlink
    mid_magically.o(.text) refers to drv_rtc.o(.data) for gbRTC_TimeUpdate
    mid_sysconfig.o(.text) refers to _printf_pad.o(.text) for _printf_pre_padding
[...]
    nicSetMacAddress                         0x00000ac5   Thumb Code    64  drv_enc28j60.o(.text)
    encPhyWrite                              0x00000b05   Thumb Code    64  drv_enc28j60.o(.text)
    encInit                                  0x00000b45   Thumb Code   240  drv_enc28j60.o(.text)
    get_ethernet                             0x00000c35   Thumb Code   262  drv_enc28j60.o(.text)
    put_ethernet                             0x00000d3b   Thumb Code   140  drv_enc28j60.o(.text)
    FLASH_SendByte                           0x00000dd5   Thumb Code    18  drv_flash.o(.text)
    FLASH_ReadByte                           0x00000de7   Thumb Code    10  drv_flash.o(.text)
    FLASH_ReadID                             0x00000df1   Thumb Code    78  drv_flash.o(.text)
    FLASH_Init                               0x00000e3f   Thumb Code    50  drv_flash.o(.text)
    FLASH_SendHalfWord                       0x00000e71   Thumb Code     6  drv_flash.o(.text)
    FLASH_WaitForWriteEnd                    0x00000e77   Thumb Code    34  drv_flash.o(.text)
    FLASH_WriteEnable                        0x00000e99   Thumb Code    22  drv_flash.o(.text)
    FLASH_WriteDisable                       0x00000eaf   Thumb Code    22  drv_flash.o(.text)
    FLASH_ID_Check                           0x00000ec5   Thumb Code    26  drv_flash.o(.text)
    FLASH_SectorErase                        0x00000edf   Thumb Code    50  drv_flash.o(.text)
    FLASH_BlockErase                         0x00000f11   Thumb Code    50  drv_flash.o(.text)
    FLASH_ChipErase                          0x00000f43   Thumb Code    22  drv_flash.o(.text)
    FLASH_PageWrite                          0x00000f59   Thumb Code    74  drv_flash.o(.text)
    FLASH_BufferWrite                        0x00000fa3   Thumb Code   286  drv_flash.o(.text)
    FLASH_BufferRead                         0x000010c1   Thumb Code    68  drv_flash.o(.text)
    FLASH_FastReadBuffer                     0x00001105   Thumb Code    74  drv_flash.o(.text)
    FLASH_AutoWriteBuffer                    0x0000114f   Thumb Code   196  drv_flash.o(.text)
    Keyboard_Init                            0x00001219   Thumb Code    68  drv_keyboard.o(.text)
    Key_Scan                                 0x0000125d   Thumb Code   232  drv_keyboard.o(.text)
    Key_Get_KeyDown                          0x00001345   Thumb Code    52  drv_keyboard.o(.text)
    NumKeyToNumValue                         0x00001379   Thumb Code    70  drv_keyboard.o(.text)
    LED_Init                                 0x000013d1   Thumb Code    36  drv_otherext.o(.text)
    Beep_Init                                0x000013f5   Thumb Code    36  drv_otherext.o(.text)
    ExtendFunction_Init                      0x00001419   Thumb Code    26  drv_otherext.o(.text)
    HexToBcd                                 0x0000143d   Thumb Code    26  drv_rtc.o(.text)
    BcdToHex                                 0x00001457   Thumb Code    20  drv_rtc.o(.text)
    Chack_Date                               0x0000146b   Thumb Code   172  drv_rtc.o(.text)
    Chack_Time                               0x00001517   Thumb Code    24  drv_rtc.o(.text)
    Calc_Weekday                             0x0000152f   Thumb Code    84  drv_rtc.o(.text)
    RTC_Init                                 0x00001583   Thumb Code    24  drv_rtc.o(.text)
    RTC_GetDateTime                          0x0000159b   Thumb Code    72  drv_rtc.o(.text)
    RTC_SetDateTime                          0x000015e3   Thumb Code    64  drv_rtc.o(.text)
    RTC_RAM_READ                             0x00001623   Thumb Code    12  drv_rtc.o(.text)
    RTC_RAM_WRITE                            0x0000162f   Thumb Code    22  drv_rtc.o(.text)
    SPI_Host_Init                            0x00001649   Thumb Code   130  drv_spi.o(.text)
    SPI_Send1Byte                            0x000016cb   Thumb Code    28  drv_spi.o(.text)
    SPI_Read1Byte                            0x000016e7   Thumb Code    28  drv_spi.o(.text)
    FlashSPI_Enable                          0x00001703   Thumb Code    44  drv_spi.o(.text)
    FlashSPI_Disable                         0x0000172f   Thumb Code    14  drv_spi.o(.text)
    FM1702SPI_Enable                         0x0000173d   Thumb Code    44  drv_spi.o(.text)
    FM1702SPI_Disable                        0x00001769   Thumb Code    14  drv_spi.o(.text)
    NetSPI_Enable                            0x00001777   Thumb Code    44  drv_spi.o(.text)
    NetSPI_Disable                           0x000017a3   Thumb Code    14  drv_spi.o(.text)
    ZiKuSPI_Enable                           0x000017b1   Thumb Code    44  drv_spi.o(.text)
    ZiKuNetSPI_Disable                       0x000017dd   Thumb Code    14  drv_spi.o(.text)
    Time0_Init                               0x000017f9   Thumb Code    60  drv_timer.o(.text)
    TIMER0_IRQHandler                        0x00001835   Thumb Code    42  drv_timer.o(.text)
    WDT_Init                                 0x00001881   Thumb Code    28  drv_wdt.o(.text)
    WDT_Feed                                 0x0000189d   Thumb Code    12  drv_wdt.o(.text)
    LCD_WR_REG                               0x000018ad   Thumb Code    78  drv_lcd.o(.text)
    LCD_WR_DATA                              0x000018fb   Thumb Code    78  drv_lcd.o(.text)
    LCD_WriteReg                             0x00001949   Thumb Code    20  drv_lcd.o(.text)
    LCD_ReadReg                              0x0000195d   Thumb Code   152  drv_lcd.o(.text)
    LCD_Init                                 0x000019f5   Thumb Code   748  drv_lcd.o(.text)
    ILI9486_EnterSleep_Code                  0x00001ce1   Thumb Code    16  drv_lcd.o(.text)
    ILI9486_ExitSleep_Code                   0x00001cf1   Thumb Code    22  drv_lcd.o(.text)
    LCD_WriteRAM_Prepare                     0x00001d07   Thumb Code    10  drv_lcd.o(.text)
    LCD_WriteRAM                             0x00001d11   Thumb Code    12  drv_lcd.o(.text)
    LCD_DisplayOn                            0x00001d1d   Thumb Code    10  drv_lcd.o(.text)
    LCD_DisplayOff                           0x00001d27   Thumb Code    10  drv_lcd.o(.text)
    LCD_SetCursor                            0x00001d31   Thumb Code    76  drv_lcd.o(.text)
    LCD_Clear                                0x00001d7d   Thumb Code   114  drv_lcd.o(.text)
    LCD_Fill                                 0x00001def   Thumb Code   158  drv_lcd.o(.text)
    LCD_DrawPoint                            0x00001e8d   Thumb Code    34  drv_lcd.o(.text)
    LCD_DrawLine                             0x00001eaf   Thumb Code   172  drv_lcd.o(.text)
    LCD_DrawRectangle                        0x00001f5b   Thumb Code    74  drv_lcd.o(.text)
    Draw_Circle                              0x00001fa5   Thumb Code   198  drv_lcd.o(.text)
    SET_FontColor                            0x0000206b   Thumb Code     2  drv_lcd.o(.text)
    SET_FontDistance                         0x0000206d   Thumb Code     2  drv_lcd.o(.text)
    Get_HzMat                                0x0000206f   Thumb Code   410  drv_lcd.o(.text)
    Show_Font                                0x00002209   Thumb Code  2662  drv_lcd.o(.text)
    DisplayString                            0x00002c6f   Thumb Code   222  drv_lcd.o(.text)
    DisplayASCII                             0x00002d4d   Thumb Code   908  drv_lcd.o(.text)
    PrtString                                0x000030d9   Thumb Code     8  drv_lcd.o(.text)
    PrtASCII                                 0x000030e1   Thumb Code     8  drv_lcd.o(.text)
    LCD_ShowFillPic                          0x000030e9   Thumb Code   164  drv_lcd.o(.text)
    LCD_ShowPartPic                          0x0000318d   Thumb Code   346  drv_lcd.o(.text)
    LCD_ShowIcon                             0x000032e7   Thumb Code   820  drv_lcd.o(.text)
    StoreFingerData                          0x00003639   Thumb Code    36  drv_uart.o(.text)
    Clean_RS485RxdBuf                        0x0000365d   Thumb Code    14  drv_uart.o(.text)
    Store_Rs485Data                          0x0000366b   Thumb Code    34  drv_uart.o(.text)
    RS485_Init                               0x0000368d   Thumb Code    24  drv_uart.o(.text)
    UART0_Init                               0x000036a5   Thumb Code    88  drv_uart.o(.text)
    UART0_IRQHandler                         0x000036fd   Thumb Code    20  drv_uart.o(.text)
    UART0_GetChar                            0x00003711   Thumb Code    20  drv_uart.o(.text)
    UART0_SendByte                           0x00003725   Thumb Code    20  drv_uart.o(.text)
    UART0_SendNxByte                         0x00003739   Thumb Code    26  drv_uart.o(.text)
    UART0_SendStr                            0x00003753   Thumb Code    22  drv_uart.o(.text)
    RS485_SendNxByte                         0x00003769   Thumb Code    40  drv_uart.o(.text)
    UART1_Init                               0x00003791   Thumb Code    84  drv_uart.o(.text)
    UART1_SendByte                           0x000037e5   Thumb Code    20  drv_uart.o(.text)
    UART1_SendNxByte                         0x000037f9   Thumb Code    26  drv_uart.o(.text)
    UART1_IRQHandler                         0x00003813   Thumb Code    20  drv_uart.o(.text)
    UART2_Init                               0x00003827   Thumb Code    82  drv_uart.o(.text)
    UART2_IRQHandler                         0x00003879   Thumb Code    10  drv_uart.o(.text)
    UART2_SendByte                           0x00003883   Thumb Code    20  drv_uart.o(.text)
    UART2_SendNxByte                         0x00003897   Thumb Code    26  drv_uart.o(.text)
    UART3_Init                               0x000038b1   Thumb Code    84  drv_uart.o(.text)
    UART3_SendByte                           0x00003905   Thumb Code    20  drv_uart.o(.text)
    UART3_SendNxByte                         0x00003919   Thumb Code    26  drv_uart.o(.text)
    UART3_IRQHandler                         0x00003933   Thumb Code    54  drv_uart.o(.text)
    SendDataToVoice                          0x000039b9   Thumb Code    16  drv_voice.o(.text)
    Voice_SendCmd                            0x000039c9   Thumb Code    44  drv_voice.o(.text)
    Voice_Init                               0x000039f5   Thumb Code    10  drv_voice.o(.text)
    Set_VoiceLevel                           0x000039ff   Thumb Code    50  drv_voice.o(.text)
    Voice_Play                               0x00003a31   Thumb Code    58  drv_voice.o(.text)
    Wait_VoiceModule_Free                    0x00003a6b   Thumb Code    44  drv_voice.o(.text)
    HC_delay_us                              0x00003a99   Thumb Code    48  drv_74hc16x.o(.text)
    Drv_74HC164_Init                         0x00003ac9   Thumb Code    66  drv_74hc16x.o(.text)
    Drv_74HC165_Init                         0x00003b0b   Thumb Code   106  drv_74hc16x.o(.text)
    ManualOpen1Box                           0x00003b75   Thumb Code    78  drv_74hc16x.o(.text)
    CloseAllBox                              0x00003bc3   Thumb Code    64  drv_74hc16x.o(.text)
    OpenOneBox                               0x00003c03   Thumb Code    90  drv_74hc16x.o(.text)
    GetBoxDoorStatus                         0x00003c5d   Thumb Code   220  drv_74hc16x.o(.text)
    GetBoxInsideStatus                       0x00003d39   Thumb Code   220  drv_74hc16x.o(.text)
    FM_Delay_us                              0x00003e1d   Thumb Code    40  drv_rfm.o(.text)
    FM_Delay_ms                              0x00003e45   Thumb Code    12  drv_rfm.o(.text)
    FM_SPI_TxdByte                           0x00003e51   Thumb Code    12  drv_rfm.o(.text)
    FM_SPI_RxdByte                           0x00003e5d   Thumb Code    12  drv_rfm.o(.text)
    FM_Read_Reg                              0x00003e69   Thumb Code    46  drv_rfm.o(.text)
    FM_Write_Reg                             0x00003e97   Thumb Code    44  drv_rfm.o(.text)
    FM1702SL_Config                          0x00003ec3   Thumb Code   120  drv_rfm.o(.text)
    RF_Init                                  0x00003f3b   Thumb Code   118  drv_rfm.o(.text)
    Clear_FIFO                               0x00003fb1   Thumb Code    50  drv_rfm.o(.text)
    Write_FIFO                               0x00003fe3   Thumb Code    26  drv_rfm.o(.text)
    Read_FIFO                                0x00003ffd   Thumb Code    52  drv_rfm.o(.text)
    Judge_Req                                0x00004031   Thumb Code    40  drv_rfm.o(.text)
    Command_Send                             0x00004059   Thumb Code    82  drv_rfm.o(.text)
    MIF_Request                              0x000040ab   Thumb Code   102  drv_rfm.o(.text)
    Check_UID                                0x00004111   Thumb Code    30  drv_rfm.o(.text)
    Save_UID                                 0x0000412f   Thumb Code   190  drv_rfm.o(.text)
    Set_BitFraming                           0x000041ed   Thumb Code   250  drv_rfm.o(.text)
    MIF_AntiColl                             0x000042e7   Thumb Code   252  drv_rfm.o(.text)
    MIF_Select                               0x000043e3   Thumb Code   150  drv_rfm.o(.text)
    MIF_ChgAvailableKey                      0x00004479   Thumb Code    62  drv_rfm.o(.text)
    MIF_Load_Key                             0x000044b7   Thumb Code    64  drv_rfm.o(.text)
    MIF_Authentication                       0x000044f7   Thumb Code   254  drv_rfm.o(.text)
    MIF_Read                                 0x000045f5   Thumb Code   146  drv_rfm.o(.text)
    MIF_Write                                0x00004687   Thumb Code   210  drv_rfm.o(.text)
    MIF_Halt                                 0x00004759   Thumb Code    90  drv_rfm.o(.text)
    MIF_Increment                            0x000047b3   Thumb Code   152  drv_rfm.o(.text)
    MIF_Decrement                            0x0000484b   Thumb Code   152  drv_rfm.o(.text)
    MIF_Restore                              0x000048e3   Thumb Code   166  drv_rfm.o(.text)
    MIF_Transfer                             0x00004989   Thumb Code   126  drv_rfm.o(.text)
    RF_ActiveCard                            0x00004a07   Thumb Code   100  drv_rfm.o(.text)
    RF_Find_Card                             0x00004a6b   Thumb Code    36  drv_rfm.o(.text)
    RF_Read_CardUID                          0x00004a8f   Thumb Code    54  drv_rfm.o(.text)
    RF_GetCardUID                            0x00004ac5   Thumb Code    52  drv_rfm.o(.text)
    RF_ReadCard_1Block                       0x00004af9   Thumb Code   152  drv_rfm.o(.text)
    RF_WriteCard_1Block                      0x00004b91   Thumb Code   146  drv_rfm.o(.text)
    RF_ReadCard                              0x00004c23   Thumb Code   182  drv_rfm.o(.text)
    RF_WriteCard                             0x00004cd9   Thumb Code   184  drv_rfm.o(.text)
    RF_BlockValueIncrement                   0x00004d91   Thumb Code   100  drv_rfm.o(.text)
    RF_BlockValueDecrement                   0x00004df5   Thumb Code   100  drv_rfm.o(.text)
    RF_BlockRestore                          0x00004e59   Thumb Code    88  drv_rfm.o(.text)
    Wiegand_Init                             0x00004eb5   Thumb Code    84  drv_wiegand.o(.text)
    L_MOVE                                   0x00004f09   Thumb Code    92  drv_wiegand.o(.text)
    R_MOVE                                   0x00004f65   Thumb Code    94  drv_wiegand.o(.text)
    ID_REQUEST                               0x00004fc3   Thumb Code   840  drv_wiegand.o(.text)
    EINT3_IRQHandler                         0x0000530b   Thumb Code    50  drv_wiegand.o(.text)
    Wiegand_ReardCardID                      0x0000533d   Thumb Code    34  drv_wiegand.o(.text)
    UInt_To_Ascii                            0x00005369   Thumb Code    70  lib_public.o(.text)
    AsciiStr_To_UInt                         0x000053af   Thumb Code   138  lib_public.o(.text)
    Bcd_To_Hex                               0x00005439   Thumb Code    38  lib_public.o(.text)
    Hex_To_Bcd                               0x0000545f   Thumb Code    48  lib_public.o(.text)
    Hex_To_Ascii                             0x0000548f   Thumb Code    80  lib_public.o(.text)
    Ascii_To_Hex                             0x000054df   Thumb Code   148  lib_public.o(.text)
    Bcd_To_Ascii                             0x00005573   Thumb Code    52  lib_public.o(.text)
    Find_CharAddr                            0x000055a7   Thumb Code    32  lib_public.o(.text)
    Str_Sample                               0x000055c7   Thumb Code   124  lib_public.o(.text)
    IPinfo_Valid                             0x00005643   Thumb Code     6  lib_public.o(.text)
    IPinfo_Ascii2Hex                         0x00005649   Thumb Code   154  lib_public.o(.text)
    IPinfo_Hex2Ascii                         0x000056e3   Thumb Code   192  lib_public.o(.text)
    U32ArraySort                             0x000057a3   Thumb Code    70  lib_public.o(.text)
    SysTick_CounterCmd                       0x000057e9   Thumb Code    54  mid_systick.o(.text)
    SysTick_Init                             0x0000581f   Thumb Code   104  mid_systick.o(.text)
    SysTick_Enable                           0x00005887   Thumb Code    14  mid_systick.o(.text)
    SysTick_Disable                          0x00005895   Thumb Code    22  mid_systick.o(.text)
    SysTick_Stop                             0x000058ab   Thumb Code    16  mid_systick.o(.text)
    TimerDelete                              0x000058bb   Thumb Code    82  mid_systick.o(.text)
    TimerCallback                            0x0000590d   Thumb Code    56  mid_systick.o(.text)
    SysTick_Handler                          0x00005945   Thumb Code     8  mid_systick.o(.text)
    SysTimerInit                             0x0000594d   Thumb Code    52  mid_systick.o(.text)
    TimerCreate                              0x00005981   Thumb Code    80  mid_systick.o(.text)
    TimerSet                                 0x000059d1   Thumb Code    42  mid_systick.o(.text)
    SetLedBlink                              0x00005a19   Thumb Code    36  mid_magically.o(.text)
    SignalLedBlink                           0x00005a3d   Thumb Code    98  mid_magically.o(.text)
    Beep                                     0x00005a9f   Thumb Code    88  mid_magically.o(.text)
    BeepCallback                             0x00005af7   Thumb Code   136  mid_magically.o(.text)
    Buzzer                                   0x00005b7f   Thumb Code    22  mid_magically.o(.text)
    Tick_ReadRTC                             0x00005b95   Thumb Code     8  mid_magically.o(.text)
    CheckRegistrationCode                    0x00005b9d   Thumb Code   266  mid_magically.o(.text)
    GPIO_ConfigInit                          0x00005ce5   Thumb Code    22  mid_sysconfig.o(.text)
    Get_MCU_ID                               0x00005cfb   Thumb Code    78  mid_sysconfig.o(.text)
    Calc_CRC                                 0x00005d49   Thumb Code    26  mid_sysconfig.o(.text)
    delay_us                                 0x00005d63   Thumb Code    48  mid_sysconfig.o(.text)
    delay_ms                                 0x00005d93   Thumb Code    36  mid_sysconfig.o(.text)
    TimingDelay_Decrement                    0x00005db7   Thumb Code    18  mid_sysconfig.o(.text)
    TimeCount                                0x00005dc9   Thumb Code    12  mid_sysconfig.o(.text)
    CheckSysValidityDate                     0x00005dd5   Thumb Code   158  mid_sysconfig.o(.text)
    GetRTCTime                               0x00005e73   Thumb Code   260  mid_sysconfig.o(.text)
    Store_Parameters                         0x00005f77   Thumb Code    46  mid_sysconfig.o(.text)
    Write_Parameters                         0x00005fa5   Thumb Code    22  mid_sysconfig.o(.text)
    Read_Parameters                          0x00005fbb   Thumb Code    22  mid_sysconfig.o(.text)
    Init_HardwareArg                         0x00005fd1   Thumb Code    66  mid_sysconfig.o(.text)
    Init_NetworkArg                          0x00006013   Thumb Code   162  mid_sysconfig.o(.text)
    Init_LockersArg                          0x000060b5   Thumb Code   334  mid_sysconfig.o(.text)
    Init_CardKey                             0x00006203   Thumb Code    70  mid_sysconfig.o(.text)
    SysConfig_Init                           0x00006249   Thumb Code   208  mid_sysconfig.o(.text)
    Chcek_HardwareArg                        0x00006319   Thumb Code    16  mid_sysconfig.o(.text)
    Chcek_NetworkArg                         0x00006329   Thumb Code    40  mid_sysconfig.o(.text)
    Chcek_LockersArg                         0x00006351   Thumb Code    16  mid_sysconfig.o(.text)
    Get_HardwareArg                          0x00006361   Thumb Code   194  mid_sysconfig.o(.text)
    Get_NetworkArg                           0x00006423   Thumb Code   246  mid_sysconfig.o(.text)
    Get_LockersArg                           0x00006519   Thumb Code   240  mid_sysconfig.o(.text)
    Get_CardKey                              0x00006609   Thumb Code    30  mid_sysconfig.o(.text)
    Get_ClientInfo                           0x00006627   Thumb Code    82  mid_sysconfig.o(.text)
    Get_RecordPoint                          0x00006679   Thumb Code    36  mid_sysconfig.o(.text)
    ReadSysConfig                            0x0000669d   Thumb Code   174  mid_sysconfig.o(.text)
    CmdData_Encrypt                          0x00006799   Thumb Code    16  mid_comm.o(.text)
    CmdData_Decoding                         0x000067a9   Thumb Code    16  mid_comm.o(.text)
    Comm_Decoding                            0x000067b9   Thumb Code   692  mid_comm.o(.text)
    Comm_PacketValidityCheck                 0x00006a6d   Thumb Code   134  mid_comm.o(.text)
    Comm_PacketDeal                          0x00006af3   Thumb Code    96  mid_comm.o(.text)
    CommDeal_Reply                           0x00006b53   Thumb Code   400  mid_comm.o(.text)
    Comm_ApplyFor                            0x00006ce3   Thumb Code   236  mid_comm.o(.text)
    SendCmdToExtendLockers                   0x00006dcf   Thumb Code   246  mid_comm.o(.text)
    SlavePacketDecoding                      0x00006ec5   Thumb Code   194  mid_comm.o(.text)
    CheckBoxOnLockersNum                     0x00006f9d   Thumb Code   134  mid_lockers.o(.text)
    CheckEmptyBoxNum                         0x00007023   Thumb Code    72  mid_lockers.o(.text)
    ParseBoxDoorStatus                       0x0000706b   Thumb Code   212  mid_lockers.o(.text)
    ParseBoxInsideStatus                     0x0000713f   Thumb Code   216  mid_lockers.o(.text)
    ScanLocalBoxStatus                       0x00007217   Thumb Code   108  mid_lockers.o(.text)
    ScanExtendBoxStatus                      0x00007283   Thumb Code   644  mid_lockers.o(.text)
    ScanAllBoxStatus                         0x00007507   Thumb Code    22  mid_lockers.o(.text)
    Choice1BoxOpen                           0x0000751d   Thumb Code   102  mid_lockers.o(.text)
    Choice1BoxOpen_CheckResult               0x00007583   Thumb Code   318  mid_lockers.o(.text)
    SelectOneBoxToOpen                       0x000076c1   Thumb Code    42  mid_lockers.o(.text)
    HandleTimeoutAlert                       0x000076eb   Thumb Code   244  mid_lockers.o(.text)
    UpdateEmptyBoxList                       0x000077df   Thumb Code   104  mid_lockers.o(.text)
    AddOneEmptyBox                           0x00007847   Thumb Code    80  mid_lockers.o(.text)
    DeleteOneEmptyBox                        0x00007897   Thumb Code    88  mid_lockers.o(.text)
    CheckBoxStatusChange                     0x000078ef   Thumb Code    82  mid_lockers.o(.text)
    CheckValidityDate                        0x00007941   Thumb Code   108  mid_lockers.o(.text)
    VoicePlay_DoorNotClose                   0x000079ad   Thumb Code   144  mid_lockers.o(.text)
    VoicePlay_xBoxOpen                       0x00007a3d   Thumb Code   144  mid_lockers.o(.text)
    ZiKu_GetChineseChar                      0x00007ae1   Thumb Code    82  mid_ziku.o(.text)
    Variable_Init                            0x00007b35   Thumb Code    32  app_main.o(.text)
    System_Init                              0x00007b55   Thumb Code   234  app_main.o(.text)
    main                                     0x00007c3f   Thumb Code   186  app_main.o(.text)
    Comm_Get_Version                         0x00007d31   Thumb Code    50  app_comdeal.o(.text)
    Comm_RestSys                             0x00007d63   Thumb Code   112  app_comdeal.o(.text)
    Comm_Set_MachineNum                      0x00007dd3   Thumb Code   128  app_comdeal.o(.text)
    Comm_Get_MachineNum                      0x00007e53   Thumb Code    44  app_comdeal.o(.text)
    Comm_Get_Time                            0x00007e7f   Thumb Code    44  app_comdeal.o(.text)
    Comm_Set_Time                            0x00007eab   Thumb Code   284  app_comdeal.o(.text)
    Comm_SysInit                             0x00007fc7   Thumb Code    36  app_comdeal.o(.text)
    Comm_Set_NetworkSwitch                   0x00007feb   Thumb Code    74  app_comdeal.o(.text)
    Comm_RingBuzzer                          0x00008035   Thumb Code    54  app_comdeal.o(.text)
    Comm_EepromRead                          0x0000806b   Thumb Code   104  app_comdeal.o(.text)
    Comm_EepromWrite                         0x000080d3   Thumb Code   134  app_comdeal.o(.text)
    Comm_Set_IP                              0x00008159   Thumb Code   170  app_comdeal.o(.text)
    Comm_Get_IP                              0x00008203   Thumb Code    84  app_comdeal.o(.text)
    Comm_Set_ServerIP                        0x00008257   Thumb Code    78  app_comdeal.o(.text)
    Comm_Get_ServerIP                        0x000082a5   Thumb Code    48  app_comdeal.o(.text)
    Comm_FindCard                            0x000082d5   Thumb Code    50  app_comdeal.o(.text)
    Comm_Set_CardKey                         0x00008307   Thumb Code   118  app_comdeal.o(.text)
    Comm_Get_CardKey                         0x0000837d   Thumb Code    52  app_comdeal.o(.text)
    Comm_PlayVoice                           0x000083b1   Thumb Code    62  app_comdeal.o(.text)
    Comm_SetVoiceLevel                       0x000083ef   Thumb Code    76  app_comdeal.o(.text)
    Comm_VoiceCmdTest                        0x0000843b   Thumb Code    50  app_comdeal.o(.text)
    Comm_Set_Lockers                         0x0000846d   Thumb Code   218  app_comdeal.o(.text)
    Comm_SetBoxNum                           0x00008547   Thumb Code   172  app_comdeal.o(.text)
    Comm_OpenOneBox                          0x000085f3   Thumb Code   122  app_comdeal.o(.text)
    Comm_Get_BoxDoorStatus                   0x0000866d   Thumb Code    92  app_comdeal.o(.text)
    Comm_CheckBoxEmpty                       0x000086c9   Thumb Code    96  app_comdeal.o(.text)
    Comm_SetBoxInfo                          0x00008729   Thumb Code   186  app_comdeal.o(.text)
    Comm_GetBoxInfo                          0x000087e3   Thumb Code    80  app_comdeal.o(.text)
    Comm_Set_ValidCardList                   0x00008833   Thumb Code   112  app_comdeal.o(.text)
    Comm_Get_ValidCardList                   0x000088a3   Thumb Code   138  app_comdeal.o(.text)
    Comm_Set_BoxUserCard                     0x0000892d   Thumb Code   242  app_comdeal.o(.text)
    Comm_Get_BoxUserCard                     0x00008a1f   Thumb Code   152  app_comdeal.o(.text)
    Comm_Get_AllBoxUserCard                  0x00008ab7   Thumb Code   148  app_comdeal.o(.text)
    Comm_LockNxBox                           0x00008b4b   Thumb Code   174  app_comdeal.o(.text)
    Comm_UnlockNxBox                         0x00008bf9   Thumb Code   174  app_comdeal.o(.text)
    Comm_Get_RecordPoint                     0x00008ca7   Thumb Code   158  app_comdeal.o(.text)
    Comm_Get_Record                          0x00008d45   Thumb Code   316  app_comdeal.o(.text)
    Comm_Get_RecordAgain                     0x00008e81   Thumb Code   124  app_comdeal.o(.text)
    Comm_Clr_AllRecord                       0x00008efd   Thumb Code    48  app_comdeal.o(.text)
    Comm_Handle                              0x00008f2d   Thumb Code   576  app_comdeal.o(.text)
    Thread_CommHandle                        0x0000916d   Thumb Code   200  app_comdeal.o(.text)
    StoreOpenBoxRecord                       0x00009241   Thumb Code   254  app_record.o(.text)
    Clear_Record                             0x0000933f   Thumb Code    80  app_record.o(.text)
    ReadOneRecord                            0x0000938f   Thumb Code    46  app_record.o(.text)
    ReadOneRecord_ToArrayBuf                 0x000093bd   Thumb Code   120  app_record.o(.text)
    QueryBoxRecord                           0x00009435   Thumb Code   138  app_record.o(.text)
    StoreRecord_OpenBoxByCard                0x000094bf   Thumb Code    60  app_record.o(.text)
    StoreRecord_OpenBoxByFinger              0x000094fb   Thumb Code    54  app_record.o(.text)
    Get_IC_ID_CardSN                         0x00009549   Thumb Code    22  app_card.o(.text)
    CheckCardValid                           0x0000955f   Thumb Code    58  app_card.o(.text)
    AddOneValidCardNum                       0x00009599   Thumb Code   132  app_card.o(.text)
    AdminCard_Login                          0x0000961d   Thumb Code    32  app_card.o(.text)
    SuperCard_SetAdmin                       0x0000963d   Thumb Code   270  app_card.o(.text)
    ArgCardOperation                         0x0000974b   Thumb Code  1046  app_card.o(.text)
    UserTakesByCardID                        0x00009b61   Thumb Code  1152  app_card.o(.text)
    UserTakesWriteCard                       0x00009fe1   Thumb Code  1494  app_card.o(.text)
    UserTakes_OnlineAsk                      0x0000a5b7   Thumb Code  1480  app_card.o(.text)
    CardOperation                            0x0000ab7f   Thumb Code    46  app_card.o(.text)
    csum                                     0x0000abc1   Thumb Code    78  app_network.o(.text)
    check_udp                                0x0000ac0f   Thumb Code    68  app_network.o(.text)
    is_arp                                   0x0000ac53   Thumb Code    70  app_network.o(.text)
    is_ip                                    0x0000ac99   Thumb Code   210  app_network.o(.text)
    is_icmp                                  0x0000ad6b   Thumb Code    58  app_network.o(.text)
    is_udp                                   0x0000ada5   Thumb Code    76  app_network.o(.text)
    getip_srce                               0x0000adf1   Thumb Code    30  app_network.o(.text)
    getip_locdest                            0x0000ae0f   Thumb Code    46  app_network.o(.text)
    getudp_srce                              0x0000ae3d   Thumb Code    18  app_network.o(.text)
    getudp_locdest                           0x0000ae4f   Thumb Code    18  app_network.o(.text)
    make_frame                               0x0000ae61   Thumb Code    46  app_network.o(.text)
    make_ip                                  0x0000ae8f   Thumb Code   122  app_network.o(.text)
    make_icmp                                0x0000af09   Thumb Code    66  app_network.o(.text)
    make_udp                                 0x0000af4b   Thumb Code   124  app_network.o(.text)
    make_arp                                 0x0000afc7   Thumb Code   158  app_network.o(.text)
    udp_transmit                             0x0000b065   Thumb Code    18  app_network.o(.text)
    udp_receive                              0x0000b077   Thumb Code    56  app_network.o(.text)
    do_net_process                           0x0000b0af   Thumb Code   182  app_network.o(.text)
    ReadNetAddrInfo                          0x0000b165   Thumb Code   124  app_network.o(.text)
    AutoSave_ServerAddr                      0x0000b1e1   Thumb Code   122  app_network.o(.text)
    AutoSave_ServerMAC                       0x0000b25b   Thumb Code    54  app_network.o(.text)
    CreateSysMAC                             0x0000b291   Thumb Code    74  app_network.o(.text)
    Network_Init                             0x0000b2db   Thumb Code    40  app_network.o(.text)
    UdpClient_SendData                       0x0000b303   Thumb Code    32  app_network.o(.text)
    UdpServer_SendData                       0x0000b323   Thumb Code    28  app_network.o(.text)
    Thread_UDP                               0x0000b33f   Thumb Code    58  app_network.o(.text)
    LCD_DisplayStr                           0x0000b3b1   Thumb Code    36  app_gui.o(.text)
    GUI_PromptBox                            0x0000b3d5   Thumb Code   110  app_gui.o(.text)
    GUI_PromptBigBox                         0x0000b443   Thumb Code   110  app_gui.o(.text)
    GUI_UpdateDisplay                        0x0000b4b1   Thumb Code   204  app_gui.o(.text)
    GUI_ShowListMenu                         0x0000b57d   Thumb Code   180  app_gui.o(.text)
    GUI_ShowIconMenu                         0x0000b631   Thumb Code   520  app_gui.o(.text)
    GUI_ShowMenu                             0x0000b839   Thumb Code    20  app_gui.o(.text)
    GUI_ShowMessage                          0x0000b84d   Thumb Code   100  app_gui.o(.text)
    GUI_ShowTowRowMessage                    0x0000b8b1   Thumb Code   134  app_gui.o(.text)
    GUI_ShowSysVersion                       0x0000b937   Thumb Code   110  app_gui.o(.text)
    GUI_ChoiceKeyboardType                   0x0000b9a5   Thumb Code   102  app_gui.o(.text)
    GUI_InputUseDate                         0x0000ba0b   Thumb Code    52  app_gui.o(.text)
    GUI_InputBoxID                           0x0000ba3f   Thumb Code   108  app_gui.o(.text)
    GUI_AdminSetBoxNum                       0x0000baab   Thumb Code   590  app_gui.o(.text)
    GUI_Open1Box                             0x0000bcf9   Thumb Code   180  app_gui.o(.text)
    GUI_Open1BoxFaild                        0x0000bdad   Thumb Code   182  app_gui.o(.text)
    GUI_BoxBeLocked                          0x0000be63   Thumb Code   104  app_gui.o(.text)
    GUI_Time                                 0x0000becb   Thumb Code   262  app_gui.o(.text)
    GUI_SetTime                              0x0000bfd1   Thumb Code   236  app_gui.o(.text)
    GUI_SetDebugMode                         0x0000c0bd   Thumb Code   148  app_gui.o(.text)
    GUI_SetBoxDoorCheckSwitch                0x0000c151   Thumb Code   148  app_gui.o(.text)
    GUI_SetIDCardSwitch                      0x0000c1e5   Thumb Code   148  app_gui.o(.text)
    GUI_SetWorkMode                          0x0000c279   Thumb Code    72  app_gui.o(.text)
    GUI_InputVoiceLevel                      0x0000c2c1   Thumb Code    84  app_gui.o(.text)
    GUI_InputMachineNum                      0x0000c315   Thumb Code   156  app_gui.o(.text)
    GUI_SetNetSwitch                         0x0000c3b1   Thumb Code   148  app_gui.o(.text)
    GUI_ChoiceNetInfo                        0x0000c445   Thumb Code   168  app_gui.o(.text)
    GUI_InputIp                              0x0000c4ed   Thumb Code   244  app_gui.o(.text)
    GUI_InputServerPort                      0x0000c5e1   Thumb Code   158  app_gui.o(.text)
    GUI_Registration                         0x0000c67f   Thumb Code   174  app_gui.o(.text)
    GUI_ShowNotice                           0x0000c72d   Thumb Code   642  app_gui.o(.text)
    GUI_Admin                                0x0000c9af   Thumb Code    82  app_gui.o(.text)
    GUI_EmptyBoxCount                        0x0000ca01   Thumb Code    90  app_gui.o(.text)
    GUI_OnStandby                            0x0000ca5b   Thumb Code   270  app_gui.o(.text)
    GUI_WorkStatus                           0x0000cb69   Thumb Code    20  app_gui.o(.text)
    GUI_ShowPassword                         0x0000cb7d   Thumb Code    62  app_gui.o(.text)
    GUI_ChangePassword                       0x0000cbbb   Thumb Code   128  app_gui.o(.text)
    GUI_InputName                            0x0000cc3b   Thumb Code   178  app_gui.o(.text)
    GUI_AddValidCard                         0x0000cced   Thumb Code   298  app_gui.o(.text)
    GUI_AddCard2Box                          0x0000ce17   Thumb Code   484  app_gui.o(.text)
    GUI_ClrBoxNotice                         0x0000cffb   Thumb Code   164  app_gui.o(.text)
    GUI_AskLockinBox                         0x0000d09f   Thumb Code   158  app_gui.o(.text)
    GUI_AskUnlockinBox                       0x0000d13d   Thumb Code   226  app_gui.o(.text)
    GUI_QueryBoxRecord                       0x0000d21f   Thumb Code   584  app_gui.o(.text)
    GUI_QueryLockBoxList                     0x0000d467   Thumb Code   518  app_gui.o(.text)
    GUI_QueryBoxStatusList                   0x0000d66d   Thumb Code   384  app_gui.o(.text)
    GUI_SetCardSector                        0x0000d7ed   Thumb Code   188  app_gui.o(.text)
    GUI_InputAllowOpenBoxNum                 0x0000d8a9   Thumb Code   188  app_gui.o(.text)
    GUI_SetPickUpAwaitTime                   0x0000d965   Thumb Code   128  app_gui.o(.text)
    GUI_SetPickUpTimeout                     0x0000d9e5   Thumb Code   184  app_gui.o(.text)
    GUI_SetUIntValue                         0x0000da9d   Thumb Code   136  app_gui.o(.text)
    GUI_ChoiceAdminMenu                      0x0000db25   Thumb Code   102  app_gui.o(.text)
    GUI_AdminCardOpertion                    0x0000db8b   Thumb Code    30  app_gui.o(.text)
    GUI_AdminMenu                            0x0000dba9   Thumb Code    46  app_gui.o(.text)
    GUI_Admin_SysSetMenu                     0x0000dbd7   Thumb Code    54  app_gui.o(.text)
    GUI_Admin_ManageMenu                     0x0000dc0d   Thumb Code    50  app_gui.o(.text)
    GUI_Admin_BoxMenu                        0x0000dc3f   Thumb Code    46  app_gui.o(.text)
    GUI_Admin_LockersMenu                    0x0000dc6d   Thumb Code    38  app_gui.o(.text)
    GUI_Admin_QueryMenu                      0x0000dc93   Thumb Code    50  app_gui.o(.text)
    GUI_TopAdminMenu                         0x0000dcc5   Thumb Code    30  app_gui.o(.text)
    GUI_TopAdmin_SysSetMenu                  0x0000dce3   Thumb Code    50  app_gui.o(.text)
    GUI_SuperAdmin_SysSetMenu                0x0000dd15   Thumb Code    42  app_gui.o(.text)
    GUI_LockersNotice                        0x0000dd3f   Thumb Code   912  app_gui.o(.text)
    GUI_PlsCloseBoxDoor                      0x0000e0cf   Thumb Code   102  app_gui.o(.text)
    GUI_UserConsignFail                      0x0000e135   Thumb Code   104  app_gui.o(.text)
    GUI_UserTakeAwwyFail                     0x0000e19d   Thumb Code   104  app_gui.o(.text)
    GUI_ShowIDPosition                       0x0000e205   Thumb Code   508  app_gui.o(.text)
    GUI_PackageInOtherLockers                0x0000e401   Thumb Code   136  app_gui.o(.text)
    GUI_LockersParameters                    0x0000e489   Thumb Code   164  app_gui.o(.text)
    GUI_NetParameters                        0x0000e52d   Thumb Code   220  app_gui.o(.text)
    GUI_UserAccess                           0x0000e609   Thumb Code   106  app_gui.o(.text)
    NumKeyToASCII                            0x0000e7bd   Thumb Code   106  app_keyui.o(.text)
    KeyChangeNumValue                        0x0000e827   Thumb Code   130  app_keyui.o(.text)
    KeyInputIpAddr                           0x0000e8a9   Thumb Code  1128  app_keyui.o(.text)
    KeyInputDate                             0x0000ed11   Thumb Code   412  app_keyui.o(.text)
    Set_KeyboardType                         0x0000eead   Thumb Code   160  app_keyui.o(.text)
    Set_SysConfigInit                        0x0000ef4d   Thumb Code   118  app_keyui.o(.text)
    Set_BoxNum                               0x0000efc3   Thumb Code   702  app_keyui.o(.text)
    Set_DateTime                             0x0000f281   Thumb Code  1186  app_keyui.o(.text)
    Set_VoiceModuleLevel                     0x0000f723   Thumb Code   192  app_keyui.o(.text)
    Set_MachineNum                           0x0000f7e3   Thumb Code   166  app_keyui.o(.text)
    Set_NetSwitch                            0x0000f889   Thumb Code   188  app_keyui.o(.text)
    Set_TcpIpInfo                            0x0000f945   Thumb Code   696  app_keyui.o(.text)
    Sys_Registration                         0x0000fbfd   Thumb Code   462  app_keyui.o(.text)
    Set_AdminPassword                        0x0000fdcb   Thumb Code   300  app_keyui.o(.text)
    Set_LockersName                          0x0000fef7   Thumb Code   424  app_keyui.o(.text)
    Set_ClientIdCode                         0x0001009f   Thumb Code   440  app_keyui.o(.text)
    Set_AddAdminCard                         0x00010257   Thumb Code   462  app_keyui.o(.text)
    Set_DeleteAdminCard                      0x00010425   Thumb Code   164  app_keyui.o(.text)
    Set_AdminCard                            0x000104c9   Thumb Code   196  app_keyui.o(.text)
    Set_DebugMode                            0x0001058d   Thumb Code   188  app_keyui.o(.text)
    Set_BoxDoorStatusCheck                   0x00010649   Thumb Code   196  app_keyui.o(.text)
    Set_IDCardSwitch                         0x0001070d   Thumb Code   196  app_keyui.o(.text)
    Set_WorkMode                             0x000107d1   Thumb Code   184  app_keyui.o(.text)
    Set_LockersValidityDate                  0x00010889   Thumb Code   174  app_keyui.o(.text)
    Set_CardSector                           0x00010937   Thumb Code   210  app_keyui.o(.text)
    Set_AllowOpenBoxNum                      0x00010a09   Thumb Code   190  app_keyui.o(.text)
    Set_PickUpTimeout                        0x00010ac7   Thumb Code   188  app_keyui.o(.text)
    Set_PickUpAwaitTime                      0x00010b83   Thumb Code   190  app_keyui.o(.text)
    Set_HandleTimeout                        0x00010c41   Thumb Code   390  app_keyui.o(.text)
    Add_ValidCard                            0x00010dc7   Thumb Code   342  app_keyui.o(.text)
    Clr_AllValidCard                         0x00010f1d   Thumb Code   194  app_keyui.o(.text)
    Open_OneBox                              0x00010fdf   Thumb Code   232  app_keyui.o(.text)
    Open_AllBox                              0x000110c7   Thumb Code   322  app_keyui.o(.text)
    Clean_OneBox                             0x00011209   Thumb Code   402  app_keyui.o(.text)
    Clean_AllBox                             0x0001139b   Thumb Code   350  app_keyui.o(.text)
    Lockin_Box                               0x000114f9   Thumb Code   570  app_keyui.o(.text)
    Unlockin_Box                             0x00011733   Thumb Code   544  app_keyui.o(.text)
    Query_BoxRecord                          0x00011953   Thumb Code   304  app_keyui.o(.text)
    Query_LockBox                            0x00011a83   Thumb Code   220  app_keyui.o(.text)
    Query_BoxStatus                          0x00011b5f   Thumb Code   162  app_keyui.o(.text)
    TopAdmin_SetPassword                     0x00011c01   Thumb Code   596  app_keyui.o(.text)
    Admin_SysSetMenu                         0x00011e55   Thumb Code   260  app_keyui.o(.text)
    Admin_ManageMenu                         0x00011f59   Thumb Code   264  app_keyui.o(.text)
    Admin_BoxMenu                            0x00012061   Thumb Code   244  app_keyui.o(.text)
    Admin_LockersMenu                        0x00012155   Thumb Code   214  app_keyui.o(.text)
    Admin_QueryMenu                          0x0001222b   Thumb Code   410  app_keyui.o(.text)
    Admin_LoginMenu                          0x000123c5   Thumb Code   242  app_keyui.o(.text)
    Admin_Login                              0x000124b7   Thumb Code   508  app_keyui.o(.text)
    TopAdmin_Login                           0x000126b3   Thumb Code   432  app_keyui.o(.text)
    TopAdmin_SysSetMenu                      0x00012863   Thumb Code   258  app_keyui.o(.text)
    TopAdmin_LoginMenu                       0x00012965   Thumb Code   144  app_keyui.o(.text)
    SuperAdmin_SysSetMenu                    0x000129f5   Thumb Code   232  app_keyui.o(.text)
    SuperAdmin_LoginMenu                     0x00012add   Thumb Code   144  app_keyui.o(.text)
    KeyboardFunction                         0x00012b6d   Thumb Code   408  app_keyui.o(.text)
    DepositKeyDown                           0x00012d05   Thumb Code    62  app_keyui.o(.text)
    UserConsign_OnlineAsk                    0x00012d55   Thumb Code    46  app_lockers.o(.text)
    UserTakeAway_OnlineAsk                   0x00012d83   Thumb Code    46  app_lockers.o(.text)
    UserConsign_ServerReply                  0x00012db1   Thumb Code   108  app_lockers.o(.text)
    ServerReply_CommHandle                   0x00012e1d   Thumb Code    38  app_lockers.o(.text)
    ConsignMode_AnyCard                      0x00012e43   Thumb Code  1144  app_lockers.o(.text)
    ConsignMode_PreAuthorization             0x000132bb   Thumb Code  1182  app_lockers.o(.text)
    ConsignMode_WriteCard                    0x00013759   Thumb Code  2054  app_lockers.o(.text)
    ConsignMode_OnlineAsk                    0x00013f5f   Thumb Code  1388  app_lockers.o(.text)
    ConsignMode_AnyFinger                    0x000144cb   Thumb Code   984  app_lockers.o(.text)
    ConsignMode_AnyFingerOrCard              0x000148a3   Thumb Code  1324  app_lockers.o(.text)
    User_Consign                             0x00014dcf   Thumb Code    64  app_lockers.o(.text)
    Lockers_TakeAwayByFinger                 0x00014e0f   Thumb Code  1160  app_lockers.o(.text)
    Fingerprint_Init                         0x000152b1   Thumb Code    26  app_fingerprint.o(.text)
    SendDataToFingerprint                    0x000152cb   Thumb Code    32  app_fingerprint.o(.text)
    SendCmdToFingerprint                     0x000152eb   Thumb Code   268  app_fingerprint.o(.text)
    CheckFingerprintReply                    0x000153f7   Thumb Code   180  app_fingerprint.o(.text)
    AwaitingerprintResult                    0x000154ab   Thumb Code   200  app_fingerprint.o(.text)
    SendCmdToFingerprint_GetImg              0x00015573   Thumb Code    24  app_fingerprint.o(.text)
    SendCmdToFingerprint_GenChar             0x0001558b   Thumb Code    30  app_fingerprint.o(.text)
    SendCmdToFingerprint_RegModel            0x000155a9   Thumb Code    24  app_fingerprint.o(.text)
    SendCmdToFingerprint_Store               0x000155c1   Thumb Code    44  app_fingerprint.o(.text)
    SendCmdToFingerprint_DeletChar           0x000155ed   Thumb Code    52  app_fingerprint.o(.text)
    SendCmdToFingerprint_Empty               0x00015621   Thumb Code    24  app_fingerprint.o(.text)
    SendCmdToFingerprint_Search              0x00015639   Thumb Code    58  app_fingerprint.o(.text)
    Fingerprint_Search                       0x00015673   Thumb Code   454  app_fingerprint.o(.text)
    Fingerprint_Login                        0x00015839   Thumb Code  1190  app_fingerprint.o(.text)
    Fingerprint_GetChar                      0x00015cdf   Thumb Code   214  app_fingerprint.o(.text)
    __2sprintf                               0x00015dd9   Thumb Code    34  noretval__2sprintf.o(.text)
    _printf_pre_padding                      0x00015e01   Thumb Code    44  _printf_pad.o(.text)
    _printf_post_padding                     0x00015e2d   Thumb Code    34  _printf_pad.o(.text)
    _printf_str                              0x00015e4f   Thumb Code    82  _printf_str.o(.text)
    _printf_int_dec                          0x00015ea1   Thumb Code   104  _printf_dec.o(.text)
    __printf                                 0x00015f19   Thumb Code   308  __printf_flags_wp.o(.text)
    memcmp                                   0x00016051   Thumb Code    88  memcmp.o(.text)
    strcpy                                   0x000160a9   Thumb Code    72  strcpy.o(.text)
    strlen                                   0x000160f1   Thumb Code    62  strlen.o(.text)
    strcat                                   0x0001612f   Thumb Code    24  strcat.o(.text)
    __aeabi_memcpy                           0x00016147   Thumb Code     0  rt_memcpy_v6.o(.text)
    __rt_memcpy                              0x00016147   Thumb Code   138  rt_memcpy_v6.o(.text)
    _memcpy_lastbytes                        0x000161ad   Thumb Code     0  rt_memcpy_v6.o(.text)
    __aeabi_memcpy4                          0x000161d1   Thumb Code     0  rt_memcpy_w.o(.text)
    __aeabi_memcpy8                          0x000161d1   Thumb Code     0  rt_memcpy_w.o(.text)
    __rt_memcpy_w                            0x000161d1   Thumb Code   100  rt_memcpy_w.o(.text)
    _memcpy_lastbytes_aligned                0x00016219   Thumb Code     0  rt_memcpy_w.o(.text)
    __aeabi_memclr                           0x00016235   Thumb Code     0  rt_memclr.o(.text)
    __rt_memclr                              0x00016235   Thumb Code    68  rt_memclr.o(.text)
    _memset                                  0x00016239   Thumb Code     0  rt_memclr.o(.text)
    __aeabi_memclr4                          0x00016279   Thumb Code     0  rt_memclr_w.o(.text)
    __aeabi_memclr8                          0x00016279   Thumb Code     0  rt_memclr_w.o(.text)
    __rt_memclr_w                            0x00016279   Thumb Code    78  rt_memclr_w.o(.text)
    _memset_w                                0x0001627d   Thumb Code     0  rt_memclr_w.o(.text)
    __use_two_region_memory                  0x000162c7   Thumb Code     2  heapauxi.o(.text)
    __rt_heap_escrow$2region                 0x000162c9   Thumb Code     2  heapauxi.o(.text)
    __rt_heap_expand$2region                 0x000162cb   Thumb Code     2  heapauxi.o(.text)
    _printf_int_common                       0x000162cd   Thumb Code   178  _printf_intcommon.o(.text)
    _printf_char_common                      0x0001638b   Thumb Code    32  _printf_char_common.o(.text)
    _sputc                                   0x000163b1   Thumb Code    10  _sputc.o(.text)
    _printf_cs_common                        0x000163bb   Thumb Code    20  _printf_char.o(.text)
    _printf_char                             0x000163cf   Thumb Code    16  _printf_char.o(.text)
    _printf_string                           0x000163df   Thumb Code     8  _printf_char.o(.text)
    __user_setup_stackheap                   0x000163e7   Thumb Code    74  sys_stackheap_outer.o(.text)
    __user_libspace                          0x00016431   Thumb Code     8  libspace.o(.text)
    __user_perproc_libspace                  0x00016431   Thumb Code     0  libspace.o(.text)
    __user_perthread_libspace                0x00016431   Thumb Code     0  libspace.o(.text)
    _is_digit                                0x00016439   Thumb Code    14  __printf_wp.o(i._is_digit)
    matrix                                   0x00016446   Data       153600  drv_lcd.o(.constdata)
    jicun                                    0x0003bc46   Data       24640  drv_lcd.o(.constdata)
    jicun1                                   0x00041c86   Data       24640  drv_lcd.o(.constdata)
    jicun2                                   0x00047cc6   Data       24640  drv_lcd.o(.constdata)
    system                                   0x0004dd06   Data        4608  drv_lcd.o(.constdata)
    system01                                 0x0004ef06   Data        4608  drv_lcd.o(.constdata)
    system02                                 0x00050106   Data        4608  drv_lcd.o(.constdata)
    system03                                 0x00051306   Data        4608  drv_lcd.o(.constdata)
    system04                                 0x00052506   Data        4608  drv_lcd.o(.constdata)
    system05                                 0x00053706   Data        4608  drv_lcd.o(.constdata)
    BoxDoor                                  0x00054906   Data        4608  drv_lcd.o(.constdata)
    BoxDoor01                                0x00055b06   Data        4608  drv_lcd.o(.constdata)
    BoxDoor02                                0x00056d06   Data        4608  drv_lcd.o(.constdata)
    BoxDoor03                                0x00057f06   Data        4608  drv_lcd.o(.constdata)
    BoxDoor04                                0x00059106   Data        4608  drv_lcd.o(.constdata)
    BoxDoor05                                0x0005a306   Data        4608  drv_lcd.o(.constdata)
    manage                                   0x0005b506   Data        4608  drv_lcd.o(.constdata)
    manage01                                 0x0005c706   Data        4608  drv_lcd.o(.constdata)
    manage02                                 0x0005d906   Data        4608  drv_lcd.o(.constdata)
    manage03                                 0x0005eb06   Data        4608  drv_lcd.o(.constdata)
    manage04                                 0x0005fd06   Data        4608  drv_lcd.o(.constdata)
    manage05                                 0x00060f06   Data        4608  drv_lcd.o(.constdata)
    user                                     0x00062106   Data        4608  drv_lcd.o(.constdata)
    user01                                   0x00063306   Data        4608  drv_lcd.o(.constdata)
    user02                                   0x00064506   Data        4608  drv_lcd.o(.constdata)
    user03                                   0x00065706   Data        4608  drv_lcd.o(.constdata)
    user04                                   0x00066906   Data        4608  drv_lcd.o(.constdata)
    user05                                   0x00067b06   Data        4608  drv_lcd.o(.constdata)
    exit                                     0x00068d06   ARM Code    4608  drv_lcd.o(.constdata)
    SuperPassword                            0x00069f06   Data           8  mid_sysconfig.o(.constdata)
    SeniorPassword                           0x00069f0e   Data           8  mid_sysconfig.o(.constdata)
    UserPassword                             0x00069f16   Data           8  mid_sysconfig.o(.constdata)
    START_MESSAGE                            0x00069f1e   Data          64  app_main.o(.constdata)
    ProgramVer_Tab                           0x00069f5e   Data          12  app_main.o(.constdata)
    Firmware_Tab                             0x00069f6a   Data          13  app_main.o(.constdata)
    Region$$Table$$Base                      0x0006aaec   Number         0  anon$$obj.o(Region$$Table)
    Region$$Table$$Limit                     0x0006ab0c   Number         0  anon$$obj.o(Region$$Table)
    SystemCoreClock                          0x10000000   Data           4  system_lpc17xx.o(.data)
    EP_ERR_Flag                              0x10000004   Data           1  drv_eeprom.o(.data)
    Enc28j60Bank                             0x10000006   Data           1  drv_enc28j60.o(.data)
    NextPacketPtr                            0x10000008   Data           2  drv_enc28j60.o(.data)
    gbRTC_TimeUpdate                         0x1000000b   Data           1  drv_rtc.o(.data)
    gTimeCount                               0x1000000c   Data           4  drv_timer.o(.data)
    cRxdByte                                 0x10000010   Data           1  drv_uart.o(.data)
    RS485DataCnt                             0x10000014   Data           4  drv_uart.o(.data)
    FingerprintDataCnt                       0x10000018   Data           4  drv_uart.o(.data)
    g_Card_tagtype                           0x1000001c   Data           2  drv_rfm.o(.data)
    g_Card_UID                               0x1000001e   Data           5  drv_rfm.o(.data)
    TimerFreeList                            0x10000028   Data           4  mid_systick.o(.data)
    TimerList                                0x1000002c   Data           4  mid_systick.o(.data)
    pTimer_LedBlink                          0x10000030   Data           4  mid_magically.o(.data)
    pTimer_Beep                              0x10000034   Data           4  mid_magically.o(.data)
    pTimer_ReadRTC                           0x10000038   Data           4  mid_magically.o(.data)
    pTimer_OpenBox                           0x1000003c   Data           4  mid_magically.o(.data)
    BeepFlag                                 0x10000040   Data           1  mid_magically.o(.data)
    BeepState                                0x10000041   Data           1  mid_magically.o(.data)
    OnTick                                   0x10000044   Data           4  mid_magically.o(.data)
    iOnTick                                  0x10000048   Data           4  mid_magically.o(.data)
    OffTick                                  0x1000004c   Data           4  mid_magically.o(.data)
    iOffTick                                 0x10000050   Data           4  mid_magically.o(.data)
    Retries                                  0x10000054   Data           4  mid_magically.o(.data)
    pTimer_DelayTick                         0x1000005c   Data           4  mid_sysconfig.o(.data)
    pTimer_TimeCount                         0x10000060   Data           4  mid_sysconfig.o(.data)
    pTimer_GetRTC                            0x10000064   Data           4  mid_sysconfig.o(.data)
    Rxd_Decoding                             0x10000068   Data           8  mid_comm.o(.data)
    TD_Comm                                  0x10000070   Data           4  mid_comm.o(.data)
    DLen                                     0x100000aa   Data           2  app_network.o(.data)
    SR_MAC                                   0x100000ac   Data           6  app_network.o(.data)
    S_IP                                     0x100000b2   Data           4  app_network.o(.data)
    S_MASK                                   0x100000b6   Data           4  app_network.o(.data)
    S_gate                                   0x100000ba   Data           4  app_network.o(.data)
    S_PORT                                   0x100000be   Data           2  app_network.o(.data)
    DE_MAC                                   0x100000c0   Data           6  app_network.o(.data)
    D_IP                                     0x100000c6   Data           4  app_network.o(.data)
    D_mask                                   0x100000ca   Data           4  app_network.o(.data)
    D_gate                                   0x100000ce   Data           4  app_network.o(.data)
    D_port                                   0x100000d2   Data           2  app_network.o(.data)
    LOC_MAC                                  0x100000d4   Data           6  app_network.o(.data)
    LOC_IP                                   0x100000da   Data           4  app_network.o(.data)
    LOC_MASK                                 0x100000de   Data           4  app_network.o(.data)
    LOC_gate                                 0x100000e2   Data           4  app_network.o(.data)
    LOC_PORT                                 0x100000e6   Data           2  app_network.o(.data)
    Dest_MAC                                 0x100000e8   Data           6  app_network.o(.data)
    Dest_IP                                  0x100000ee   Data           4  app_network.o(.data)
    Dest_MASK                                0x100000f2   Data           4  app_network.o(.data)
    Dest_gate                                0x100000f6   Data           4  app_network.o(.data)
    Dest_PORT                                0x100000fa   Data           2  app_network.o(.data)
    pStr_Company                             0x100000fc   Data           4  app_gui.o(.data)
    pStr_Phone                               0x10000100   Data           4  app_gui.o(.data)
    pStr_SysVersion                          0x10000104   Data           4  app_gui.o(.data)
    pStr_SetOK                               0x10000108   Data           4  app_gui.o(.data)
    pStr_SetFailed                           0x1000010c   Data           4  app_gui.o(.data)
    pStr_PasswordError                       0x10000110   Data           4  app_gui.o(.data)
    pStr_AskSysInit                          0x10000114   Data           4  app_gui.o(.data)
    pStr_SysInitWait                         0x10000118   Data           4  app_gui.o(.data)
    pStr_SysInitOK                           0x1000011c   Data           4  app_gui.o(.data)
    pStr_BoxIdErr                            0x10000120   Data           4  app_gui.o(.data)
    pStr_PlsWait                             0x10000124   Data           4  app_gui.o(.data)
    pStr_AskClrCard                          0x10000128   Data           4  app_gui.o(.data)
    pStr_ClrCardOk                           0x1000012c   Data           4  app_gui.o(.data)
    pStr_AskClrBox                           0x10000130   Data           4  app_gui.o(.data)
    pStr_AskClrAllBox                        0x10000134   Data           4  app_gui.o(.data)
    pStr_OpeningBox                          0x10000138   Data           4  app_gui.o(.data)
    pStr_LockingBoxOk                        0x1000013c   Data           4  app_gui.o(.data)
    pStr_UnlockingBoxOk                      0x10000140   Data           4  app_gui.o(.data)
    pStr_OperationTip                        0x10000144   Data           4  app_gui.o(.data)
    pStr_Exit                                0x10000148   Data           4  app_gui.o(.data)
    pStr_InputType                           0x1000014c   Data           4  app_gui.o(.data)
    pStr_PlsInput                            0x10000150   Data           4  app_gui.o(.data)
    pStr_PlsInputPsw                         0x10000154   Data           4  app_gui.o(.data)
    pStr_PlsEnterPwd                         0x10000158   Data           4  app_gui.o(.data)
    pStr_PlsInputBoxNum                      0x1000015c   Data           4  app_gui.o(.data)
    pStr_PlsInputBoxID                       0x10000160   Data           4  app_gui.o(.data)
    pStr_Notice255IsAll                      0x10000164   Data           4  app_gui.o(.data)
    pStr_PlsInputMachineNum                  0x10000168   Data           4  app_gui.o(.data)
    pStr_Old                                 0x1000016c   Data           4  app_gui.o(.data)
    pStr_New                                 0x10000170   Data           4  app_gui.o(.data)
    pStr_PlsEnterName                        0x10000174   Data           4  app_gui.o(.data)
    pStr_PlsEnterIdCode                      0x10000178   Data           4  app_gui.o(.data)
    pStr_PlsCard                             0x1000017c   Data           4  app_gui.o(.data)
    pStr_PlsCardAgain                        0x10000180   Data           4  app_gui.o(.data)
    pStr_PlsEnterValidity                    0x10000184   Data           4  app_gui.o(.data)
    pStr_PlsChoiceType                       0x10000188   Data           4  app_gui.o(.data)
    pStr_WithoutBoxBeLock                    0x1000018c   Data           4  app_gui.o(.data)
    pStr_QueryLockBox                        0x10000190   Data           4  app_gui.o(.data)
    pStr_QueryBoxStatus                      0x10000194   Data           4  app_gui.o(.data)
    pStr_QueryPrompt                         0x10000198   Data           4  app_gui.o(.data)
    pStr_BoxStatus                           0x1000019c   Data          16  app_gui.o(.data)
    pStr_NxBox                               0x100001ac   Data           4  app_gui.o(.data)
    pStr_Open1Box                            0x100001b0   Data           4  app_gui.o(.data)
    pStr_PlsCloseBox                         0x100001b4   Data           4  app_gui.o(.data)
    pStr_StopOpenBox                         0x100001b8   Data           4  app_gui.o(.data)
    pStr_AskOpenAllBox                       0x100001bc   Data           4  app_gui.o(.data)
    pStr_ClrBoxNotice                        0x100001c0   Data           4  app_gui.o(.data)
    pStr_Locking1Box                         0x100001c4   Data           4  app_gui.o(.data)
    pStr_LockinAllBox                        0x100001c8   Data           4  app_gui.o(.data)
    pStr_Unlocking1Box                       0x100001cc   Data           4  app_gui.o(.data)
    pStr_UnlockingAllBox                     0x100001d0   Data           4  app_gui.o(.data)
    pStr_BoxBeLocked                         0x100001d4   Data           4  app_gui.o(.data)
    pStr_NowEmptyBoxNum                      0x100001d8   Data           4  app_gui.o(.data)
    pStr_SysError                            0x100001dc   Data           4  app_gui.o(.data)
    pStr_AdminCard                           0x100001e0   Data           4  app_gui.o(.data)
    pStr_CardNotConsign                      0x100001e4   Data           4  app_gui.o(.data)
    pStr_CardNotRegister                     0x100001e8   Data           4  app_gui.o(.data)
    pStr_NotExtractTime                      0x100001ec   Data           4  app_gui.o(.data)
    pStr_OpenBoxFaild                        0x100001f0   Data           4  app_gui.o(.data)
    pStr_xBoxOpenFail                        0x100001f4   Data           4  app_gui.o(.data)
    pStr_PlsCallAdmin                        0x100001f8   Data           4  app_gui.o(.data)
    pStr_LockersIsFull                       0x100001fc   Data           4  app_gui.o(.data)
    pStr_IdPosition                          0x10000200   Data           4  app_gui.o(.data)
    pStr_xLockers                            0x10000204   Data           4  app_gui.o(.data)
    pStr_ThisLockers                         0x10000208   Data           4  app_gui.o(.data)
    pStr_OnOtherLockers                      0x1000020c   Data           4  app_gui.o(.data)
    pStr_xBox                                0x10000210   Data           4  app_gui.o(.data)
    pStr_PlsCardToPickUp                     0x10000214   Data           4  app_gui.o(.data)
    pStr_xBoxNotClose                        0x10000218   Data           4  app_gui.o(.data)
    pStr_PlsCloseThisBox                     0x1000021c   Data           4  app_gui.o(.data)
    pStr_PlsConsignAgain                     0x10000220   Data           4  app_gui.o(.data)
    pStr_Overdue                             0x10000224   Data           4  app_gui.o(.data)
    pStr_NonSysCard                          0x10000228   Data           4  app_gui.o(.data)
    pStr_LimitOfUse                          0x1000022c   Data           4  app_gui.o(.data)
    pStr_PlsGotoOtherLockers                 0x10000230   Data           4  app_gui.o(.data)
    pStr_WriteCardFaild                      0x10000234   Data           4  app_gui.o(.data)
    pStr_ConsignError                        0x10000238   Data           4  app_gui.o(.data)
    pStr_RestoreCard                         0x1000023c   Data           4  app_gui.o(.data)
    pStr_PlsCloseBoxDoor                     0x10000240   Data           4  app_gui.o(.data)
    pStr_PlsFingerOrCard                     0x10000244   Data           4  app_gui.o(.data)
    pStr_WaitTimeout                         0x10000248   Data           4  app_gui.o(.data)
    pStr_NoDeposit                           0x1000024c   Data           4  app_gui.o(.data)
    pStr_NetError                            0x10000250   Data           4  app_gui.o(.data)
    pTitleStr_CloseTimeout                   0x10000254   Data           4  app_gui.o(.data)
    pTitleStr_NoticeTime                     0x10000258   Data           4  app_gui.o(.data)
    pMenu_Week                               0x1000025c   Data          28  app_gui.o(.data)
    pMenu_KeyType                            0x10000278   Data          16  app_gui.o(.data)
    pMenu_SetDebugMode                       0x10000288   Data          16  app_gui.o(.data)
    pMenu_SetCheckDoorSwitch                 0x10000298   Data          16  app_gui.o(.data)
    pMenu_WorkMode                           0x100002a8   Data          32  app_gui.o(.data)
    pMenu_SetBoxNum                          0x100002c8   Data          28  app_gui.o(.data)
    pMenu_Registration                       0x100002e4   Data          20  app_gui.o(.data)
    pMenu_SetTime                            0x100002f8   Data          12  app_gui.o(.data)
    pMenu_VoiceLevel                         0x10000304   Data           8  app_gui.o(.data)
    pMenu_SetNetSwitch                       0x1000030c   Data          16  app_gui.o(.data)
    pMenu_IDCaardSwitch                      0x1000031c   Data          16  app_gui.o(.data)
    pMenu_TCPIP                              0x1000032c   Data          16  app_gui.o(.data)
    pMenu_ChoiceAdmin                        0x1000033c   Data          16  app_gui.o(.data)
    pMenu_CardAccredit                       0x1000034c   Data          28  app_gui.o(.data)
    pMenu_AdminCardOpertion                  0x10000368   Data          12  app_gui.o(.data)
    pMenu_RecordQuery                        0x10000374   Data          16  app_gui.o(.data)
    pMenu_OpenBoxType                        0x10000384   Data          32  app_gui.o(.data)
    pAccessStatus                            0x100003a4   Data          16  app_gui.o(.data)
    pMenu_CardSector                         0x100003b4   Data          16  app_gui.o(.data)
    pMenu_AllowOpenBoxNum                    0x100003c4   Data          16  app_gui.o(.data)
    pMenu_PickUpAwaitTime                    0x100003d4   Data          12  app_gui.o(.data)
    pMenu_PickUpTimeout                      0x100003e0   Data          12  app_gui.o(.data)
    pMenu_SetUIntValue                       0x100003ec   Data          12  app_gui.o(.data)
    pMenu_Admin                              0x100003f8   Data          28  app_gui.o(.data)
    pMenu_Admin_SysSet                       0x10000414   Data          36  app_gui.o(.data)
    pMenu_Admin_Manage                       0x10000438   Data          36  app_gui.o(.data)
    pMenu_Admin_Box                          0x1000045c   Data          28  app_gui.o(.data)
    pMenu_Admin_Lockers                      0x10000478   Data          20  app_gui.o(.data)
    pMenu_Admin_Query                        0x1000048c   Data          32  app_gui.o(.data)
    pMenu_TopAdmin                           0x100004ac   Data          12  app_gui.o(.data)
    pMenu_TopAdmin_Set                       0x100004b8   Data          36  app_gui.o(.data)
    pMenu_SuperAdmin_Set                     0x100004dc   Data          28  app_gui.o(.data)
    pMenu_UserAccess                         0x100004f8   Data          56  app_gui.o(.data)
    PromptBigBox                             0x10000530   Data         276  app_gui.o(.data)
    Promptbox                                0x10000644   Data         276  app_gui.o(.data)
    stTime                                   0x10000764   Data           7  app_keyui.o(.data)
    FLASH_BUFFER                             0x1000079c   Data        4096  drv_flash.o(.bss)
    DisplayBuf                               0x1000179c   Data         520  drv_lcd.o(.bss)
    RS485DataBuf                             0x100019a4   Data         512  drv_uart.o(.bss)
    FingerprintDataBuf                       0x10001ba4   Data         768  drv_uart.o(.bss)
    g_Card_RevBuffer                         0x10001ea4   Data          40  drv_rfm.o(.bss)
    gstWG                                    0x10001ecc   Data          36  drv_wiegand.o(.bss)
    TimerPool                                0x10001ef0   Data         192  mid_systick.o(.bss)
    gstSysRunInfo                            0x10001fb0   Data         476  mid_sysconfig.o(.bss)
    SysConfig                                0x1000218c   Data        4500  mid_sysconfig.o(.bss)
    gstCmdPacket                             0x10003320   Data        1036  mid_comm.o(.bss)
    stCmdSlavePacket                         0x1000372c   Data         136  mid_comm.o(.bss)
    stRecord                                 0x10003878   Data          32  app_record.o(.bss)
    CardData                                 0x10003898   Data          50  app_card.o(.bss)
    stUserCard                               0x100038cc   Data          52  app_card.o(.bss)
    efp                                      0x10003900   Data        1024  app_network.o(.bss)
    LCM_Unit_UI                              0x10003d00   Data        4140  app_gui.o(.bss)
    cStr_Message                             0x10004d2c   Data         100  app_gui.o(.bss)
    MenuIconBuf                              0x10004d90   Data          15  app_gui.o(.bss)
    gstKeyboard                              0x10004da0   Data          72  app_keyui.o(.bss)
    stLockersOperation                       0x10004de8   Data          12  app_lockers.o(.bss)
    UserCardData                             0x10004df4   Data          50  app_lockers.o(.bss)
    stUserConsign                            0x10004e28   Data          16  app_lockers.o(.bss)
    stOnlineAsk                              0x10004e38   Data          44  app_lockers.o(.bss)
    FingerprintData                          0x10004e64   Data         520  app_fingerprint.o(.bss)
    FingerprintReplyData                     0x1000506c   Data          20  app_fingerprint.o(.bss)
    __libspace_start                         0x10005080   Data          96  libspace.o(.bss)
    __temporary_stack_top$libspace           0x100050e0   Data           0  libspace.o(.bss)



==============================================================================

Memory Map of the image

  Image Entry point : 0x000000cd

  Load Region LR_IROM1 (Base: 0x00000000, Size: 0x0006b2a8, Max: 0x00080000, ABSOLUTE, COMPRESSED[0x0006ae10])

    Execution Region ER_IROM1 (Base: 0x00000000, Size: 0x0006ab0c, Max: 0x00080000, ABSOLUTE)

    Base Addr    Size         Type   Attr      Idx    E Section Name        Object

    0x00000000   0x000000cc   Data   RO           50    RESET               startup_lpc17xx.o
    0x000000cc   0x00000008   Code   RO         1199  * !!!main             c_w.l(__main.o)
    0x000000d4   0x00000034   Code   RO         1339    !!!scatter          c_w.l(__scatter.o)
    0x00000108   0x00000064   Code   RO         1337    !!dclz77c           c_w.l(__dclz77c.o)
    0x0000016c   0x0000001c   Code   RO         1341    !!handler_zi        c_w.l(__scatter_zi.o)
    0x00000188   0x00000000   Code   RO         1178    .ARM.Collect$$_printf_percent$$00000000  c_w.l(_printf_percent.o)
    0x00000188   0x00000006   Code   RO         1177    .ARM.Collect$$_printf_percent$$00000009  c_w.l(_printf_d.o)
    0x0000018e   0x00000006   Code   RO         1176    .ARM.Collect$$_printf_percent$$00000014  c_w.l(_printf_s.o)
    0x00000194   0x00000004   Code   RO         1210    .ARM.Collect$$_printf_percent$$00000017  c_w.l(_printf_percent_end.o)
    0x00000198   0x00000002   Code   RO         1235    .ARM.Collect$$libinit$$00000000  c_w.l(libinit.o)
    0x0000019a   0x00000000   Code   RO         1240    .ARM.Collect$$libinit$$00000002  c_w.l(libinit2.o)
    0x0000019a   0x00000000   Code   RO         1242    .ARM.Collect$$libinit$$00000004  c_w.l(libinit2.o)
    0x0000019a   0x00000000   Code   RO         1245    .ARM.Collect$$libinit$$0000000A  c_w.l(libinit2.o)
    0x0000019a   0x00000000   Code   RO         1247    .ARM.Collect$$libinit$$0000000C  c_w.l(libinit2.o)
    0x0000019a   0x00000000   Code   RO         1249    .ARM.Collect$$libinit$$0000000E  c_w.l(libinit2.o)
    0x0000019a   0x00000000   Code   RO         1252    .ARM.Collect$$libinit$$00000011  c_w.l(libinit2.o)
    0x0000019a   0x00000000   Code   RO         1254    .ARM.Collect$$libinit$$00000013  c_w.l(libinit2.o)
    0x0000019a   0x00000000   Code   RO         1256    .ARM.Collect$$libinit$$00000015  c_w.l(libinit2.o)
    0x0000019a   0x00000000   Code   RO         1258    .ARM.Collect$$libinit$$00000017  c_w.l(libinit2.o)
    0x0000019a   0x00000000   Code   RO         1260    .ARM.Collect$$libinit$$00000019  c_w.l(libinit2.o)
    0x0000019a   0x00000000   Code   RO         1262    .ARM.Collect$$libinit$$0000001B  c_w.l(libinit2.o)
    0x0000019a   0x00000000   Code   RO         1264    .ARM.Collect$$libinit$$0000001D  c_w.l(libinit2.o)
    0x0000019a   0x00000000   Code   RO         1266    .ARM.Collect$$libinit$$0000001F  c_w.l(libinit2.o)
    0x0000019a   0x00000000   Code   RO         1268    .ARM.Collect$$libinit$$00000021  c_w.l(libinit2.o)
    0x0000019a   0x00000000   Code   RO         1270    .ARM.Collect$$libinit$$00000023  c_w.l(libinit2.o)
    0x0000019a   0x00000000   Code   RO         1272    .ARM.Collect$$libinit$$00000025  c_w.l(libinit2.o)
    0x0000019a   0x00000000   Code   RO         1276    .ARM.Collect$$libinit$$0000002C  c_w.l(libinit2.o)
    0x0000019a   0x00000000   Code   RO         1278    .ARM.Collect$$libinit$$0000002E  c_w.l(libinit2.o)
    0x0000019a   0x00000000   Code   RO         1280    .ARM.Collect$$libinit$$00000030  c_w.l(libinit2.o)
    0x0000019a   0x00000000   Code   RO         1282    .ARM.Collect$$libinit$$00000032  c_w.l(libinit2.o)
    0x0000019a   0x00000002   Code   RO         1283    .ARM.Collect$$libinit$$00000033  c_w.l(libinit2.o)
    0x0000019c   0x00000000   Code   RO         1201    .ARM.Collect$$rtentry$$00000000  c_w.l(__rtentry.o)
    0x0000019c   0x00000000   Code   RO         1212    .ARM.Collect$$rtentry$$00000002  c_w.l(__rtentry2.o)
    0x0000019c   0x00000006   Code   RO         1224    .ARM.Collect$$rtentry$$00000004  c_w.l(__rtentry4.o)
    0x000001a2   0x00000000   Code   RO         1214    .ARM.Collect$$rtentry$$00000009  c_w.l(__rtentry2.o)
    0x000001a2   0x00000004   Code   RO         1215    .ARM.Collect$$rtentry$$0000000A  c_w.l(__rtentry2.o)
    0x000001a6   0x00000000   Code   RO         1217    .ARM.Collect$$rtentry$$0000000C  c_w.l(__rtentry2.o)
    0x000001a6   0x00000008   Code   RO         1218    .ARM.Collect$$rtentry$$0000000D  c_w.l(__rtentry2.o)
    0x000001ae   0x00000002   PAD
    0x000001b0   0x0000013c   Code   RO           13    .text               system_lpc17xx.o
    0x000002ec   0x00000010   Code   RO         1191    .text               c_w.l(aeabi_memset.o)
    0x000002fc   0x00000004   Code   RO           51    .ARM.__at_0x02FC    startup_lpc17xx.o
    0x00000300   0x0000003c   Code   RO           52    .text               startup_lpc17xx.o
    0x0000033c   0x00000688   Code   RO           59    .text               drv_eeprom.o
    0x000009c4   0x00000410   Code   RO          111    .text               drv_enc28j60.o
    0x00000dd4   0x00000444   Code   RO          157    .text               drv_flash.o
    0x00001218   0x000001b8   Code   RO          182    .text               drv_keyboard.o
    0x000013d0   0x0000006c   Code   RO          312    .text               drv_otherext.o
    0x0000143c   0x0000020c   Code   RO          331    .text               drv_rtc.o
    0x00001648   0x000001b0   Code   RO          353    .text               drv_spi.o
    0x000017f8   0x00000088   Code   RO          372    .text               drv_timer.o
    0x00001880   0x0000002c   Code   RO          398    .text               drv_wdt.o
    0x000018ac   0x00001d8c   Code   RO          417    .text               drv_lcd.o
    0x00003638   0x00000380   Code   RO          495    .text               drv_uart.o
    0x000039b8   0x000000de   Code   RO          625    .text               drv_voice.o
    0x00003a96   0x00000002   PAD
    0x00003a98   0x00000384   Code   RO          652    .text               drv_74hc16x.o
    0x00003e1c   0x00001098   Code   RO          671    .text               drv_rfm.o
    0x00004eb4   0x000004b4   Code   RO          694    .text               drv_wiegand.o
    0x00005368   0x00000480   Code   RO          715    .text               lib_public.o
    0x000057e8   0x00000230   Code   RO          731    .text               mid_systick.o
    0x00005a18   0x000002cc   Code   RO          758    .text               mid_magically.o
    0x00005ce4   0x00000ab4   Code   RO          828    .text               mid_sysconfig.o
    0x00006798   0x00000804   Code   RO          853    .text               mid_comm.o
    0x00006f9c   0x00000b44   Code   RO          876    .text               mid_lockers.o
    0x00007ae0   0x00000052   Code   RO          894    .text               mid_ziku.o
    0x00007b32   0x00000002   PAD
    0x00007b34   0x000001fc   Code   RO          910    .text               app_main.o
    0x00007d30   0x00001510   Code   RO          929    .text               app_comdeal.o
    0x00009240   0x00000308   Code   RO          950    .text               app_record.o
    0x00009548   0x00001678   Code   RO          972    .text               app_card.o
    0x0000abc0   0x000007f0   Code   RO          995    .text               app_network.o
    0x0000b3b0   0x0000340c   Code   RO         1015    .text               app_gui.o
    0x0000e7bc   0x00004598   Code   RO         1073    .text               app_keyui.o
    0x00012d54   0x0000255c   Code   RO         1097    .text               app_lockers.o
    0x000152b0   0x00000b28   Code   RO         1120    .text               app_fingerprint.o
    0x00015dd8   0x00000028   Code   RO         1146    .text               c_w.l(noretval__2sprintf.o)
    0x00015e00   0x0000004e   Code   RO         1150    .text               c_w.l(_printf_pad.o)
    0x00015e4e   0x00000052   Code   RO         1152    .text               c_w.l(_printf_str.o)
    0x00015ea0   0x00000078   Code   RO         1154    .text               c_w.l(_printf_dec.o)
    0x00015f18   0x00000138   Code   RO         1168    .text               c_w.l(__printf_flags_wp.o)
    0x00016050   0x00000058   Code   RO         1179    .text               c_w.l(memcmp.o)
    0x000160a8   0x00000048   Code   RO         1181    .text               c_w.l(strcpy.o)
    0x000160f0   0x0000003e   Code   RO         1183    .text               c_w.l(strlen.o)
    0x0001612e   0x00000018   Code   RO         1185    .text               c_w.l(strcat.o)
    0x00016146   0x0000008a   Code   RO         1187    .text               c_w.l(rt_memcpy_v6.o)
    0x000161d0   0x00000064   Code   RO         1189    .text               c_w.l(rt_memcpy_w.o)
    0x00016234   0x00000044   Code   RO         1193    .text               c_w.l(rt_memclr.o)
    0x00016278   0x0000004e   Code   RO         1195    .text               c_w.l(rt_memclr_w.o)
    0x000162c6   0x00000006   Code   RO         1197    .text               c_w.l(heapauxi.o)
    0x000162cc   0x000000b2   Code   RO         1202    .text               c_w.l(_printf_intcommon.o)
    0x0001637e   0x00000002   PAD
    0x00016380   0x00000030   Code   RO         1204    .text               c_w.l(_printf_char_common.o)
    0x000163b0   0x0000000a   Code   RO         1206    .text               c_w.l(_sputc.o)
    0x000163ba   0x0000002c   Code   RO         1208    .text               c_w.l(_printf_char.o)
    0x000163e6   0x0000004a   Code   RO         1228    .text               c_w.l(sys_stackheap_outer.o)
    0x00016430   0x00000008   Code   RO         1236    .text               c_w.l(libspace.o)
    0x00016438   0x0000000e   Code   RO         1166    i._is_digit         c_w.l(__printf_wp.o)
    0x00016446   0x00053ac0   Data   RO          419    .constdata          drv_lcd.o
    0x00069f06   0x00000018   Data   RO          830    .constdata          mid_sysconfig.o
    0x00069f1e   0x00000059   Data   RO          911    .constdata          app_main.o
    0x00069f77   0x00000011   Data   RO         1169    .constdata          c_w.l(__printf_flags_wp.o)
    0x00069f88   0x00000b61   Data   RO         1017    .conststring        app_gui.o
    0x0006aae9   0x00000003   PAD
    0x0006aaec   0x00000020   Data   RO         1335    Region$$Table       anon$$obj.o


    Execution Region RW_IRAM1 (Base: 0x10000000, Size: 0x000052e0, Max: 0x00008000, ABSOLUTE, COMPRESSED[0x00000304])

    Base Addr    Size         Type   Attr      Idx    E Section Name        Object

    0x10000000   0x00000004   Data   RW           14    .data               system_lpc17xx.o
    0x10000004   0x00000001   Data   RW           60    .data               drv_eeprom.o
    0x10000005   0x00000001   PAD
    0x10000006   0x00000004   Data   RW          112    .data               drv_enc28j60.o
    0x1000000a   0x00000001   Data   RW          183    .data               drv_keyboard.o
    0x1000000b   0x00000001   Data   RW          332    .data               drv_rtc.o
    0x1000000c   0x00000004   Data   RW          373    .data               drv_timer.o
    0x10000010   0x0000000c   Data   RW          497    .data               drv_uart.o
    0x1000001c   0x00000007   Data   RW          673    .data               drv_rfm.o
    0x10000023   0x00000001   PAD
    0x10000024   0x0000000c   Data   RW          733    .data               mid_systick.o
    0x10000030   0x00000029   Data   RW          759    .data               mid_magically.o
    0x10000059   0x00000003   PAD
    0x1000005c   0x0000000c   Data   RW          831    .data               mid_sysconfig.o
    0x10000068   0x0000000c   Data   RW          855    .data               mid_comm.o
    0x10000074   0x00000015   Data   RW          878    .data               mid_lockers.o
    0x10000089   0x00000003   PAD
    0x1000008c   0x0000001d   Data   RW          974    .data               app_card.o
    0x100000a9   0x00000001   PAD
    0x100000aa   0x00000052   Data   RW          997    .data               app_network.o
    0x100000fc   0x00000668   Data   RW         1018    .data               app_gui.o
    0x10000764   0x00000022   Data   RW         1075    .data               app_keyui.o
    0x10000786   0x00000001   Data   RW         1099    .data               app_lockers.o
    0x10000787   0x00000001   PAD
    0x10000788   0x00000011   Data   RW         1122    .data               app_fingerprint.o
    0x10000799   0x00000003   PAD
    0x1000079c   0x00001000   Zero   RW          158    .bss                drv_flash.o
    0x1000179c   0x00000208   Zero   RW          418    .bss                drv_lcd.o
    0x100019a4   0x00000500   Zero   RW          496    .bss                drv_uart.o
    0x10001ea4   0x00000028   Zero   RW          672    .bss                drv_rfm.o
    0x10001ecc   0x00000024   Zero   RW          695    .bss                drv_wiegand.o
    0x10001ef0   0x000000c0   Zero   RW          732    .bss                mid_systick.o
    0x10001fb0   0x00001370   Zero   RW          829    .bss                mid_sysconfig.o
    0x10003320   0x00000494   Zero   RW          854    .bss                mid_comm.o
    0x100037b4   0x000000c2   Zero   RW          877    .bss                mid_lockers.o
    0x10003876   0x00000002   PAD
    0x10003878   0x00000020   Zero   RW          951    .bss                app_record.o
    0x10003898   0x00000068   Zero   RW          973    .bss                app_card.o
    0x10003900   0x00000400   Zero   RW          996    .bss                app_network.o
    0x10003d00   0x0000109f   Zero   RW         1016    .bss                app_gui.o
    0x10004d9f   0x00000001   PAD
    0x10004da0   0x00000048   Zero   RW         1074    .bss                app_keyui.o
    0x10004de8   0x0000007c   Zero   RW         1098    .bss                app_lockers.o
    0x10004e64   0x0000021c   Zero   RW         1121    .bss                app_fingerprint.o
    0x10005080   0x00000060   Zero   RW         1237    .bss                c_w.l(libspace.o)
    0x100050e0   0x00000000   Zero   RW           49    HEAP                startup_lpc17xx.o
    0x100050e0   0x00000200   Zero   RW           48    STACK               startup_lpc17xx.o


==============================================================================

Image component sizes


      Code (inc. data)   RO Data    RW Data    ZI Data      Debug   Object Name

      5752        288          0         29        104       7738   app_card.o
      5392        130          0          0          0      35890   app_comdeal.o
      2856        116          0         17        540       6678   app_fingerprint.o
     13324       1286       2913       1640       4255      32770   app_gui.o
     17816        652          0         34         72      22448   app_keyui.o
      9564        318          0          1        124      10983   app_lockers.o
       508         56         89          0          0       1669   app_main.o
      2032        116          0         82       1024       6872   app_network.o
       776         24          0          0         32       4017   app_record.o
         0          0          0          0          0       4504   core_cm3.o
       900          8          0          0          0       2714   drv_74hc16x.o
      1672         18          0          1          0      25845   drv_eeprom.o
      1040         14          0          4          0       4717   drv_enc28j60.o
      1092          6          0          0       4096       5925   drv_flash.o
       440         28          0          1          0       1338   drv_keyboard.o
      7564        178     342720          0        520      21192   drv_lcd.o
       108         10          0          0          0        661   drv_otherext.o
      4248         64          0          7         40      15491   drv_rfm.o
       524          4          0          1          0       3542   drv_rtc.o
       432         14          0          0          0       1679   drv_spi.o
       136         12          0          4          0      17339   drv_timer.o
       896         58          0         12       1280      23209   drv_uart.o
       222          0          0          0          0       1839   drv_voice.o
        44          4          0          0          0        540   drv_wdt.o
      1204         28          0          0         36       3221   drv_wiegand.o
      1152          0          0          0          0       5911   lib_public.o
      2052         58          0         12       1172       6331   mid_comm.o
      2884        112          0         21        194       7081   mid_lockers.o
       716         62          0         41          0       8447   mid_magically.o
      2740        154         24         12       4976      12438   mid_sysconfig.o
       560         30          0         12        192      20689   mid_systick.o
        82          0          0          0          0       1074   mid_ziku.o
        64         26        204          0        512       1076   startup_lpc17xx.o
       316         18          0          4          0      17619   system_lpc17xx.o

    ----------------------------------------------------------------------
     89112       3892     345985       1948      19172     343487   Object Totals
         0          0         32          0          0          0   (incl. Generated)
         4          0          3         13          3          0   (incl. Padding)

    ----------------------------------------------------------------------

      Code (inc. data)   RO Data    RW Data    ZI Data      Debug   Library Member Name

       100          0          0          0          0          0   __dclz77c.o
         8          0          0          0          0         68   __main.o
       312          4         17          0          0         92   __printf_flags_wp.o
        14          0          0          0          0         68   __printf_wp.o
         0          0          0          0          0          0   __rtentry.o
        12          0          0          0          0          0   __rtentry2.o
         6          0          0          0          0          0   __rtentry4.o
        52          8          0          0          0          0   __scatter.o
        28          0          0          0          0          0   __scatter_zi.o
        44          0          0          0          0        108   _printf_char.o
        48          6          0          0          0         96   _printf_char_common.o
         6          0          0          0          0          0   _printf_d.o
       120         16          0          0          0         92   _printf_dec.o
       178          0          0          0          0         88   _printf_intcommon.o
        78          0          0          0          0        108   _printf_pad.o
         0          0          0          0          0          0   _printf_percent.o
         4          0          0          0          0          0   _printf_percent_end.o
         6          0          0          0          0          0   _printf_s.o
        82          0          0          0          0         80   _printf_str.o
        10          0          0          0          0         68   _sputc.o
        16          0          0          0          0         68   aeabi_memset.o
         6          0          0          0          0        152   heapauxi.o
         2          0          0          0          0          0   libinit.o
         2          0          0          0          0          0   libinit2.o
         8          4          0          0         96         68   libspace.o
        88          0          0          0          0         76   memcmp.o
        40          6          0          0          0         84   noretval__2sprintf.o
        68          0          0          0          0         68   rt_memclr.o
        78          0          0          0          0         80   rt_memclr_w.o
       138          0          0          0          0         68   rt_memcpy_v6.o
       100          0          0          0          0         80   rt_memcpy_w.o
        24          0          0          0          0         68   strcat.o
        72          0          0          0          0         80   strcpy.o
        62          0          0          0          0         76   strlen.o
        74          0          0          0          0         80   sys_stackheap_outer.o

    ----------------------------------------------------------------------
      1890         44         17          0         96       1916   Library Totals
         4          0          0          0          0          0   (incl. Padding)

    ----------------------------------------------------------------------

      Code (inc. data)   RO Data    RW Data    ZI Data      Debug   Library Name

      1886         44         17          0         96       1916   c_w.l

    ----------------------------------------------------------------------
      1890         44         17          0         96       1916   Library Totals

    ----------------------------------------------------------------------

==============================================================================


      Code (inc. data)   RO Data    RW Data    ZI Data      Debug   

     91002       3936     346002       1948      19268     341863   Grand Totals
     91002       3936     346002        772      19268     341863   ELF Image Totals (compressed)
     91002       3936     346002        772          0          0   ROM Totals

==============================================================================

    Total RO  Size (Code + RO Data)               437004 ( 426.76kB)
    Total RW  Size (RW Data + ZI Data)             21216 (  20.72kB)
    Total ROM Size (Code + RO Data + RW Data)     437776 ( 427.52kB)

==============================================================================

