Component: ARM Compiler 5.06 update 6 (build 750) Tool: armlink [4d35ed]

==============================================================================

Section Cross References

    startup_lpc17xx.o(STACK) refers (Special) to heapauxi.o(.text) for __use_two_region_memory
    startup_lpc17xx.o(HEAP) refers (Special) to heapauxi.o(.text) for __use_two_region_memory
    startup_lpc17xx.o(RESET) refers (Special) to heapauxi.o(.text) for __use_two_region_memory
    startup_lpc17xx.o(RESET) refers to startup_lpc17xx.o(STACK) for __initial_sp
    startup_lpc17xx.o(RESET) refers to startup_lpc17xx.o(.text) for Reset_Handler
    startup_lpc17xx.o(RESET) refers to mid_systick.o(.text) for SysTick_Handler
    startup_lpc17xx.o(RESET) refers to drv_timer.o(.text) for TIMER0_IRQHandler
    startup_lpc17xx.o(RESET) refers to drv_uart.o(.text) for UART0_IRQHandler
    startup_lpc17xx.o(RESET) refers to drv_wiegand.o(.text) for EINT3_IRQHandler
    startup_lpc17xx.o(.ARM.__at_0x02FC) refers (Special) to heapauxi.o(.text) for __use_two_region_memory
    startup_lpc17xx.o(.text) refers (Special) to heapauxi.o(.text) for __use_two_region_memory
    startup_lpc17xx.o(.text) refers to system_lpc17xx.o(.text) for SystemInit
    startup_lpc17xx.o(.text) refers to __main.o(!!!main) for __main
    startup_lpc17xx.o(.text) refers to startup_lpc17xx.o(HEAP) for Heap_Mem
    startup_lpc17xx.o(.text) refers to startup_lpc17xx.o(STACK) for Stack_Mem
    drv_eeprom.o(.text) refers to drv_eeprom.o(.data) for EP_ERR_Flag
    drv_enc28j60.o(.text) refers to drv_spi.o(.text) for NetSPI_Enable
    drv_enc28j60.o(.text) refers to mid_sysconfig.o(.text) for delay_ms
    drv_enc28j60.o(.text) refers to drv_enc28j60.o(.data) for Enc28j60Bank
    drv_enc28j60.o(.text) refers to app_network.o(.data) for SR_MAC
    drv_flash.o(.text) refers to drv_spi.o(.text) for SPI_Send1Byte
    drv_flash.o(.text) refers to drv_flash.o(.bss) for FLASH_BUFFER
    drv_keyboard.o(.text) refers to mid_sysconfig.o(.text) for delay_ms
    drv_keyboard.o(.text) refers to mid_magically.o(.text) for Buzzer
    drv_keyboard.o(.text) refers to drv_keyboard.o(.data) for Key_DownFlag
    drv_timer.o(.text) refers to system_lpc17xx.o(.data) for SystemCoreClock
    drv_timer.o(.text) refers to drv_timer.o(.data) for gTimeCount
    drv_wdt.o(.text) refers to system_lpc17xx.o(.data) for SystemCoreClock
    drv_lcd.o(.text) refers to mid_sysconfig.o(.text) for delay_ms
    drv_lcd.o(.text) refers to mid_ziku.o(.text) for ZiKu_GetChineseChar
    drv_lcd.o(.text) refers to rt_memcpy_v6.o(.text) for __aeabi_memcpy
    drv_lcd.o(.text) refers to drv_lcd.o(.constdata) for matrix
    drv_lcd.o(.text) refers to drv_lcd.o(.bss) for DisplayBuf
    drv_lcd.o(.text) refers to rt_memclr.o(.text) for __aeabi_memclr
    drv_uart.o(.text) refers to rt_memclr.o(.text) for __aeabi_memclr
    drv_uart.o(.text) refers to strlen.o(.text) for strlen
    drv_uart.o(.text) refers to mid_comm.o(.text) for Comm_Decoding
    drv_uart.o(.text) refers to drv_uart.o(.data) for FingerprintDataCnt
    drv_uart.o(.text) refers to drv_uart.o(.bss) for FingerprintDataBuf
    drv_uart.o(.text) refers to system_lpc17xx.o(.data) for SystemCoreClock
    drv_uart.o(.text) refers to mid_sysconfig.o(.bss) for gstSysRunInfo
    drv_voice.o(.text) refers to drv_uart.o(.text) for UART2_SendNxByte
    drv_voice.o(.text) refers to mid_sysconfig.o(.text) for delay_ms
    drv_74hc16x.o(.text) refers to mid_sysconfig.o(.text) for delay_ms
    drv_rfm.o(.text) refers to mid_sysconfig.o(.text) for delay_ms
    drv_rfm.o(.text) refers to drv_spi.o(.text) for SPI_Send1Byte
    drv_rfm.o(.text) refers to drv_rfm.o(.bss) for g_Card_RevBuffer
    drv_rfm.o(.text) refers to drv_rfm.o(.data) for g_Card_tagtype
    drv_rfm.o(.text) refers to memcmp.o(.text) for memcmp
    drv_rfm.o(.text) refers to aeabi_memset.o(.text) for __aeabi_memset
    drv_wiegand.o(.text) refers to rt_memclr.o(.text) for __aeabi_memclr
    drv_wiegand.o(.text) refers to drv_wdt.o(.text) for WDT_Feed
    drv_wiegand.o(.text) refers to drv_wiegand.o(.bss) for gstWG
    lib_public.o(.text) refers to rt_memclr_w.o(.text) for __aeabi_memclr4
    lib_public.o(.text) refers to rt_memcpy_v6.o(.text) for __aeabi_memcpy
    lib_public.o(.text) refers to strlen.o(.text) for strlen
    mid_systick.o(.text) refers to mid_systick.o(.data) for bSysTickEnable
    mid_systick.o(.text) refers to mid_systick.o(.bss) for TimerPool
    mid_magically.o(.text) refers to rt_memclr_w.o(.text) for __aeabi_memclr4
    mid_magically.o(.text) refers to lib_public.o(.text) for Ascii_To_Hex
    mid_magically.o(.text) refers to mid_sysconfig.o(.text) for Store_Parameters
    mid_magically.o(.text) refers to mid_sysconfig.o(.bss) for gstSysRunInfo
    mid_magically.o(.text) refers to mid_magically.o(.data) for pTimer_LedBlink
    mid_magically.o(.text) refers to drv_rtc.o(.data) for gbRTC_TimeUpdate
    mid_sysconfig.o(.text) refers to _printf_pad.o(.text) for _printf_pre_padding
[...]
    .constdata                               0x00069f12   Section       24  mid_sysconfig.o(.constdata)
    .constdata                               0x00069f2a   Section       89  app_main.o(.constdata)
    .constdata                               0x00069f83   Section       17  __printf_flags_wp.o(.constdata)
    maptable                                 0x00069f83   Data          17  __printf_flags_wp.o(.constdata)
    .conststring                             0x00069f94   Section     2913  app_gui.o(.conststring)
    .data                                    0x10000000   Section        4  system_lpc17xx.o(.data)
    .data                                    0x10000004   Section        1  drv_rtc.o(.data)
    .data                                    0x10000008   Section        4  drv_timer.o(.data)
    .data                                    0x1000000c   Section       12  drv_uart.o(.data)
    .data                                    0x10000018   Section        7  drv_rfm.o(.data)
    .data                                    0x10000020   Section       41  mid_magically.o(.data)
    bLedON                                   0x10000048   Data           1  mid_magically.o(.data)
    .data                                    0x1000004c   Section       12  mid_sysconfig.o(.data)
    .data                                    0x10000058   Section       21  mid_lockers.o(.data)
    LastScanTime                             0x10000058   Data           4  mid_lockers.o(.data)
    ScanStep                                 0x1000005c   Data           1  mid_lockers.o(.data)
    LastScanTime                             0x10000060   Data           4  mid_lockers.o(.data)
    HandleStep                               0x10000064   Data           1  mid_lockers.o(.data)
    iLastHandleTime                          0x10000068   Data           4  mid_lockers.o(.data)
    step                                     0x1000006c   Data           1  mid_lockers.o(.data)
    .data                                    0x1000006e   Section       82  app_network.o(.data)
    .data                                    0x100000c0   Section     1640  app_gui.o(.data)
    iLastUpdateTime                          0x1000071c   Data           4  app_gui.o(.data)
    iCount                                   0x10000720   Data           4  app_gui.o(.data)
    iCount02                                 0x10000724   Data           4  app_gui.o(.data)
    .bss                                     0x10000728   Section     1280  drv_uart.o(.bss)
    .bss                                     0x10000c28   Section       36  drv_wiegand.o(.bss)
    .bss                                     0x10000c4c   Section     4976  mid_sysconfig.o(.bss)
    .bss                                     0x10001fbc   Section     1172  mid_comm.o(.bss)
    .bss                                     0x10002450   Section       32  app_record.o(.bss)
    .bss                                     0x10002470   Section      104  app_card.o(.bss)
    .bss                                     0x100024d8   Section      124  app_lockers.o(.bss)
    .bss                                     0x10002554   Section      540  app_fingerprint.o(.bss)
    HEAP                                     0x10002770   Section        0  startup_lpc17xx.o(HEAP)
    STACK                                    0x10002770   Section      512  startup_lpc17xx.o(STACK)
    Heap_Mem                                 0x10002770   Data           0  startup_lpc17xx.o(HEAP)
    Stack_Mem                                0x10002770   Data         512  startup_lpc17xx.o(STACK)
    __initial_sp                             0x10002970   Data           0  startup_lpc17xx.o(STACK)
    .data                                    0x2007c000   Section        1  drv_eeprom.o(.data)
    .data                                    0x2007c002   Section        4  drv_enc28j60.o(.data)
    .data                                    0x2007c006   Section        1  drv_keyboard.o(.data)
    Key_DownFlag                             0x2007c006   Data           1  drv_keyboard.o(.data)
    .data                                    0x2007c008   Section       12  mid_systick.o(.data)
    bSysTickEnable                           0x2007c008   Data           1  mid_systick.o(.data)
    .data                                    0x2007c014   Section       12  mid_comm.o(.data)
    .data                                    0x2007c020   Section       29  app_card.o(.data)
    iLastOperationTime                       0x2007c020   Data           4  app_card.o(.data)
    HandleStep                               0x2007c024   Data           1  app_card.o(.data)
    iLastOperationTime                       0x2007c028   Data           4  app_card.o(.data)
    TryCount                                 0x2007c02c   Data           1  app_card.o(.data)
    HandleStep                               0x2007c02d   Data           1  app_card.o(.data)
    iLastOperationTime                       0x2007c030   Data           4  app_card.o(.data)
    TryCount                                 0x2007c034   Data           1  app_card.o(.data)
    HandleStep                               0x2007c035   Data           1  app_card.o(.data)
    iLastOperationTime                       0x2007c038   Data           4  app_card.o(.data)
    TryCount                                 0x2007c03c   Data           1  app_card.o(.data)
    .data                                    0x2007c040   Section       34  app_keyui.o(.data)
    LastScanTime                             0x2007c048   Data           4  app_keyui.o(.data)
    NoCardTime                               0x2007c04c   Data           4  app_keyui.o(.data)
    LastOperationTime                        0x2007c050   Data           4  app_keyui.o(.data)
    TryCount                                 0x2007c054   Data           1  app_keyui.o(.data)
    CardCount                                0x2007c055   Data           1  app_keyui.o(.data)
    LastScanTime                             0x2007c058   Data           4  app_keyui.o(.data)
    NoCardTime                               0x2007c05c   Data           4  app_keyui.o(.data)
    TryCount                                 0x2007c060   Data           1  app_keyui.o(.data)
    ChoicePage                               0x2007c061   Data           1  app_keyui.o(.data)
    .data                                    0x2007c062   Section        1  app_lockers.o(.data)
    bScreen                                  0x2007c062   Data           1  app_lockers.o(.data)
    .data                                    0x2007c064   Section       17  app_fingerprint.o(.data)
    LastScanTime                             0x2007c064   Data           4  app_fingerprint.o(.data)
    HandleStep                               0x2007c068   Data           1  app_fingerprint.o(.data)
    LastScanTime                             0x2007c06c   Data           4  app_fingerprint.o(.data)
    Timeout                                  0x2007c070   Data           4  app_fingerprint.o(.data)
    HandleStep                               0x2007c074   Data           1  app_fingerprint.o(.data)
    .bss                                     0x2007c078   Section     4096  drv_flash.o(.bss)
    .bss                                     0x2007d078   Section      520  drv_lcd.o(.bss)
    .bss                                     0x2007d280   Section       40  drv_rfm.o(.bss)
    .bss                                     0x2007d2a8   Section      192  mid_systick.o(.bss)
    .bss                                     0x2007d368   Section      194  mid_lockers.o(.bss)
    BoxDoorStatus                            0x2007d368   Data          97  mid_lockers.o(.bss)
    BoxInsideStatus                          0x2007d3c9   Data          97  mid_lockers.o(.bss)
    .bss                                     0x2007d42a   Section     1024  app_network.o(.bss)
    .bss                                     0x2007d82c   Section     4255  app_gui.o(.bss)
    .bss                                     0x2007e8cc   Section       72  app_keyui.o(.bss)
    .bss                                     0x2007e914   Section       96  libspace.o(.bss)

    Global Symbols

    Symbol Name                              Value     Ov Type        Size  Object(Section)

    SystemCoreClock                          0x10000000   Data           4  system_lpc17xx.o(.data)
    SystemInit                               0x00000301   Thumb Code   298  system_lpc17xx.o(.text)
    __user_initial_stackheap                 0x000001e9   Thumb Code     0  startup_lpc17xx.o(.text)
    __Vectors                                0x00000000   Data           4  startup_lpc17xx.o(RESET)
    Reset_Handler                            0x000001cd   Thumb Code     8  startup_lpc17xx.o(.text)
    NMI_Handler                              0x000001d5   Thumb Code     2  startup_lpc17xx.o(.text)
    HardFault_Handler                        0x000001d7   Thumb Code     2  startup_lpc17xx.o(.text)
    MemManage_Handler                        0x000001d9   Thumb Code     2  startup_lpc17xx.o(.text)
    BusFault_Handler                         0x000001db   Thumb Code     2  startup_lpc17xx.o(.text)
    UsageFault_Handler                       0x000001dd   Thumb Code     2  startup_lpc17xx.o(.text)
    SVC_Handler                              0x000001df   Thumb Code     2  startup_lpc17xx.o(.text)
    DebugMon_Handler                         0x000001e1   Thumb Code     2  startup_lpc17xx.o(.text)
    PendSV_Handler                           0x000001e3   Thumb Code     2  startup_lpc17xx.o(.text)
    ADC_IRQHandler                           0x000001e7   Thumb Code     0  startup_lpc17xx.o(.text)
    BOD_IRQHandler                           0x000001e7   Thumb Code     0  startup_lpc17xx.o(.text)
    CANActivity_IRQHandler                   0x000001e7   Thumb Code     0  startup_lpc17xx.o(.text)
    CAN_IRQHandler                           0x000001e7   Thumb Code     0  startup_lpc17xx.o(.text)
    DMA_IRQHandler                           0x000001e7   Thumb Code     0  startup_lpc17xx.o(.text)
    EINT0_IRQHandler                         0x000001e7   Thumb Code     0  startup_lpc17xx.o(.text)
    EINT1_IRQHandler                         0x000001e7   Thumb Code     0  startup_lpc17xx.o(.text)
    EINT2_IRQHandler                         0x000001e7   Thumb Code     0  startup_lpc17xx.o(.text)
    ENET_IRQHandler                          0x000001e7   Thumb Code     0  startup_lpc17xx.o(.text)
    I2C0_IRQHandler                          0x000001e7   Thumb Code     0  startup_lpc17xx.o(.text)
    I2C1_IRQHandler                          0x000001e7   Thumb Code     0  startup_lpc17xx.o(.text)
    I2C2_IRQHandler                          0x000001e7   Thumb Code     0  startup_lpc17xx.o(.text)
    I2S_IRQHandler                           0x000001e7   Thumb Code     0  startup_lpc17xx.o(.text)
    MCPWM_IRQHandler                         0x000001e7   Thumb Code     0  startup_lpc17xx.o(.text)
    PLL0_IRQHandler                          0x000001e7   Thumb Code     0  startup_lpc17xx.o(.text)
    PLL1_IRQHandler                          0x000001e7   Thumb Code     0  startup_lpc17xx.o(.text)
    PWM1_IRQHandler                          0x000001e7   Thumb Code     0  startup_lpc17xx.o(.text)
    QEI_IRQHandler                           0x000001e7   Thumb Code     0  startup_lpc17xx.o(.text)
    RIT_IRQHandler                           0x000001e7   Thumb Code     0  startup_lpc17xx.o(.text)
    RTC_IRQHandler                           0x000001e7   Thumb Code     0  startup_lpc17xx.o(.text)
    SPI_IRQHandler                           0x000001e7   Thumb Code     0  startup_lpc17xx.o(.text)
    SSP0_IRQHandler                          0x000001e7   Thumb Code     0  startup_lpc17xx.o(.text)
    SSP1_IRQHandler                          0x000001e7   Thumb Code     0  startup_lpc17xx.o(.text)
    TIMER1_IRQHandler                        0x000001e7   Thumb Code     0  startup_lpc17xx.o(.text)
    TIMER2_IRQHandler                        0x000001e7   Thumb Code     0  startup_lpc17xx.o(.text)
    TIMER3_IRQHandler                        0x000001e7   Thumb Code     0  startup_lpc17xx.o(.text)
    USBActivity_IRQHandler                   0x000001e7   Thumb Code     0  startup_lpc17xx.o(.text)
    USB_IRQHandler                           0x000001e7   Thumb Code     0  startup_lpc17xx.o(.text)
    WDT_IRQHandler                           0x000001e7   Thumb Code     0  startup_lpc17xx.o(.text)
    EP_ERR_Flag                              0x2007c000   Data           1  drv_eeprom.o(.data)
    I2C_SDA_IO_SET                           0x0000043d   Thumb Code    30  drv_eeprom.o(.text)
    I2C_Eeprom_Init                          0x0000045b   Thumb Code    72  drv_eeprom.o(.text)
    EP_Delay_us                              0x000004a3   Thumb Code    40  drv_eeprom.o(.text)
    EP_Start                                 0x000004cb   Thumb Code    56  drv_eeprom.o(.text)
    EP_Stop                                  0x00000503   Thumb Code    88  drv_eeprom.o(.text)
    MCU_Read_ACK                             0x0000055b   Thumb Code    82  drv_eeprom.o(.text)
    MCU_Send_ACK                             0x000005ad   Thumb Code    76  drv_eeprom.o(.text)
    NO_ACK                                   0x000005f9   Thumb Code    76  drv_eeprom.o(.text)
    EP_WriteByte                             0x00000645   Thumb Code   128  drv_eeprom.o(.text)
    EP_ReadByte                              0x000006c5   Thumb Code   122  drv_eeprom.o(.text)
    I2C_EE_ByteWrite                         0x0000073f   Thumb Code   110  drv_eeprom.o(.text)
    I2C_EE_ByteRead                          0x000007ad   Thumb Code   138  drv_eeprom.o(.text)
    I2C_EE_PageWrite                         0x00000837   Thumb Code   150  drv_eeprom.o(.text)
    I2C_EE_BufferWrite                       0x000008cd   Thumb Code   340  drv_eeprom.o(.text)
    I2C_EE_BufferRead                        0x00000a21   Thumb Code   160  drv_eeprom.o(.text)
    Enc28j60Bank                             0x2007c002   Data           1  drv_enc28j60.o(.data)
    NextPacketPtr                            0x2007c004   Data           2  drv_enc28j60.o(.data)
    encWriteOp                               0x00000ac5   Thumb Code    36  drv_enc28j60.o(.text)
    encReadOp                                0x00000ae9   Thumb Code    48  drv_enc28j60.o(.text)
    encReadBuffer                            0x00000b19   Thumb Code    40  drv_enc28j60.o(.text)
    encWriteBuffer                           0x00000b41   Thumb Code    40  drv_enc28j60.o(.text)
    encSetBank                               0x00000b69   Thumb Code    48  drv_enc28j60.o(.text)
    encRead                                  0x00000b99   Thumb Code    20  drv_enc28j60.o(.text)
    encWrite                                 0x00000bad   Thumb Code    24  drv_enc28j60.o(.text)
    nicSetMacAddress                         0x00000bc5   Thumb Code    64  drv_enc28j60.o(.text)
    encPhyWrite                              0x00000c05   Thumb Code    64  drv_enc28j60.o(.text)
    encInit                                  0x00000c45   Thumb Code   240  drv_enc28j60.o(.text)
    get_ethernet                             0x00000d35   Thumb Code   262  drv_enc28j60.o(.text)
    put_ethernet                             0x00000e3b   Thumb Code   140  drv_enc28j60.o(.text)
    NetSPI_Disable                           0x00001837   Thumb Code    14  drv_spi.o(.text)
    NetSPI_Enable                            0x0000180b   Thumb Code    44  drv_spi.o(.text)
    SPI_Read1Byte                            0x0000177b   Thumb Code    28  drv_spi.o(.text)
    SPI_Send1Byte                            0x0000175f   Thumb Code    28  drv_spi.o(.text)
    SR_MAC                                   0x10000070   Data           6  app_network.o(.data)
    delay_ms                                 0x00005d9f   Thumb Code    36  mid_sysconfig.o(.text)
    FLASH_BUFFER                             0x2007c078   Data        4096  drv_flash.o(.bss)
    FLASH_SendByte                           0x00000ed5   Thumb Code    18  drv_flash.o(.text)
    FLASH_ReadByte                           0x00000ee7   Thumb Code    10  drv_flash.o(.text)
    FLASH_ReadID                             0x00000ef1   Thumb Code    78  drv_flash.o(.text)
    FLASH_Init                               0x00000f3f   Thumb Code    50  drv_flash.o(.text)
    FLASH_SendHalfWord                       0x00000f71   Thumb Code     6  drv_flash.o(.text)
    FLASH_WaitForWriteEnd                    0x00000f77   Thumb Code    34  drv_flash.o(.text)
    FLASH_WriteEnable                        0x00000f99   Thumb Code    22  drv_flash.o(.text)
    FLASH_WriteDisable                       0x00000faf   Thumb Code    22  drv_flash.o(.text)
    FLASH_ID_Check                           0x00000fc5   Thumb Code    26  drv_flash.o(.text)
    FLASH_SectorErase                        0x00000fdf   Thumb Code    50  drv_flash.o(.text)
    FLASH_BlockErase                         0x00001011   Thumb Code    50  drv_flash.o(.text)
    FLASH_ChipErase                          0x00001043   Thumb Code    22  drv_flash.o(.text)
    FLASH_PageWrite                          0x00001059   Thumb Code    74  drv_flash.o(.text)
    FLASH_BufferWrite                        0x000010a3   Thumb Code   286  drv_flash.o(.text)
    FLASH_BufferRead                         0x000011c1   Thumb Code    68  drv_flash.o(.text)
    FLASH_FastReadBuffer                     0x00001205   Thumb Code    74  drv_flash.o(.text)
    FLASH_AutoWriteBuffer                    0x0000124f   Thumb Code   196  drv_flash.o(.text)
    FlashSPI_Disable                         0x000017c3   Thumb Code    14  drv_spi.o(.text)
    FlashSPI_Enable                          0x00001797   Thumb Code    44  drv_spi.o(.text)
    Keyboard_Init                            0x00001319   Thumb Code    68  drv_keyboard.o(.text)
    Key_Scan                                 0x0000135d   Thumb Code   232  drv_keyboard.o(.text)
    Key_Get_KeyDown                          0x00001445   Thumb Code    52  drv_keyboard.o(.text)
    NumKeyToNumValue                         0x00001479   Thumb Code    70  drv_keyboard.o(.text)
    Buzzer                                   0x00005b8b   Thumb Code    22  mid_magically.o(.text)
    LED_Init                                 0x00000209   Thumb Code    36  drv_otherext.o(.text)
    Beep_Init                                0x0000022d   Thumb Code    36  drv_otherext.o(.text)
    ExtendFunction_Init                      0x00000251   Thumb Code    26  drv_otherext.o(.text)
    gbRTC_TimeUpdate                         0x10000004   Data           1  drv_rtc.o(.data)
    HexToBcd                                 0x000014d1   Thumb Code    26  drv_rtc.o(.text)
    BcdToHex                                 0x000014eb   Thumb Code    20  drv_rtc.o(.text)
    Chack_Date                               0x000014ff   Thumb Code   172  drv_rtc.o(.text)
    Chack_Time                               0x000015ab   Thumb Code    24  drv_rtc.o(.text)
    Calc_Weekday                             0x000015c3   Thumb Code    84  drv_rtc.o(.text)
    RTC_Init                                 0x00001617   Thumb Code    24  drv_rtc.o(.text)
    RTC_GetDateTime                          0x0000162f   Thumb Code    72  drv_rtc.o(.text)
    RTC_SetDateTime                          0x00001677   Thumb Code    64  drv_rtc.o(.text)
    RTC_RAM_READ                             0x000016b7   Thumb Code    12  drv_rtc.o(.text)
    RTC_RAM_WRITE                            0x000016c3   Thumb Code    22  drv_rtc.o(.text)
    SPI_Host_Init                            0x000016dd   Thumb Code   130  drv_spi.o(.text)
    FM1702SPI_Enable                         0x000017d1   Thumb Code    44  drv_spi.o(.text)
    FM1702SPI_Disable                        0x000017fd   Thumb Code    14  drv_spi.o(.text)
    ZiKuSPI_Enable                           0x00001845   Thumb Code    44  drv_spi.o(.text)
    ZiKuNetSPI_Disable                       0x00001871   Thumb Code    14  drv_spi.o(.text)
    gTimeCount                               0x10000008   Data           4  drv_timer.o(.data)
    Time0_Init                               0x00000275   Thumb Code    60  drv_timer.o(.text)
    TIMER0_IRQHandler                        0x000002b1   Thumb Code    42  drv_timer.o(.text)
    WDT_Init                                 0x0000188d   Thumb Code    28  drv_wdt.o(.text)
    WDT_Feed                                 0x000018a9   Thumb Code    12  drv_wdt.o(.text)
    DisplayBuf                               0x2007d078   Data         520  drv_lcd.o(.bss)
    matrix                                   0x00016452   Data       153600  drv_lcd.o(.constdata)
    jicun                                    0x0003bc52   Data       24640  drv_lcd.o(.constdata)
    jicun1                                   0x00041c92   Data       24640  drv_lcd.o(.constdata)
    jicun2                                   0x00047cd2   Data       24640  drv_lcd.o(.constdata)
    system                                   0x0004dd12   Data        4608  drv_lcd.o(.constdata)
    system01                                 0x0004ef12   Data        4608  drv_lcd.o(.constdata)
    system02                                 0x00050112   Data        4608  drv_lcd.o(.constdata)
    system03                                 0x00051312   Data        4608  drv_lcd.o(.constdata)
    system04                                 0x00052512   Data        4608  drv_lcd.o(.constdata)
    system05                                 0x00053712   Data        4608  drv_lcd.o(.constdata)
    BoxDoor                                  0x00054912   Data        4608  drv_lcd.o(.constdata)
    BoxDoor01                                0x00055b12   Data        4608  drv_lcd.o(.constdata)
    BoxDoor02                                0x00056d12   Data        4608  drv_lcd.o(.constdata)
    BoxDoor03                                0x00057f12   Data        4608  drv_lcd.o(.constdata)
    BoxDoor04                                0x00059112   Data        4608  drv_lcd.o(.constdata)
    BoxDoor05                                0x0005a312   Data        4608  drv_lcd.o(.constdata)
    manage                                   0x0005b512   Data        4608  drv_lcd.o(.constdata)
    manage01                                 0x0005c712   Data        4608  drv_lcd.o(.constdata)
    manage02                                 0x0005d912   Data        4608  drv_lcd.o(.constdata)
    manage03                                 0x0005eb12   Data        4608  drv_lcd.o(.constdata)
    manage04                                 0x0005fd12   Data        4608  drv_lcd.o(.constdata)
    manage05                                 0x00060f12   Data        4608  drv_lcd.o(.constdata)
    user                                     0x00062112   Data        4608  drv_lcd.o(.constdata)
    user01                                   0x00063312   Data        4608  drv_lcd.o(.constdata)
    user02                                   0x00064512   Data        4608  drv_lcd.o(.constdata)
    user03                                   0x00065712   Data        4608  drv_lcd.o(.constdata)
    user04                                   0x00066912   Data        4608  drv_lcd.o(.constdata)
    user05                                   0x00067b12   Data        4608  drv_lcd.o(.constdata)
    exit                                     0x00068d12   Data        4608  drv_lcd.o(.constdata)
    LCD_WR_REG                               0x000018b9   Thumb Code    78  drv_lcd.o(.text)
    LCD_WR_DATA                              0x00001907   Thumb Code    78  drv_lcd.o(.text)
    LCD_WriteReg                             0x00001955   Thumb Code    20  drv_lcd.o(.text)
    LCD_ReadReg                              0x00001969   Thumb Code   152  drv_lcd.o(.text)
    LCD_Init                                 0x00001a01   Thumb Code   748  drv_lcd.o(.text)
    ILI9486_EnterSleep_Code                  0x00001ced   Thumb Code    16  drv_lcd.o(.text)
    ILI9486_ExitSleep_Code                   0x00001cfd   Thumb Code    22  drv_lcd.o(.text)
    LCD_WriteRAM_Prepare                     0x00001d13   Thumb Code    10  drv_lcd.o(.text)
    LCD_WriteRAM                             0x00001d1d   Thumb Code    12  drv_lcd.o(.text)
    LCD_DisplayOn                            0x00001d29   Thumb Code    10  drv_lcd.o(.text)
    LCD_DisplayOff                           0x00001d33   Thumb Code    10  drv_lcd.o(.text)
    LCD_SetCursor                            0x00001d3d   Thumb Code    76  drv_lcd.o(.text)
    LCD_Clear                                0x00001d89   Thumb Code   114  drv_lcd.o(.text)
    LCD_Fill                                 0x00001dfb   Thumb Code   158  drv_lcd.o(.text)
    LCD_DrawPoint                            0x00001e99   Thumb Code    34  drv_lcd.o(.text)
    LCD_DrawLine                             0x00001ebb   Thumb Code   172  drv_lcd.o(.text)
    LCD_DrawRectangle                        0x00001f67   Thumb Code    74  drv_lcd.o(.text)
    Draw_Circle                              0x00001fb1   Thumb Code   198  drv_lcd.o(.text)
    SET_FontColor                            0x00002077   Thumb Code     2  drv_lcd.o(.text)
    SET_FontDistance                         0x00002079   Thumb Code     2  drv_lcd.o(.text)
    Get_HzMat                                0x0000207b   Thumb Code   410  drv_lcd.o(.text)
    Show_Font                                0x00002215   Thumb Code  2662  drv_lcd.o(.text)
    DisplayString                            0x00002c7b   Thumb Code   222  drv_lcd.o(.text)
    DisplayASCII                             0x00002d59   Thumb Code   908  drv_lcd.o(.text)
    PrtString                                0x000030e5   Thumb Code     8  drv_lcd.o(.text)
    PrtASCII                                 0x000030ed   Thumb Code     8  drv_lcd.o(.text)
    LCD_ShowFillPic                          0x000030f5   Thumb Code   164  drv_lcd.o(.text)
    LCD_ShowPartPic                          0x00003199   Thumb Code   346  drv_lcd.o(.text)
    LCD_ShowIcon                             0x000032f3   Thumb Code   820  drv_lcd.o(.text)
    ZiKu_GetChineseChar                      0x00007aed   Thumb Code    82  mid_ziku.o(.text)
    RS485DataBuf                             0x10000728   Data         512  drv_uart.o(.bss)
    FingerprintDataBuf                       0x10000928   Data         768  drv_uart.o(.bss)
    cRxdByte                                 0x1000000c   Data           1  drv_uart.o(.data)
    RS485DataCnt                             0x10000010   Data           4  drv_uart.o(.data)
    FingerprintDataCnt                       0x10000014   Data           4  drv_uart.o(.data)
    StoreFingerData                          0x00003645   Thumb Code    36  drv_uart.o(.text)
    Clean_RS485RxdBuf                        0x00003669   Thumb Code    14  drv_uart.o(.text)
    Store_Rs485Data                          0x00003677   Thumb Code    34  drv_uart.o(.text)
    RS485_Init                               0x00003699   Thumb Code    24  drv_uart.o(.text)
    UART0_Init                               0x000036b1   Thumb Code    88  drv_uart.o(.text)
    UART0_IRQHandler                         0x00003709   Thumb Code    20  drv_uart.o(.text)
    UART0_GetChar                            0x0000371d   Thumb Code    20  drv_uart.o(.text)
    UART0_SendByte                           0x00003731   Thumb Code    20  drv_uart.o(.text)
    UART0_SendNxByte                         0x00003745   Thumb Code    26  drv_uart.o(.text)
    UART0_SendStr                            0x0000375f   Thumb Code    22  drv_uart.o(.text)
    RS485_SendNxByte                         0x00003775   Thumb Code    40  drv_uart.o(.text)
    UART1_Init                               0x0000379d   Thumb Code    84  drv_uart.o(.text)
    UART1_SendByte                           0x000037f1   Thumb Code    20  drv_uart.o(.text)
    UART1_SendNxByte                         0x00003805   Thumb Code    26  drv_uart.o(.text)
    UART1_IRQHandler                         0x0000381f   Thumb Code    20  drv_uart.o(.text)
    UART2_Init                               0x00003833   Thumb Code    82  drv_uart.o(.text)
    UART2_IRQHandler                         0x00003885   Thumb Code    10  drv_uart.o(.text)
    UART2_SendByte                           0x0000388f   Thumb Code    20  drv_uart.o(.text)
    UART2_SendNxByte                         0x000038a3   Thumb Code    26  drv_uart.o(.text)
    UART3_Init                               0x000038bd   Thumb Code    84  drv_uart.o(.text)
    UART3_SendByte                           0x00003911   Thumb Code    20  drv_uart.o(.text)
    UART3_SendNxByte                         0x00003925   Thumb Code    26  drv_uart.o(.text)
    UART3_IRQHandler                         0x0000393f   Thumb Code    54  drv_uart.o(.text)
    Comm_Decoding                            0x000067c5   Thumb Code   692  mid_comm.o(.text)
    gstSysRunInfo                            0x10000c4c   Data         476  mid_sysconfig.o(.bss)
    SendDataToVoice                          0x000039c5   Thumb Code    16  drv_voice.o(.text)
    Voice_SendCmd                            0x000039d5   Thumb Code    44  drv_voice.o(.text)
    Voice_Init                               0x00003a01   Thumb Code    10  drv_voice.o(.text)
    Set_VoiceLevel                           0x00003a0b   Thumb Code    50  drv_voice.o(.text)
    Voice_Play                               0x00003a3d   Thumb Code    58  drv_voice.o(.text)
    Wait_VoiceModule_Free                    0x00003a77   Thumb Code    44  drv_voice.o(.text)
    HC_delay_us                              0x00003aa5   Thumb Code    48  drv_74hc16x.o(.text)
    Drv_74HC164_Init                         0x00003ad5   Thumb Code    66  drv_74hc16x.o(.text)
    Drv_74HC165_Init                         0x00003b17   Thumb Code   106  drv_74hc16x.o(.text)
    ManualOpen1Box                           0x00003b81   Thumb Code    78  drv_74hc16x.o(.text)
    CloseAllBox                              0x00003bcf   Thumb Code    64  drv_74hc16x.o(.text)
    OpenOneBox                               0x00003c0f   Thumb Code    90  drv_74hc16x.o(.text)
    GetBoxDoorStatus                         0x00003c69   Thumb Code   220  drv_74hc16x.o(.text)
    GetBoxInsideStatus                       0x00003d45   Thumb Code   220  drv_74hc16x.o(.text)
    g_Card_RevBuffer                         0x2007d280   Data          40  drv_rfm.o(.bss)
    g_Card_tagtype                           0x10000018   Data           2  drv_rfm.o(.data)
    g_Card_UID                               0x1000001a   Data           5  drv_rfm.o(.data)
    FM_Delay_us                              0x00003e29   Thumb Code    40  drv_rfm.o(.text)
    FM_Delay_ms                              0x00003e51   Thumb Code    12  drv_rfm.o(.text)
    FM_SPI_TxdByte                           0x00003e5d   Thumb Code    12  drv_rfm.o(.text)
    FM_SPI_RxdByte                           0x00003e69   Thumb Code    12  drv_rfm.o(.text)
    FM_Read_Reg                              0x00003e75   Thumb Code    46  drv_rfm.o(.text)
    FM_Write_Reg                             0x00003ea3   Thumb Code    44  drv_rfm.o(.text)
    FM1702SL_Config                          0x00003ecf   Thumb Code   120  drv_rfm.o(.text)
    RF_Init                                  0x00003f47   Thumb Code   118  drv_rfm.o(.text)
    Clear_FIFO                               0x00003fbd   Thumb Code    50  drv_rfm.o(.text)
    Write_FIFO                               0x00003fef   Thumb Code    26  drv_rfm.o(.text)
    Read_FIFO                                0x00004009   Thumb Code    52  drv_rfm.o(.text)
    Judge_Req                                0x0000403d   Thumb Code    40  drv_rfm.o(.text)
    Command_Send                             0x00004065   Thumb Code    82  drv_rfm.o(.text)
    MIF_Request                              0x000040b7   Thumb Code   102  drv_rfm.o(.text)
    Check_UID                                0x0000411d   Thumb Code    30  drv_rfm.o(.text)
    Save_UID                                 0x0000413b   Thumb Code   190  drv_rfm.o(.text)
    Set_BitFraming                           0x000041f9   Thumb Code   250  drv_rfm.o(.text)
    MIF_AntiColl                             0x000042f3   Thumb Code   252  drv_rfm.o(.text)
    MIF_Select                               0x000043ef   Thumb Code   150  drv_rfm.o(.text)
    MIF_ChgAvailableKey                      0x00004485   Thumb Code    62  drv_rfm.o(.text)
    MIF_Load_Key                             0x000044c3   Thumb Code    64  drv_rfm.o(.text)
    MIF_Authentication                       0x00004503   Thumb Code   254  drv_rfm.o(.text)
    MIF_Read                                 0x00004601   Thumb Code   146  drv_rfm.o(.text)
    MIF_Write                                0x00004693   Thumb Code   210  drv_rfm.o(.text)
    MIF_Halt                                 0x00004765   Thumb Code    90  drv_rfm.o(.text)
    MIF_Increment                            0x000047bf   Thumb Code   152  drv_rfm.o(.text)
    MIF_Decrement                            0x00004857   Thumb Code   152  drv_rfm.o(.text)
    MIF_Restore                              0x000048ef   Thumb Code   166  drv_rfm.o(.text)
    MIF_Transfer                             0x00004995   Thumb Code   126  drv_rfm.o(.text)
    RF_ActiveCard                            0x00004a13   Thumb Code   100  drv_rfm.o(.text)
    RF_Find_Card                             0x00004a77   Thumb Code    36  drv_rfm.o(.text)
    RF_Read_CardUID                          0x00004a9b   Thumb Code    54  drv_rfm.o(.text)
    RF_GetCardUID                            0x00004ad1   Thumb Code    52  drv_rfm.o(.text)
    RF_ReadCard_1Block                       0x00004b05   Thumb Code   152  drv_rfm.o(.text)
    RF_WriteCard_1Block                      0x00004b9d   Thumb Code   146  drv_rfm.o(.text)
    RF_ReadCard                              0x00004c2f   Thumb Code   182  drv_rfm.o(.text)
    RF_WriteCard                             0x00004ce5   Thumb Code   184  drv_rfm.o(.text)
    RF_BlockValueIncrement                   0x00004d9d   Thumb Code   100  drv_rfm.o(.text)
    RF_BlockValueDecrement                   0x00004e01   Thumb Code   100  drv_rfm.o(.text)
    RF_BlockRestore                          0x00004e65   Thumb Code    88  drv_rfm.o(.text)
    gstWG                                    0x10000c28   Data          36  drv_wiegand.o(.bss)
    Wiegand_Init                             0x00004ec1   Thumb Code    84  drv_wiegand.o(.text)
    L_MOVE                                   0x00004f15   Thumb Code    92  drv_wiegand.o(.text)
    R_MOVE                                   0x00004f71   Thumb Code    94  drv_wiegand.o(.text)
    ID_REQUEST                               0x00004fcf   Thumb Code   840  drv_wiegand.o(.text)
    EINT3_IRQHandler                         0x00005317   Thumb Code    50  drv_wiegand.o(.text)
    Wiegand_ReardCardID                      0x00005349   Thumb Code    34  drv_wiegand.o(.text)
    UInt_To_Ascii                            0x00005375   Thumb Code    70  lib_public.o(.text)
    AsciiStr_To_UInt                         0x000053bb   Thumb Code   138  lib_public.o(.text)
    Bcd_To_Hex                               0x00005445   Thumb Code    38  lib_public.o(.text)
    Hex_To_Bcd                               0x0000546b   Thumb Code    48  lib_public.o(.text)
    Hex_To_Ascii                             0x0000549b   Thumb Code    80  lib_public.o(.text)
    Ascii_To_Hex                             0x000054eb   Thumb Code   148  lib_public.o(.text)
    Bcd_To_Ascii                             0x0000557f   Thumb Code    52  lib_public.o(.text)
    Find_CharAddr                            0x000055b3   Thumb Code    32  lib_public.o(.text)
    Str_Sample                               0x000055d3   Thumb Code   124  lib_public.o(.text)
    IPinfo_Valid                             0x0000564f   Thumb Code     6  lib_public.o(.text)
    IPinfo_Ascii2Hex                         0x00005655   Thumb Code   154  lib_public.o(.text)
    IPinfo_Hex2Ascii                         0x000056ef   Thumb Code   192  lib_public.o(.text)
    U32ArraySort                             0x000057af   Thumb Code    70  lib_public.o(.text)
    TimerPool                                0x2007d2a8   Data         192  mid_systick.o(.bss)
    TimerFreeList                            0x2007c00c   Data           4  mid_systick.o(.data)
    TimerList                                0x2007c010   Data           4  mid_systick.o(.data)
    SysTick_CounterCmd                       0x000057f5   Thumb Code    54  mid_systick.o(.text)
    SysTick_Init                             0x0000582b   Thumb Code   104  mid_systick.o(.text)
    SysTick_Enable                           0x00005893   Thumb Code    14  mid_systick.o(.text)
    SysTick_Disable                          0x000058a1   Thumb Code    22  mid_systick.o(.text)
    SysTick_Stop                             0x000058b7   Thumb Code    16  mid_systick.o(.text)
    TimerDelete                              0x000058c7   Thumb Code    82  mid_systick.o(.text)
    TimerCallback                            0x00005919   Thumb Code    56  mid_systick.o(.text)
    SysTick_Handler                          0x00005951   Thumb Code     8  mid_systick.o(.text)
    SysTimerInit                             0x00005959   Thumb Code    52  mid_systick.o(.text)
    TimerCreate                              0x0000598d   Thumb Code    80  mid_systick.o(.text)
    TimerSet                                 0x000059dd   Thumb Code    42  mid_systick.o(.text)
    pTimer_LedBlink                          0x10000020   Data           4  mid_magically.o(.data)
    pTimer_Beep                              0x10000024   Data           4  mid_magically.o(.data)
    pTimer_ReadRTC                           0x10000028   Data           4  mid_magically.o(.data)
    pTimer_OpenBox                           0x1000002c   Data           4  mid_magically.o(.data)
    BeepFlag                                 0x10000030   Data           1  mid_magically.o(.data)
    BeepState                                0x10000031   Data           1  mid_magically.o(.data)
    OnTick                                   0x10000034   Data           4  mid_magically.o(.data)
    iOnTick                                  0x10000038   Data           4  mid_magically.o(.data)
    OffTick                                  0x1000003c   Data           4  mid_magically.o(.data)
    iOffTick                                 0x10000040   Data           4  mid_magically.o(.data)
    Retries                                  0x10000044   Data           4  mid_magically.o(.data)
    SetLedBlink                              0x00005a25   Thumb Code    36  mid_magically.o(.text)
    SignalLedBlink                           0x00005a49   Thumb Code    98  mid_magically.o(.text)
    Beep                                     0x00005aab   Thumb Code    88  mid_magically.o(.text)
    BeepCallback                             0x00005b03   Thumb Code   136  mid_magically.o(.text)
    Tick_ReadRTC                             0x00005ba1   Thumb Code     8  mid_magically.o(.text)
    CheckRegistrationCode                    0x00005ba9   Thumb Code   266  mid_magically.o(.text)
    Store_Parameters                         0x00005f83   Thumb Code    46  mid_sysconfig.o(.text)
    SysConfig                                0x10000e28   Data        4500  mid_sysconfig.o(.bss)
    SuperPassword                            0x00069f12   Data           8  mid_sysconfig.o(.constdata)
    SeniorPassword                           0x00069f1a   Data           8  mid_sysconfig.o(.constdata)
    UserPassword                             0x00069f22   Data           8  mid_sysconfig.o(.constdata)
    pTimer_DelayTick                         0x1000004c   Data           4  mid_sysconfig.o(.data)
    pTimer_TimeCount                         0x10000050   Data           4  mid_sysconfig.o(.data)
    pTimer_GetRTC                            0x10000054   Data           4  mid_sysconfig.o(.data)
    GPIO_ConfigInit                          0x00005cf1   Thumb Code    22  mid_sysconfig.o(.text)
    Get_MCU_ID                               0x00005d07   Thumb Code    78  mid_sysconfig.o(.text)
    Calc_CRC                                 0x00005d55   Thumb Code    26  mid_sysconfig.o(.text)
    delay_us                                 0x00005d6f   Thumb Code    48  mid_sysconfig.o(.text)
    TimingDelay_Decrement                    0x00005dc3   Thumb Code    18  mid_sysconfig.o(.text)
    TimeCount                                0x00005dd5   Thumb Code    12  mid_sysconfig.o(.text)
    CheckSysValidityDate                     0x00005de1   Thumb Code   158  mid_sysconfig.o(.text)
    GetRTCTime                               0x00005e7f   Thumb Code   260  mid_sysconfig.o(.text)
    Write_Parameters                         0x00005fb1   Thumb Code    22  mid_sysconfig.o(.text)
    Read_Parameters                          0x00005fc7   Thumb Code    22  mid_sysconfig.o(.text)
    Init_HardwareArg                         0x00005fdd   Thumb Code    66  mid_sysconfig.o(.text)
    Init_NetworkArg                          0x0000601f   Thumb Code   162  mid_sysconfig.o(.text)
    Init_LockersArg                          0x000060c1   Thumb Code   334  mid_sysconfig.o(.text)
    Init_CardKey                             0x0000620f   Thumb Code    70  mid_sysconfig.o(.text)
    SysConfig_Init                           0x00006255   Thumb Code   208  mid_sysconfig.o(.text)
    Chcek_HardwareArg                        0x00006325   Thumb Code    16  mid_sysconfig.o(.text)
    Chcek_NetworkArg                         0x00006335   Thumb Code    40  mid_sysconfig.o(.text)
    Chcek_LockersArg                         0x0000635d   Thumb Code    16  mid_sysconfig.o(.text)
    Get_HardwareArg                          0x0000636d   Thumb Code   194  mid_sysconfig.o(.text)
    Get_NetworkArg                           0x0000642f   Thumb Code   246  mid_sysconfig.o(.text)
    Get_LockersArg                           0x00006525   Thumb Code   240  mid_sysconfig.o(.text)
    Get_CardKey                              0x00006615   Thumb Code    30  mid_sysconfig.o(.text)
    Get_ClientInfo                           0x00006633   Thumb Code    82  mid_sysconfig.o(.text)
    Get_RecordPoint                          0x00006685   Thumb Code    36  mid_sysconfig.o(.text)
    ReadSysConfig                            0x000066a9   Thumb Code   174  mid_sysconfig.o(.text)
    CreateSysMAC                             0x0000b289   Thumb Code    74  app_network.o(.text)
    GUI_ShowNotice                           0x0000c729   Thumb Code   642  app_gui.o(.text)
    START_MESSAGE                            0x00069f2a   Data          64  app_main.o(.constdata)
    gstCmdPacket                             0x10001fbc   Data        1036  mid_comm.o(.bss)
    stCmdSlavePacket                         0x100023c8   Data         136  mid_comm.o(.bss)
    Rxd_Decoding                             0x2007c014   Data           8  mid_comm.o(.data)
    TD_Comm                                  0x2007c01c   Data           4  mid_comm.o(.data)
    CmdData_Encrypt                          0x000067a5   Thumb Code    16  mid_comm.o(.text)
    CmdData_Decoding                         0x000067b5   Thumb Code    16  mid_comm.o(.text)
    Comm_PacketValidityCheck                 0x00006a79   Thumb Code   134  mid_comm.o(.text)
    Comm_PacketDeal                          0x00006aff   Thumb Code    96  mid_comm.o(.text)
    CommDeal_Reply                           0x00006b5f   Thumb Code   400  mid_comm.o(.text)
    Comm_ApplyFor                            0x00006cef   Thumb Code   236  mid_comm.o(.text)
    SendCmdToExtendLockers                   0x00006ddb   Thumb Code   246  mid_comm.o(.text)
    SlavePacketDecoding                      0x00006ed1   Thumb Code   194  mid_comm.o(.text)
    UdpClient_SendData                       0x0000b2fb   Thumb Code    32  app_network.o(.text)
    UdpServer_SendData                       0x0000b31b   Thumb Code    28  app_network.o(.text)
    CheckBoxOnLockersNum                     0x00006fa9   Thumb Code   134  mid_lockers.o(.text)
    CheckEmptyBoxNum                         0x0000702f   Thumb Code    72  mid_lockers.o(.text)
    ParseBoxDoorStatus                       0x00007077   Thumb Code   212  mid_lockers.o(.text)
    ParseBoxInsideStatus                     0x0000714b   Thumb Code   216  mid_lockers.o(.text)
    ScanLocalBoxStatus                       0x00007223   Thumb Code   108  mid_lockers.o(.text)
    ScanExtendBoxStatus                      0x0000728f   Thumb Code   644  mid_lockers.o(.text)
    ScanAllBoxStatus                         0x00007513   Thumb Code    22  mid_lockers.o(.text)
    Choice1BoxOpen                           0x00007529   Thumb Code   102  mid_lockers.o(.text)
    Choice1BoxOpen_CheckResult               0x0000758f   Thumb Code   318  mid_lockers.o(.text)
    SelectOneBoxToOpen                       0x000076cd   Thumb Code    42  mid_lockers.o(.text)
    HandleTimeoutAlert                       0x000076f7   Thumb Code   244  mid_lockers.o(.text)
    UpdateEmptyBoxList                       0x000077eb   Thumb Code   104  mid_lockers.o(.text)
    AddOneEmptyBox                           0x00007853   Thumb Code    80  mid_lockers.o(.text)
    DeleteOneEmptyBox                        0x000078a3   Thumb Code    88  mid_lockers.o(.text)
    CheckBoxStatusChange                     0x000078fb   Thumb Code    82  mid_lockers.o(.text)
    CheckValidityDate                        0x0000794d   Thumb Code   108  mid_lockers.o(.text)
    VoicePlay_DoorNotClose                   0x000079b9   Thumb Code   144  mid_lockers.o(.text)
    VoicePlay_xBoxOpen                       0x00007a49   Thumb Code   144  mid_lockers.o(.text)
    GUI_Admin                                0x0000c9ab   Thumb Code    82  app_gui.o(.text)
    GUI_LockersNotice                        0x0000dd3b   Thumb Code   912  app_gui.o(.text)
    gstKeyboard                              0x2007e8cc   Data          72  app_keyui.o(.bss)
    __ARM_use_no_argv                        0x00000000   Number         0  app_main.o ABSOLUTE
    ProgramVer_Tab                           0x00069f6a   Data          12  app_main.o(.constdata)
    Firmware_Tab                             0x00069f76   Data          13  app_main.o(.constdata)
    Variable_Init                            0x00007b41   Thumb Code    32  app_main.o(.text)
    System_Init                              0x00007b61   Thumb Code   234  app_main.o(.text)
    main                                     0x00007c4b   Thumb Code   178  app_main.o(.text)
    CardOperation                            0x0000ab77   Thumb Code    46  app_card.o(.text)
    DepositKeyDown                           0x00012d01   Thumb Code    62  app_keyui.o(.text)
    Fingerprint_Init                         0x000152ad   Thumb Code    26  app_fingerprint.o(.text)
    GUI_WorkStatus                           0x0000cb65   Thumb Code    20  app_gui.o(.text)
    KeyboardFunction                         0x00012b69   Thumb Code   408  app_keyui.o(.text)
    Lockers_TakeAwayByFinger                 0x00014e0b   Thumb Code  1160  app_lockers.o(.text)
    Network_Init                             0x0000b2d3   Thumb Code    40  app_network.o(.text)
    Thread_CommHandle                        0x00009175   Thumb Code   200  app_comdeal.o(.text)
    Thread_UDP                               0x0000b337   Thumb Code    62  app_network.o(.text)
    Comm_Get_Version                         0x00007d35   Thumb Code    50  app_comdeal.o(.text)
    Comm_RestSys                             0x00007d67   Thumb Code   112  app_comdeal.o(.text)
    Comm_Set_MachineNum                      0x00007dd7   Thumb Code   128  app_comdeal.o(.text)
    Comm_Get_MachineNum                      0x00007e57   Thumb Code    44  app_comdeal.o(.text)
    Comm_Get_Time                            0x00007e83   Thumb Code    44  app_comdeal.o(.text)
    Comm_Set_Time                            0x00007eaf   Thumb Code   284  app_comdeal.o(.text)
    Comm_SysInit                             0x00007fcb   Thumb Code    36  app_comdeal.o(.text)
    Comm_Set_NetworkSwitch                   0x00007fef   Thumb Code    74  app_comdeal.o(.text)
    Comm_RingBuzzer                          0x00008039   Thumb Code    54  app_comdeal.o(.text)
    Comm_EepromRead                          0x0000806f   Thumb Code   104  app_comdeal.o(.text)
    Comm_EepromWrite                         0x000080d7   Thumb Code   134  app_comdeal.o(.text)
    Comm_Set_IP                              0x0000815d   Thumb Code   170  app_comdeal.o(.text)
    Comm_Get_IP                              0x00008207   Thumb Code    84  app_comdeal.o(.text)
    Comm_Set_ServerIP                        0x0000825b   Thumb Code    78  app_comdeal.o(.text)
    Comm_Get_ServerIP                        0x000082a9   Thumb Code    48  app_comdeal.o(.text)
    Comm_FindCard                            0x000082d9   Thumb Code    50  app_comdeal.o(.text)
    Comm_Set_CardKey                         0x0000830b   Thumb Code   118  app_comdeal.o(.text)
    Comm_Get_CardKey                         0x00008381   Thumb Code    52  app_comdeal.o(.text)
    Comm_PlayVoice                           0x000083b5   Thumb Code    62  app_comdeal.o(.text)
    Comm_SetVoiceLevel                       0x000083f3   Thumb Code    76  app_comdeal.o(.text)
    Comm_VoiceCmdTest                        0x0000843f   Thumb Code    50  app_comdeal.o(.text)
    Comm_Set_Lockers                         0x00008471   Thumb Code   218  app_comdeal.o(.text)
    Comm_SetBoxNum                           0x0000854b   Thumb Code   172  app_comdeal.o(.text)
    Comm_OpenOneBox                          0x000085f7   Thumb Code   122  app_comdeal.o(.text)
    Comm_Get_BoxDoorStatus                   0x00008671   Thumb Code    92  app_comdeal.o(.text)
    Comm_CheckBoxEmpty                       0x000086cd   Thumb Code    96  app_comdeal.o(.text)
    Comm_SetBoxInfo                          0x0000872d   Thumb Code   186  app_comdeal.o(.text)
    Comm_GetBoxInfo                          0x000087e7   Thumb Code    80  app_comdeal.o(.text)
    Comm_Set_ValidCardList                   0x00008837   Thumb Code   112  app_comdeal.o(.text)
    Comm_Get_ValidCardList                   0x000088a7   Thumb Code   138  app_comdeal.o(.text)
    Comm_Set_BoxUserCard                     0x00008931   Thumb Code   242  app_comdeal.o(.text)
    Comm_Get_BoxUserCard                     0x00008a23   Thumb Code   152  app_comdeal.o(.text)
    Comm_Get_AllBoxUserCard                  0x00008abb   Thumb Code   148  app_comdeal.o(.text)
    Comm_LockNxBox                           0x00008b4f   Thumb Code   174  app_comdeal.o(.text)
    Comm_UnlockNxBox                         0x00008bfd   Thumb Code   174  app_comdeal.o(.text)
    Comm_Get_RecordPoint                     0x00008cab   Thumb Code   158  app_comdeal.o(.text)
    Comm_Get_Record                          0x00008d49   Thumb Code   316  app_comdeal.o(.text)
    Comm_Get_RecordAgain                     0x00008e85   Thumb Code   124  app_comdeal.o(.text)
    Comm_Clr_AllRecord                       0x00008f01   Thumb Code    48  app_comdeal.o(.text)
    Comm_Handle                              0x00008f31   Thumb Code   580  app_comdeal.o(.text)
    Clear_Record                             0x00009347   Thumb Code    80  app_record.o(.text)
    ReadOneRecord_ToArrayBuf                 0x000093c5   Thumb Code   120  app_record.o(.text)
    ServerReply_CommHandle                   0x00012e19   Thumb Code    38  app_lockers.o(.text)
    StoreOpenBoxRecord                       0x00009249   Thumb Code   254  app_record.o(.text)
    stRecord                                 0x10002450   Data          32  app_record.o(.bss)
    ReadOneRecord                            0x00009397   Thumb Code    46  app_record.o(.text)
    QueryBoxRecord                           0x0000943d   Thumb Code   138  app_record.o(.text)
    StoreRecord_OpenBoxByCard                0x000094c7   Thumb Code    60  app_record.o(.text)
    StoreRecord_OpenBoxByFinger              0x00009503   Thumb Code    54  app_record.o(.text)
    CardData                                 0x10002470   Data          50  app_card.o(.bss)
    stUserCard                               0x100024a4   Data          52  app_card.o(.bss)
    Get_IC_ID_CardSN                         0x00009551   Thumb Code    22  app_card.o(.text)
    CheckCardValid                           0x00009567   Thumb Code    58  app_card.o(.text)
    AddOneValidCardNum                       0x000095a1   Thumb Code   132  app_card.o(.text)
    AdminCard_Login                          0x00009625   Thumb Code    32  app_card.o(.text)
    SuperCard_SetAdmin                       0x00009645   Thumb Code   270  app_card.o(.text)
    ArgCardOperation                         0x00009753   Thumb Code  1046  app_card.o(.text)
    UserTakesByCardID                        0x00009b69   Thumb Code  1152  app_card.o(.text)
    UserTakesWriteCard                       0x00009fe9   Thumb Code  1494  app_card.o(.text)
    UserTakes_OnlineAsk                      0x0000a5bf   Thumb Code  1464  app_card.o(.text)
    Admin_Login                              0x000124b3   Thumb Code   508  app_keyui.o(.text)
    GUI_LockersParameters                    0x0000e485   Thumb Code   164  app_gui.o(.text)
    GUI_NetParameters                        0x0000e529   Thumb Code   220  app_gui.o(.text)
    GUI_Open1Box                             0x0000bcf5   Thumb Code   180  app_gui.o(.text)
    GUI_PackageInOtherLockers                0x0000e3fd   Thumb Code   136  app_gui.o(.text)
    GUI_ShowMessage                          0x0000b849   Thumb Code   100  app_gui.o(.text)
    GUI_UserTakeAwwyFail                     0x0000e199   Thumb Code   104  app_gui.o(.text)
    UserTakeAway_OnlineAsk                   0x00012d7f   Thumb Code    46  app_lockers.o(.text)
    stOnlineAsk                              0x10002528   Data          44  app_lockers.o(.bss)
    efp                                      0x2007d42a   Data        1024  app_network.o(.bss)
    DLen                                     0x1000006e   Data           2  app_network.o(.data)
    S_IP                                     0x10000076   Data           4  app_network.o(.data)
    S_MASK                                   0x1000007a   Data           4  app_network.o(.data)
    S_gate                                   0x1000007e   Data           4  app_network.o(.data)
    S_PORT                                   0x10000082   Data           2  app_network.o(.data)
    DE_MAC                                   0x10000084   Data           6  app_network.o(.data)
    D_IP                                     0x1000008a   Data           4  app_network.o(.data)
    D_mask                                   0x1000008e   Data           4  app_network.o(.data)
    D_gate                                   0x10000092   Data           4  app_network.o(.data)
    D_port                                   0x10000096   Data           2  app_network.o(.data)
    LOC_MAC                                  0x10000098   Data           6  app_network.o(.data)
    LOC_IP                                   0x1000009e   Data           4  app_network.o(.data)
    LOC_MASK                                 0x100000a2   Data           4  app_network.o(.data)
    LOC_gate                                 0x100000a6   Data           4  app_network.o(.data)
    LOC_PORT                                 0x100000aa   Data           2  app_network.o(.data)
    Dest_MAC                                 0x100000ac   Data           6  app_network.o(.data)
    Dest_IP                                  0x100000b2   Data           4  app_network.o(.data)
    Dest_MASK                                0x100000b6   Data           4  app_network.o(.data)
    Dest_gate                                0x100000ba   Data           4  app_network.o(.data)
    Dest_PORT                                0x100000be   Data           2  app_network.o(.data)
    csum                                     0x0000abb9   Thumb Code    78  app_network.o(.text)
    check_udp                                0x0000ac07   Thumb Code    68  app_network.o(.text)
    is_arp                                   0x0000ac4b   Thumb Code    70  app_network.o(.text)
    is_ip                                    0x0000ac91   Thumb Code   210  app_network.o(.text)
    is_icmp                                  0x0000ad63   Thumb Code    58  app_network.o(.text)
    is_udp                                   0x0000ad9d   Thumb Code    76  app_network.o(.text)
    getip_srce                               0x0000ade9   Thumb Code    30  app_network.o(.text)
    getip_locdest                            0x0000ae07   Thumb Code    46  app_network.o(.text)
    getudp_srce                              0x0000ae35   Thumb Code    18  app_network.o(.text)
    getudp_locdest                           0x0000ae47   Thumb Code    18  app_network.o(.text)
    make_frame                               0x0000ae59   Thumb Code    46  app_network.o(.text)
    make_ip                                  0x0000ae87   Thumb Code   122  app_network.o(.text)
    make_icmp                                0x0000af01   Thumb Code    66  app_network.o(.text)
    make_udp                                 0x0000af43   Thumb Code   124  app_network.o(.text)
    make_arp                                 0x0000afbf   Thumb Code   158  app_network.o(.text)
    udp_transmit                             0x0000b05d   Thumb Code    18  app_network.o(.text)
    udp_receive                              0x0000b06f   Thumb Code    56  app_network.o(.text)
    do_net_process                           0x0000b0a7   Thumb Code   182  app_network.o(.text)
    ReadNetAddrInfo                          0x0000b15d   Thumb Code   124  app_network.o(.text)
    AutoSave_ServerAddr                      0x0000b1d9   Thumb Code   122  app_network.o(.text)
    AutoSave_ServerMAC                       0x0000b253   Thumb Code    54  app_network.o(.text)
    LCM_Unit_UI                              0x2007d82c   Data        4140  app_gui.o(.bss)
    cStr_Message                             0x2007e858   Data         100  app_gui.o(.bss)
    MenuIconBuf                              0x2007e8bc   Data          15  app_gui.o(.bss)
    pStr_Company                             0x100000c0   Data           4  app_gui.o(.data)
    pStr_Phone                               0x100000c4   Data           4  app_gui.o(.data)
    pStr_SysVersion                          0x100000c8   Data           4  app_gui.o(.data)
    pStr_SetOK                               0x100000cc   Data           4  app_gui.o(.data)
    pStr_SetFailed                           0x100000d0   Data           4  app_gui.o(.data)
    pStr_PasswordError                       0x100000d4   Data           4  app_gui.o(.data)
    pStr_AskSysInit                          0x100000d8   Data           4  app_gui.o(.data)
    pStr_SysInitWait                         0x100000dc   Data           4  app_gui.o(.data)
    pStr_SysInitOK                           0x100000e0   Data           4  app_gui.o(.data)
    pStr_BoxIdErr                            0x100000e4   Data           4  app_gui.o(.data)
    pStr_PlsWait                             0x100000e8   Data           4  app_gui.o(.data)
    pStr_AskClrCard                          0x100000ec   Data           4  app_gui.o(.data)
    pStr_ClrCardOk                           0x100000f0   Data           4  app_gui.o(.data)
    pStr_AskClrBox                           0x100000f4   Data           4  app_gui.o(.data)
    pStr_AskClrAllBox                        0x100000f8   Data           4  app_gui.o(.data)
    pStr_OpeningBox                          0x100000fc   Data           4  app_gui.o(.data)
    pStr_LockingBoxOk                        0x10000100   Data           4  app_gui.o(.data)
    pStr_UnlockingBoxOk                      0x10000104   Data           4  app_gui.o(.data)
    pStr_OperationTip                        0x10000108   Data           4  app_gui.o(.data)
    pStr_Exit                                0x1000010c   Data           4  app_gui.o(.data)
    pStr_InputType                           0x10000110   Data           4  app_gui.o(.data)
    pStr_PlsInput                            0x10000114   Data           4  app_gui.o(.data)
    pStr_PlsInputPsw                         0x10000118   Data           4  app_gui.o(.data)
    pStr_PlsEnterPwd                         0x1000011c   Data           4  app_gui.o(.data)
    pStr_PlsInputBoxNum                      0x10000120   Data           4  app_gui.o(.data)
    pStr_PlsInputBoxID                       0x10000124   Data           4  app_gui.o(.data)
    pStr_Notice255IsAll                      0x10000128   Data           4  app_gui.o(.data)
    pStr_PlsInputMachineNum                  0x1000012c   Data           4  app_gui.o(.data)
    pStr_Old                                 0x10000130   Data           4  app_gui.o(.data)
    pStr_New                                 0x10000134   Data           4  app_gui.o(.data)
    pStr_PlsEnterName                        0x10000138   Data           4  app_gui.o(.data)
    pStr_PlsEnterIdCode                      0x1000013c   Data           4  app_gui.o(.data)
    pStr_PlsCard                             0x10000140   Data           4  app_gui.o(.data)
    pStr_PlsCardAgain                        0x10000144   Data           4  app_gui.o(.data)
    pStr_PlsEnterValidity                    0x10000148   Data           4  app_gui.o(.data)
    pStr_PlsChoiceType                       0x1000014c   Data           4  app_gui.o(.data)
    pStr_WithoutBoxBeLock                    0x10000150   Data           4  app_gui.o(.data)
    pStr_QueryLockBox                        0x10000154   Data           4  app_gui.o(.data)
    pStr_QueryBoxStatus                      0x10000158   Data           4  app_gui.o(.data)
    pStr_QueryPrompt                         0x1000015c   Data           4  app_gui.o(.data)
    pStr_BoxStatus                           0x10000160   Data          16  app_gui.o(.data)
    pStr_NxBox                               0x10000170   Data           4  app_gui.o(.data)
    pStr_Open1Box                            0x10000174   Data           4  app_gui.o(.data)
    pStr_PlsCloseBox                         0x10000178   Data           4  app_gui.o(.data)
    pStr_StopOpenBox                         0x1000017c   Data           4  app_gui.o(.data)
    pStr_AskOpenAllBox                       0x10000180   Data           4  app_gui.o(.data)
    pStr_ClrBoxNotice                        0x10000184   Data           4  app_gui.o(.data)
    pStr_Locking1Box                         0x10000188   Data           4  app_gui.o(.data)
    pStr_LockinAllBox                        0x1000018c   Data           4  app_gui.o(.data)
    pStr_Unlocking1Box                       0x10000190   Data           4  app_gui.o(.data)
    pStr_UnlockingAllBox                     0x10000194   Data           4  app_gui.o(.data)
    pStr_BoxBeLocked                         0x10000198   Data           4  app_gui.o(.data)
    pStr_NowEmptyBoxNum                      0x1000019c   Data           4  app_gui.o(.data)
    pStr_SysError                            0x100001a0   Data           4  app_gui.o(.data)
    pStr_AdminCard                           0x100001a4   Data           4  app_gui.o(.data)
    pStr_CardNotConsign                      0x100001a8   Data           4  app_gui.o(.data)
    pStr_CardNotRegister                     0x100001ac   Data           4  app_gui.o(.data)
    pStr_NotExtractTime                      0x100001b0   Data           4  app_gui.o(.data)
    pStr_OpenBoxFaild                        0x100001b4   Data           4  app_gui.o(.data)
    pStr_xBoxOpenFail                        0x100001b8   Data           4  app_gui.o(.data)
    pStr_PlsCallAdmin                        0x100001bc   Data           4  app_gui.o(.data)
    pStr_LockersIsFull                       0x100001c0   Data           4  app_gui.o(.data)
    pStr_IdPosition                          0x100001c4   Data           4  app_gui.o(.data)
    pStr_xLockers                            0x100001c8   Data           4  app_gui.o(.data)
    pStr_ThisLockers                         0x100001cc   Data           4  app_gui.o(.data)
    pStr_OnOtherLockers                      0x100001d0   Data           4  app_gui.o(.data)
    pStr_xBox                                0x100001d4   Data           4  app_gui.o(.data)
    pStr_PlsCardToPickUp                     0x100001d8   Data           4  app_gui.o(.data)
    pStr_xBoxNotClose                        0x100001dc   Data           4  app_gui.o(.data)
    pStr_PlsCloseThisBox                     0x100001e0   Data           4  app_gui.o(.data)
    pStr_PlsConsignAgain                     0x100001e4   Data           4  app_gui.o(.data)
    pStr_Overdue                             0x100001e8   Data           4  app_gui.o(.data)
    pStr_NonSysCard                          0x100001ec   Data           4  app_gui.o(.data)
    pStr_LimitOfUse                          0x100001f0   Data           4  app_gui.o(.data)
    pStr_PlsGotoOtherLockers                 0x100001f4   Data           4  app_gui.o(.data)
    pStr_WriteCardFaild                      0x100001f8   Data           4  app_gui.o(.data)
    pStr_ConsignError                        0x100001fc   Data           4  app_gui.o(.data)
    pStr_RestoreCard                         0x10000200   Data           4  app_gui.o(.data)
    pStr_PlsCloseBoxDoor                     0x10000204   Data           4  app_gui.o(.data)
    pStr_PlsFingerOrCard                     0x10000208   Data           4  app_gui.o(.data)
    pStr_WaitTimeout                         0x1000020c   Data           4  app_gui.o(.data)
    pStr_NoDeposit                           0x10000210   Data           4  app_gui.o(.data)
    pStr_NetError                            0x10000214   Data           4  app_gui.o(.data)
    pTitleStr_CloseTimeout                   0x10000218   Data           4  app_gui.o(.data)
    pTitleStr_NoticeTime                     0x1000021c   Data           4  app_gui.o(.data)
    pMenu_Week                               0x10000220   Data          28  app_gui.o(.data)
    pMenu_KeyType                            0x1000023c   Data          16  app_gui.o(.data)
    pMenu_SetDebugMode                       0x1000024c   Data          16  app_gui.o(.data)
    pMenu_SetCheckDoorSwitch                 0x1000025c   Data          16  app_gui.o(.data)
    pMenu_WorkMode                           0x1000026c   Data          32  app_gui.o(.data)
    pMenu_SetBoxNum                          0x1000028c   Data          28  app_gui.o(.data)
    pMenu_Registration                       0x100002a8   Data          20  app_gui.o(.data)
    pMenu_SetTime                            0x100002bc   Data          12  app_gui.o(.data)
    pMenu_VoiceLevel                         0x100002c8   Data           8  app_gui.o(.data)
    pMenu_SetNetSwitch                       0x100002d0   Data          16  app_gui.o(.data)
    pMenu_IDCaardSwitch                      0x100002e0   Data          16  app_gui.o(.data)
    pMenu_TCPIP                              0x100002f0   Data          16  app_gui.o(.data)
    pMenu_ChoiceAdmin                        0x10000300   Data          16  app_gui.o(.data)
    pMenu_CardAccredit                       0x10000310   Data          28  app_gui.o(.data)
    pMenu_AdminCardOpertion                  0x1000032c   Data          12  app_gui.o(.data)
    pMenu_RecordQuery                        0x10000338   Data          16  app_gui.o(.data)
    pMenu_OpenBoxType                        0x10000348   Data          32  app_gui.o(.data)
    pAccessStatus                            0x10000368   Data          16  app_gui.o(.data)
    pMenu_CardSector                         0x10000378   Data          16  app_gui.o(.data)
    pMenu_AllowOpenBoxNum                    0x10000388   Data          16  app_gui.o(.data)
    pMenu_PickUpAwaitTime                    0x10000398   Data          12  app_gui.o(.data)
    pMenu_PickUpTimeout                      0x100003a4   Data          12  app_gui.o(.data)
    pMenu_SetUIntValue                       0x100003b0   Data          12  app_gui.o(.data)
    pMenu_Admin                              0x100003bc   Data          28  app_gui.o(.data)
    pMenu_Admin_SysSet                       0x100003d8   Data          36  app_gui.o(.data)
    pMenu_Admin_Manage                       0x100003fc   Data          36  app_gui.o(.data)
    pMenu_Admin_Box                          0x10000420   Data          28  app_gui.o(.data)
    pMenu_Admin_Lockers                      0x1000043c   Data          20  app_gui.o(.data)
    pMenu_Admin_Query                        0x10000450   Data          32  app_gui.o(.data)
    pMenu_TopAdmin                           0x10000470   Data          12  app_gui.o(.data)
    pMenu_TopAdmin_Set                       0x1000047c   Data          36  app_gui.o(.data)
    pMenu_SuperAdmin_Set                     0x100004a0   Data          28  app_gui.o(.data)
    pMenu_UserAccess                         0x100004bc   Data          56  app_gui.o(.data)
    PromptBigBox                             0x100004f4   Data         276  app_gui.o(.data)
    Promptbox                                0x10000608   Data         276  app_gui.o(.data)
    LCD_DisplayStr                           0x0000b3ad   Thumb Code    36  app_gui.o(.text)
    GUI_PromptBox                            0x0000b3d1   Thumb Code   110  app_gui.o(.text)
    GUI_PromptBigBox                         0x0000b43f   Thumb Code   110  app_gui.o(.text)
    GUI_UpdateDisplay                        0x0000b4ad   Thumb Code   204  app_gui.o(.text)
    GUI_ShowListMenu                         0x0000b579   Thumb Code   180  app_gui.o(.text)
    GUI_ShowIconMenu                         0x0000b62d   Thumb Code   520  app_gui.o(.text)
    GUI_ShowMenu                             0x0000b835   Thumb Code    20  app_gui.o(.text)
    GUI_ShowTowRowMessage                    0x0000b8ad   Thumb Code   134  app_gui.o(.text)
    GUI_ShowSysVersion                       0x0000b933   Thumb Code   110  app_gui.o(.text)
    GUI_ChoiceKeyboardType                   0x0000b9a1   Thumb Code   102  app_gui.o(.text)
    GUI_InputUseDate                         0x0000ba07   Thumb Code    52  app_gui.o(.text)
    GUI_InputBoxID                           0x0000ba3b   Thumb Code   108  app_gui.o(.text)
    GUI_AdminSetBoxNum                       0x0000baa7   Thumb Code   590  app_gui.o(.text)
    GUI_Open1BoxFaild                        0x0000bda9   Thumb Code   182  app_gui.o(.text)
    GUI_BoxBeLocked                          0x0000be5f   Thumb Code   104  app_gui.o(.text)
    GUI_Time                                 0x0000bec7   Thumb Code   262  app_gui.o(.text)
    GUI_SetTime                              0x0000bfcd   Thumb Code   236  app_gui.o(.text)
    GUI_SetDebugMode                         0x0000c0b9   Thumb Code   148  app_gui.o(.text)
    GUI_SetBoxDoorCheckSwitch                0x0000c14d   Thumb Code   148  app_gui.o(.text)
    GUI_SetIDCardSwitch                      0x0000c1e1   Thumb Code   148  app_gui.o(.text)
    GUI_SetWorkMode                          0x0000c275   Thumb Code    72  app_gui.o(.text)
    GUI_InputVoiceLevel                      0x0000c2bd   Thumb Code    84  app_gui.o(.text)
    GUI_InputMachineNum                      0x0000c311   Thumb Code   156  app_gui.o(.text)
    GUI_SetNetSwitch                         0x0000c3ad   Thumb Code   148  app_gui.o(.text)
    GUI_ChoiceNetInfo                        0x0000c441   Thumb Code   168  app_gui.o(.text)
    GUI_InputIp                              0x0000c4e9   Thumb Code   244  app_gui.o(.text)
    GUI_InputServerPort                      0x0000c5dd   Thumb Code   158  app_gui.o(.text)
    GUI_Registration                         0x0000c67b   Thumb Code   174  app_gui.o(.text)
    GUI_EmptyBoxCount                        0x0000c9fd   Thumb Code    90  app_gui.o(.text)
    GUI_OnStandby                            0x0000ca57   Thumb Code   270  app_gui.o(.text)
    GUI_ShowPassword                         0x0000cb79   Thumb Code    62  app_gui.o(.text)
    GUI_ChangePassword                       0x0000cbb7   Thumb Code   128  app_gui.o(.text)
    GUI_InputName                            0x0000cc37   Thumb Code   178  app_gui.o(.text)
    GUI_AddValidCard                         0x0000cce9   Thumb Code   298  app_gui.o(.text)
    GUI_AddCard2Box                          0x0000ce13   Thumb Code   484  app_gui.o(.text)
    GUI_ClrBoxNotice                         0x0000cff7   Thumb Code   164  app_gui.o(.text)
    GUI_AskLockinBox                         0x0000d09b   Thumb Code   158  app_gui.o(.text)
    GUI_AskUnlockinBox                       0x0000d139   Thumb Code   226  app_gui.o(.text)
    GUI_QueryBoxRecord                       0x0000d21b   Thumb Code   584  app_gui.o(.text)
    GUI_QueryLockBoxList                     0x0000d463   Thumb Code   518  app_gui.o(.text)
    GUI_QueryBoxStatusList                   0x0000d669   Thumb Code   384  app_gui.o(.text)
    GUI_SetCardSector                        0x0000d7e9   Thumb Code   188  app_gui.o(.text)
    GUI_InputAllowOpenBoxNum                 0x0000d8a5   Thumb Code   188  app_gui.o(.text)
    GUI_SetPickUpAwaitTime                   0x0000d961   Thumb Code   128  app_gui.o(.text)
    GUI_SetPickUpTimeout                     0x0000d9e1   Thumb Code   184  app_gui.o(.text)
    GUI_SetUIntValue                         0x0000da99   Thumb Code   136  app_gui.o(.text)
    GUI_ChoiceAdminMenu                      0x0000db21   Thumb Code   102  app_gui.o(.text)
    GUI_AdminCardOpertion                    0x0000db87   Thumb Code    30  app_gui.o(.text)
    GUI_AdminMenu                            0x0000dba5   Thumb Code    46  app_gui.o(.text)
    GUI_Admin_SysSetMenu                     0x0000dbd3   Thumb Code    54  app_gui.o(.text)
    GUI_Admin_ManageMenu                     0x0000dc09   Thumb Code    50  app_gui.o(.text)
    GUI_Admin_BoxMenu                        0x0000dc3b   Thumb Code    46  app_gui.o(.text)
    GUI_Admin_LockersMenu                    0x0000dc69   Thumb Code    38  app_gui.o(.text)
    GUI_Admin_QueryMenu                      0x0000dc8f   Thumb Code    50  app_gui.o(.text)
    GUI_TopAdminMenu                         0x0000dcc1   Thumb Code    30  app_gui.o(.text)
    GUI_TopAdmin_SysSetMenu                  0x0000dcdf   Thumb Code    50  app_gui.o(.text)
    GUI_SuperAdmin_SysSetMenu                0x0000dd11   Thumb Code    42  app_gui.o(.text)
    GUI_PlsCloseBoxDoor                      0x0000e0cb   Thumb Code   102  app_gui.o(.text)
    GUI_UserConsignFail                      0x0000e131   Thumb Code   104  app_gui.o(.text)
    GUI_ShowIDPosition                       0x0000e201   Thumb Code   508  app_gui.o(.text)
    GUI_UserAccess                           0x0000e605   Thumb Code   106  app_gui.o(.text)
    stTime                                   0x2007c040   Data           7  app_keyui.o(.data)
    NumKeyToASCII                            0x0000e7b9   Thumb Code   106  app_keyui.o(.text)
    KeyChangeNumValue                        0x0000e823   Thumb Code   130  app_keyui.o(.text)
    KeyInputIpAddr                           0x0000e8a5   Thumb Code  1128  app_keyui.o(.text)
    KeyInputDate                             0x0000ed0d   Thumb Code   412  app_keyui.o(.text)
    Set_KeyboardType                         0x0000eea9   Thumb Code   160  app_keyui.o(.text)
    Set_SysConfigInit                        0x0000ef49   Thumb Code   118  app_keyui.o(.text)
    Set_BoxNum                               0x0000efbf   Thumb Code   702  app_keyui.o(.text)
    Set_DateTime                             0x0000f27d   Thumb Code  1186  app_keyui.o(.text)
    Set_VoiceModuleLevel                     0x0000f71f   Thumb Code   192  app_keyui.o(.text)
    Set_MachineNum                           0x0000f7df   Thumb Code   166  app_keyui.o(.text)
    Set_NetSwitch                            0x0000f885   Thumb Code   188  app_keyui.o(.text)
    Set_TcpIpInfo                            0x0000f941   Thumb Code   696  app_keyui.o(.text)
    Sys_Registration                         0x0000fbf9   Thumb Code   462  app_keyui.o(.text)
    Set_AdminPassword                        0x0000fdc7   Thumb Code   300  app_keyui.o(.text)
    Set_LockersName                          0x0000fef3   Thumb Code   424  app_keyui.o(.text)
    Set_ClientIdCode                         0x0001009b   Thumb Code   440  app_keyui.o(.text)
    Set_AddAdminCard                         0x00010253   Thumb Code   462  app_keyui.o(.text)
    Set_DeleteAdminCard                      0x00010421   Thumb Code   164  app_keyui.o(.text)
    Set_AdminCard                            0x000104c5   Thumb Code   196  app_keyui.o(.text)
    Set_DebugMode                            0x00010589   Thumb Code   188  app_keyui.o(.text)
    Set_BoxDoorStatusCheck                   0x00010645   Thumb Code   196  app_keyui.o(.text)
    Set_IDCardSwitch                         0x00010709   Thumb Code   196  app_keyui.o(.text)
    Set_WorkMode                             0x000107cd   Thumb Code   184  app_keyui.o(.text)
    Set_LockersValidityDate                  0x00010885   Thumb Code   174  app_keyui.o(.text)
    Set_CardSector                           0x00010933   Thumb Code   210  app_keyui.o(.text)
    Set_AllowOpenBoxNum                      0x00010a05   Thumb Code   190  app_keyui.o(.text)
    Set_PickUpTimeout                        0x00010ac3   Thumb Code   188  app_keyui.o(.text)
    Set_PickUpAwaitTime                      0x00010b7f   Thumb Code   190  app_keyui.o(.text)
    Set_HandleTimeout                        0x00010c3d   Thumb Code   390  app_keyui.o(.text)
    Add_ValidCard                            0x00010dc3   Thumb Code   342  app_keyui.o(.text)
    Clr_AllValidCard                         0x00010f19   Thumb Code   194  app_keyui.o(.text)
    Open_OneBox                              0x00010fdb   Thumb Code   232  app_keyui.o(.text)
    Open_AllBox                              0x000110c3   Thumb Code   322  app_keyui.o(.text)
    Clean_OneBox                             0x00011205   Thumb Code   402  app_keyui.o(.text)
    Clean_AllBox                             0x00011397   Thumb Code   350  app_keyui.o(.text)
    Lockin_Box                               0x000114f5   Thumb Code   570  app_keyui.o(.text)
    Unlockin_Box                             0x0001172f   Thumb Code   544  app_keyui.o(.text)
    Query_BoxRecord                          0x0001194f   Thumb Code   304  app_keyui.o(.text)
    Query_LockBox                            0x00011a7f   Thumb Code   220  app_keyui.o(.text)
    Query_BoxStatus                          0x00011b5b   Thumb Code   162  app_keyui.o(.text)
    TopAdmin_SetPassword                     0x00011bfd   Thumb Code   596  app_keyui.o(.text)
    Admin_SysSetMenu                         0x00011e51   Thumb Code   260  app_keyui.o(.text)
    Admin_ManageMenu                         0x00011f55   Thumb Code   264  app_keyui.o(.text)
    Admin_BoxMenu                            0x0001205d   Thumb Code   244  app_keyui.o(.text)
    Admin_LockersMenu                        0x00012151   Thumb Code   214  app_keyui.o(.text)
    Admin_QueryMenu                          0x00012227   Thumb Code   410  app_keyui.o(.text)
    Admin_LoginMenu                          0x000123c1   Thumb Code   242  app_keyui.o(.text)
    TopAdmin_Login                           0x000126af   Thumb Code   432  app_keyui.o(.text)
    TopAdmin_SysSetMenu                      0x0001285f   Thumb Code   258  app_keyui.o(.text)
    TopAdmin_LoginMenu                       0x00012961   Thumb Code   144  app_keyui.o(.text)
    SuperAdmin_SysSetMenu                    0x000129f1   Thumb Code   232  app_keyui.o(.text)
    SuperAdmin_LoginMenu                     0x00012ad9   Thumb Code   144  app_keyui.o(.text)
    SendCmdToFingerprint_DeletChar           0x000155e9   Thumb Code    52  app_fingerprint.o(.text)
    SendCmdToFingerprint_Empty               0x0001561d   Thumb Code    24  app_fingerprint.o(.text)
    User_Consign                             0x00014dcb   Thumb Code    64  app_lockers.o(.text)
    stLockersOperation                       0x100024d8   Data          12  app_lockers.o(.bss)
    UserCardData                             0x100024e4   Data          50  app_lockers.o(.bss)
    stUserConsign                            0x10002518   Data          16  app_lockers.o(.bss)
    UserConsign_OnlineAsk                    0x00012d51   Thumb Code    46  app_lockers.o(.text)
    UserConsign_ServerReply                  0x00012dad   Thumb Code   108  app_lockers.o(.text)
    ConsignMode_AnyCard                      0x00012e3f   Thumb Code  1144  app_lockers.o(.text)
    ConsignMode_PreAuthorization             0x000132b7   Thumb Code  1182  app_lockers.o(.text)
    ConsignMode_WriteCard                    0x00013755   Thumb Code  2054  app_lockers.o(.text)
    ConsignMode_OnlineAsk                    0x00013f5b   Thumb Code  1388  app_lockers.o(.text)
    ConsignMode_AnyFinger                    0x000144c7   Thumb Code   984  app_lockers.o(.text)
    ConsignMode_AnyFingerOrCard              0x0001489f   Thumb Code  1324  app_lockers.o(.text)
    Fingerprint_Login                        0x00015835   Thumb Code  1190  app_fingerprint.o(.text)
    Fingerprint_Search                       0x0001566f   Thumb Code   454  app_fingerprint.o(.text)
    FingerprintData                          0x10002554   Data         520  app_fingerprint.o(.bss)
    FingerprintReplyData                     0x1000275c   Data          20  app_fingerprint.o(.bss)
    SendDataToFingerprint                    0x000152c7   Thumb Code    32  app_fingerprint.o(.text)
    SendCmdToFingerprint                     0x000152e7   Thumb Code   268  app_fingerprint.o(.text)
    CheckFingerprintReply                    0x000153f3   Thumb Code   180  app_fingerprint.o(.text)
    AwaitingerprintResult                    0x000154a7   Thumb Code   200  app_fingerprint.o(.text)
    SendCmdToFingerprint_GetImg              0x0001556f   Thumb Code    24  app_fingerprint.o(.text)
    SendCmdToFingerprint_GenChar             0x00015587   Thumb Code    30  app_fingerprint.o(.text)
    SendCmdToFingerprint_RegModel            0x000155a5   Thumb Code    24  app_fingerprint.o(.text)
    SendCmdToFingerprint_Store               0x000155bd   Thumb Code    44  app_fingerprint.o(.text)
    SendCmdToFingerprint_Search              0x00015635   Thumb Code    58  app_fingerprint.o(.text)
    Fingerprint_GetChar                      0x00015cdb   Thumb Code   214  app_fingerprint.o(.text)
    __2sprintf                               0x00015dd5   Thumb Code    34  noretval__2sprintf.o(.text)
    _printf_pre_padding                      0x00015dfd   Thumb Code    44  _printf_pad.o(.text)
    _printf_post_padding                     0x00015e29   Thumb Code    34  _printf_pad.o(.text)
    _printf_str                              0x00015e4b   Thumb Code    82  _printf_str.o(.text)
    _printf_int_dec                          0x00015e9d   Thumb Code   104  _printf_dec.o(.text)
    _printf_truncate_signed                   - Undefined Weak Reference
    _printf_truncate_unsigned                 - Undefined Weak Reference
    _is_digit                                0x00016445   Thumb Code    14  __printf_wp.o(i._is_digit)
    __printf                                 0x00015f15   Thumb Code   308  __printf_flags_wp.o(.text)
    _printf_s                                0x000001ab   Thumb Code     0  _printf_s.o(.ARM.Collect$$_printf_percent$$00000014)
    _printf_d                                0x000001a5   Thumb Code     0  _printf_d.o(.ARM.Collect$$_printf_percent$$00000009)
    _printf_percent                          0x000001a5   Thumb Code     0  _printf_percent.o(.ARM.Collect$$_printf_percent$$00000000)
    memcmp                                   0x0001604d   Thumb Code    88  memcmp.o(.text)
    strcpy                                   0x000160a5   Thumb Code    72  strcpy.o(.text)
    strlen                                   0x000160ed   Thumb Code    62  strlen.o(.text)
    strcat                                   0x0001612b   Thumb Code    24  strcat.o(.text)
    __aeabi_memcpy                           0x00016143   Thumb Code     0  rt_memcpy_v6.o(.text)
    __rt_memcpy                              0x00016143   Thumb Code   138  rt_memcpy_v6.o(.text)
    _memcpy_lastbytes                        0x000161a9   Thumb Code     0  rt_memcpy_v6.o(.text)
    __aeabi_memcpy4                          0x000161cd   Thumb Code     0  rt_memcpy_w.o(.text)
    __aeabi_memcpy8                          0x000161cd   Thumb Code     0  rt_memcpy_w.o(.text)
    __rt_memcpy_w                            0x000161cd   Thumb Code   100  rt_memcpy_w.o(.text)
    _memcpy_lastbytes_aligned                0x00016215   Thumb Code     0  rt_memcpy_w.o(.text)
    __aeabi_memset                           0x00016231   Thumb Code    16  aeabi_memset.o(.text)
    __aeabi_memclr                           0x00016241   Thumb Code     0  rt_memclr.o(.text)
    __rt_memclr                              0x00016241   Thumb Code    68  rt_memclr.o(.text)
    _memset                                  0x00016245   Thumb Code     0  rt_memclr.o(.text)
    __aeabi_memclr4                          0x00016285   Thumb Code     0  rt_memclr_w.o(.text)
    __aeabi_memclr8                          0x00016285   Thumb Code     0  rt_memclr_w.o(.text)
    __rt_memclr_w                            0x00016285   Thumb Code    78  rt_memclr_w.o(.text)
    _memset_w                                0x00016289   Thumb Code     0  rt_memclr_w.o(.text)
    __use_two_region_memory                  0x000162d3   Thumb Code     2  heapauxi.o(.text)
    __rt_heap_escrow$2region                 0x000162d5   Thumb Code     2  heapauxi.o(.text)
    __rt_heap_expand$2region                 0x000162d7   Thumb Code     2  heapauxi.o(.text)
    __main                                   0x000000cd   Thumb Code     8  __main.o(!!!main)
    _printf_flags                            0x00000000   Number         0  printf_stubs.o ABSOLUTE
    _printf_return_value                     0x00000000   Number         0  printf_stubs.o ABSOLUTE
    _printf_sizespec                         0x00000000   Number         0  printf_stubs.o ABSOLUTE
    _printf_widthprec                        0x00000000   Number         0  printf_stubs.o ABSOLUTE
    __rt_entry                               0x000001b9   Thumb Code     0  __rtentry.o(.ARM.Collect$$rtentry$$00000000)
    _printf_int_common                       0x000162d9   Thumb Code   178  _printf_intcommon.o(.text)
    _printf_char_common                      0x00016397   Thumb Code    32  _printf_char_common.o(.text)
    _sputc                                   0x000163bd   Thumb Code    10  _sputc.o(.text)
    _printf_cs_common                        0x000163c7   Thumb Code    20  _printf_char.o(.text)
    _printf_char                             0x000163db   Thumb Code    16  _printf_char.o(.text)
    _printf_string                           0x000163eb   Thumb Code     8  _printf_char.o(.text)
    _printf_mbtowc                            - Undefined Weak Reference
    _printf_percent_end                      0x000001b1   Thumb Code     0  _printf_percent_end.o(.ARM.Collect$$_printf_percent$$00000017)
    __rt_entry_presh_1                       0x000001b9   Thumb Code     0  __rtentry2.o(.ARM.Collect$$rtentry$$00000002)
    __rt_entry_postsh_1                      0x000001bf   Thumb Code     0  __rtentry2.o(.ARM.Collect$$rtentry$$00000009)
    __rt_entry_li                            0x000001bf   Thumb Code     0  __rtentry2.o(.ARM.Collect$$rtentry$$0000000A)
    __rt_entry_postli_1                      0x000001c3   Thumb Code     0  __rtentry2.o(.ARM.Collect$$rtentry$$0000000C)
    __rt_entry_main                          0x000001c3   Thumb Code     0  __rtentry2.o(.ARM.Collect$$rtentry$$0000000D)
    __rt_entry_sh                            0x000001b9   Thumb Code     0  __rtentry4.o(.ARM.Collect$$rtentry$$00000004)
    __user_setup_stackheap                   0x000163f3   Thumb Code    74  sys_stackheap_outer.o(.text)
    __rt_lib_init                            0x000001b5   Thumb Code     0  libinit.o(.ARM.Collect$$libinit$$00000000)
    __libspace_start                         0x2007e914   Data          96  libspace.o(.bss)
    __temporary_stack_top$libspace           0x2007e974   Data           0  libspace.o(.bss)
    __user_libspace                          0x0001643d   Thumb Code     8  libspace.o(.text)
    __user_perproc_libspace                  0x0001643d   Thumb Code     0  libspace.o(.text)
    __user_perthread_libspace                0x0001643d   Thumb Code     0  libspace.o(.text)
    __rt_lib_init_fp_1                       0x000001b7   Thumb Code     0  libinit2.o(.ARM.Collect$$libinit$$00000002)
    __rt_lib_init_preinit_1                  0x000001b7   Thumb Code     0  libinit2.o(.ARM.Collect$$libinit$$00000004)
    __rt_lib_init_heap_1                     0x000001b7   Thumb Code     0  libinit2.o(.ARM.Collect$$libinit$$0000000A)
    __rt_lib_init_user_alloc_1               0x000001b7   Thumb Code     0  libinit2.o(.ARM.Collect$$libinit$$0000000C)
    __rt_lib_init_rand_1                     0x000001b7   Thumb Code     0  libinit2.o(.ARM.Collect$$libinit$$0000000E)
    __rt_lib_init_lc_collate_1               0x000001b7   Thumb Code     0  libinit2.o(.ARM.Collect$$libinit$$00000011)
    __rt_lib_init_lc_ctype_1                 0x000001b7   Thumb Code     0  libinit2.o(.ARM.Collect$$libinit$$00000013)
    __rt_lib_init_lc_monetary_1              0x000001b7   Thumb Code     0  libinit2.o(.ARM.Collect$$libinit$$00000015)
    __rt_lib_init_lc_numeric_1               0x000001b7   Thumb Code     0  libinit2.o(.ARM.Collect$$libinit$$00000017)
    __rt_lib_init_lc_time_1                  0x000001b7   Thumb Code     0  libinit2.o(.ARM.Collect$$libinit$$00000019)
    __rt_lib_init_atexit_1                   0x000001b7   Thumb Code     0  libinit2.o(.ARM.Collect$$libinit$$0000001B)
    __rt_lib_init_signal_1                   0x000001b7   Thumb Code     0  libinit2.o(.ARM.Collect$$libinit$$0000001D)
    __rt_lib_init_fp_trap_1                  0x000001b7   Thumb Code     0  libinit2.o(.ARM.Collect$$libinit$$0000001F)
    __rt_lib_init_clock_1                    0x000001b7   Thumb Code     0  libinit2.o(.ARM.Collect$$libinit$$00000021)
    __rt_lib_init_getenv_1                   0x000001b7   Thumb Code     0  libinit2.o(.ARM.Collect$$libinit$$00000023)
    __rt_lib_init_stdio_1                    0x000001b7   Thumb Code     0  libinit2.o(.ARM.Collect$$libinit$$00000025)
    __rt_lib_init_argv_1                     0x000001b7   Thumb Code     0  libinit2.o(.ARM.Collect$$libinit$$0000002C)
    __rt_lib_init_alloca_1                   0x000001b7   Thumb Code     0  libinit2.o(.ARM.Collect$$libinit$$0000002E)
    __rt_lib_init_exceptions_1               0x000001b7   Thumb Code     0  libinit2.o(.ARM.Collect$$libinit$$00000030)
    __rt_lib_init_cpp_1                      0x000001b7   Thumb Code     0  libinit2.o(.ARM.Collect$$libinit$$00000032)
    __rt_lib_init_return                     0x000001b7   Thumb Code     0  libinit2.o(.ARM.Collect$$libinit$$00000033)
    __ARM_exceptions_init                     - Undefined Weak Reference
    __alloca_initialize                       - Undefined Weak Reference
    __arm_preinit_                            - Undefined Weak Reference
    __cpp_initialize__aeabi_                  - Undefined Weak Reference
    __rt_locale                               - Undefined Weak Reference
    _atexit_init                              - Undefined Weak Reference
    _clock_init                               - Undefined Weak Reference
    _fp_trap_init                             - Undefined Weak Reference
    _get_lc_collate                           - Undefined Weak Reference
    _get_lc_ctype                             - Undefined Weak Reference
    _get_lc_monetary                          - Undefined Weak Reference
    _get_lc_numeric                           - Undefined Weak Reference
    _get_lc_time                              - Undefined Weak Reference
    _getenv_init                              - Undefined Weak Reference
    _init_alloc                               - Undefined Weak Reference
    _init_user_alloc                          - Undefined Weak Reference
    _initio                                   - Undefined Weak Reference
    _rand_init                                - Undefined Weak Reference
    _signal_init                              - Undefined Weak Reference
    _handle_redirection                       - Undefined Weak Reference
    __sigvec_lookup                           - Undefined Weak Reference
    BuildAttributes$$THM_ISAv4$P$D$K$B$S$PE$A:L22UL41UL21$X:L11$S22US41US21$IEEE1$IW$USESV6$~STKCKD$USESV7$~SHL$OSPACE$ROPI$EBA8$UX$STANDARDLIB$REQ8$PRES8$EABIv2 0x00000000   Number         0  anon$$obj.o ABSOLUTE
    __decompress                             0x00000109   Thumb Code   100  __dclz77c.o(!!dclz77c)
    __decompress2                            0x00000109   Thumb Code     0  __dclz77c.o(!!dclz77c)
    __scatterload                            0x000000d5   Thumb Code     0  __scatter.o(!!!scatter)
    __scatterload_rt2                        0x000000d5   Thumb Code    44  __scatter.o(!!!scatter)
    __scatterload_rt2_thumb_only             0x000000d5   Thumb Code     0  __scatter.o(!!!scatter)
    __scatterload_null                       0x000000e3   Thumb Code     0  __scatter.o(!!!scatter)
    Region$$Table$$Base                      0x0006aaf8   Number         0  anon$$obj.o(Region$$Table)
    Region$$Table$$Limit                     0x0006ab38   Number         0  anon$$obj.o(Region$$Table)
    __scatterload_copy                       0x0000016d   Thumb Code    26  __scatter_copy.o(!!handler_copy)
    __scatterload_zeroinit                   0x00000189   Thumb Code    28  __scatter_zi.o(!!handler_zi)


