<!doctype html public "-//w3c//dtd html 4.0 transitional//en">
<html><head>
<title>Static Call Graph - [.\Objects\ZY-2017-SJG.axf]</title></head>
<body><HR>
<H1>Static Call Graph for image .\Objects\ZY-2017-SJG.axf</H1><HR>
<BR><P>#&#060CALLGRAPH&#062# ARM Linker, 5050169: Last Updated: Fri Jun 29 18:59:44 2018
<BR><P>
<H3>Maximum Stack Usage =        864 bytes + Unknown(Functions without stacksize, Cycles, Untraceable Function Pointers)</H3><H3>
Call chain for Maximum Stack Depth:</H3>
__rt_entry_main &rArr; main &rArr; KeyboardFunction &rArr; ArgCardOperation &rArr; GUI_NetParameters &rArr; GUI_ShowListMenu &rArr; LCD_DisplayStr &rArr; DisplayString &rArr; Show_Font &rArr; Get_HzMat &rArr; ZiKu_GetChineseChar
<P>
<H3>
Functions with no stack information
</H3><UL>
 <LI><a href="#[241]">__user_initial_stackheap</a>
 <LI><a href="#[31]">exit</a>
</UL>
</UL>
<P>
<H3>
Mutually Recursive functions
</H3> <LI><a href="#[3]">NMI_Handler</a>&nbsp;&nbsp;&nbsp;&rArr;&nbsp;&nbsp;&nbsp;<a href="#[3]">NMI_Handler</a><BR>
 <LI><a href="#[4]">HardFault_Handler</a>&nbsp;&nbsp;&nbsp;&rArr;&nbsp;&nbsp;&nbsp;<a href="#[4]">HardFault_Handler</a><BR>
 <LI><a href="#[5]">MemManage_Handler</a>&nbsp;&nbsp;&nbsp;&rArr;&nbsp;&nbsp;&nbsp;<a href="#[5]">MemManage_Handler</a><BR>
 <LI><a href="#[6]">BusFault_Handler</a>&nbsp;&nbsp;&nbsp;&rArr;&nbsp;&nbsp;&nbsp;<a href="#[6]">BusFault_Handler</a><BR>
 <LI><a href="#[7]">UsageFault_Handler</a>&nbsp;&nbsp;&nbsp;&rArr;&nbsp;&nbsp;&nbsp;<a href="#[7]">UsageFault_Handler</a><BR>
 <LI><a href="#[8]">SVC_Handler</a>&nbsp;&nbsp;&nbsp;&rArr;&nbsp;&nbsp;&nbsp;<a href="#[8]">SVC_Handler</a><BR>
 <LI><a href="#[9]">DebugMon_Handler</a>&nbsp;&nbsp;&nbsp;&rArr;&nbsp;&nbsp;&nbsp;<a href="#[9]">DebugMon_Handler</a><BR>
 <LI><a href="#[a]">PendSV_Handler</a>&nbsp;&nbsp;&nbsp;&rArr;&nbsp;&nbsp;&nbsp;<a href="#[a]">PendSV_Handler</a><BR>
 <LI><a href="#[22]">ADC_IRQHandler</a>&nbsp;&nbsp;&nbsp;&rArr;&nbsp;&nbsp;&nbsp;<a href="#[22]">ADC_IRQHandler</a><BR>
</UL>
<P>
<H3>
Function Pointers
</H3><UL>
 <LI><a href="#[22]">ADC_IRQHandler</a> from startup_lpc17xx.o(.text) referenced from startup_lpc17xx.o(RESET)
 <LI><a href="#[23]">BOD_IRQHandler</a> from startup_lpc17xx.o(.text) referenced from startup_lpc17xx.o(RESET)
 <LI><a href="#[34]">BeepCallback</a> from mid_magically.o(.text) referenced from app_main.o(.text)
 <LI><a href="#[6]">BusFault_Handler</a> from startup_lpc17xx.o(.text) referenced from startup_lpc17xx.o(RESET)
 <LI><a href="#[2e]">CANActivity_IRQHandler</a> from startup_lpc17xx.o(.text) referenced from startup_lpc17xx.o(RESET)
 <LI><a href="#[25]">CAN_IRQHandler</a> from startup_lpc17xx.o(.text) referenced from startup_lpc17xx.o(RESET)
 <LI><a href="#[26]">DMA_IRQHandler</a> from startup_lpc17xx.o(.text) referenced from startup_lpc17xx.o(RESET)
 <LI><a href="#[9]">DebugMon_Handler</a> from startup_lpc17xx.o(.text) referenced from startup_lpc17xx.o(RESET)
 <LI><a href="#[1e]">EINT0_IRQHandler</a> from startup_lpc17xx.o(.text) referenced from startup_lpc17xx.o(RESET)
 <LI><a href="#[1f]">EINT1_IRQHandler</a> from startup_lpc17xx.o(.text) referenced from startup_lpc17xx.o(RESET)
 <LI><a href="#[20]">EINT2_IRQHandler</a> from startup_lpc17xx.o(.text) referenced from startup_lpc17xx.o(RESET)
 <LI><a href="#[21]">EINT3_IRQHandler</a> from drv_wiegand.o(.text) referenced from startup_lpc17xx.o(RESET)
 <LI><a href="#[28]">ENET_IRQHandler</a> from startup_lpc17xx.o(.text) referenced from startup_lpc17xx.o(RESET)
 <LI><a href="#[4]">HardFault_Handler</a> from startup_lpc17xx.o(.text) referenced from startup_lpc17xx.o(RESET)
 <LI><a href="#[16]">I2C0_IRQHandler</a> from startup_lpc17xx.o(.text) referenced from startup_lpc17xx.o(RESET)
 <LI><a href="#[17]">I2C1_IRQHandler</a> from startup_lpc17xx.o(.text) referenced from startup_lpc17xx.o(RESET)
 <LI><a href="#[18]">I2C2_IRQHandler</a> from startup_lpc17xx.o(.text) referenced from startup_lpc17xx.o(RESET)
 <LI><a href="#[27]">I2S_IRQHandler</a> from startup_lpc17xx.o(.text) referenced from startup_lpc17xx.o(RESET)
 <LI><a href="#[2a]">MCPWM_IRQHandler</a> from startup_lpc17xx.o(.text) referenced from startup_lpc17xx.o(RESET)
 <LI><a href="#[5]">MemManage_Handler</a> from startup_lpc17xx.o(.text) referenced from startup_lpc17xx.o(RESET)
 <LI><a href="#[3]">NMI_Handler</a> from startup_lpc17xx.o(.text) referenced from startup_lpc17xx.o(RESET)
 <LI><a href="#[1c]">PLL0_IRQHandler</a> from startup_lpc17xx.o(.text) referenced from startup_lpc17xx.o(RESET)
 <LI><a href="#[2c]">PLL1_IRQHandler</a> from startup_lpc17xx.o(.text) referenced from startup_lpc17xx.o(RESET)
 <LI><a href="#[15]">PWM1_IRQHandler</a> from startup_lpc17xx.o(.text) referenced from startup_lpc17xx.o(RESET)
 <LI><a href="#[a]">PendSV_Handler</a> from startup_lpc17xx.o(.text) referenced from startup_lpc17xx.o(RESET)
 <LI><a href="#[2b]">QEI_IRQHandler</a> from startup_lpc17xx.o(.text) referenced from startup_lpc17xx.o(RESET)
 <LI><a href="#[29]">RIT_IRQHandler</a> from startup_lpc17xx.o(.text) referenced from startup_lpc17xx.o(RESET)
 <LI><a href="#[1d]">RTC_IRQHandler</a> from startup_lpc17xx.o(.text) referenced from startup_lpc17xx.o(RESET)
 <LI><a href="#[2]">Reset_Handler</a> from startup_lpc17xx.o(.text) referenced from startup_lpc17xx.o(RESET)
 <LI><a href="#[19]">SPI_IRQHandler</a> from startup_lpc17xx.o(.text) referenced from startup_lpc17xx.o(RESET)
 <LI><a href="#[1a]">SSP0_IRQHandler</a> from startup_lpc17xx.o(.text) referenced from startup_lpc17xx.o(RESET)
 <LI><a href="#[1b]">SSP1_IRQHandler</a> from startup_lpc17xx.o(.text) referenced from startup_lpc17xx.o(RESET)
 <LI><a href="#[8]">SVC_Handler</a> from startup_lpc17xx.o(.text) referenced from startup_lpc17xx.o(RESET)
 <LI><a href="#[35]">SignalLedBlink</a> from mid_magically.o(.text) referenced from app_main.o(.text)
 <LI><a href="#[b]">SysTick_Handler</a> from mid_systick.o(.text) referenced from startup_lpc17xx.o(RESET)
 <LI><a href="#[2f]">SystemInit</a> from system_lpc17xx.o(.text) referenced from startup_lpc17xx.o(.text)
 <LI><a href="#[d]">TIMER0_IRQHandler</a> from drv_timer.o(.text) referenced from startup_lpc17xx.o(RESET)
 <LI><a href="#[e]">TIMER1_IRQHandler</a> from startup_lpc17xx.o(.text) referenced from startup_lpc17xx.o(RESET)
 <LI><a href="#[f]">TIMER2_IRQHandler</a> from startup_lpc17xx.o(.text) referenced from startup_lpc17xx.o(RESET)
 <LI><a href="#[10]">TIMER3_IRQHandler</a> from startup_lpc17xx.o(.text) referenced from startup_lpc17xx.o(RESET)
 <LI><a href="#[36]">Tick_ReadRTC</a> from mid_magically.o(.text) referenced from app_main.o(.text)
 <LI><a href="#[33]">TimeCount</a> from mid_sysconfig.o(.text) referenced from app_main.o(.text)
 <LI><a href="#[32]">TimingDelay_Decrement</a> from mid_sysconfig.o(.text) referenced from app_main.o(.text)
 <LI><a href="#[11]">UART0_IRQHandler</a> from drv_uart.o(.text) referenced from startup_lpc17xx.o(RESET)
 <LI><a href="#[12]">UART1_IRQHandler</a> from drv_uart.o(.text) referenced from startup_lpc17xx.o(RESET)
 <LI><a href="#[13]">UART2_IRQHandler</a> from drv_uart.o(.text) referenced from startup_lpc17xx.o(RESET)
 <LI><a href="#[14]">UART3_IRQHandler</a> from drv_uart.o(.text) referenced from startup_lpc17xx.o(RESET)
 <LI><a href="#[2d]">USBActivity_IRQHandler</a> from startup_lpc17xx.o(.text) referenced from startup_lpc17xx.o(RESET)
 <LI><a href="#[24]">USB_IRQHandler</a> from startup_lpc17xx.o(.text) referenced from startup_lpc17xx.o(RESET)
 <LI><a href="#[7]">UsageFault_Handler</a> from startup_lpc17xx.o(.text) referenced from startup_lpc17xx.o(RESET)
 <LI><a href="#[c]">WDT_IRQHandler</a> from startup_lpc17xx.o(.text) referenced from startup_lpc17xx.o(RESET)
 <LI><a href="#[39]">__main</a> from __main.o(!!!main) referenced from startup_lpc17xx.o(.text)
 <LI><a href="#[38]">_printf_input_char</a> from _printf_char_common.o(.text) referenced from _printf_char_common.o(.text)
 <LI><a href="#[37]">_sputc</a> from _sputc.o(.text) referenced from noretval__2sprintf.o(.text)
 <LI><a href="#[31]">exit</a> from drv_lcd.o(.constdata) referenced from drv_lcd.o(.text)
</UL>
<P>
<H3>
Global Symbols
</H3>
<P><STRONG><a name="[39]"></a>__main</STRONG> (Thumb, 8 bytes, Stack size 0 bytes, __main.o(!!!main))
<BR><BR>[Calls]<UL><LI><a href="#[3a]">&gt;&gt;</a>&nbsp;&nbsp;&nbsp;__scatterload
<LI><a href="#[3b]">&gt;&gt;</a>&nbsp;&nbsp;&nbsp;__rt_entry
</UL>

<P><STRONG><a name="[3a]"></a>__scatterload</STRONG> (Thumb, 0 bytes, Stack size unknown bytes, __scatter.o(!!!scatter))
<BR><BR>[Called By]<UL><LI><a href="#[39]">&gt;&gt;</a>&nbsp;&nbsp;&nbsp;__main
</UL>

<P><STRONG><a name="[3c]"></a>__scatterload_rt2</STRONG> (Thumb, 44 bytes, Stack size unknown bytes, __scatter.o(!!!scatter), UNUSED)
<BR><BR>[Calls]<UL><LI><a href="#[3b]">&gt;&gt;</a>&nbsp;&nbsp;&nbsp;__rt_entry
</UL>

<P><STRONG><a name="[242]"></a>__scatterload_rt2_thumb_only</STRONG> (Thumb, 0 bytes, Stack size unknown bytes, __scatter.o(!!!scatter), UNUSED)

<P><STRONG><a name="[243]"></a>__scatterload_null</STRONG> (Thumb, 0 bytes, Stack size unknown bytes, __scatter.o(!!!scatter), UNUSED)

<P><STRONG><a name="[244]"></a>__decompress</STRONG> (Thumb, 100 bytes, Stack size unknown bytes, __dclz77c.o(!!dclz77c), UNUSED)

<P><STRONG><a name="[245]"></a>__decompress2</STRONG> (Thumb, 0 bytes, Stack size unknown bytes, __dclz77c.o(!!dclz77c), UNUSED)

<P><STRONG><a name="[246]"></a>__scatterload_zeroinit</STRONG> (Thumb, 28 bytes, Stack size unknown bytes, __scatter_zi.o(!!handler_zi), UNUSED)

<P><STRONG><a name="[3d]"></a>_printf_d</STRONG> (Thumb, 0 bytes, Stack size unknown bytes, _printf_d.o(.ARM.Collect$$_printf_percent$$00000009))
<BR><BR>[Stack]<UL><LI>Max Depth = 72 + Unknown Stack Size
<LI>Call Chain = _printf_d &rArr; _printf_int_dec &rArr; _printf_int_common &rArr; _printf_post_padding
</UL>
<BR>[Calls]<UL><LI><a href="#[3e]">&gt;&gt;</a>&nbsp;&nbsp;&nbsp;_printf_int_dec
</UL>

<P><STRONG><a name="[23a]"></a>_printf_percent</STRONG> (Thumb, 0 bytes, Stack size unknown bytes, _printf_percent.o(.ARM.Collect$$_printf_percent$$00000000))
<BR><BR>[Called By]<UL><LI><a href="#[238]">&gt;&gt;</a>&nbsp;&nbsp;&nbsp;__printf
</UL>

<P><STRONG><a name="[3f]"></a>_printf_s</STRONG> (Thumb, 0 bytes, Stack size unknown bytes, _printf_s.o(.ARM.Collect$$_printf_percent$$00000014))
<BR><BR>[Stack]<UL><LI>Max Depth = 40 + Unknown Stack Size
<LI>Call Chain = _printf_s &rArr; _printf_string &rArr; _printf_cs_common &rArr; _printf_str &rArr; _printf_post_padding
</UL>
<BR>[Calls]<UL><LI><a href="#[40]">&gt;&gt;</a>&nbsp;&nbsp;&nbsp;_printf_string
</UL>

<P><STRONG><a name="[247]"></a>_printf_percent_end</STRONG> (Thumb, 0 bytes, Stack size unknown bytes, _printf_percent_end.o(.ARM.Collect$$_printf_percent$$00000017))

<P><STRONG><a name="[44]"></a>__rt_lib_init</STRONG> (Thumb, 0 bytes, Stack size unknown bytes, libinit.o(.ARM.Collect$$libinit$$00000000))
<BR><BR>[Called By]<UL><LI><a href="#[43]">&gt;&gt;</a>&nbsp;&nbsp;&nbsp;__rt_entry_li
</UL>

<P><STRONG><a name="[248]"></a>__rt_lib_init_alloca_1</STRONG> (Thumb, 0 bytes, Stack size unknown bytes, libinit2.o(.ARM.Collect$$libinit$$0000002E))

<P><STRONG><a name="[249]"></a>__rt_lib_init_argv_1</STRONG> (Thumb, 0 bytes, Stack size unknown bytes, libinit2.o(.ARM.Collect$$libinit$$0000002C))

<P><STRONG><a name="[24a]"></a>__rt_lib_init_atexit_1</STRONG> (Thumb, 0 bytes, Stack size unknown bytes, libinit2.o(.ARM.Collect$$libinit$$0000001B))

<P><STRONG><a name="[24b]"></a>__rt_lib_init_clock_1</STRONG> (Thumb, 0 bytes, Stack size unknown bytes, libinit2.o(.ARM.Collect$$libinit$$00000021))

<P><STRONG><a name="[24c]"></a>__rt_lib_init_cpp_1</STRONG> (Thumb, 0 bytes, Stack size unknown bytes, libinit2.o(.ARM.Collect$$libinit$$00000032))

<P><STRONG><a name="[24d]"></a>__rt_lib_init_exceptions_1</STRONG> (Thumb, 0 bytes, Stack size unknown bytes, libinit2.o(.ARM.Collect$$libinit$$00000030))

<P><STRONG><a name="[24e]"></a>__rt_lib_init_fp_1</STRONG> (Thumb, 0 bytes, Stack size unknown bytes, libinit2.o(.ARM.Collect$$libinit$$00000002))

<P><STRONG><a name="[24f]"></a>__rt_lib_init_fp_trap_1</STRONG> (Thumb, 0 bytes, Stack size unknown bytes, libinit2.o(.ARM.Collect$$libinit$$0000001F))

<P><STRONG><a name="[250]"></a>__rt_lib_init_getenv_1</STRONG> (Thumb, 0 bytes, Stack size unknown bytes, libinit2.o(.ARM.Collect$$libinit$$00000023))

<P><STRONG><a name="[251]"></a>__rt_lib_init_heap_1</STRONG> (Thumb, 0 bytes, Stack size unknown bytes, libinit2.o(.ARM.Collect$$libinit$$0000000A))

<P><STRONG><a name="[252]"></a>__rt_lib_init_lc_collate_1</STRONG> (Thumb, 0 bytes, Stack size unknown bytes, libinit2.o(.ARM.Collect$$libinit$$00000011))

<P><STRONG><a name="[253]"></a>__rt_lib_init_lc_ctype_1</STRONG> (Thumb, 0 bytes, Stack size unknown bytes, libinit2.o(.ARM.Collect$$libinit$$00000013))

<P><STRONG><a name="[254]"></a>__rt_lib_init_lc_monetary_1</STRONG> (Thumb, 0 bytes, Stack size unknown bytes, libinit2.o(.ARM.Collect$$libinit$$00000015))

<P><STRONG><a name="[255]"></a>__rt_lib_init_lc_numeric_1</STRONG> (Thumb, 0 bytes, Stack size unknown bytes, libinit2.o(.ARM.Collect$$libinit$$00000017))

<P><STRONG><a name="[256]"></a>__rt_lib_init_lc_time_1</STRONG> (Thumb, 0 bytes, Stack size unknown bytes, libinit2.o(.ARM.Collect$$libinit$$00000019))

<P><STRONG><a name="[257]"></a>__rt_lib_init_preinit_1</STRONG> (Thumb, 0 bytes, Stack size unknown bytes, libinit2.o(.ARM.Collect$$libinit$$00000004))

<P><STRONG><a name="[258]"></a>__rt_lib_init_rand_1</STRONG> (Thumb, 0 bytes, Stack size unknown bytes, libinit2.o(.ARM.Collect$$libinit$$0000000E))

<P><STRONG><a name="[259]"></a>__rt_lib_init_return</STRONG> (Thumb, 0 bytes, Stack size unknown bytes, libinit2.o(.ARM.Collect$$libinit$$00000033))

<P><STRONG><a name="[25a]"></a>__rt_lib_init_signal_1</STRONG> (Thumb, 0 bytes, Stack size unknown bytes, libinit2.o(.ARM.Collect$$libinit$$0000001D))

<P><STRONG><a name="[25b]"></a>__rt_lib_init_stdio_1</STRONG> (Thumb, 0 bytes, Stack size unknown bytes, libinit2.o(.ARM.Collect$$libinit$$00000025))

<P><STRONG><a name="[25c]"></a>__rt_lib_init_user_alloc_1</STRONG> (Thumb, 0 bytes, Stack size unknown bytes, libinit2.o(.ARM.Collect$$libinit$$0000000C))

<P><STRONG><a name="[3b]"></a>__rt_entry</STRONG> (Thumb, 0 bytes, Stack size unknown bytes, __rtentry.o(.ARM.Collect$$rtentry$$00000000))
<BR><BR>[Called By]<UL><LI><a href="#[3c]">&gt;&gt;</a>&nbsp;&nbsp;&nbsp;__scatterload_rt2
<LI><a href="#[39]">&gt;&gt;</a>&nbsp;&nbsp;&nbsp;__main
</UL>

<P><STRONG><a name="[25d]"></a>__rt_entry_presh_1</STRONG> (Thumb, 0 bytes, Stack size unknown bytes, __rtentry2.o(.ARM.Collect$$rtentry$$00000002))

<P><STRONG><a name="[41]"></a>__rt_entry_sh</STRONG> (Thumb, 0 bytes, Stack size unknown bytes, __rtentry4.o(.ARM.Collect$$rtentry$$00000004))
<BR><BR>[Stack]<UL><LI>Max Depth = 8 + Unknown Stack Size
<LI>Call Chain = __rt_entry_sh &rArr; __user_setup_stackheap
</UL>
<BR>[Calls]<UL><LI><a href="#[42]">&gt;&gt;</a>&nbsp;&nbsp;&nbsp;__user_setup_stackheap
</UL>

<P><STRONG><a name="[43]"></a>__rt_entry_li</STRONG> (Thumb, 0 bytes, Stack size unknown bytes, __rtentry2.o(.ARM.Collect$$rtentry$$0000000A))
<BR><BR>[Calls]<UL><LI><a href="#[44]">&gt;&gt;</a>&nbsp;&nbsp;&nbsp;__rt_lib_init
</UL>

<P><STRONG><a name="[25e]"></a>__rt_entry_postsh_1</STRONG> (Thumb, 0 bytes, Stack size unknown bytes, __rtentry2.o(.ARM.Collect$$rtentry$$00000009))

<P><STRONG><a name="[45]"></a>__rt_entry_main</STRONG> (Thumb, 0 bytes, Stack size unknown bytes, __rtentry2.o(.ARM.Collect$$rtentry$$0000000D))
<BR><BR>[Stack]<UL><LI>Max Depth = 864 + Unknown Stack Size
<LI>Call Chain = __rt_entry_main &rArr; main &rArr; KeyboardFunction &rArr; ArgCardOperation &rArr; GUI_NetParameters &rArr; GUI_ShowListMenu &rArr; LCD_DisplayStr &rArr; DisplayString &rArr; Show_Font &rArr; Get_HzMat &rArr; ZiKu_GetChineseChar
</UL>
<BR>[Calls]<UL><LI><a href="#[46]">&gt;&gt;</a>&nbsp;&nbsp;&nbsp;main
</UL>

<P><STRONG><a name="[25f]"></a>__rt_entry_postli_1</STRONG> (Thumb, 0 bytes, Stack size unknown bytes, __rtentry2.o(.ARM.Collect$$rtentry$$0000000C))

<P><STRONG><a name="[2f]"></a>SystemInit</STRONG> (Thumb, 298 bytes, Stack size 0 bytes, system_lpc17xx.o(.text))
<BR><BR>[Called By]<UL><LI><a href="#[138]">&gt;&gt;</a>&nbsp;&nbsp;&nbsp;System_Init
</UL>
<BR>[Address Reference Count : 1]<UL><LI> startup_lpc17xx.o(.text)
</UL>
<P><STRONG><a name="[47]"></a>__aeabi_memset</STRONG> (Thumb, 16 bytes, Stack size 0 bytes, aeabi_memset.o(.text))
<BR><BR>[Calls]<UL><LI><a href="#[48]">&gt;&gt;</a>&nbsp;&nbsp;&nbsp;_memset
</UL>
<BR>[Called By]<UL><LI><a href="#[10a]">&gt;&gt;</a>&nbsp;&nbsp;&nbsp;Init_CardKey
<LI><a href="#[e2]">&gt;&gt;</a>&nbsp;&nbsp;&nbsp;RF_ReadCard
<LI><a href="#[22a]">&gt;&gt;</a>&nbsp;&nbsp;&nbsp;SendCmdToFingerprint
<LI><a href="#[1d0]">&gt;&gt;</a>&nbsp;&nbsp;&nbsp;GUI_QueryBoxStatusList
<LI><a href="#[1c6]">&gt;&gt;</a>&nbsp;&nbsp;&nbsp;GUI_ShowPassword
</UL>

<P><STRONG><a name="[2]"></a>Reset_Handler</STRONG> (Thumb, 8 bytes, Stack size 0 bytes, startup_lpc17xx.o(.text))
<BR>[Address Reference Count : 1]<UL><LI> startup_lpc17xx.o(RESET)
</UL>
<P><STRONG><a name="[3]"></a>NMI_Handler</STRONG> (Thumb, 2 bytes, Stack size 0 bytes, startup_lpc17xx.o(.text))
<BR><BR>[Calls]<UL><LI><a href="#[3]">&gt;&gt;</a>&nbsp;&nbsp;&nbsp;NMI_Handler
</UL>
<BR>[Called By]<UL><LI><a href="#[3]">&gt;&gt;</a>&nbsp;&nbsp;&nbsp;NMI_Handler
</UL>
<BR>[Address Reference Count : 1]<UL><LI> startup_lpc17xx.o(RESET)
</UL>
<P><STRONG><a name="[4]"></a>HardFault_Handler</STRONG> (Thumb, 2 bytes, Stack size 0 bytes, startup_lpc17xx.o(.text))
<BR><BR>[Calls]<UL><LI><a href="#[4]">&gt;&gt;</a>&nbsp;&nbsp;&nbsp;HardFault_Handler
</UL>
<BR>[Called By]<UL><LI><a href="#[4]">&gt;&gt;</a>&nbsp;&nbsp;&nbsp;HardFault_Handler
</UL>
<BR>[Address Reference Count : 1]<UL><LI> startup_lpc17xx.o(RESET)
</UL>
<P><STRONG><a name="[5]"></a>MemManage_Handler</STRONG> (Thumb, 2 bytes, Stack size 0 bytes, startup_lpc17xx.o(.text))
<BR><BR>[Calls]<UL><LI><a href="#[5]">&gt;&gt;</a>&nbsp;&nbsp;&nbsp;MemManage_Handler
</UL>
<BR>[Called By]<UL><LI><a href="#[5]">&gt;&gt;</a>&nbsp;&nbsp;&nbsp;MemManage_Handler
</UL>
<BR>[Address Reference Count : 1]<UL><LI> startup_lpc17xx.o(RESET)
</UL>
<P><STRONG><a name="[6]"></a>BusFault_Handler</STRONG> (Thumb, 2 bytes, Stack size 0 bytes, startup_lpc17xx.o(.text))
<BR><BR>[Calls]<UL><LI><a href="#[6]">&gt;&gt;</a>&nbsp;&nbsp;&nbsp;BusFault_Handler
</UL>
<BR>[Called By]<UL><LI><a href="#[6]">&gt;&gt;</a>&nbsp;&nbsp;&nbsp;BusFault_Handler
</UL>
<BR>[Address Reference Count : 1]<UL><LI> startup_lpc17xx.o(RESET)
</UL>
<P><STRONG><a name="[7]"></a>UsageFault_Handler</STRONG> (Thumb, 2 bytes, Stack size 0 bytes, startup_lpc17xx.o(.text))
<BR><BR>[Calls]<UL><LI><a href="#[7]">&gt;&gt;</a>&nbsp;&nbsp;&nbsp;UsageFault_Handler
</UL>
<BR>[Called By]<UL><LI><a href="#[7]">&gt;&gt;</a>&nbsp;&nbsp;&nbsp;UsageFault_Handler
</UL>
<BR>[Address Reference Count : 1]<UL><LI> startup_lpc17xx.o(RESET)
</UL>
<P><STRONG><a name="[8]"></a>SVC_Handler</STRONG> (Thumb, 2 bytes, Stack size 0 bytes, startup_lpc17xx.o(.text))
<BR><BR>[Calls]<UL><LI><a href="#[8]">&gt;&gt;</a>&nbsp;&nbsp;&nbsp;SVC_Handler
</UL>
<BR>[Called By]<UL><LI><a href="#[8]">&gt;&gt;</a>&nbsp;&nbsp;&nbsp;SVC_Handler
</UL>
<BR>[Address Reference Count : 1]<UL><LI> startup_lpc17xx.o(RESET)
</UL>
<P><STRONG><a name="[9]"></a>DebugMon_Handler</STRONG> (Thumb, 2 bytes, Stack size 0 bytes, startup_lpc17xx.o(.text))
<BR><BR>[Calls]<UL><LI><a href="#[9]">&gt;&gt;</a>&nbsp;&nbsp;&nbsp;DebugMon_Handler
</UL>
<BR>[Called By]<UL><LI><a href="#[9]">&gt;&gt;</a>&nbsp;&nbsp;&nbsp;DebugMon_Handler
</UL>
<BR>[Address Reference Count : 1]<UL><LI> startup_lpc17xx.o(RESET)
</UL>
<P><STRONG><a name="[a]"></a>PendSV_Handler</STRONG> (Thumb, 2 bytes, Stack size 0 bytes, startup_lpc17xx.o(.text))
<BR><BR>[Calls]<UL><LI><a href="#[a]">&gt;&gt;</a>&nbsp;&nbsp;&nbsp;PendSV_Handler
</UL>
<BR>[Called By]<UL><LI><a href="#[a]">&gt;&gt;</a>&nbsp;&nbsp;&nbsp;PendSV_Handler
</UL>
<BR>[Address Reference Count : 1]<UL><LI> startup_lpc17xx.o(RESET)
</UL>
<P><STRONG><a name="[22]"></a>ADC_IRQHandler</STRONG> (Thumb, 0 bytes, Stack size 0 bytes, startup_lpc17xx.o(.text))
<BR><BR>[Calls]<UL><LI><a href="#[22]">&gt;&gt;</a>&nbsp;&nbsp;&nbsp;ADC_IRQHandler
</UL>
<BR>[Called By]<UL><LI><a href="#[22]">&gt;&gt;</a>&nbsp;&nbsp;&nbsp;ADC_IRQHandler
</UL>
<BR>[Address Reference Count : 1]<UL><LI> startup_lpc17xx.o(RESET)
</UL>
<P><STRONG><a name="[23]"></a>BOD_IRQHandler</STRONG> (Thumb, 0 bytes, Stack size 0 bytes, startup_lpc17xx.o(.text))
<BR>[Address Reference Count : 1]<UL><LI> startup_lpc17xx.o(RESET)
</UL>
<P><STRONG><a name="[2e]"></a>CANActivity_IRQHandler</STRONG> (Thumb, 0 bytes, Stack size 0 bytes, startup_lpc17xx.o(.text))
<BR>[Address Reference Count : 1]<UL><LI> startup_lpc17xx.o(RESET)
</UL>
<P><STRONG><a name="[25]"></a>CAN_IRQHandler</STRONG> (Thumb, 0 bytes, Stack size 0 bytes, startup_lpc17xx.o(.text))
<BR>[Address Reference Count : 1]<UL><LI> startup_lpc17xx.o(RESET)
</UL>
<P><STRONG><a name="[26]"></a>DMA_IRQHandler</STRONG> (Thumb, 0 bytes, Stack size 0 bytes, startup_lpc17xx.o(.text))
<BR>[Address Reference Count : 1]<UL><LI> startup_lpc17xx.o(RESET)
</UL>
<P><STRONG><a name="[1e]"></a>EINT0_IRQHandler</STRONG> (Thumb, 0 bytes, Stack size 0 bytes, startup_lpc17xx.o(.text))
<BR>[Address Reference Count : 1]<UL><LI> startup_lpc17xx.o(RESET)
</UL>
<P><STRONG><a name="[1f]"></a>EINT1_IRQHandler</STRONG> (Thumb, 0 bytes, Stack size 0 bytes, startup_lpc17xx.o(.text))
<BR>[Address Reference Count : 1]<UL><LI> startup_lpc17xx.o(RESET)
</UL>
<P><STRONG><a name="[20]"></a>EINT2_IRQHandler</STRONG> (Thumb, 0 bytes, Stack size 0 bytes, startup_lpc17xx.o(.text))
<BR>[Address Reference Count : 1]<UL><LI> startup_lpc17xx.o(RESET)
</UL>
<P><STRONG><a name="[28]"></a>ENET_IRQHandler</STRONG> (Thumb, 0 bytes, Stack size 0 bytes, startup_lpc17xx.o(.text))
<BR>[Address Reference Count : 1]<UL><LI> startup_lpc17xx.o(RESET)
</UL>
<P><STRONG><a name="[16]"></a>I2C0_IRQHandler</STRONG> (Thumb, 0 bytes, Stack size 0 bytes, startup_lpc17xx.o(.text))
<BR>[Address Reference Count : 1]<UL><LI> startup_lpc17xx.o(RESET)
</UL>
<P><STRONG><a name="[17]"></a>I2C1_IRQHandler</STRONG> (Thumb, 0 bytes, Stack size 0 bytes, startup_lpc17xx.o(.text))
<BR>[Address Reference Count : 1]<UL><LI> startup_lpc17xx.o(RESET)
</UL>
<P><STRONG><a name="[18]"></a>I2C2_IRQHandler</STRONG> (Thumb, 0 bytes, Stack size 0 bytes, startup_lpc17xx.o(.text))
<BR>[Address Reference Count : 1]<UL><LI> startup_lpc17xx.o(RESET)
</UL>
<P><STRONG><a name="[27]"></a>I2S_IRQHandler</STRONG> (Thumb, 0 bytes, Stack size 0 bytes, startup_lpc17xx.o(.text))
<BR>[Address Reference Count : 1]<UL><LI> startup_lpc17xx.o(RESET)
</UL>
<P><STRONG><a name="[2a]"></a>MCPWM_IRQHandler</STRONG> (Thumb, 0 bytes, Stack size 0 bytes, startup_lpc17xx.o(.text))
<BR>[Address Reference Count : 1]<UL><LI> startup_lpc17xx.o(RESET)
</UL>
<P><STRONG><a name="[1c]"></a>PLL0_IRQHandler</STRONG> (Thumb, 0 bytes, Stack size 0 bytes, startup_lpc17xx.o(.text))
<BR>[Address Reference Count : 1]<UL><LI> startup_lpc17xx.o(RESET)
</UL>
<P><STRONG><a name="[2c]"></a>PLL1_IRQHandler</STRONG> (Thumb, 0 bytes, Stack size 0 bytes, startup_lpc17xx.o(.text))
<BR>[Address Reference Count : 1]<UL><LI> startup_lpc17xx.o(RESET)
</UL>
<P><STRONG><a name="[15]"></a>PWM1_IRQHandler</STRONG> (Thumb, 0 bytes, Stack size 0 bytes, startup_lpc17xx.o(.text))
<BR>[Address Reference Count : 1]<UL><LI> startup_lpc17xx.o(RESET)
</UL>
<P><STRONG><a name="[2b]"></a>QEI_IRQHandler</STRONG> (Thumb, 0 bytes, Stack size 0 bytes, startup_lpc17xx.o(.text))
<BR>[Address Reference Count : 1]<UL><LI> startup_lpc17xx.o(RESET)
</UL>
<P><STRONG><a name="[29]"></a>RIT_IRQHandler</STRONG> (Thumb, 0 bytes, Stack size 0 bytes, startup_lpc17xx.o(.text))
<BR>[Address Reference Count : 1]<UL><LI> startup_lpc17xx.o(RESET)
</UL>
<P><STRONG><a name="[1d]"></a>RTC_IRQHandler</STRONG> (Thumb, 0 bytes, Stack size 0 bytes, startup_lpc17xx.o(.text))
<BR>[Address Reference Count : 1]<UL><LI> startup_lpc17xx.o(RESET)
</UL>
<P><STRONG><a name="[19]"></a>SPI_IRQHandler</STRONG> (Thumb, 0 bytes, Stack size 0 bytes, startup_lpc17xx.o(.text))
<BR>[Address Reference Count : 1]<UL><LI> startup_lpc17xx.o(RESET)
</UL>
<P><STRONG><a name="[1a]"></a>SSP0_IRQHandler</STRONG> (Thumb, 0 bytes, Stack size 0 bytes, startup_lpc17xx.o(.text))
<BR>[Address Reference Count : 1]<UL><LI> startup_lpc17xx.o(RESET)
</UL>
<P><STRONG><a name="[1b]"></a>SSP1_IRQHandler</STRONG> (Thumb, 0 bytes, Stack size 0 bytes, startup_lpc17xx.o(.text))
<BR>[Address Reference Count : 1]<UL><LI> startup_lpc17xx.o(RESET)
</UL>
<P><STRONG><a name="[e]"></a>TIMER1_IRQHandler</STRONG> (Thumb, 0 bytes, Stack size 0 bytes, startup_lpc17xx.o(.text))
<BR>[Address Reference Count : 1]<UL><LI> startup_lpc17xx.o(RESET)
</UL>
<P><STRONG><a name="[f]"></a>TIMER2_IRQHandler</STRONG> (Thumb, 0 bytes, Stack size 0 bytes, startup_lpc17xx.o(.text))
<BR>[Address Reference Count : 1]<UL><LI> startup_lpc17xx.o(RESET)
</UL>
<P><STRONG><a name="[10]"></a>TIMER3_IRQHandler</STRONG> (Thumb, 0 bytes, Stack size 0 bytes, startup_lpc17xx.o(.text))
<BR>[Address Reference Count : 1]<UL><LI> startup_lpc17xx.o(RESET)
</UL>
<P><STRONG><a name="[2d]"></a>USBActivity_IRQHandler</STRONG> (Thumb, 0 bytes, Stack size 0 bytes, startup_lpc17xx.o(.text))
<BR>[Address Reference Count : 1]<UL><LI> startup_lpc17xx.o(RESET)
</UL>
<P><STRONG><a name="[24]"></a>USB_IRQHandler</STRONG> (Thumb, 0 bytes, Stack size 0 bytes, startup_lpc17xx.o(.text))
<BR>[Address Reference Count : 1]<UL><LI> startup_lpc17xx.o(RESET)
</UL>
<P><STRONG><a name="[c]"></a>WDT_IRQHandler</STRONG> (Thumb, 0 bytes, Stack size 0 bytes, startup_lpc17xx.o(.text))
<BR>[Address Reference Count : 1]<UL><LI> startup_lpc17xx.o(RESET)
</UL>
<P><STRONG><a name="[241]"></a>__user_initial_stackheap</STRONG> (Thumb, 0 bytes, Stack size unknown bytes, startup_lpc17xx.o(.text))
<BR><BR>[Called By]<UL><LI><a href="#[42]">&gt;&gt;</a>&nbsp;&nbsp;&nbsp;__user_setup_stackheap
</UL>

<P><STRONG><a name="[4a]"></a>I2C_SDA_IO_SET</STRONG> (Thumb, 30 bytes, Stack size 0 bytes, drv_eeprom.o(.text))
<BR><BR>[Called By]<UL><LI><a href="#[52]">&gt;&gt;</a>&nbsp;&nbsp;&nbsp;EP_ReadByte
<LI><a href="#[51]">&gt;&gt;</a>&nbsp;&nbsp;&nbsp;EP_WriteByte
<LI><a href="#[50]">&gt;&gt;</a>&nbsp;&nbsp;&nbsp;NO_ACK
<LI><a href="#[4f]">&gt;&gt;</a>&nbsp;&nbsp;&nbsp;MCU_Send_ACK
<LI><a href="#[4e]">&gt;&gt;</a>&nbsp;&nbsp;&nbsp;MCU_Read_ACK
<LI><a href="#[4d]">&gt;&gt;</a>&nbsp;&nbsp;&nbsp;EP_Stop
<LI><a href="#[4b]">&gt;&gt;</a>&nbsp;&nbsp;&nbsp;EP_Start
<LI><a href="#[49]">&gt;&gt;</a>&nbsp;&nbsp;&nbsp;I2C_Eeprom_Init
</UL>

<P><STRONG><a name="[49]"></a>I2C_Eeprom_Init</STRONG> (Thumb, 72 bytes, Stack size 4 bytes, drv_eeprom.o(.text))
<BR><BR>[Stack]<UL><LI>Max Depth = 4<LI>Call Chain = I2C_Eeprom_Init
</UL>
<BR>[Calls]<UL><LI><a href="#[4a]">&gt;&gt;</a>&nbsp;&nbsp;&nbsp;I2C_SDA_IO_SET
</UL>
<BR>[Called By]<UL><LI><a href="#[138]">&gt;&gt;</a>&nbsp;&nbsp;&nbsp;System_Init
</UL>

<P><STRONG><a name="[4c]"></a>EP_Delay_us</STRONG> (Thumb, 40 bytes, Stack size 12 bytes, drv_eeprom.o(.text))
<BR><BR>[Stack]<UL><LI>Max Depth = 12<LI>Call Chain = EP_Delay_us
</UL>
<BR>[Called By]<UL><LI><a href="#[56]">&gt;&gt;</a>&nbsp;&nbsp;&nbsp;I2C_EE_BufferWrite
<LI><a href="#[52]">&gt;&gt;</a>&nbsp;&nbsp;&nbsp;EP_ReadByte
<LI><a href="#[51]">&gt;&gt;</a>&nbsp;&nbsp;&nbsp;EP_WriteByte
<LI><a href="#[50]">&gt;&gt;</a>&nbsp;&nbsp;&nbsp;NO_ACK
<LI><a href="#[4f]">&gt;&gt;</a>&nbsp;&nbsp;&nbsp;MCU_Send_ACK
<LI><a href="#[4e]">&gt;&gt;</a>&nbsp;&nbsp;&nbsp;MCU_Read_ACK
<LI><a href="#[4d]">&gt;&gt;</a>&nbsp;&nbsp;&nbsp;EP_Stop
<LI><a href="#[4b]">&gt;&gt;</a>&nbsp;&nbsp;&nbsp;EP_Start
</UL>

<P><STRONG><a name="[4b]"></a>EP_Start</STRONG> (Thumb, 56 bytes, Stack size 4 bytes, drv_eeprom.o(.text))
<BR><BR>[Stack]<UL><LI>Max Depth = 16<LI>Call Chain = EP_Start &rArr; EP_Delay_us
</UL>
<BR>[Calls]<UL><LI><a href="#[4c]">&gt;&gt;</a>&nbsp;&nbsp;&nbsp;EP_Delay_us
<LI><a href="#[4a]">&gt;&gt;</a>&nbsp;&nbsp;&nbsp;I2C_SDA_IO_SET
</UL>
<BR>[Called By]<UL><LI><a href="#[57]">&gt;&gt;</a>&nbsp;&nbsp;&nbsp;I2C_EE_BufferRead
<LI><a href="#[55]">&gt;&gt;</a>&nbsp;&nbsp;&nbsp;I2C_EE_PageWrite
<LI><a href="#[54]">&gt;&gt;</a>&nbsp;&nbsp;&nbsp;I2C_EE_ByteRead
<LI><a href="#[53]">&gt;&gt;</a>&nbsp;&nbsp;&nbsp;I2C_EE_ByteWrite
</UL>

<P><STRONG><a name="[4d]"></a>EP_Stop</STRONG> (Thumb, 88 bytes, Stack size 4 bytes, drv_eeprom.o(.text))
<BR><BR>[Stack]<UL><LI>Max Depth = 16<LI>Call Chain = EP_Stop &rArr; EP_Delay_us
</UL>
<BR>[Calls]<UL><LI><a href="#[4c]">&gt;&gt;</a>&nbsp;&nbsp;&nbsp;EP_Delay_us
<LI><a href="#[4a]">&gt;&gt;</a>&nbsp;&nbsp;&nbsp;I2C_SDA_IO_SET
</UL>
<BR>[Called By]<UL><LI><a href="#[57]">&gt;&gt;</a>&nbsp;&nbsp;&nbsp;I2C_EE_BufferRead
<LI><a href="#[55]">&gt;&gt;</a>&nbsp;&nbsp;&nbsp;I2C_EE_PageWrite
<LI><a href="#[54]">&gt;&gt;</a>&nbsp;&nbsp;&nbsp;I2C_EE_ByteRead
<LI><a href="#[53]">&gt;&gt;</a>&nbsp;&nbsp;&nbsp;I2C_EE_ByteWrite
</UL>

<P><STRONG><a name="[4e]"></a>MCU_Read_ACK</STRONG> (Thumb, 82 bytes, Stack size 8 bytes, drv_eeprom.o(.text))
<BR><BR>[Stack]<UL><LI>Max Depth = 20<LI>Call Chain = MCU_Read_ACK &rArr; EP_Delay_us
</UL>
<BR>[Calls]<UL><LI><a href="#[4c]">&gt;&gt;</a>&nbsp;&nbsp;&nbsp;EP_Delay_us
<LI><a href="#[4a]">&gt;&gt;</a>&nbsp;&nbsp;&nbsp;I2C_SDA_IO_SET
</UL>
<BR>[Called By]<UL><LI><a href="#[57]">&gt;&gt;</a>&nbsp;&nbsp;&nbsp;I2C_EE_BufferRead
<LI><a href="#[55]">&gt;&gt;</a>&nbsp;&nbsp;&nbsp;I2C_EE_PageWrite
<LI><a href="#[54]">&gt;&gt;</a>&nbsp;&nbsp;&nbsp;I2C_EE_ByteRead
<LI><a href="#[53]">&gt;&gt;</a>&nbsp;&nbsp;&nbsp;I2C_EE_ByteWrite
</UL>

<P><STRONG><a name="[4f]"></a>MCU_Send_ACK</STRONG> (Thumb, 76 bytes, Stack size 4 bytes, drv_eeprom.o(.text))
<BR><BR>[Stack]<UL><LI>Max Depth = 16<LI>Call Chain = MCU_Send_ACK &rArr; EP_Delay_us
</UL>
<BR>[Calls]<UL><LI><a href="#[4c]">&gt;&gt;</a>&nbsp;&nbsp;&nbsp;EP_Delay_us
<LI><a href="#[4a]">&gt;&gt;</a>&nbsp;&nbsp;&nbsp;I2C_SDA_IO_SET
</UL>
<BR>[Called By]<UL><LI><a href="#[57]">&gt;&gt;</a>&nbsp;&nbsp;&nbsp;I2C_EE_BufferRead
</UL>

<P><STRONG><a name="[50]"></a>NO_ACK</STRONG> (Thumb, 76 bytes, Stack size 4 bytes, drv_eeprom.o(.text))
<BR><BR>[Stack]<UL><LI>Max Depth = 16<LI>Call Chain = NO_ACK &rArr; EP_Delay_us
</UL>
<BR>[Calls]<UL><LI><a href="#[4c]">&gt;&gt;</a>&nbsp;&nbsp;&nbsp;EP_Delay_us
<LI><a href="#[4a]">&gt;&gt;</a>&nbsp;&nbsp;&nbsp;I2C_SDA_IO_SET
</UL>
<BR>[Called By]<UL><LI><a href="#[57]">&gt;&gt;</a>&nbsp;&nbsp;&nbsp;I2C_EE_BufferRead
<LI><a href="#[54]">&gt;&gt;</a>&nbsp;&nbsp;&nbsp;I2C_EE_ByteRead
</UL>

<P><STRONG><a name="[51]"></a>EP_WriteByte</STRONG> (Thumb, 128 bytes, Stack size 12 bytes, drv_eeprom.o(.text))
<BR><BR>[Stack]<UL><LI>Max Depth = 24<LI>Call Chain = EP_WriteByte &rArr; EP_Delay_us
</UL>
<BR>[Calls]<UL><LI><a href="#[4c]">&gt;&gt;</a>&nbsp;&nbsp;&nbsp;EP_Delay_us
<LI><a href="#[4a]">&gt;&gt;</a>&nbsp;&nbsp;&nbsp;I2C_SDA_IO_SET
</UL>
<BR>[Called By]<UL><LI><a href="#[57]">&gt;&gt;</a>&nbsp;&nbsp;&nbsp;I2C_EE_BufferRead
<LI><a href="#[55]">&gt;&gt;</a>&nbsp;&nbsp;&nbsp;I2C_EE_PageWrite
<LI><a href="#[54]">&gt;&gt;</a>&nbsp;&nbsp;&nbsp;I2C_EE_ByteRead
<LI><a href="#[53]">&gt;&gt;</a>&nbsp;&nbsp;&nbsp;I2C_EE_ByteWrite
</UL>

<P><STRONG><a name="[52]"></a>EP_ReadByte</STRONG> (Thumb, 122 bytes, Stack size 12 bytes, drv_eeprom.o(.text))
<BR><BR>[Stack]<UL><LI>Max Depth = 24<LI>Call Chain = EP_ReadByte &rArr; EP_Delay_us
</UL>
<BR>[Calls]<UL><LI><a href="#[4c]">&gt;&gt;</a>&nbsp;&nbsp;&nbsp;EP_Delay_us
<LI><a href="#[4a]">&gt;&gt;</a>&nbsp;&nbsp;&nbsp;I2C_SDA_IO_SET
</UL>
<BR>[Called By]<UL><LI><a href="#[57]">&gt;&gt;</a>&nbsp;&nbsp;&nbsp;I2C_EE_BufferRead
<LI><a href="#[54]">&gt;&gt;</a>&nbsp;&nbsp;&nbsp;I2C_EE_ByteRead
</UL>

<P><STRONG><a name="[53]"></a>I2C_EE_ByteWrite</STRONG> (Thumb, 110 bytes, Stack size 24 bytes, drv_eeprom.o(.text), UNUSED)
<BR><BR>[Calls]<UL><LI><a href="#[51]">&gt;&gt;</a>&nbsp;&nbsp;&nbsp;EP_WriteByte
<LI><a href="#[4e]">&gt;&gt;</a>&nbsp;&nbsp;&nbsp;MCU_Read_ACK
<LI><a href="#[4d]">&gt;&gt;</a>&nbsp;&nbsp;&nbsp;EP_Stop
<LI><a href="#[4b]">&gt;&gt;</a>&nbsp;&nbsp;&nbsp;EP_Start
</UL>

<P><STRONG><a name="[54]"></a>I2C_EE_ByteRead</STRONG> (Thumb, 138 bytes, Stack size 24 bytes, drv_eeprom.o(.text), UNUSED)
<BR><BR>[Calls]<UL><LI><a href="#[52]">&gt;&gt;</a>&nbsp;&nbsp;&nbsp;EP_ReadByte
<LI><a href="#[51]">&gt;&gt;</a>&nbsp;&nbsp;&nbsp;EP_WriteByte
<LI><a href="#[50]">&gt;&gt;</a>&nbsp;&nbsp;&nbsp;NO_ACK
<LI><a href="#[4e]">&gt;&gt;</a>&nbsp;&nbsp;&nbsp;MCU_Read_ACK
<LI><a href="#[4d]">&gt;&gt;</a>&nbsp;&nbsp;&nbsp;EP_Stop
<LI><a href="#[4b]">&gt;&gt;</a>&nbsp;&nbsp;&nbsp;EP_Start
</UL>

<P><STRONG><a name="[55]"></a>I2C_EE_PageWrite</STRONG> (Thumb, 150 bytes, Stack size 32 bytes, drv_eeprom.o(.text))
<BR><BR>[Stack]<UL><LI>Max Depth = 56<LI>Call Chain = I2C_EE_PageWrite &rArr; EP_WriteByte &rArr; EP_Delay_us
</UL>
<BR>[Calls]<UL><LI><a href="#[51]">&gt;&gt;</a>&nbsp;&nbsp;&nbsp;EP_WriteByte
<LI><a href="#[4e]">&gt;&gt;</a>&nbsp;&nbsp;&nbsp;MCU_Read_ACK
<LI><a href="#[4d]">&gt;&gt;</a>&nbsp;&nbsp;&nbsp;EP_Stop
<LI><a href="#[4b]">&gt;&gt;</a>&nbsp;&nbsp;&nbsp;EP_Start
</UL>
<BR>[Called By]<UL><LI><a href="#[56]">&gt;&gt;</a>&nbsp;&nbsp;&nbsp;I2C_EE_BufferWrite
</UL>

<P><STRONG><a name="[56]"></a>I2C_EE_BufferWrite</STRONG> (Thumb, 340 bytes, Stack size 40 bytes, drv_eeprom.o(.text))
<BR><BR>[Stack]<UL><LI>Max Depth = 96<LI>Call Chain = I2C_EE_BufferWrite &rArr; I2C_EE_PageWrite &rArr; EP_WriteByte &rArr; EP_Delay_us
</UL>
<BR>[Calls]<UL><LI><a href="#[55]">&gt;&gt;</a>&nbsp;&nbsp;&nbsp;I2C_EE_PageWrite
<LI><a href="#[4c]">&gt;&gt;</a>&nbsp;&nbsp;&nbsp;EP_Delay_us
</UL>
<BR>[Called By]<UL><LI><a href="#[180]">&gt;&gt;</a>&nbsp;&nbsp;&nbsp;AddOneValidCardNum
<LI><a href="#[16a]">&gt;&gt;</a>&nbsp;&nbsp;&nbsp;Comm_Set_ValidCardList
<LI><a href="#[157]">&gt;&gt;</a>&nbsp;&nbsp;&nbsp;Comm_EepromWrite
<LI><a href="#[103]">&gt;&gt;</a>&nbsp;&nbsp;&nbsp;Write_Parameters
<LI><a href="#[fb]">&gt;&gt;</a>&nbsp;&nbsp;&nbsp;Store_Parameters
<LI><a href="#[204]">&gt;&gt;</a>&nbsp;&nbsp;&nbsp;Clr_AllValidCard
</UL>

<P><STRONG><a name="[57]"></a>I2C_EE_BufferRead</STRONG> (Thumb, 160 bytes, Stack size 32 bytes, drv_eeprom.o(.text))
<BR><BR>[Stack]<UL><LI>Max Depth = 56<LI>Call Chain = I2C_EE_BufferRead &rArr; EP_ReadByte &rArr; EP_Delay_us
</UL>
<BR>[Calls]<UL><LI><a href="#[52]">&gt;&gt;</a>&nbsp;&nbsp;&nbsp;EP_ReadByte
<LI><a href="#[51]">&gt;&gt;</a>&nbsp;&nbsp;&nbsp;EP_WriteByte
<LI><a href="#[50]">&gt;&gt;</a>&nbsp;&nbsp;&nbsp;NO_ACK
<LI><a href="#[4f]">&gt;&gt;</a>&nbsp;&nbsp;&nbsp;MCU_Send_ACK
<LI><a href="#[4e]">&gt;&gt;</a>&nbsp;&nbsp;&nbsp;MCU_Read_ACK
<LI><a href="#[4d]">&gt;&gt;</a>&nbsp;&nbsp;&nbsp;EP_Stop
<LI><a href="#[4b]">&gt;&gt;</a>&nbsp;&nbsp;&nbsp;EP_Start
</UL>
<BR>[Called By]<UL><LI><a href="#[180]">&gt;&gt;</a>&nbsp;&nbsp;&nbsp;AddOneValidCardNum
<LI><a href="#[17f]">&gt;&gt;</a>&nbsp;&nbsp;&nbsp;CheckCardValid
<LI><a href="#[16b]">&gt;&gt;</a>&nbsp;&nbsp;&nbsp;Comm_Get_ValidCardList
<LI><a href="#[156]">&gt;&gt;</a>&nbsp;&nbsp;&nbsp;Comm_EepromRead
<LI><a href="#[104]">&gt;&gt;</a>&nbsp;&nbsp;&nbsp;Read_Parameters
</UL>

<P><STRONG><a name="[58]"></a>encWriteOp</STRONG> (Thumb, 36 bytes, Stack size 16 bytes, drv_enc28j60.o(.text))
<BR><BR>[Stack]<UL><LI>Max Depth = 16<LI>Call Chain = encWriteOp
</UL>
<BR>[Calls]<UL><LI><a href="#[5a]">&gt;&gt;</a>&nbsp;&nbsp;&nbsp;SPI_Send1Byte
<LI><a href="#[59]">&gt;&gt;</a>&nbsp;&nbsp;&nbsp;NetSPI_Enable
<LI><a href="#[5b]">&gt;&gt;</a>&nbsp;&nbsp;&nbsp;NetSPI_Disable
</UL>
<BR>[Called By]<UL><LI><a href="#[68]">&gt;&gt;</a>&nbsp;&nbsp;&nbsp;put_ethernet
<LI><a href="#[67]">&gt;&gt;</a>&nbsp;&nbsp;&nbsp;get_ethernet
<LI><a href="#[65]">&gt;&gt;</a>&nbsp;&nbsp;&nbsp;encInit
<LI><a href="#[62]">&gt;&gt;</a>&nbsp;&nbsp;&nbsp;encWrite
<LI><a href="#[60]">&gt;&gt;</a>&nbsp;&nbsp;&nbsp;encSetBank
</UL>

<P><STRONG><a name="[5c]"></a>encReadOp</STRONG> (Thumb, 48 bytes, Stack size 16 bytes, drv_enc28j60.o(.text))
<BR><BR>[Stack]<UL><LI>Max Depth = 16<LI>Call Chain = encReadOp
</UL>
<BR>[Calls]<UL><LI><a href="#[5a]">&gt;&gt;</a>&nbsp;&nbsp;&nbsp;SPI_Send1Byte
<LI><a href="#[5d]">&gt;&gt;</a>&nbsp;&nbsp;&nbsp;SPI_Read1Byte
<LI><a href="#[59]">&gt;&gt;</a>&nbsp;&nbsp;&nbsp;NetSPI_Enable
<LI><a href="#[5b]">&gt;&gt;</a>&nbsp;&nbsp;&nbsp;NetSPI_Disable
</UL>
<BR>[Called By]<UL><LI><a href="#[67]">&gt;&gt;</a>&nbsp;&nbsp;&nbsp;get_ethernet
<LI><a href="#[61]">&gt;&gt;</a>&nbsp;&nbsp;&nbsp;encRead
</UL>

<P><STRONG><a name="[5e]"></a>encReadBuffer</STRONG> (Thumb, 40 bytes, Stack size 16 bytes, drv_enc28j60.o(.text))
<BR><BR>[Stack]<UL><LI>Max Depth = 16<LI>Call Chain = encReadBuffer
</UL>
<BR>[Calls]<UL><LI><a href="#[5a]">&gt;&gt;</a>&nbsp;&nbsp;&nbsp;SPI_Send1Byte
<LI><a href="#[5d]">&gt;&gt;</a>&nbsp;&nbsp;&nbsp;SPI_Read1Byte
<LI><a href="#[59]">&gt;&gt;</a>&nbsp;&nbsp;&nbsp;NetSPI_Enable
<LI><a href="#[5b]">&gt;&gt;</a>&nbsp;&nbsp;&nbsp;NetSPI_Disable
</UL>
<BR>[Called By]<UL><LI><a href="#[67]">&gt;&gt;</a>&nbsp;&nbsp;&nbsp;get_ethernet
</UL>

<P><STRONG><a name="[5f]"></a>encWriteBuffer</STRONG> (Thumb, 40 bytes, Stack size 16 bytes, drv_enc28j60.o(.text))
<BR><BR>[Stack]<UL><LI>Max Depth = 16<LI>Call Chain = encWriteBuffer
</UL>
<BR>[Calls]<UL><LI><a href="#[5a]">&gt;&gt;</a>&nbsp;&nbsp;&nbsp;SPI_Send1Byte
<LI><a href="#[59]">&gt;&gt;</a>&nbsp;&nbsp;&nbsp;NetSPI_Enable
<LI><a href="#[5b]">&gt;&gt;</a>&nbsp;&nbsp;&nbsp;NetSPI_Disable
</UL>
<BR>[Called By]<UL><LI><a href="#[68]">&gt;&gt;</a>&nbsp;&nbsp;&nbsp;put_ethernet
</UL>

<P><STRONG><a name="[60]"></a>encSetBank</STRONG> (Thumb, 48 bytes, Stack size 8 bytes, drv_enc28j60.o(.text))
<BR><BR>[Stack]<UL><LI>Max Depth = 24<LI>Call Chain = encSetBank &rArr; encWriteOp
</UL>
<BR>[Calls]<UL><LI><a href="#[58]">&gt;&gt;</a>&nbsp;&nbsp;&nbsp;encWriteOp
</UL>
<BR>[Called By]<UL><LI><a href="#[65]">&gt;&gt;</a>&nbsp;&nbsp;&nbsp;encInit
<LI><a href="#[62]">&gt;&gt;</a>&nbsp;&nbsp;&nbsp;encWrite
<LI><a href="#[61]">&gt;&gt;</a>&nbsp;&nbsp;&nbsp;encRead
</UL>

<P><STRONG><a name="[61]"></a>encRead</STRONG> (Thumb, 20 bytes, Stack size 8 bytes, drv_enc28j60.o(.text))
<BR><BR>[Stack]<UL><LI>Max Depth = 32<LI>Call Chain = encRead &rArr; encSetBank &rArr; encWriteOp
</UL>
<BR>[Calls]<UL><LI><a href="#[60]">&gt;&gt;</a>&nbsp;&nbsp;&nbsp;encSetBank
<LI><a href="#[5c]">&gt;&gt;</a>&nbsp;&nbsp;&nbsp;encReadOp
</UL>
<BR>[Called By]<UL><LI><a href="#[68]">&gt;&gt;</a>&nbsp;&nbsp;&nbsp;put_ethernet
<LI><a href="#[67]">&gt;&gt;</a>&nbsp;&nbsp;&nbsp;get_ethernet
<LI><a href="#[65]">&gt;&gt;</a>&nbsp;&nbsp;&nbsp;encInit
<LI><a href="#[64]">&gt;&gt;</a>&nbsp;&nbsp;&nbsp;encPhyWrite
</UL>

<P><STRONG><a name="[62]"></a>encWrite</STRONG> (Thumb, 24 bytes, Stack size 16 bytes, drv_enc28j60.o(.text))
<BR><BR>[Stack]<UL><LI>Max Depth = 40<LI>Call Chain = encWrite &rArr; encSetBank &rArr; encWriteOp
</UL>
<BR>[Calls]<UL><LI><a href="#[60]">&gt;&gt;</a>&nbsp;&nbsp;&nbsp;encSetBank
<LI><a href="#[58]">&gt;&gt;</a>&nbsp;&nbsp;&nbsp;encWriteOp
</UL>
<BR>[Called By]<UL><LI><a href="#[68]">&gt;&gt;</a>&nbsp;&nbsp;&nbsp;put_ethernet
<LI><a href="#[67]">&gt;&gt;</a>&nbsp;&nbsp;&nbsp;get_ethernet
<LI><a href="#[65]">&gt;&gt;</a>&nbsp;&nbsp;&nbsp;encInit
<LI><a href="#[64]">&gt;&gt;</a>&nbsp;&nbsp;&nbsp;encPhyWrite
<LI><a href="#[63]">&gt;&gt;</a>&nbsp;&nbsp;&nbsp;nicSetMacAddress
</UL>

<P><STRONG><a name="[63]"></a>nicSetMacAddress</STRONG> (Thumb, 64 bytes, Stack size 8 bytes, drv_enc28j60.o(.text))
<BR><BR>[Stack]<UL><LI>Max Depth = 48<LI>Call Chain = nicSetMacAddress &rArr; encWrite &rArr; encSetBank &rArr; encWriteOp
</UL>
<BR>[Calls]<UL><LI><a href="#[62]">&gt;&gt;</a>&nbsp;&nbsp;&nbsp;encWrite
</UL>
<BR>[Called By]<UL><LI><a href="#[65]">&gt;&gt;</a>&nbsp;&nbsp;&nbsp;encInit
</UL>

<P><STRONG><a name="[64]"></a>encPhyWrite</STRONG> (Thumb, 64 bytes, Stack size 16 bytes, drv_enc28j60.o(.text))
<BR><BR>[Stack]<UL><LI>Max Depth = 56<LI>Call Chain = encPhyWrite &rArr; encWrite &rArr; encSetBank &rArr; encWriteOp
</UL>
<BR>[Calls]<UL><LI><a href="#[62]">&gt;&gt;</a>&nbsp;&nbsp;&nbsp;encWrite
<LI><a href="#[61]">&gt;&gt;</a>&nbsp;&nbsp;&nbsp;encRead
</UL>
<BR>[Called By]<UL><LI><a href="#[65]">&gt;&gt;</a>&nbsp;&nbsp;&nbsp;encInit
</UL>

<P><STRONG><a name="[65]"></a>encInit</STRONG> (Thumb, 240 bytes, Stack size 8 bytes, drv_enc28j60.o(.text))
<BR><BR>[Stack]<UL><LI>Max Depth = 64<LI>Call Chain = encInit &rArr; encPhyWrite &rArr; encWrite &rArr; encSetBank &rArr; encWriteOp
</UL>
<BR>[Calls]<UL><LI><a href="#[66]">&gt;&gt;</a>&nbsp;&nbsp;&nbsp;delay_ms
<LI><a href="#[64]">&gt;&gt;</a>&nbsp;&nbsp;&nbsp;encPhyWrite
<LI><a href="#[63]">&gt;&gt;</a>&nbsp;&nbsp;&nbsp;nicSetMacAddress
<LI><a href="#[62]">&gt;&gt;</a>&nbsp;&nbsp;&nbsp;encWrite
<LI><a href="#[61]">&gt;&gt;</a>&nbsp;&nbsp;&nbsp;encRead
<LI><a href="#[60]">&gt;&gt;</a>&nbsp;&nbsp;&nbsp;encSetBank
<LI><a href="#[58]">&gt;&gt;</a>&nbsp;&nbsp;&nbsp;encWriteOp
</UL>
<BR>[Called By]<UL><LI><a href="#[67]">&gt;&gt;</a>&nbsp;&nbsp;&nbsp;get_ethernet
<LI><a href="#[145]">&gt;&gt;</a>&nbsp;&nbsp;&nbsp;Network_Init
</UL>

<P><STRONG><a name="[67]"></a>get_ethernet</STRONG> (Thumb, 262 bytes, Stack size 16 bytes, drv_enc28j60.o(.text))
<BR><BR>[Stack]<UL><LI>Max Depth = 80<LI>Call Chain = get_ethernet &rArr; encInit &rArr; encPhyWrite &rArr; encWrite &rArr; encSetBank &rArr; encWriteOp
</UL>
<BR>[Calls]<UL><LI><a href="#[65]">&gt;&gt;</a>&nbsp;&nbsp;&nbsp;encInit
<LI><a href="#[62]">&gt;&gt;</a>&nbsp;&nbsp;&nbsp;encWrite
<LI><a href="#[61]">&gt;&gt;</a>&nbsp;&nbsp;&nbsp;encRead
<LI><a href="#[5e]">&gt;&gt;</a>&nbsp;&nbsp;&nbsp;encReadBuffer
<LI><a href="#[5c]">&gt;&gt;</a>&nbsp;&nbsp;&nbsp;encReadOp
<LI><a href="#[58]">&gt;&gt;</a>&nbsp;&nbsp;&nbsp;encWriteOp
</UL>
<BR>[Called By]<UL><LI><a href="#[14b]">&gt;&gt;</a>&nbsp;&nbsp;&nbsp;Thread_UDP
</UL>

<P><STRONG><a name="[68]"></a>put_ethernet</STRONG> (Thumb, 140 bytes, Stack size 16 bytes, drv_enc28j60.o(.text))
<BR><BR>[Stack]<UL><LI>Max Depth = 56<LI>Call Chain = put_ethernet &rArr; encWrite &rArr; encSetBank &rArr; encWriteOp
</UL>
<BR>[Calls]<UL><LI><a href="#[62]">&gt;&gt;</a>&nbsp;&nbsp;&nbsp;encWrite
<LI><a href="#[61]">&gt;&gt;</a>&nbsp;&nbsp;&nbsp;encRead
<LI><a href="#[5f]">&gt;&gt;</a>&nbsp;&nbsp;&nbsp;encWriteBuffer
<LI><a href="#[58]">&gt;&gt;</a>&nbsp;&nbsp;&nbsp;encWriteOp
</UL>
<BR>[Called By]<UL><LI><a href="#[1a1]">&gt;&gt;</a>&nbsp;&nbsp;&nbsp;do_net_process
<LI><a href="#[19f]">&gt;&gt;</a>&nbsp;&nbsp;&nbsp;udp_transmit
</UL>

<P><STRONG><a name="[69]"></a>FLASH_SendByte</STRONG> (Thumb, 18 bytes, Stack size 16 bytes, drv_flash.o(.text))
<BR><BR>[Stack]<UL><LI>Max Depth = 16<LI>Call Chain = FLASH_SendByte
</UL>
<BR>[Calls]<UL><LI><a href="#[5a]">&gt;&gt;</a>&nbsp;&nbsp;&nbsp;SPI_Send1Byte
</UL>
<BR>[Called By]<UL><LI><a href="#[79]">&gt;&gt;</a>&nbsp;&nbsp;&nbsp;FLASH_FastReadBuffer
<LI><a href="#[78]">&gt;&gt;</a>&nbsp;&nbsp;&nbsp;FLASH_BufferRead
<LI><a href="#[76]">&gt;&gt;</a>&nbsp;&nbsp;&nbsp;FLASH_PageWrite
<LI><a href="#[75]">&gt;&gt;</a>&nbsp;&nbsp;&nbsp;FLASH_ChipErase
<LI><a href="#[74]">&gt;&gt;</a>&nbsp;&nbsp;&nbsp;FLASH_BlockErase
<LI><a href="#[73]">&gt;&gt;</a>&nbsp;&nbsp;&nbsp;FLASH_SectorErase
<LI><a href="#[71]">&gt;&gt;</a>&nbsp;&nbsp;&nbsp;FLASH_WriteDisable
<LI><a href="#[70]">&gt;&gt;</a>&nbsp;&nbsp;&nbsp;FLASH_WriteEnable
<LI><a href="#[6f]">&gt;&gt;</a>&nbsp;&nbsp;&nbsp;FLASH_WaitForWriteEnd
<LI><a href="#[6e]">&gt;&gt;</a>&nbsp;&nbsp;&nbsp;FLASH_Init
<LI><a href="#[6b]">&gt;&gt;</a>&nbsp;&nbsp;&nbsp;FLASH_ReadID
<LI><a href="#[6a]">&gt;&gt;</a>&nbsp;&nbsp;&nbsp;FLASH_ReadByte
</UL>

<P><STRONG><a name="[6a]"></a>FLASH_ReadByte</STRONG> (Thumb, 10 bytes, Stack size 8 bytes, drv_flash.o(.text), UNUSED)
<BR><BR>[Calls]<UL><LI><a href="#[69]">&gt;&gt;</a>&nbsp;&nbsp;&nbsp;FLASH_SendByte
</UL>

<P><STRONG><a name="[6b]"></a>FLASH_ReadID</STRONG> (Thumb, 78 bytes, Stack size 24 bytes, drv_flash.o(.text))
<BR><BR>[Stack]<UL><LI>Max Depth = 40<LI>Call Chain = FLASH_ReadID &rArr; FLASH_SendByte
</UL>
<BR>[Calls]<UL><LI><a href="#[6c]">&gt;&gt;</a>&nbsp;&nbsp;&nbsp;FlashSPI_Enable
<LI><a href="#[6d]">&gt;&gt;</a>&nbsp;&nbsp;&nbsp;FlashSPI_Disable
<LI><a href="#[69]">&gt;&gt;</a>&nbsp;&nbsp;&nbsp;FLASH_SendByte
</UL>
<BR>[Called By]<UL><LI><a href="#[72]">&gt;&gt;</a>&nbsp;&nbsp;&nbsp;FLASH_ID_Check
<LI><a href="#[6e]">&gt;&gt;</a>&nbsp;&nbsp;&nbsp;FLASH_Init
</UL>

<P><STRONG><a name="[6e]"></a>FLASH_Init</STRONG> (Thumb, 50 bytes, Stack size 16 bytes, drv_flash.o(.text))
<BR><BR>[Stack]<UL><LI>Max Depth = 56<LI>Call Chain = FLASH_Init &rArr; FLASH_ReadID &rArr; FLASH_SendByte
</UL>
<BR>[Calls]<UL><LI><a href="#[6c]">&gt;&gt;</a>&nbsp;&nbsp;&nbsp;FlashSPI_Enable
<LI><a href="#[6d]">&gt;&gt;</a>&nbsp;&nbsp;&nbsp;FlashSPI_Disable
<LI><a href="#[6b]">&gt;&gt;</a>&nbsp;&nbsp;&nbsp;FLASH_ReadID
<LI><a href="#[69]">&gt;&gt;</a>&nbsp;&nbsp;&nbsp;FLASH_SendByte
</UL>
<BR>[Called By]<UL><LI><a href="#[138]">&gt;&gt;</a>&nbsp;&nbsp;&nbsp;System_Init
</UL>

<P><STRONG><a name="[260]"></a>FLASH_SendHalfWord</STRONG> (Thumb, 6 bytes, Stack size 0 bytes, drv_flash.o(.text), UNUSED)

<P><STRONG><a name="[6f]"></a>FLASH_WaitForWriteEnd</STRONG> (Thumb, 34 bytes, Stack size 8 bytes, drv_flash.o(.text))
<BR><BR>[Stack]<UL><LI>Max Depth = 24<LI>Call Chain = FLASH_WaitForWriteEnd &rArr; FLASH_SendByte
</UL>
<BR>[Calls]<UL><LI><a href="#[6c]">&gt;&gt;</a>&nbsp;&nbsp;&nbsp;FlashSPI_Enable
<LI><a href="#[6d]">&gt;&gt;</a>&nbsp;&nbsp;&nbsp;FlashSPI_Disable
<LI><a href="#[69]">&gt;&gt;</a>&nbsp;&nbsp;&nbsp;FLASH_SendByte
</UL>
<BR>[Called By]<UL><LI><a href="#[76]">&gt;&gt;</a>&nbsp;&nbsp;&nbsp;FLASH_PageWrite
<LI><a href="#[74]">&gt;&gt;</a>&nbsp;&nbsp;&nbsp;FLASH_BlockErase
<LI><a href="#[73]">&gt;&gt;</a>&nbsp;&nbsp;&nbsp;FLASH_SectorErase
<LI><a href="#[71]">&gt;&gt;</a>&nbsp;&nbsp;&nbsp;FLASH_WriteDisable
<LI><a href="#[70]">&gt;&gt;</a>&nbsp;&nbsp;&nbsp;FLASH_WriteEnable
</UL>

<P><STRONG><a name="[70]"></a>FLASH_WriteEnable</STRONG> (Thumb, 22 bytes, Stack size 8 bytes, drv_flash.o(.text))
<BR><BR>[Stack]<UL><LI>Max Depth = 32<LI>Call Chain = FLASH_WriteEnable &rArr; FLASH_WaitForWriteEnd &rArr; FLASH_SendByte
</UL>
<BR>[Calls]<UL><LI><a href="#[6c]">&gt;&gt;</a>&nbsp;&nbsp;&nbsp;FlashSPI_Enable
<LI><a href="#[6d]">&gt;&gt;</a>&nbsp;&nbsp;&nbsp;FlashSPI_Disable
<LI><a href="#[6f]">&gt;&gt;</a>&nbsp;&nbsp;&nbsp;FLASH_WaitForWriteEnd
<LI><a href="#[69]">&gt;&gt;</a>&nbsp;&nbsp;&nbsp;FLASH_SendByte
</UL>
<BR>[Called By]<UL><LI><a href="#[76]">&gt;&gt;</a>&nbsp;&nbsp;&nbsp;FLASH_PageWrite
<LI><a href="#[75]">&gt;&gt;</a>&nbsp;&nbsp;&nbsp;FLASH_ChipErase
<LI><a href="#[74]">&gt;&gt;</a>&nbsp;&nbsp;&nbsp;FLASH_BlockErase
<LI><a href="#[73]">&gt;&gt;</a>&nbsp;&nbsp;&nbsp;FLASH_SectorErase
</UL>

<P><STRONG><a name="[71]"></a>FLASH_WriteDisable</STRONG> (Thumb, 22 bytes, Stack size 8 bytes, drv_flash.o(.text), UNUSED)
<BR><BR>[Calls]<UL><LI><a href="#[6c]">&gt;&gt;</a>&nbsp;&nbsp;&nbsp;FlashSPI_Enable
<LI><a href="#[6d]">&gt;&gt;</a>&nbsp;&nbsp;&nbsp;FlashSPI_Disable
<LI><a href="#[6f]">&gt;&gt;</a>&nbsp;&nbsp;&nbsp;FLASH_WaitForWriteEnd
<LI><a href="#[69]">&gt;&gt;</a>&nbsp;&nbsp;&nbsp;FLASH_SendByte
</UL>

<P><STRONG><a name="[72]"></a>FLASH_ID_Check</STRONG> (Thumb, 26 bytes, Stack size 16 bytes, drv_flash.o(.text), UNUSED)
<BR><BR>[Calls]<UL><LI><a href="#[6b]">&gt;&gt;</a>&nbsp;&nbsp;&nbsp;FLASH_ReadID
</UL>

<P><STRONG><a name="[73]"></a>FLASH_SectorErase</STRONG> (Thumb, 50 bytes, Stack size 8 bytes, drv_flash.o(.text))
<BR><BR>[Stack]<UL><LI>Max Depth = 40<LI>Call Chain = FLASH_SectorErase &rArr; FLASH_WriteEnable &rArr; FLASH_WaitForWriteEnd &rArr; FLASH_SendByte
</UL>
<BR>[Calls]<UL><LI><a href="#[6c]">&gt;&gt;</a>&nbsp;&nbsp;&nbsp;FlashSPI_Enable
<LI><a href="#[6d]">&gt;&gt;</a>&nbsp;&nbsp;&nbsp;FlashSPI_Disable
<LI><a href="#[70]">&gt;&gt;</a>&nbsp;&nbsp;&nbsp;FLASH_WriteEnable
<LI><a href="#[6f]">&gt;&gt;</a>&nbsp;&nbsp;&nbsp;FLASH_WaitForWriteEnd
<LI><a href="#[69]">&gt;&gt;</a>&nbsp;&nbsp;&nbsp;FLASH_SendByte
</UL>
<BR>[Called By]<UL><LI><a href="#[7a]">&gt;&gt;</a>&nbsp;&nbsp;&nbsp;FLASH_AutoWriteBuffer
<LI><a href="#[165]">&gt;&gt;</a>&nbsp;&nbsp;&nbsp;StoreOpenBoxRecord
</UL>

<P><STRONG><a name="[74]"></a>FLASH_BlockErase</STRONG> (Thumb, 50 bytes, Stack size 8 bytes, drv_flash.o(.text))
<BR><BR>[Stack]<UL><LI>Max Depth = 40<LI>Call Chain = FLASH_BlockErase &rArr; FLASH_WriteEnable &rArr; FLASH_WaitForWriteEnd &rArr; FLASH_SendByte
</UL>
<BR>[Calls]<UL><LI><a href="#[6c]">&gt;&gt;</a>&nbsp;&nbsp;&nbsp;FlashSPI_Enable
<LI><a href="#[6d]">&gt;&gt;</a>&nbsp;&nbsp;&nbsp;FlashSPI_Disable
<LI><a href="#[70]">&gt;&gt;</a>&nbsp;&nbsp;&nbsp;FLASH_WriteEnable
<LI><a href="#[6f]">&gt;&gt;</a>&nbsp;&nbsp;&nbsp;FLASH_WaitForWriteEnd
<LI><a href="#[69]">&gt;&gt;</a>&nbsp;&nbsp;&nbsp;FLASH_SendByte
</UL>
<BR>[Called By]<UL><LI><a href="#[176]">&gt;&gt;</a>&nbsp;&nbsp;&nbsp;Clear_Record
</UL>

<P><STRONG><a name="[75]"></a>FLASH_ChipErase</STRONG> (Thumb, 22 bytes, Stack size 8 bytes, drv_flash.o(.text))
<BR><BR>[Stack]<UL><LI>Max Depth = 40<LI>Call Chain = FLASH_ChipErase &rArr; FLASH_WriteEnable &rArr; FLASH_WaitForWriteEnd &rArr; FLASH_SendByte
</UL>
<BR>[Calls]<UL><LI><a href="#[6c]">&gt;&gt;</a>&nbsp;&nbsp;&nbsp;FlashSPI_Enable
<LI><a href="#[6d]">&gt;&gt;</a>&nbsp;&nbsp;&nbsp;FlashSPI_Disable
<LI><a href="#[70]">&gt;&gt;</a>&nbsp;&nbsp;&nbsp;FLASH_WriteEnable
<LI><a href="#[69]">&gt;&gt;</a>&nbsp;&nbsp;&nbsp;FLASH_SendByte
</UL>
<BR>[Called By]<UL><LI><a href="#[10b]">&gt;&gt;</a>&nbsp;&nbsp;&nbsp;SysConfig_Init
</UL>

<P><STRONG><a name="[76]"></a>FLASH_PageWrite</STRONG> (Thumb, 74 bytes, Stack size 16 bytes, drv_flash.o(.text))
<BR><BR>[Stack]<UL><LI>Max Depth = 48<LI>Call Chain = FLASH_PageWrite &rArr; FLASH_WriteEnable &rArr; FLASH_WaitForWriteEnd &rArr; FLASH_SendByte
</UL>
<BR>[Calls]<UL><LI><a href="#[6c]">&gt;&gt;</a>&nbsp;&nbsp;&nbsp;FlashSPI_Enable
<LI><a href="#[6d]">&gt;&gt;</a>&nbsp;&nbsp;&nbsp;FlashSPI_Disable
<LI><a href="#[70]">&gt;&gt;</a>&nbsp;&nbsp;&nbsp;FLASH_WriteEnable
<LI><a href="#[6f]">&gt;&gt;</a>&nbsp;&nbsp;&nbsp;FLASH_WaitForWriteEnd
<LI><a href="#[69]">&gt;&gt;</a>&nbsp;&nbsp;&nbsp;FLASH_SendByte
</UL>
<BR>[Called By]<UL><LI><a href="#[77]">&gt;&gt;</a>&nbsp;&nbsp;&nbsp;FLASH_BufferWrite
</UL>

<P><STRONG><a name="[77]"></a>FLASH_BufferWrite</STRONG> (Thumb, 286 bytes, Stack size 40 bytes, drv_flash.o(.text))
<BR><BR>[Stack]<UL><LI>Max Depth = 88<LI>Call Chain = FLASH_BufferWrite &rArr; FLASH_PageWrite &rArr; FLASH_WriteEnable &rArr; FLASH_WaitForWriteEnd &rArr; FLASH_SendByte
</UL>
<BR>[Calls]<UL><LI><a href="#[76]">&gt;&gt;</a>&nbsp;&nbsp;&nbsp;FLASH_PageWrite
</UL>
<BR>[Called By]<UL><LI><a href="#[7a]">&gt;&gt;</a>&nbsp;&nbsp;&nbsp;FLASH_AutoWriteBuffer
<LI><a href="#[165]">&gt;&gt;</a>&nbsp;&nbsp;&nbsp;StoreOpenBoxRecord
</UL>

<P><STRONG><a name="[78]"></a>FLASH_BufferRead</STRONG> (Thumb, 68 bytes, Stack size 16 bytes, drv_flash.o(.text), UNUSED)
<BR><BR>[Calls]<UL><LI><a href="#[6c]">&gt;&gt;</a>&nbsp;&nbsp;&nbsp;FlashSPI_Enable
<LI><a href="#[6d]">&gt;&gt;</a>&nbsp;&nbsp;&nbsp;FlashSPI_Disable
<LI><a href="#[69]">&gt;&gt;</a>&nbsp;&nbsp;&nbsp;FLASH_SendByte
</UL>

<P><STRONG><a name="[79]"></a>FLASH_FastReadBuffer</STRONG> (Thumb, 74 bytes, Stack size 16 bytes, drv_flash.o(.text))
<BR><BR>[Stack]<UL><LI>Max Depth = 32<LI>Call Chain = FLASH_FastReadBuffer &rArr; FLASH_SendByte
</UL>
<BR>[Calls]<UL><LI><a href="#[6c]">&gt;&gt;</a>&nbsp;&nbsp;&nbsp;FlashSPI_Enable
<LI><a href="#[6d]">&gt;&gt;</a>&nbsp;&nbsp;&nbsp;FlashSPI_Disable
<LI><a href="#[69]">&gt;&gt;</a>&nbsp;&nbsp;&nbsp;FLASH_SendByte
</UL>
<BR>[Called By]<UL><LI><a href="#[7a]">&gt;&gt;</a>&nbsp;&nbsp;&nbsp;FLASH_AutoWriteBuffer
<LI><a href="#[179]">&gt;&gt;</a>&nbsp;&nbsp;&nbsp;ReadOneRecord
</UL>

<P><STRONG><a name="[7a]"></a>FLASH_AutoWriteBuffer</STRONG> (Thumb, 196 bytes, Stack size 40 bytes, drv_flash.o(.text), UNUSED)
<BR><BR>[Calls]<UL><LI><a href="#[79]">&gt;&gt;</a>&nbsp;&nbsp;&nbsp;FLASH_FastReadBuffer
<LI><a href="#[77]">&gt;&gt;</a>&nbsp;&nbsp;&nbsp;FLASH_BufferWrite
<LI><a href="#[73]">&gt;&gt;</a>&nbsp;&nbsp;&nbsp;FLASH_SectorErase
</UL>

<P><STRONG><a name="[142]"></a>Keyboard_Init</STRONG> (Thumb, 68 bytes, Stack size 0 bytes, drv_keyboard.o(.text))
<BR><BR>[Called By]<UL><LI><a href="#[138]">&gt;&gt;</a>&nbsp;&nbsp;&nbsp;System_Init
</UL>

<P><STRONG><a name="[7b]"></a>Key_Scan</STRONG> (Thumb, 232 bytes, Stack size 8 bytes, drv_keyboard.o(.text))
<BR><BR>[Stack]<UL><LI>Max Depth = 24<LI>Call Chain = Key_Scan &rArr; delay_ms
</UL>
<BR>[Calls]<UL><LI><a href="#[66]">&gt;&gt;</a>&nbsp;&nbsp;&nbsp;delay_ms
</UL>
<BR>[Called By]<UL><LI><a href="#[7c]">&gt;&gt;</a>&nbsp;&nbsp;&nbsp;Key_Get_KeyDown
</UL>

<P><STRONG><a name="[7c]"></a>Key_Get_KeyDown</STRONG> (Thumb, 52 bytes, Stack size 8 bytes, drv_keyboard.o(.text))
<BR><BR>[Stack]<UL><LI>Max Depth = 32<LI>Call Chain = Key_Get_KeyDown &rArr; Key_Scan &rArr; delay_ms
</UL>
<BR>[Calls]<UL><LI><a href="#[7d]">&gt;&gt;</a>&nbsp;&nbsp;&nbsp;Buzzer
<LI><a href="#[7b]">&gt;&gt;</a>&nbsp;&nbsp;&nbsp;Key_Scan
</UL>
<BR>[Called By]<UL><LI><a href="#[147]">&gt;&gt;</a>&nbsp;&nbsp;&nbsp;KeyboardFunction
<LI><a href="#[209]">&gt;&gt;</a>&nbsp;&nbsp;&nbsp;Clean_AllBox
<LI><a href="#[206]">&gt;&gt;</a>&nbsp;&nbsp;&nbsp;Open_AllBox
</UL>

<P><STRONG><a name="[1e6]"></a>NumKeyToNumValue</STRONG> (Thumb, 70 bytes, Stack size 0 bytes, drv_keyboard.o(.text))
<BR><BR>[Called By]<UL><LI><a href="#[147]">&gt;&gt;</a>&nbsp;&nbsp;&nbsp;KeyboardFunction
<LI><a href="#[1e5]">&gt;&gt;</a>&nbsp;&nbsp;&nbsp;KeyChangeNumValue
</UL>

<P><STRONG><a name="[13c]"></a>LED_Init</STRONG> (Thumb, 36 bytes, Stack size 0 bytes, drv_otherext.o(.text))
<BR><BR>[Called By]<UL><LI><a href="#[138]">&gt;&gt;</a>&nbsp;&nbsp;&nbsp;System_Init
</UL>

<P><STRONG><a name="[13b]"></a>Beep_Init</STRONG> (Thumb, 36 bytes, Stack size 0 bytes, drv_otherext.o(.text))
<BR><BR>[Called By]<UL><LI><a href="#[138]">&gt;&gt;</a>&nbsp;&nbsp;&nbsp;System_Init
</UL>

<P><STRONG><a name="[141]"></a>ExtendFunction_Init</STRONG> (Thumb, 26 bytes, Stack size 0 bytes, drv_otherext.o(.text))
<BR><BR>[Called By]<UL><LI><a href="#[138]">&gt;&gt;</a>&nbsp;&nbsp;&nbsp;System_Init
</UL>

<P><STRONG><a name="[261]"></a>HexToBcd</STRONG> (Thumb, 26 bytes, Stack size 0 bytes, drv_rtc.o(.text), UNUSED)

<P><STRONG><a name="[262]"></a>BcdToHex</STRONG> (Thumb, 20 bytes, Stack size 0 bytes, drv_rtc.o(.text), UNUSED)

<P><STRONG><a name="[ff]"></a>Chack_Date</STRONG> (Thumb, 172 bytes, Stack size 20 bytes, drv_rtc.o(.text))
<BR><BR>[Stack]<UL><LI>Max Depth = 20<LI>Call Chain = Chack_Date
</UL>
<BR>[Called By]<UL><LI><a href="#[152]">&gt;&gt;</a>&nbsp;&nbsp;&nbsp;Comm_Set_Time
<LI><a href="#[fc]">&gt;&gt;</a>&nbsp;&nbsp;&nbsp;GetRTCTime
<LI><a href="#[1ec]">&gt;&gt;</a>&nbsp;&nbsp;&nbsp;Set_DateTime
</UL>

<P><STRONG><a name="[100]"></a>Chack_Time</STRONG> (Thumb, 24 bytes, Stack size 8 bytes, drv_rtc.o(.text))
<BR><BR>[Stack]<UL><LI>Max Depth = 8<LI>Call Chain = Chack_Time
</UL>
<BR>[Called By]<UL><LI><a href="#[152]">&gt;&gt;</a>&nbsp;&nbsp;&nbsp;Comm_Set_Time
<LI><a href="#[fc]">&gt;&gt;</a>&nbsp;&nbsp;&nbsp;GetRTCTime
<LI><a href="#[1ec]">&gt;&gt;</a>&nbsp;&nbsp;&nbsp;Set_DateTime
</UL>

<P><STRONG><a name="[101]"></a>Calc_Weekday</STRONG> (Thumb, 84 bytes, Stack size 20 bytes, drv_rtc.o(.text))
<BR><BR>[Stack]<UL><LI>Max Depth = 20<LI>Call Chain = Calc_Weekday
</UL>
<BR>[Called By]<UL><LI><a href="#[fc]">&gt;&gt;</a>&nbsp;&nbsp;&nbsp;GetRTCTime
<LI><a href="#[1ec]">&gt;&gt;</a>&nbsp;&nbsp;&nbsp;Set_DateTime
</UL>

<P><STRONG><a name="[13e]"></a>RTC_Init</STRONG> (Thumb, 24 bytes, Stack size 0 bytes, drv_rtc.o(.text))
<BR><BR>[Called By]<UL><LI><a href="#[138]">&gt;&gt;</a>&nbsp;&nbsp;&nbsp;System_Init
</UL>

<P><STRONG><a name="[fd]"></a>RTC_GetDateTime</STRONG> (Thumb, 72 bytes, Stack size 8 bytes, drv_rtc.o(.text))
<BR><BR>[Stack]<UL><LI>Max Depth = 8<LI>Call Chain = RTC_GetDateTime
</UL>
<BR>[Called By]<UL><LI><a href="#[fc]">&gt;&gt;</a>&nbsp;&nbsp;&nbsp;GetRTCTime
</UL>

<P><STRONG><a name="[102]"></a>RTC_SetDateTime</STRONG> (Thumb, 64 bytes, Stack size 0 bytes, drv_rtc.o(.text))
<BR><BR>[Called By]<UL><LI><a href="#[152]">&gt;&gt;</a>&nbsp;&nbsp;&nbsp;Comm_Set_Time
<LI><a href="#[fc]">&gt;&gt;</a>&nbsp;&nbsp;&nbsp;GetRTCTime
<LI><a href="#[1ec]">&gt;&gt;</a>&nbsp;&nbsp;&nbsp;Set_DateTime
</UL>

<P><STRONG><a name="[263]"></a>RTC_RAM_READ</STRONG> (Thumb, 12 bytes, Stack size 0 bytes, drv_rtc.o(.text), UNUSED)

<P><STRONG><a name="[264]"></a>RTC_RAM_WRITE</STRONG> (Thumb, 22 bytes, Stack size 8 bytes, drv_rtc.o(.text), UNUSED)

<P><STRONG><a name="[13d]"></a>SPI_Host_Init</STRONG> (Thumb, 130 bytes, Stack size 0 bytes, drv_spi.o(.text))
<BR><BR>[Called By]<UL><LI><a href="#[138]">&gt;&gt;</a>&nbsp;&nbsp;&nbsp;System_Init
</UL>

<P><STRONG><a name="[5a]"></a>SPI_Send1Byte</STRONG> (Thumb, 28 bytes, Stack size 0 bytes, drv_spi.o(.text))
<BR><BR>[Called By]<UL><LI><a href="#[92]">&gt;&gt;</a>&nbsp;&nbsp;&nbsp;ZiKu_GetChineseChar
<LI><a href="#[69]">&gt;&gt;</a>&nbsp;&nbsp;&nbsp;FLASH_SendByte
<LI><a href="#[5f]">&gt;&gt;</a>&nbsp;&nbsp;&nbsp;encWriteBuffer
<LI><a href="#[5e]">&gt;&gt;</a>&nbsp;&nbsp;&nbsp;encReadBuffer
<LI><a href="#[5c]">&gt;&gt;</a>&nbsp;&nbsp;&nbsp;encReadOp
<LI><a href="#[58]">&gt;&gt;</a>&nbsp;&nbsp;&nbsp;encWriteOp
<LI><a href="#[bd]">&gt;&gt;</a>&nbsp;&nbsp;&nbsp;FM_SPI_TxdByte
</UL>

<P><STRONG><a name="[5d]"></a>SPI_Read1Byte</STRONG> (Thumb, 28 bytes, Stack size 0 bytes, drv_spi.o(.text))
<BR><BR>[Called By]<UL><LI><a href="#[92]">&gt;&gt;</a>&nbsp;&nbsp;&nbsp;ZiKu_GetChineseChar
<LI><a href="#[5e]">&gt;&gt;</a>&nbsp;&nbsp;&nbsp;encReadBuffer
<LI><a href="#[5c]">&gt;&gt;</a>&nbsp;&nbsp;&nbsp;encReadOp
<LI><a href="#[be]">&gt;&gt;</a>&nbsp;&nbsp;&nbsp;FM_SPI_RxdByte
</UL>

<P><STRONG><a name="[6c]"></a>FlashSPI_Enable</STRONG> (Thumb, 44 bytes, Stack size 0 bytes, drv_spi.o(.text))
<BR><BR>[Called By]<UL><LI><a href="#[79]">&gt;&gt;</a>&nbsp;&nbsp;&nbsp;FLASH_FastReadBuffer
<LI><a href="#[78]">&gt;&gt;</a>&nbsp;&nbsp;&nbsp;FLASH_BufferRead
<LI><a href="#[76]">&gt;&gt;</a>&nbsp;&nbsp;&nbsp;FLASH_PageWrite
<LI><a href="#[75]">&gt;&gt;</a>&nbsp;&nbsp;&nbsp;FLASH_ChipErase
<LI><a href="#[74]">&gt;&gt;</a>&nbsp;&nbsp;&nbsp;FLASH_BlockErase
<LI><a href="#[73]">&gt;&gt;</a>&nbsp;&nbsp;&nbsp;FLASH_SectorErase
<LI><a href="#[71]">&gt;&gt;</a>&nbsp;&nbsp;&nbsp;FLASH_WriteDisable
<LI><a href="#[70]">&gt;&gt;</a>&nbsp;&nbsp;&nbsp;FLASH_WriteEnable
<LI><a href="#[6f]">&gt;&gt;</a>&nbsp;&nbsp;&nbsp;FLASH_WaitForWriteEnd
<LI><a href="#[6e]">&gt;&gt;</a>&nbsp;&nbsp;&nbsp;FLASH_Init
<LI><a href="#[6b]">&gt;&gt;</a>&nbsp;&nbsp;&nbsp;FLASH_ReadID
</UL>

<P><STRONG><a name="[6d]"></a>FlashSPI_Disable</STRONG> (Thumb, 14 bytes, Stack size 0 bytes, drv_spi.o(.text))
<BR><BR>[Called By]<UL><LI><a href="#[79]">&gt;&gt;</a>&nbsp;&nbsp;&nbsp;FLASH_FastReadBuffer
<LI><a href="#[78]">&gt;&gt;</a>&nbsp;&nbsp;&nbsp;FLASH_BufferRead
<LI><a href="#[76]">&gt;&gt;</a>&nbsp;&nbsp;&nbsp;FLASH_PageWrite
<LI><a href="#[75]">&gt;&gt;</a>&nbsp;&nbsp;&nbsp;FLASH_ChipErase
<LI><a href="#[74]">&gt;&gt;</a>&nbsp;&nbsp;&nbsp;FLASH_BlockErase
<LI><a href="#[73]">&gt;&gt;</a>&nbsp;&nbsp;&nbsp;FLASH_SectorErase
<LI><a href="#[71]">&gt;&gt;</a>&nbsp;&nbsp;&nbsp;FLASH_WriteDisable
<LI><a href="#[70]">&gt;&gt;</a>&nbsp;&nbsp;&nbsp;FLASH_WriteEnable
<LI><a href="#[6f]">&gt;&gt;</a>&nbsp;&nbsp;&nbsp;FLASH_WaitForWriteEnd
<LI><a href="#[6e]">&gt;&gt;</a>&nbsp;&nbsp;&nbsp;FLASH_Init
<LI><a href="#[6b]">&gt;&gt;</a>&nbsp;&nbsp;&nbsp;FLASH_ReadID
</UL>

<P><STRONG><a name="[c0]"></a>FM1702SPI_Enable</STRONG> (Thumb, 44 bytes, Stack size 0 bytes, drv_spi.o(.text))
<BR><BR>[Called By]<UL><LI><a href="#[c3]">&gt;&gt;</a>&nbsp;&nbsp;&nbsp;FM_Write_Reg
<LI><a href="#[bf]">&gt;&gt;</a>&nbsp;&nbsp;&nbsp;FM_Read_Reg
</UL>

<P><STRONG><a name="[c1]"></a>FM1702SPI_Disable</STRONG> (Thumb, 14 bytes, Stack size 0 bytes, drv_spi.o(.text))
<BR><BR>[Called By]<UL><LI><a href="#[c3]">&gt;&gt;</a>&nbsp;&nbsp;&nbsp;FM_Write_Reg
<LI><a href="#[bf]">&gt;&gt;</a>&nbsp;&nbsp;&nbsp;FM_Read_Reg
</UL>

<P><STRONG><a name="[59]"></a>NetSPI_Enable</STRONG> (Thumb, 44 bytes, Stack size 0 bytes, drv_spi.o(.text))
<BR><BR>[Called By]<UL><LI><a href="#[5f]">&gt;&gt;</a>&nbsp;&nbsp;&nbsp;encWriteBuffer
<LI><a href="#[5e]">&gt;&gt;</a>&nbsp;&nbsp;&nbsp;encReadBuffer
<LI><a href="#[5c]">&gt;&gt;</a>&nbsp;&nbsp;&nbsp;encReadOp
<LI><a href="#[58]">&gt;&gt;</a>&nbsp;&nbsp;&nbsp;encWriteOp
</UL>

<P><STRONG><a name="[5b]"></a>NetSPI_Disable</STRONG> (Thumb, 14 bytes, Stack size 0 bytes, drv_spi.o(.text))
<BR><BR>[Called By]<UL><LI><a href="#[5f]">&gt;&gt;</a>&nbsp;&nbsp;&nbsp;encWriteBuffer
<LI><a href="#[5e]">&gt;&gt;</a>&nbsp;&nbsp;&nbsp;encReadBuffer
<LI><a href="#[5c]">&gt;&gt;</a>&nbsp;&nbsp;&nbsp;encReadOp
<LI><a href="#[58]">&gt;&gt;</a>&nbsp;&nbsp;&nbsp;encWriteOp
</UL>

<P><STRONG><a name="[135]"></a>ZiKuSPI_Enable</STRONG> (Thumb, 44 bytes, Stack size 0 bytes, drv_spi.o(.text))
<BR><BR>[Called By]<UL><LI><a href="#[92]">&gt;&gt;</a>&nbsp;&nbsp;&nbsp;ZiKu_GetChineseChar
</UL>

<P><STRONG><a name="[136]"></a>ZiKuNetSPI_Disable</STRONG> (Thumb, 14 bytes, Stack size 0 bytes, drv_spi.o(.text))
<BR><BR>[Called By]<UL><LI><a href="#[92]">&gt;&gt;</a>&nbsp;&nbsp;&nbsp;ZiKu_GetChineseChar
</UL>

<P><STRONG><a name="[7e]"></a>Time0_Init</STRONG> (Thumb, 60 bytes, Stack size 8 bytes, drv_timer.o(.text))
<BR><BR>[Stack]<UL><LI>Max Depth = 8<LI>Call Chain = Time0_Init
</UL>
<BR>[Calls]<UL><LI><a href="#[7f]">&gt;&gt;</a>&nbsp;&nbsp;&nbsp;NVIC_EnableIRQ
</UL>
<BR>[Called By]<UL><LI><a href="#[138]">&gt;&gt;</a>&nbsp;&nbsp;&nbsp;System_Init
</UL>

<P><STRONG><a name="[d]"></a>TIMER0_IRQHandler</STRONG> (Thumb, 42 bytes, Stack size 8 bytes, drv_timer.o(.text))
<BR><BR>[Stack]<UL><LI>Max Depth = 8<LI>Call Chain = TIMER0_IRQHandler
</UL>
<BR>[Calls]<UL><LI><a href="#[7f]">&gt;&gt;</a>&nbsp;&nbsp;&nbsp;NVIC_EnableIRQ
</UL>
<BR>[Address Reference Count : 1]<UL><LI> startup_lpc17xx.o(RESET)
</UL>
<P><STRONG><a name="[144]"></a>WDT_Init</STRONG> (Thumb, 28 bytes, Stack size 0 bytes, drv_wdt.o(.text))
<BR><BR>[Called By]<UL><LI><a href="#[46]">&gt;&gt;</a>&nbsp;&nbsp;&nbsp;main
</UL>

<P><STRONG><a name="[e9]"></a>WDT_Feed</STRONG> (Thumb, 12 bytes, Stack size 0 bytes, drv_wdt.o(.text))
<BR><BR>[Called By]<UL><LI><a href="#[66]">&gt;&gt;</a>&nbsp;&nbsp;&nbsp;delay_ms
<LI><a href="#[18f]">&gt;&gt;</a>&nbsp;&nbsp;&nbsp;UserTakes_OnlineAsk
<LI><a href="#[18d]">&gt;&gt;</a>&nbsp;&nbsp;&nbsp;UserTakesWriteCard
<LI><a href="#[189]">&gt;&gt;</a>&nbsp;&nbsp;&nbsp;UserTakesByCardID
<LI><a href="#[180]">&gt;&gt;</a>&nbsp;&nbsp;&nbsp;AddOneValidCardNum
<LI><a href="#[17f]">&gt;&gt;</a>&nbsp;&nbsp;&nbsp;CheckCardValid
<LI><a href="#[17a]">&gt;&gt;</a>&nbsp;&nbsp;&nbsp;QueryBoxRecord
<LI><a href="#[174]">&gt;&gt;</a>&nbsp;&nbsp;&nbsp;Comm_Get_RecordAgain
<LI><a href="#[172]">&gt;&gt;</a>&nbsp;&nbsp;&nbsp;Comm_Get_Record
<LI><a href="#[16e]">&gt;&gt;</a>&nbsp;&nbsp;&nbsp;Comm_Get_AllBoxUserCard
<LI><a href="#[46]">&gt;&gt;</a>&nbsp;&nbsp;&nbsp;main
<LI><a href="#[108]">&gt;&gt;</a>&nbsp;&nbsp;&nbsp;Init_LockersArg
<LI><a href="#[e8]">&gt;&gt;</a>&nbsp;&nbsp;&nbsp;ID_REQUEST
<LI><a href="#[227]">&gt;&gt;</a>&nbsp;&nbsp;&nbsp;ConsignMode_AnyFingerOrCard
<LI><a href="#[224]">&gt;&gt;</a>&nbsp;&nbsp;&nbsp;ConsignMode_OnlineAsk
<LI><a href="#[222]">&gt;&gt;</a>&nbsp;&nbsp;&nbsp;ConsignMode_WriteCard
<LI><a href="#[221]">&gt;&gt;</a>&nbsp;&nbsp;&nbsp;ConsignMode_PreAuthorization
<LI><a href="#[21f]">&gt;&gt;</a>&nbsp;&nbsp;&nbsp;ConsignMode_AnyCard
<LI><a href="#[20c]">&gt;&gt;</a>&nbsp;&nbsp;&nbsp;Unlockin_Box
<LI><a href="#[20b]">&gt;&gt;</a>&nbsp;&nbsp;&nbsp;Lockin_Box
<LI><a href="#[209]">&gt;&gt;</a>&nbsp;&nbsp;&nbsp;Clean_AllBox
<LI><a href="#[204]">&gt;&gt;</a>&nbsp;&nbsp;&nbsp;Clr_AllValidCard
</UL>

<P><STRONG><a name="[81]"></a>LCD_WR_REG</STRONG> (Thumb, 78 bytes, Stack size 0 bytes, drv_lcd.o(.text))
<BR><BR>[Called By]<UL><LI><a href="#[8d]">&gt;&gt;</a>&nbsp;&nbsp;&nbsp;LCD_DrawPoint
<LI><a href="#[8a]">&gt;&gt;</a>&nbsp;&nbsp;&nbsp;LCD_SetCursor
<LI><a href="#[89]">&gt;&gt;</a>&nbsp;&nbsp;&nbsp;LCD_DisplayOff
<LI><a href="#[88]">&gt;&gt;</a>&nbsp;&nbsp;&nbsp;LCD_DisplayOn
<LI><a href="#[86]">&gt;&gt;</a>&nbsp;&nbsp;&nbsp;LCD_WriteRAM_Prepare
<LI><a href="#[85]">&gt;&gt;</a>&nbsp;&nbsp;&nbsp;ILI9486_ExitSleep_Code
<LI><a href="#[84]">&gt;&gt;</a>&nbsp;&nbsp;&nbsp;ILI9486_EnterSleep_Code
<LI><a href="#[83]">&gt;&gt;</a>&nbsp;&nbsp;&nbsp;LCD_Init
<LI><a href="#[80]">&gt;&gt;</a>&nbsp;&nbsp;&nbsp;LCD_WriteReg
</UL>

<P><STRONG><a name="[82]"></a>LCD_WR_DATA</STRONG> (Thumb, 78 bytes, Stack size 0 bytes, drv_lcd.o(.text))
<BR><BR>[Called By]<UL><LI><a href="#[8d]">&gt;&gt;</a>&nbsp;&nbsp;&nbsp;LCD_DrawPoint
<LI><a href="#[8a]">&gt;&gt;</a>&nbsp;&nbsp;&nbsp;LCD_SetCursor
<LI><a href="#[87]">&gt;&gt;</a>&nbsp;&nbsp;&nbsp;LCD_WriteRAM
<LI><a href="#[83]">&gt;&gt;</a>&nbsp;&nbsp;&nbsp;LCD_Init
<LI><a href="#[80]">&gt;&gt;</a>&nbsp;&nbsp;&nbsp;LCD_WriteReg
</UL>

<P><STRONG><a name="[80]"></a>LCD_WriteReg</STRONG> (Thumb, 20 bytes, Stack size 8 bytes, drv_lcd.o(.text), UNUSED)
<BR><BR>[Calls]<UL><LI><a href="#[82]">&gt;&gt;</a>&nbsp;&nbsp;&nbsp;LCD_WR_DATA
<LI><a href="#[81]">&gt;&gt;</a>&nbsp;&nbsp;&nbsp;LCD_WR_REG
</UL>

<P><STRONG><a name="[265]"></a>LCD_ReadReg</STRONG> (Thumb, 152 bytes, Stack size 8 bytes, drv_lcd.o(.text), UNUSED)

<P><STRONG><a name="[83]"></a>LCD_Init</STRONG> (Thumb, 748 bytes, Stack size 8 bytes, drv_lcd.o(.text))
<BR><BR>[Stack]<UL><LI>Max Depth = 24<LI>Call Chain = LCD_Init &rArr; delay_ms
</UL>
<BR>[Calls]<UL><LI><a href="#[82]">&gt;&gt;</a>&nbsp;&nbsp;&nbsp;LCD_WR_DATA
<LI><a href="#[81]">&gt;&gt;</a>&nbsp;&nbsp;&nbsp;LCD_WR_REG
<LI><a href="#[66]">&gt;&gt;</a>&nbsp;&nbsp;&nbsp;delay_ms
</UL>
<BR>[Called By]<UL><LI><a href="#[138]">&gt;&gt;</a>&nbsp;&nbsp;&nbsp;System_Init
</UL>

<P><STRONG><a name="[84]"></a>ILI9486_EnterSleep_Code</STRONG> (Thumb, 16 bytes, Stack size 4 bytes, drv_lcd.o(.text), UNUSED)
<BR><BR>[Calls]<UL><LI><a href="#[81]">&gt;&gt;</a>&nbsp;&nbsp;&nbsp;LCD_WR_REG
</UL>

<P><STRONG><a name="[85]"></a>ILI9486_ExitSleep_Code</STRONG> (Thumb, 22 bytes, Stack size 8 bytes, drv_lcd.o(.text), UNUSED)
<BR><BR>[Calls]<UL><LI><a href="#[81]">&gt;&gt;</a>&nbsp;&nbsp;&nbsp;LCD_WR_REG
<LI><a href="#[66]">&gt;&gt;</a>&nbsp;&nbsp;&nbsp;delay_ms
</UL>

<P><STRONG><a name="[86]"></a>LCD_WriteRAM_Prepare</STRONG> (Thumb, 10 bytes, Stack size 4 bytes, drv_lcd.o(.text))
<BR><BR>[Stack]<UL><LI>Max Depth = 4<LI>Call Chain = LCD_WriteRAM_Prepare
</UL>
<BR>[Calls]<UL><LI><a href="#[81]">&gt;&gt;</a>&nbsp;&nbsp;&nbsp;LCD_WR_REG
</UL>
<BR>[Called By]<UL><LI><a href="#[99]">&gt;&gt;</a>&nbsp;&nbsp;&nbsp;LCD_ShowIcon
<LI><a href="#[98]">&gt;&gt;</a>&nbsp;&nbsp;&nbsp;LCD_ShowPartPic
<LI><a href="#[96]">&gt;&gt;</a>&nbsp;&nbsp;&nbsp;LCD_ShowFillPic
<LI><a href="#[8c]">&gt;&gt;</a>&nbsp;&nbsp;&nbsp;LCD_Fill
<LI><a href="#[8b]">&gt;&gt;</a>&nbsp;&nbsp;&nbsp;LCD_Clear
</UL>

<P><STRONG><a name="[87]"></a>LCD_WriteRAM</STRONG> (Thumb, 12 bytes, Stack size 4 bytes, drv_lcd.o(.text), UNUSED)
<BR><BR>[Calls]<UL><LI><a href="#[82]">&gt;&gt;</a>&nbsp;&nbsp;&nbsp;LCD_WR_DATA
</UL>

<P><STRONG><a name="[88]"></a>LCD_DisplayOn</STRONG> (Thumb, 10 bytes, Stack size 4 bytes, drv_lcd.o(.text), UNUSED)
<BR><BR>[Calls]<UL><LI><a href="#[81]">&gt;&gt;</a>&nbsp;&nbsp;&nbsp;LCD_WR_REG
</UL>

<P><STRONG><a name="[89]"></a>LCD_DisplayOff</STRONG> (Thumb, 10 bytes, Stack size 4 bytes, drv_lcd.o(.text), UNUSED)
<BR><BR>[Calls]<UL><LI><a href="#[81]">&gt;&gt;</a>&nbsp;&nbsp;&nbsp;LCD_WR_REG
</UL>

<P><STRONG><a name="[8a]"></a>LCD_SetCursor</STRONG> (Thumb, 76 bytes, Stack size 16 bytes, drv_lcd.o(.text))
<BR><BR>[Stack]<UL><LI>Max Depth = 16<LI>Call Chain = LCD_SetCursor
</UL>
<BR>[Calls]<UL><LI><a href="#[82]">&gt;&gt;</a>&nbsp;&nbsp;&nbsp;LCD_WR_DATA
<LI><a href="#[81]">&gt;&gt;</a>&nbsp;&nbsp;&nbsp;LCD_WR_REG
</UL>
<BR>[Called By]<UL><LI><a href="#[99]">&gt;&gt;</a>&nbsp;&nbsp;&nbsp;LCD_ShowIcon
<LI><a href="#[98]">&gt;&gt;</a>&nbsp;&nbsp;&nbsp;LCD_ShowPartPic
<LI><a href="#[96]">&gt;&gt;</a>&nbsp;&nbsp;&nbsp;LCD_ShowFillPic
<LI><a href="#[8d]">&gt;&gt;</a>&nbsp;&nbsp;&nbsp;LCD_DrawPoint
<LI><a href="#[8c]">&gt;&gt;</a>&nbsp;&nbsp;&nbsp;LCD_Fill
<LI><a href="#[8b]">&gt;&gt;</a>&nbsp;&nbsp;&nbsp;LCD_Clear
</UL>

<P><STRONG><a name="[8b]"></a>LCD_Clear</STRONG> (Thumb, 114 bytes, Stack size 12 bytes, drv_lcd.o(.text))
<BR><BR>[Stack]<UL><LI>Max Depth = 28<LI>Call Chain = LCD_Clear &rArr; LCD_SetCursor
</UL>
<BR>[Calls]<UL><LI><a href="#[8a]">&gt;&gt;</a>&nbsp;&nbsp;&nbsp;LCD_SetCursor
<LI><a href="#[86]">&gt;&gt;</a>&nbsp;&nbsp;&nbsp;LCD_WriteRAM_Prepare
</UL>
<BR>[Called By]<UL><LI><a href="#[130]">&gt;&gt;</a>&nbsp;&nbsp;&nbsp;GUI_Admin
</UL>

<P><STRONG><a name="[8c]"></a>LCD_Fill</STRONG> (Thumb, 158 bytes, Stack size 32 bytes, drv_lcd.o(.text))
<BR><BR>[Stack]<UL><LI>Max Depth = 48<LI>Call Chain = LCD_Fill &rArr; LCD_SetCursor
</UL>
<BR>[Calls]<UL><LI><a href="#[8a]">&gt;&gt;</a>&nbsp;&nbsp;&nbsp;LCD_SetCursor
<LI><a href="#[86]">&gt;&gt;</a>&nbsp;&nbsp;&nbsp;LCD_WriteRAM_Prepare
</UL>
<BR>[Called By]<UL><LI><a href="#[130]">&gt;&gt;</a>&nbsp;&nbsp;&nbsp;GUI_Admin
<LI><a href="#[1c5]">&gt;&gt;</a>&nbsp;&nbsp;&nbsp;GUI_OnStandby
<LI><a href="#[1c4]">&gt;&gt;</a>&nbsp;&nbsp;&nbsp;GUI_EmptyBoxCount
<LI><a href="#[1b6]">&gt;&gt;</a>&nbsp;&nbsp;&nbsp;GUI_Time
<LI><a href="#[1ab]">&gt;&gt;</a>&nbsp;&nbsp;&nbsp;GUI_ShowIconMenu
<LI><a href="#[1aa]">&gt;&gt;</a>&nbsp;&nbsp;&nbsp;GUI_ShowListMenu
<LI><a href="#[1a8]">&gt;&gt;</a>&nbsp;&nbsp;&nbsp;GUI_PromptBigBox
<LI><a href="#[1a7]">&gt;&gt;</a>&nbsp;&nbsp;&nbsp;GUI_PromptBox
</UL>

<P><STRONG><a name="[8d]"></a>LCD_DrawPoint</STRONG> (Thumb, 34 bytes, Stack size 16 bytes, drv_lcd.o(.text))
<BR><BR>[Stack]<UL><LI>Max Depth = 32<LI>Call Chain = LCD_DrawPoint &rArr; LCD_SetCursor
</UL>
<BR>[Calls]<UL><LI><a href="#[8a]">&gt;&gt;</a>&nbsp;&nbsp;&nbsp;LCD_SetCursor
<LI><a href="#[82]">&gt;&gt;</a>&nbsp;&nbsp;&nbsp;LCD_WR_DATA
<LI><a href="#[81]">&gt;&gt;</a>&nbsp;&nbsp;&nbsp;LCD_WR_REG
</UL>
<BR>[Called By]<UL><LI><a href="#[95]">&gt;&gt;</a>&nbsp;&nbsp;&nbsp;DisplayASCII
<LI><a href="#[93]">&gt;&gt;</a>&nbsp;&nbsp;&nbsp;Show_Font
<LI><a href="#[90]">&gt;&gt;</a>&nbsp;&nbsp;&nbsp;Draw_Circle
<LI><a href="#[8e]">&gt;&gt;</a>&nbsp;&nbsp;&nbsp;LCD_DrawLine
</UL>

<P><STRONG><a name="[8e]"></a>LCD_DrawLine</STRONG> (Thumb, 172 bytes, Stack size 68 bytes, drv_lcd.o(.text))
<BR><BR>[Stack]<UL><LI>Max Depth = 100<LI>Call Chain = LCD_DrawLine &rArr; LCD_DrawPoint &rArr; LCD_SetCursor
</UL>
<BR>[Calls]<UL><LI><a href="#[8d]">&gt;&gt;</a>&nbsp;&nbsp;&nbsp;LCD_DrawPoint
</UL>
<BR>[Called By]<UL><LI><a href="#[8f]">&gt;&gt;</a>&nbsp;&nbsp;&nbsp;LCD_DrawRectangle
<LI><a href="#[1aa]">&gt;&gt;</a>&nbsp;&nbsp;&nbsp;GUI_ShowListMenu
</UL>

<P><STRONG><a name="[8f]"></a>LCD_DrawRectangle</STRONG> (Thumb, 74 bytes, Stack size 28 bytes, drv_lcd.o(.text), UNUSED)
<BR><BR>[Calls]<UL><LI><a href="#[8e]">&gt;&gt;</a>&nbsp;&nbsp;&nbsp;LCD_DrawLine
</UL>

<P><STRONG><a name="[90]"></a>Draw_Circle</STRONG> (Thumb, 198 bytes, Stack size 32 bytes, drv_lcd.o(.text), UNUSED)
<BR><BR>[Calls]<UL><LI><a href="#[8d]">&gt;&gt;</a>&nbsp;&nbsp;&nbsp;LCD_DrawPoint
</UL>

<P><STRONG><a name="[266]"></a>SET_FontColor</STRONG> (Thumb, 2 bytes, Stack size 0 bytes, drv_lcd.o(.text), UNUSED)

<P><STRONG><a name="[267]"></a>SET_FontDistance</STRONG> (Thumb, 2 bytes, Stack size 0 bytes, drv_lcd.o(.text), UNUSED)

<P><STRONG><a name="[91]"></a>Get_HzMat</STRONG> (Thumb, 410 bytes, Stack size 32 bytes, drv_lcd.o(.text))
<BR><BR>[Stack]<UL><LI>Max Depth = 64<LI>Call Chain = Get_HzMat &rArr; ZiKu_GetChineseChar
</UL>
<BR>[Calls]<UL><LI><a href="#[92]">&gt;&gt;</a>&nbsp;&nbsp;&nbsp;ZiKu_GetChineseChar
</UL>
<BR>[Called By]<UL><LI><a href="#[95]">&gt;&gt;</a>&nbsp;&nbsp;&nbsp;DisplayASCII
<LI><a href="#[93]">&gt;&gt;</a>&nbsp;&nbsp;&nbsp;Show_Font
</UL>

<P><STRONG><a name="[93]"></a>Show_Font</STRONG> (Thumb, 2662 bytes, Stack size 80 bytes, drv_lcd.o(.text))
<BR><BR>[Stack]<UL><LI>Max Depth = 144<LI>Call Chain = Show_Font &rArr; Get_HzMat &rArr; ZiKu_GetChineseChar
</UL>
<BR>[Calls]<UL><LI><a href="#[91]">&gt;&gt;</a>&nbsp;&nbsp;&nbsp;Get_HzMat
<LI><a href="#[8d]">&gt;&gt;</a>&nbsp;&nbsp;&nbsp;LCD_DrawPoint
</UL>
<BR>[Called By]<UL><LI><a href="#[94]">&gt;&gt;</a>&nbsp;&nbsp;&nbsp;DisplayString
</UL>

<P><STRONG><a name="[94]"></a>DisplayString</STRONG> (Thumb, 222 bytes, Stack size 32 bytes, drv_lcd.o(.text))
<BR><BR>[Stack]<UL><LI>Max Depth = 176<LI>Call Chain = DisplayString &rArr; Show_Font &rArr; Get_HzMat &rArr; ZiKu_GetChineseChar
</UL>
<BR>[Calls]<UL><LI><a href="#[93]">&gt;&gt;</a>&nbsp;&nbsp;&nbsp;Show_Font
</UL>
<BR>[Called By]<UL><LI><a href="#[1a6]">&gt;&gt;</a>&nbsp;&nbsp;&nbsp;LCD_DisplayStr
</UL>

<P><STRONG><a name="[95]"></a>DisplayASCII</STRONG> (Thumb, 908 bytes, Stack size 88 bytes, drv_lcd.o(.text), UNUSED)
<BR><BR>[Calls]<UL><LI><a href="#[91]">&gt;&gt;</a>&nbsp;&nbsp;&nbsp;Get_HzMat
<LI><a href="#[8d]">&gt;&gt;</a>&nbsp;&nbsp;&nbsp;LCD_DrawPoint
</UL>

<P><STRONG><a name="[268]"></a>PrtString</STRONG> (Thumb, 8 bytes, Stack size 12 bytes, drv_lcd.o(.text), UNUSED)

<P><STRONG><a name="[269]"></a>PrtASCII</STRONG> (Thumb, 8 bytes, Stack size 12 bytes, drv_lcd.o(.text), UNUSED)

<P><STRONG><a name="[96]"></a>LCD_ShowFillPic</STRONG> (Thumb, 164 bytes, Stack size 24 bytes, drv_lcd.o(.text))
<BR><BR>[Stack]<UL><LI>Max Depth = 40<LI>Call Chain = LCD_ShowFillPic &rArr; LCD_SetCursor
</UL>
<BR>[Calls]<UL><LI><a href="#[8a]">&gt;&gt;</a>&nbsp;&nbsp;&nbsp;LCD_SetCursor
<LI><a href="#[86]">&gt;&gt;</a>&nbsp;&nbsp;&nbsp;LCD_WriteRAM_Prepare
<LI><a href="#[97]">&gt;&gt;</a>&nbsp;&nbsp;&nbsp;__aeabi_memcpy
</UL>
<BR>[Called By]<UL><LI><a href="#[130]">&gt;&gt;</a>&nbsp;&nbsp;&nbsp;GUI_Admin
</UL>

<P><STRONG><a name="[98]"></a>LCD_ShowPartPic</STRONG> (Thumb, 346 bytes, Stack size 56 bytes, drv_lcd.o(.text))
<BR><BR>[Stack]<UL><LI>Max Depth = 72<LI>Call Chain = LCD_ShowPartPic &rArr; LCD_SetCursor
</UL>
<BR>[Calls]<UL><LI><a href="#[8a]">&gt;&gt;</a>&nbsp;&nbsp;&nbsp;LCD_SetCursor
<LI><a href="#[86]">&gt;&gt;</a>&nbsp;&nbsp;&nbsp;LCD_WriteRAM_Prepare
<LI><a href="#[97]">&gt;&gt;</a>&nbsp;&nbsp;&nbsp;__aeabi_memcpy
</UL>
<BR>[Called By]<UL><LI><a href="#[130]">&gt;&gt;</a>&nbsp;&nbsp;&nbsp;GUI_Admin
<LI><a href="#[1c5]">&gt;&gt;</a>&nbsp;&nbsp;&nbsp;GUI_OnStandby
</UL>

<P><STRONG><a name="[99]"></a>LCD_ShowIcon</STRONG> (Thumb, 820 bytes, Stack size 40 bytes, drv_lcd.o(.text))
<BR><BR>[Stack]<UL><LI>Max Depth = 56<LI>Call Chain = LCD_ShowIcon &rArr; LCD_SetCursor
</UL>
<BR>[Calls]<UL><LI><a href="#[8a]">&gt;&gt;</a>&nbsp;&nbsp;&nbsp;LCD_SetCursor
<LI><a href="#[86]">&gt;&gt;</a>&nbsp;&nbsp;&nbsp;LCD_WriteRAM_Prepare
<LI><a href="#[9a]">&gt;&gt;</a>&nbsp;&nbsp;&nbsp;__aeabi_memclr
<LI><a href="#[97]">&gt;&gt;</a>&nbsp;&nbsp;&nbsp;__aeabi_memcpy
</UL>
<BR>[Called By]<UL><LI><a href="#[1a9]">&gt;&gt;</a>&nbsp;&nbsp;&nbsp;GUI_UpdateDisplay
</UL>

<P><STRONG><a name="[a8]"></a>StoreFingerData</STRONG> (Thumb, 36 bytes, Stack size 0 bytes, drv_uart.o(.text))
<BR><BR>[Called By]<UL><LI><a href="#[12]">&gt;&gt;</a>&nbsp;&nbsp;&nbsp;UART1_IRQHandler
</UL>

<P><STRONG><a name="[9b]"></a>Clean_RS485RxdBuf</STRONG> (Thumb, 14 bytes, Stack size 8 bytes, drv_uart.o(.text))
<BR><BR>[Stack]<UL><LI>Max Depth = 8<LI>Call Chain = Clean_RS485RxdBuf
</UL>
<BR>[Calls]<UL><LI><a href="#[9a]">&gt;&gt;</a>&nbsp;&nbsp;&nbsp;__aeabi_memclr
</UL>
<BR>[Called By]<UL><LI><a href="#[12c]">&gt;&gt;</a>&nbsp;&nbsp;&nbsp;Choice1BoxOpen_CheckResult
<LI><a href="#[128]">&gt;&gt;</a>&nbsp;&nbsp;&nbsp;ScanExtendBoxStatus
</UL>

<P><STRONG><a name="[9f]"></a>Store_Rs485Data</STRONG> (Thumb, 34 bytes, Stack size 0 bytes, drv_uart.o(.text))
<BR><BR>[Called By]<UL><LI><a href="#[11]">&gt;&gt;</a>&nbsp;&nbsp;&nbsp;UART0_IRQHandler
</UL>

<P><STRONG><a name="[9e]"></a>RS485_Init</STRONG> (Thumb, 24 bytes, Stack size 0 bytes, drv_uart.o(.text))
<BR><BR>[Called By]<UL><LI><a href="#[9c]">&gt;&gt;</a>&nbsp;&nbsp;&nbsp;UART0_Init
</UL>

<P><STRONG><a name="[9c]"></a>UART0_Init</STRONG> (Thumb, 88 bytes, Stack size 16 bytes, drv_uart.o(.text))
<BR><BR>[Stack]<UL><LI>Max Depth = 16<LI>Call Chain = UART0_Init
</UL>
<BR>[Calls]<UL><LI><a href="#[9d]">&gt;&gt;</a>&nbsp;&nbsp;&nbsp;NVIC_EnableIRQ
<LI><a href="#[9e]">&gt;&gt;</a>&nbsp;&nbsp;&nbsp;RS485_Init
</UL>
<BR>[Called By]<UL><LI><a href="#[138]">&gt;&gt;</a>&nbsp;&nbsp;&nbsp;System_Init
</UL>

<P><STRONG><a name="[11]"></a>UART0_IRQHandler</STRONG> (Thumb, 20 bytes, Stack size 4 bytes, drv_uart.o(.text))
<BR><BR>[Stack]<UL><LI>Max Depth = 4<LI>Call Chain = UART0_IRQHandler
</UL>
<BR>[Calls]<UL><LI><a href="#[9f]">&gt;&gt;</a>&nbsp;&nbsp;&nbsp;Store_Rs485Data
</UL>
<BR>[Address Reference Count : 1]<UL><LI> startup_lpc17xx.o(RESET)
</UL>
<P><STRONG><a name="[26a]"></a>UART0_GetChar</STRONG> (Thumb, 20 bytes, Stack size 0 bytes, drv_uart.o(.text), UNUSED)

<P><STRONG><a name="[a1]"></a>UART0_SendByte</STRONG> (Thumb, 20 bytes, Stack size 0 bytes, drv_uart.o(.text))
<BR><BR>[Called By]<UL><LI><a href="#[a0]">&gt;&gt;</a>&nbsp;&nbsp;&nbsp;UART0_SendNxByte
</UL>

<P><STRONG><a name="[a0]"></a>UART0_SendNxByte</STRONG> (Thumb, 26 bytes, Stack size 8 bytes, drv_uart.o(.text))
<BR><BR>[Stack]<UL><LI>Max Depth = 8<LI>Call Chain = UART0_SendNxByte
</UL>
<BR>[Calls]<UL><LI><a href="#[a1]">&gt;&gt;</a>&nbsp;&nbsp;&nbsp;UART0_SendByte
</UL>
<BR>[Called By]<UL><LI><a href="#[122]">&gt;&gt;</a>&nbsp;&nbsp;&nbsp;SendCmdToExtendLockers
<LI><a href="#[a4]">&gt;&gt;</a>&nbsp;&nbsp;&nbsp;RS485_SendNxByte
<LI><a href="#[a2]">&gt;&gt;</a>&nbsp;&nbsp;&nbsp;UART0_SendStr
</UL>

<P><STRONG><a name="[a2]"></a>UART0_SendStr</STRONG> (Thumb, 22 bytes, Stack size 16 bytes, drv_uart.o(.text))
<BR><BR>[Stack]<UL><LI>Max Depth = 24<LI>Call Chain = UART0_SendStr &rArr; UART0_SendNxByte
</UL>
<BR>[Calls]<UL><LI><a href="#[a0]">&gt;&gt;</a>&nbsp;&nbsp;&nbsp;UART0_SendNxByte
<LI><a href="#[a3]">&gt;&gt;</a>&nbsp;&nbsp;&nbsp;strlen
</UL>
<BR>[Called By]<UL><LI><a href="#[117]">&gt;&gt;</a>&nbsp;&nbsp;&nbsp;ReadSysConfig
</UL>

<P><STRONG><a name="[a4]"></a>RS485_SendNxByte</STRONG> (Thumb, 40 bytes, Stack size 12 bytes, drv_uart.o(.text), UNUSED)
<BR><BR>[Calls]<UL><LI><a href="#[a0]">&gt;&gt;</a>&nbsp;&nbsp;&nbsp;UART0_SendNxByte
</UL>

<P><STRONG><a name="[a5]"></a>UART1_Init</STRONG> (Thumb, 84 bytes, Stack size 16 bytes, drv_uart.o(.text))
<BR><BR>[Stack]<UL><LI>Max Depth = 16<LI>Call Chain = UART1_Init
</UL>
<BR>[Calls]<UL><LI><a href="#[9d]">&gt;&gt;</a>&nbsp;&nbsp;&nbsp;NVIC_EnableIRQ
</UL>
<BR>[Called By]<UL><LI><a href="#[138]">&gt;&gt;</a>&nbsp;&nbsp;&nbsp;System_Init
</UL>

<P><STRONG><a name="[a7]"></a>UART1_SendByte</STRONG> (Thumb, 20 bytes, Stack size 0 bytes, drv_uart.o(.text))
<BR><BR>[Called By]<UL><LI><a href="#[a6]">&gt;&gt;</a>&nbsp;&nbsp;&nbsp;UART1_SendNxByte
</UL>

<P><STRONG><a name="[a6]"></a>UART1_SendNxByte</STRONG> (Thumb, 26 bytes, Stack size 8 bytes, drv_uart.o(.text))
<BR><BR>[Stack]<UL><LI>Max Depth = 8<LI>Call Chain = UART1_SendNxByte
</UL>
<BR>[Calls]<UL><LI><a href="#[a7]">&gt;&gt;</a>&nbsp;&nbsp;&nbsp;UART1_SendByte
</UL>
<BR>[Called By]<UL><LI><a href="#[11d]">&gt;&gt;</a>&nbsp;&nbsp;&nbsp;CommDeal_Reply
<LI><a href="#[22a]">&gt;&gt;</a>&nbsp;&nbsp;&nbsp;SendCmdToFingerprint
<LI><a href="#[229]">&gt;&gt;</a>&nbsp;&nbsp;&nbsp;SendDataToFingerprint
</UL>

<P><STRONG><a name="[12]"></a>UART1_IRQHandler</STRONG> (Thumb, 20 bytes, Stack size 4 bytes, drv_uart.o(.text))
<BR><BR>[Stack]<UL><LI>Max Depth = 4<LI>Call Chain = UART1_IRQHandler
</UL>
<BR>[Calls]<UL><LI><a href="#[a8]">&gt;&gt;</a>&nbsp;&nbsp;&nbsp;StoreFingerData
</UL>
<BR>[Address Reference Count : 1]<UL><LI> startup_lpc17xx.o(RESET)
</UL>
<P><STRONG><a name="[a9]"></a>UART2_Init</STRONG> (Thumb, 82 bytes, Stack size 16 bytes, drv_uart.o(.text))
<BR><BR>[Stack]<UL><LI>Max Depth = 16<LI>Call Chain = UART2_Init
</UL>
<BR>[Calls]<UL><LI><a href="#[9d]">&gt;&gt;</a>&nbsp;&nbsp;&nbsp;NVIC_EnableIRQ
</UL>
<BR>[Called By]<UL><LI><a href="#[138]">&gt;&gt;</a>&nbsp;&nbsp;&nbsp;System_Init
</UL>

[...]
<LI><a href="#[1b7]">&gt;&gt;</a>&nbsp;&nbsp;&nbsp;GUI_SetTime
<LI><a href="#[1b6]">&gt;&gt;</a>&nbsp;&nbsp;&nbsp;GUI_Time
<LI><a href="#[1b2]">&gt;&gt;</a>&nbsp;&nbsp;&nbsp;GUI_AdminSetBoxNum
</UL>

<P><STRONG><a name="[97]"></a>__aeabi_memcpy</STRONG> (Thumb, 0 bytes, Stack size 0 bytes, rt_memcpy_v6.o(.text))
<BR><BR>[Called By]<UL><LI><a href="#[99]">&gt;&gt;</a>&nbsp;&nbsp;&nbsp;LCD_ShowIcon
<LI><a href="#[98]">&gt;&gt;</a>&nbsp;&nbsp;&nbsp;LCD_ShowPartPic
<LI><a href="#[96]">&gt;&gt;</a>&nbsp;&nbsp;&nbsp;LCD_ShowFillPic
<LI><a href="#[18e]">&gt;&gt;</a>&nbsp;&nbsp;&nbsp;GUI_PackageInOtherLockers
<LI><a href="#[18b]">&gt;&gt;</a>&nbsp;&nbsp;&nbsp;GUI_Open1Box
<LI><a href="#[168]">&gt;&gt;</a>&nbsp;&nbsp;&nbsp;Comm_SetBoxInfo
<LI><a href="#[167]">&gt;&gt;</a>&nbsp;&nbsp;&nbsp;Comm_CheckBoxEmpty
<LI><a href="#[166]">&gt;&gt;</a>&nbsp;&nbsp;&nbsp;Comm_Get_BoxDoorStatus
<LI><a href="#[157]">&gt;&gt;</a>&nbsp;&nbsp;&nbsp;Comm_EepromWrite
<LI><a href="#[151]">&gt;&gt;</a>&nbsp;&nbsp;&nbsp;Comm_Get_Time
<LI><a href="#[14d]">&gt;&gt;</a>&nbsp;&nbsp;&nbsp;Comm_Get_Version
<LI><a href="#[132]">&gt;&gt;</a>&nbsp;&nbsp;&nbsp;CheckBoxStatusChange
<LI><a href="#[126]">&gt;&gt;</a>&nbsp;&nbsp;&nbsp;ParseBoxInsideStatus
<LI><a href="#[125]">&gt;&gt;</a>&nbsp;&nbsp;&nbsp;ParseBoxDoorStatus
<LI><a href="#[120]">&gt;&gt;</a>&nbsp;&nbsp;&nbsp;UdpServer_SendData
<LI><a href="#[11f]">&gt;&gt;</a>&nbsp;&nbsp;&nbsp;UdpClient_SendData
<LI><a href="#[123]">&gt;&gt;</a>&nbsp;&nbsp;&nbsp;SlavePacketDecoding
<LI><a href="#[122]">&gt;&gt;</a>&nbsp;&nbsp;&nbsp;SendCmdToExtendLockers
<LI><a href="#[121]">&gt;&gt;</a>&nbsp;&nbsp;&nbsp;Comm_ApplyFor
<LI><a href="#[11d]">&gt;&gt;</a>&nbsp;&nbsp;&nbsp;CommDeal_Reply
<LI><a href="#[11c]">&gt;&gt;</a>&nbsp;&nbsp;&nbsp;Comm_PacketDeal
<LI><a href="#[ec]">&gt;&gt;</a>&nbsp;&nbsp;&nbsp;AsciiStr_To_UInt
<LI><a href="#[232]">&gt;&gt;</a>&nbsp;&nbsp;&nbsp;Fingerprint_GetChar
<LI><a href="#[22a]">&gt;&gt;</a>&nbsp;&nbsp;&nbsp;SendCmdToFingerprint
<LI><a href="#[21e]">&gt;&gt;</a>&nbsp;&nbsp;&nbsp;UserConsign_ServerReply
<LI><a href="#[1f5]">&gt;&gt;</a>&nbsp;&nbsp;&nbsp;Set_ClientIdCode
<LI><a href="#[1f4]">&gt;&gt;</a>&nbsp;&nbsp;&nbsp;Set_LockersName
<LI><a href="#[1cb]">&gt;&gt;</a>&nbsp;&nbsp;&nbsp;GUI_ClrBoxNotice
<LI><a href="#[1b4]">&gt;&gt;</a>&nbsp;&nbsp;&nbsp;GUI_Open1BoxFaild
</UL>

<P><STRONG><a name="[23b]"></a>__rt_memcpy</STRONG> (Thumb, 138 bytes, Stack size 0 bytes, rt_memcpy_v6.o(.text), UNUSED)
<BR><BR>[Calls]<UL><LI><a href="#[10f]">&gt;&gt;</a>&nbsp;&nbsp;&nbsp;__aeabi_memcpy4
</UL>

<P><STRONG><a name="[276]"></a>_memcpy_lastbytes</STRONG> (Thumb, 0 bytes, Stack size unknown bytes, rt_memcpy_v6.o(.text), UNUSED)

<P><STRONG><a name="[10f]"></a>__aeabi_memcpy4</STRONG> (Thumb, 0 bytes, Stack size 8 bytes, rt_memcpy_w.o(.text))
<BR><BR>[Stack]<UL><LI>Max Depth = 8<LI>Call Chain = __aeabi_memcpy4
</UL>
<BR>[Called By]<UL><LI><a href="#[185]">&gt;&gt;</a>&nbsp;&nbsp;&nbsp;ArgCardOperation
<LI><a href="#[17a]">&gt;&gt;</a>&nbsp;&nbsp;&nbsp;QueryBoxRecord
<LI><a href="#[169]">&gt;&gt;</a>&nbsp;&nbsp;&nbsp;Comm_GetBoxInfo
<LI><a href="#[168]">&gt;&gt;</a>&nbsp;&nbsp;&nbsp;Comm_SetBoxInfo
<LI><a href="#[15e]">&gt;&gt;</a>&nbsp;&nbsp;&nbsp;Comm_Get_CardKey
<LI><a href="#[150]">&gt;&gt;</a>&nbsp;&nbsp;&nbsp;Comm_Get_MachineNum
<LI><a href="#[112]">&gt;&gt;</a>&nbsp;&nbsp;&nbsp;Get_LockersArg
<LI><a href="#[110]">&gt;&gt;</a>&nbsp;&nbsp;&nbsp;Get_NetworkArg
<LI><a href="#[10d]">&gt;&gt;</a>&nbsp;&nbsp;&nbsp;Get_HardwareArg
<LI><a href="#[23b]">&gt;&gt;</a>&nbsp;&nbsp;&nbsp;__rt_memcpy
</UL>

<P><STRONG><a name="[277]"></a>__aeabi_memcpy8</STRONG> (Thumb, 0 bytes, Stack size 8 bytes, rt_memcpy_w.o(.text), UNUSED)

<P><STRONG><a name="[278]"></a>__rt_memcpy_w</STRONG> (Thumb, 100 bytes, Stack size 8 bytes, rt_memcpy_w.o(.text), UNUSED)

<P><STRONG><a name="[279]"></a>_memcpy_lastbytes_aligned</STRONG> (Thumb, 0 bytes, Stack size unknown bytes, rt_memcpy_w.o(.text), UNUSED)

<P><STRONG><a name="[9a]"></a>__aeabi_memclr</STRONG> (Thumb, 0 bytes, Stack size 0 bytes, rt_memclr.o(.text))
<BR><BR>[Called By]<UL><LI><a href="#[99]">&gt;&gt;</a>&nbsp;&nbsp;&nbsp;LCD_ShowIcon
<LI><a href="#[182]">&gt;&gt;</a>&nbsp;&nbsp;&nbsp;Admin_Login
<LI><a href="#[12c]">&gt;&gt;</a>&nbsp;&nbsp;&nbsp;Choice1BoxOpen_CheckResult
<LI><a href="#[127]">&gt;&gt;</a>&nbsp;&nbsp;&nbsp;ScanLocalBoxStatus
<LI><a href="#[e7]">&gt;&gt;</a>&nbsp;&nbsp;&nbsp;Wiegand_Init
<LI><a href="#[9b]">&gt;&gt;</a>&nbsp;&nbsp;&nbsp;Clean_RS485RxdBuf
<LI><a href="#[232]">&gt;&gt;</a>&nbsp;&nbsp;&nbsp;Fingerprint_GetChar
<LI><a href="#[229]">&gt;&gt;</a>&nbsp;&nbsp;&nbsp;SendDataToFingerprint
<LI><a href="#[217]">&gt;&gt;</a>&nbsp;&nbsp;&nbsp;TopAdmin_Login
<LI><a href="#[215]">&gt;&gt;</a>&nbsp;&nbsp;&nbsp;Admin_QueryMenu
<LI><a href="#[210]">&gt;&gt;</a>&nbsp;&nbsp;&nbsp;TopAdmin_SetPassword
<LI><a href="#[1f5]">&gt;&gt;</a>&nbsp;&nbsp;&nbsp;Set_ClientIdCode
<LI><a href="#[1f4]">&gt;&gt;</a>&nbsp;&nbsp;&nbsp;Set_LockersName
<LI><a href="#[1f3]">&gt;&gt;</a>&nbsp;&nbsp;&nbsp;Set_AdminPassword
<LI><a href="#[1f1]">&gt;&gt;</a>&nbsp;&nbsp;&nbsp;Sys_Registration
<LI><a href="#[1f0]">&gt;&gt;</a>&nbsp;&nbsp;&nbsp;Set_TcpIpInfo
<LI><a href="#[1ec]">&gt;&gt;</a>&nbsp;&nbsp;&nbsp;Set_DateTime
<LI><a href="#[1e8]">&gt;&gt;</a>&nbsp;&nbsp;&nbsp;KeyInputDate
<LI><a href="#[1e7]">&gt;&gt;</a>&nbsp;&nbsp;&nbsp;KeyInputIpAddr
</UL>

<P><STRONG><a name="[23c]"></a>__rt_memclr</STRONG> (Thumb, 68 bytes, Stack size 0 bytes, rt_memclr.o(.text), UNUSED)
<BR><BR>[Calls]<UL><LI><a href="#[23d]">&gt;&gt;</a>&nbsp;&nbsp;&nbsp;_memset_w
</UL>

<P><STRONG><a name="[48]"></a>_memset</STRONG> (Thumb, 0 bytes, Stack size unknown bytes, rt_memclr.o(.text))
<BR><BR>[Called By]<UL><LI><a href="#[47]">&gt;&gt;</a>&nbsp;&nbsp;&nbsp;__aeabi_memset
</UL>

<P><STRONG><a name="[ed]"></a>__aeabi_memclr4</STRONG> (Thumb, 0 bytes, Stack size 4 bytes, rt_memclr_w.o(.text))
<BR><BR>[Stack]<UL><LI>Max Depth = 4<LI>Call Chain = __aeabi_memclr4
</UL>
<BR>[Called By]<UL><LI><a href="#[190]">&gt;&gt;</a>&nbsp;&nbsp;&nbsp;UserTakeAway_OnlineAsk
<LI><a href="#[18a]">&gt;&gt;</a>&nbsp;&nbsp;&nbsp;GUI_UserTakeAwwyFail
<LI><a href="#[18e]">&gt;&gt;</a>&nbsp;&nbsp;&nbsp;GUI_PackageInOtherLockers
<LI><a href="#[18b]">&gt;&gt;</a>&nbsp;&nbsp;&nbsp;GUI_Open1Box
<LI><a href="#[182]">&gt;&gt;</a>&nbsp;&nbsp;&nbsp;Admin_Login
<LI><a href="#[18f]">&gt;&gt;</a>&nbsp;&nbsp;&nbsp;UserTakes_OnlineAsk
<LI><a href="#[18d]">&gt;&gt;</a>&nbsp;&nbsp;&nbsp;UserTakesWriteCard
<LI><a href="#[185]">&gt;&gt;</a>&nbsp;&nbsp;&nbsp;ArgCardOperation
<LI><a href="#[183]">&gt;&gt;</a>&nbsp;&nbsp;&nbsp;SuperCard_SetAdmin
<LI><a href="#[17c]">&gt;&gt;</a>&nbsp;&nbsp;&nbsp;StoreRecord_OpenBoxByFinger
<LI><a href="#[17b]">&gt;&gt;</a>&nbsp;&nbsp;&nbsp;StoreRecord_OpenBoxByCard
<LI><a href="#[17a]">&gt;&gt;</a>&nbsp;&nbsp;&nbsp;QueryBoxRecord
<LI><a href="#[173]">&gt;&gt;</a>&nbsp;&nbsp;&nbsp;ReadOneRecord_ToArrayBuf
<LI><a href="#[175]">&gt;&gt;</a>&nbsp;&nbsp;&nbsp;Comm_Clr_AllRecord
<LI><a href="#[174]">&gt;&gt;</a>&nbsp;&nbsp;&nbsp;Comm_Get_RecordAgain
<LI><a href="#[172]">&gt;&gt;</a>&nbsp;&nbsp;&nbsp;Comm_Get_Record
<LI><a href="#[171]">&gt;&gt;</a>&nbsp;&nbsp;&nbsp;Comm_Get_RecordPoint
<LI><a href="#[170]">&gt;&gt;</a>&nbsp;&nbsp;&nbsp;Comm_UnlockNxBox
<LI><a href="#[16f]">&gt;&gt;</a>&nbsp;&nbsp;&nbsp;Comm_LockNxBox
<LI><a href="#[16e]">&gt;&gt;</a>&nbsp;&nbsp;&nbsp;Comm_Get_AllBoxUserCard
<LI><a href="#[16d]">&gt;&gt;</a>&nbsp;&nbsp;&nbsp;Comm_Get_BoxUserCard
<LI><a href="#[16c]">&gt;&gt;</a>&nbsp;&nbsp;&nbsp;Comm_Set_BoxUserCard
<LI><a href="#[16b]">&gt;&gt;</a>&nbsp;&nbsp;&nbsp;Comm_Get_ValidCardList
<LI><a href="#[16a]">&gt;&gt;</a>&nbsp;&nbsp;&nbsp;Comm_Set_ValidCardList
<LI><a href="#[169]">&gt;&gt;</a>&nbsp;&nbsp;&nbsp;Comm_GetBoxInfo
<LI><a href="#[168]">&gt;&gt;</a>&nbsp;&nbsp;&nbsp;Comm_SetBoxInfo
<LI><a href="#[167]">&gt;&gt;</a>&nbsp;&nbsp;&nbsp;Comm_CheckBoxEmpty
<LI><a href="#[166]">&gt;&gt;</a>&nbsp;&nbsp;&nbsp;Comm_Get_BoxDoorStatus
<LI><a href="#[164]">&gt;&gt;</a>&nbsp;&nbsp;&nbsp;Comm_OpenOneBox
<LI><a href="#[163]">&gt;&gt;</a>&nbsp;&nbsp;&nbsp;Comm_SetBoxNum
<LI><a href="#[162]">&gt;&gt;</a>&nbsp;&nbsp;&nbsp;Comm_Set_Lockers
<LI><a href="#[161]">&gt;&gt;</a>&nbsp;&nbsp;&nbsp;Comm_VoiceCmdTest
<LI><a href="#[160]">&gt;&gt;</a>&nbsp;&nbsp;&nbsp;Comm_SetVoiceLevel
<LI><a href="#[15f]">&gt;&gt;</a>&nbsp;&nbsp;&nbsp;Comm_PlayVoice
<LI><a href="#[15e]">&gt;&gt;</a>&nbsp;&nbsp;&nbsp;Comm_Get_CardKey
<LI><a href="#[15d]">&gt;&gt;</a>&nbsp;&nbsp;&nbsp;Comm_Set_CardKey
<LI><a href="#[15c]">&gt;&gt;</a>&nbsp;&nbsp;&nbsp;Comm_FindCard
<LI><a href="#[15b]">&gt;&gt;</a>&nbsp;&nbsp;&nbsp;Comm_Get_ServerIP
<LI><a href="#[15a]">&gt;&gt;</a>&nbsp;&nbsp;&nbsp;Comm_Set_ServerIP
<LI><a href="#[159]">&gt;&gt;</a>&nbsp;&nbsp;&nbsp;Comm_Get_IP
<LI><a href="#[158]">&gt;&gt;</a>&nbsp;&nbsp;&nbsp;Comm_Set_IP
<LI><a href="#[157]">&gt;&gt;</a>&nbsp;&nbsp;&nbsp;Comm_EepromWrite
<LI><a href="#[156]">&gt;&gt;</a>&nbsp;&nbsp;&nbsp;Comm_EepromRead
<LI><a href="#[155]">&gt;&gt;</a>&nbsp;&nbsp;&nbsp;Comm_RingBuzzer
<LI><a href="#[153]">&gt;&gt;</a>&nbsp;&nbsp;&nbsp;Comm_SysInit
<LI><a href="#[152]">&gt;&gt;</a>&nbsp;&nbsp;&nbsp;Comm_Set_Time
<LI><a href="#[151]">&gt;&gt;</a>&nbsp;&nbsp;&nbsp;Comm_Get_Time
<LI><a href="#[150]">&gt;&gt;</a>&nbsp;&nbsp;&nbsp;Comm_Get_MachineNum
<LI><a href="#[14f]">&gt;&gt;</a>&nbsp;&nbsp;&nbsp;Comm_Set_MachineNum
<LI><a href="#[14d]">&gt;&gt;</a>&nbsp;&nbsp;&nbsp;Comm_Get_Version
<LI><a href="#[147]">&gt;&gt;</a>&nbsp;&nbsp;&nbsp;KeyboardFunction
<LI><a href="#[137]">&gt;&gt;</a>&nbsp;&nbsp;&nbsp;Variable_Init
<LI><a href="#[131]">&gt;&gt;</a>&nbsp;&nbsp;&nbsp;UpdateEmptyBoxList
<LI><a href="#[12c]">&gt;&gt;</a>&nbsp;&nbsp;&nbsp;Choice1BoxOpen_CheckResult
<LI><a href="#[12a]">&gt;&gt;</a>&nbsp;&nbsp;&nbsp;Choice1BoxOpen
<LI><a href="#[128]">&gt;&gt;</a>&nbsp;&nbsp;&nbsp;ScanExtendBoxStatus
<LI><a href="#[122]">&gt;&gt;</a>&nbsp;&nbsp;&nbsp;SendCmdToExtendLockers
<LI><a href="#[117]">&gt;&gt;</a>&nbsp;&nbsp;&nbsp;ReadSysConfig
<LI><a href="#[115]">&gt;&gt;</a>&nbsp;&nbsp;&nbsp;Get_ClientInfo
<LI><a href="#[112]">&gt;&gt;</a>&nbsp;&nbsp;&nbsp;Get_LockersArg
<LI><a href="#[110]">&gt;&gt;</a>&nbsp;&nbsp;&nbsp;Get_NetworkArg
<LI><a href="#[10d]">&gt;&gt;</a>&nbsp;&nbsp;&nbsp;Get_HardwareArg
<LI><a href="#[10b]">&gt;&gt;</a>&nbsp;&nbsp;&nbsp;SysConfig_Init
<LI><a href="#[108]">&gt;&gt;</a>&nbsp;&nbsp;&nbsp;Init_LockersArg
<LI><a href="#[106]">&gt;&gt;</a>&nbsp;&nbsp;&nbsp;Init_NetworkArg
<LI><a href="#[105]">&gt;&gt;</a>&nbsp;&nbsp;&nbsp;Init_HardwareArg
<LI><a href="#[f9]">&gt;&gt;</a>&nbsp;&nbsp;&nbsp;CheckRegistrationCode
<LI><a href="#[ec]">&gt;&gt;</a>&nbsp;&nbsp;&nbsp;AsciiStr_To_UInt
<LI><a href="#[af]">&gt;&gt;</a>&nbsp;&nbsp;&nbsp;Comm_Decoding
<LI><a href="#[22a]">&gt;&gt;</a>&nbsp;&nbsp;&nbsp;SendCmdToFingerprint
<LI><a href="#[224]">&gt;&gt;</a>&nbsp;&nbsp;&nbsp;ConsignMode_OnlineAsk
<LI><a href="#[222]">&gt;&gt;</a>&nbsp;&nbsp;&nbsp;ConsignMode_WriteCard
<LI><a href="#[21d]">&gt;&gt;</a>&nbsp;&nbsp;&nbsp;UserConsign_OnlineAsk
<LI><a href="#[217]">&gt;&gt;</a>&nbsp;&nbsp;&nbsp;TopAdmin_Login
<LI><a href="#[209]">&gt;&gt;</a>&nbsp;&nbsp;&nbsp;Clean_AllBox
<LI><a href="#[207]">&gt;&gt;</a>&nbsp;&nbsp;&nbsp;Clean_OneBox
<LI><a href="#[206]">&gt;&gt;</a>&nbsp;&nbsp;&nbsp;Open_AllBox
<LI><a href="#[205]">&gt;&gt;</a>&nbsp;&nbsp;&nbsp;Open_OneBox
<LI><a href="#[1e3]">&gt;&gt;</a>&nbsp;&nbsp;&nbsp;GUI_ShowIDPosition
<LI><a href="#[1e2]">&gt;&gt;</a>&nbsp;&nbsp;&nbsp;GUI_UserConsignFail
<LI><a href="#[1e1]">&gt;&gt;</a>&nbsp;&nbsp;&nbsp;GUI_PlsCloseBoxDoor
<LI><a href="#[1e0]">&gt;&gt;</a>&nbsp;&nbsp;&nbsp;GUI_SuperAdmin_SysSetMenu
<LI><a href="#[1df]">&gt;&gt;</a>&nbsp;&nbsp;&nbsp;GUI_TopAdmin_SysSetMenu
<LI><a href="#[1de]">&gt;&gt;</a>&nbsp;&nbsp;&nbsp;GUI_TopAdminMenu
<LI><a href="#[1dd]">&gt;&gt;</a>&nbsp;&nbsp;&nbsp;GUI_Admin_QueryMenu
<LI><a href="#[1dc]">&gt;&gt;</a>&nbsp;&nbsp;&nbsp;GUI_Admin_LockersMenu
<LI><a href="#[1db]">&gt;&gt;</a>&nbsp;&nbsp;&nbsp;GUI_Admin_BoxMenu
<LI><a href="#[1da]">&gt;&gt;</a>&nbsp;&nbsp;&nbsp;GUI_Admin_ManageMenu
<LI><a href="#[1d9]">&gt;&gt;</a>&nbsp;&nbsp;&nbsp;GUI_Admin_SysSetMenu
<LI><a href="#[1d8]">&gt;&gt;</a>&nbsp;&nbsp;&nbsp;GUI_AdminMenu
<LI><a href="#[1d7]">&gt;&gt;</a>&nbsp;&nbsp;&nbsp;GUI_AdminCardOpertion
<LI><a href="#[1d2]">&gt;&gt;</a>&nbsp;&nbsp;&nbsp;GUI_InputAllowOpenBoxNum
<LI><a href="#[1d1]">&gt;&gt;</a>&nbsp;&nbsp;&nbsp;GUI_SetCardSector
<LI><a href="#[1d0]">&gt;&gt;</a>&nbsp;&nbsp;&nbsp;GUI_QueryBoxStatusList
<LI><a href="#[1cf]">&gt;&gt;</a>&nbsp;&nbsp;&nbsp;GUI_QueryLockBoxList
<LI><a href="#[1ce]">&gt;&gt;</a>&nbsp;&nbsp;&nbsp;GUI_QueryBoxRecord
<LI><a href="#[1cd]">&gt;&gt;</a>&nbsp;&nbsp;&nbsp;GUI_AskUnlockinBox
<LI><a href="#[1cc]">&gt;&gt;</a>&nbsp;&nbsp;&nbsp;GUI_AskLockinBox
<LI><a href="#[1cb]">&gt;&gt;</a>&nbsp;&nbsp;&nbsp;GUI_ClrBoxNotice
<LI><a href="#[1ca]">&gt;&gt;</a>&nbsp;&nbsp;&nbsp;GUI_AddCard2Box
<LI><a href="#[1c9]">&gt;&gt;</a>&nbsp;&nbsp;&nbsp;GUI_AddValidCard
<LI><a href="#[1c8]">&gt;&gt;</a>&nbsp;&nbsp;&nbsp;GUI_InputName
<LI><a href="#[1c7]">&gt;&gt;</a>&nbsp;&nbsp;&nbsp;GUI_ChangePassword
<LI><a href="#[1c6]">&gt;&gt;</a>&nbsp;&nbsp;&nbsp;GUI_ShowPassword
<LI><a href="#[1c4]">&gt;&gt;</a>&nbsp;&nbsp;&nbsp;GUI_EmptyBoxCount
<LI><a href="#[1c3]">&gt;&gt;</a>&nbsp;&nbsp;&nbsp;GUI_Registration
<LI><a href="#[1c2]">&gt;&gt;</a>&nbsp;&nbsp;&nbsp;GUI_InputServerPort
<LI><a href="#[1c0]">&gt;&gt;</a>&nbsp;&nbsp;&nbsp;GUI_InputIp
<LI><a href="#[1be]">&gt;&gt;</a>&nbsp;&nbsp;&nbsp;GUI_SetNetSwitch
<LI><a href="#[1bd]">&gt;&gt;</a>&nbsp;&nbsp;&nbsp;GUI_InputMachineNum
<LI><a href="#[1bc]">&gt;&gt;</a>&nbsp;&nbsp;&nbsp;GUI_InputVoiceLevel
<LI><a href="#[1bb]">&gt;&gt;</a>&nbsp;&nbsp;&nbsp;GUI_SetWorkMode
<LI><a href="#[1ba]">&gt;&gt;</a>&nbsp;&nbsp;&nbsp;GUI_SetIDCardSwitch
<LI><a href="#[1b9]">&gt;&gt;</a>&nbsp;&nbsp;&nbsp;GUI_SetBoxDoorCheckSwitch
<LI><a href="#[1b8]">&gt;&gt;</a>&nbsp;&nbsp;&nbsp;GUI_SetDebugMode
<LI><a href="#[1b7]">&gt;&gt;</a>&nbsp;&nbsp;&nbsp;GUI_SetTime
<LI><a href="#[1b6]">&gt;&gt;</a>&nbsp;&nbsp;&nbsp;GUI_Time
<LI><a href="#[1b5]">&gt;&gt;</a>&nbsp;&nbsp;&nbsp;GUI_BoxBeLocked
<LI><a href="#[1b4]">&gt;&gt;</a>&nbsp;&nbsp;&nbsp;GUI_Open1BoxFaild
<LI><a href="#[1b2]">&gt;&gt;</a>&nbsp;&nbsp;&nbsp;GUI_AdminSetBoxNum
<LI><a href="#[1b1]">&gt;&gt;</a>&nbsp;&nbsp;&nbsp;GUI_InputBoxID
<LI><a href="#[1b0]">&gt;&gt;</a>&nbsp;&nbsp;&nbsp;GUI_InputUseDate
<LI><a href="#[1ab]">&gt;&gt;</a>&nbsp;&nbsp;&nbsp;GUI_ShowIconMenu
</UL>

<P><STRONG><a name="[27a]"></a>__aeabi_memclr8</STRONG> (Thumb, 0 bytes, Stack size 4 bytes, rt_memclr_w.o(.text), UNUSED)

<P><STRONG><a name="[27b]"></a>__rt_memclr_w</STRONG> (Thumb, 78 bytes, Stack size 4 bytes, rt_memclr_w.o(.text), UNUSED)

<P><STRONG><a name="[23d]"></a>_memset_w</STRONG> (Thumb, 0 bytes, Stack size unknown bytes, rt_memclr_w.o(.text), UNUSED)
<BR><BR>[Called By]<UL><LI><a href="#[23c]">&gt;&gt;</a>&nbsp;&nbsp;&nbsp;__rt_memclr
</UL>

<P><STRONG><a name="[27c]"></a>__use_two_region_memory</STRONG> (Thumb, 2 bytes, Stack size 0 bytes, heapauxi.o(.text), UNUSED)

<P><STRONG><a name="[27d]"></a>__rt_heap_escrow$2region</STRONG> (Thumb, 2 bytes, Stack size 0 bytes, heapauxi.o(.text), UNUSED)

<P><STRONG><a name="[27e]"></a>__rt_heap_expand$2region</STRONG> (Thumb, 2 bytes, Stack size 0 bytes, heapauxi.o(.text), UNUSED)

<P><STRONG><a name="[237]"></a>_printf_int_common</STRONG> (Thumb, 178 bytes, Stack size 32 bytes, _printf_intcommon.o(.text))
<BR><BR>[Stack]<UL><LI>Max Depth = 48<LI>Call Chain = _printf_int_common &rArr; _printf_post_padding
</UL>
<BR>[Calls]<UL><LI><a href="#[236]">&gt;&gt;</a>&nbsp;&nbsp;&nbsp;_printf_post_padding
<LI><a href="#[235]">&gt;&gt;</a>&nbsp;&nbsp;&nbsp;_printf_pre_padding
</UL>
<BR>[Called By]<UL><LI><a href="#[3e]">&gt;&gt;</a>&nbsp;&nbsp;&nbsp;_printf_int_dec
</UL>

<P><STRONG><a name="[233]"></a>_printf_char_common</STRONG> (Thumb, 32 bytes, Stack size 64 bytes, _printf_char_common.o(.text))
<BR><BR>[Stack]<UL><LI>Max Depth = 104 + Unknown Stack Size
<LI>Call Chain = _printf_char_common &rArr; __printf
</UL>
<BR>[Calls]<UL><LI><a href="#[238]">&gt;&gt;</a>&nbsp;&nbsp;&nbsp;__printf
</UL>
<BR>[Called By]<UL><LI><a href="#[109]">&gt;&gt;</a>&nbsp;&nbsp;&nbsp;__2sprintf
</UL>

<P><STRONG><a name="[37]"></a>_sputc</STRONG> (Thumb, 10 bytes, Stack size 0 bytes, _sputc.o(.text))
<BR><BR>[Called By]<UL><LI><a href="#[109]">&gt;&gt;</a>&nbsp;&nbsp;&nbsp;__2sprintf
</UL>
<BR>[Address Reference Count : 1]<UL><LI> noretval__2sprintf.o(.text)
</UL>
<P><STRONG><a name="[23e]"></a>_printf_cs_common</STRONG> (Thumb, 20 bytes, Stack size 8 bytes, _printf_char.o(.text))
<BR><BR>[Stack]<UL><LI>Max Depth = 40<LI>Call Chain = _printf_cs_common &rArr; _printf_str &rArr; _printf_post_padding
</UL>
<BR>[Calls]<UL><LI><a href="#[234]">&gt;&gt;</a>&nbsp;&nbsp;&nbsp;_printf_str
</UL>
<BR>[Called By]<UL><LI><a href="#[40]">&gt;&gt;</a>&nbsp;&nbsp;&nbsp;_printf_string
<LI><a href="#[23f]">&gt;&gt;</a>&nbsp;&nbsp;&nbsp;_printf_char
</UL>

<P><STRONG><a name="[23f]"></a>_printf_char</STRONG> (Thumb, 16 bytes, Stack size 0 bytes, _printf_char.o(.text), UNUSED)
<BR><BR>[Calls]<UL><LI><a href="#[23e]">&gt;&gt;</a>&nbsp;&nbsp;&nbsp;_printf_cs_common
</UL>

<P><STRONG><a name="[40]"></a>_printf_string</STRONG> (Thumb, 8 bytes, Stack size 0 bytes, _printf_char.o(.text))
<BR><BR>[Stack]<UL><LI>Max Depth = 40<LI>Call Chain = _printf_string &rArr; _printf_cs_common &rArr; _printf_str &rArr; _printf_post_padding
</UL>
<BR>[Calls]<UL><LI><a href="#[23e]">&gt;&gt;</a>&nbsp;&nbsp;&nbsp;_printf_cs_common
</UL>
<BR>[Called By]<UL><LI><a href="#[3f]">&gt;&gt;</a>&nbsp;&nbsp;&nbsp;_printf_s
</UL>

<P><STRONG><a name="[42]"></a>__user_setup_stackheap</STRONG> (Thumb, 74 bytes, Stack size 8 bytes, sys_stackheap_outer.o(.text))
<BR><BR>[Stack]<UL><LI>Max Depth = 8 + Unknown Stack Size
<LI>Call Chain = __user_setup_stackheap
</UL>
<BR>[Calls]<UL><LI><a href="#[241]">&gt;&gt;</a>&nbsp;&nbsp;&nbsp;__user_initial_stackheap
<LI><a href="#[240]">&gt;&gt;</a>&nbsp;&nbsp;&nbsp;__user_perproc_libspace
</UL>
<BR>[Called By]<UL><LI><a href="#[41]">&gt;&gt;</a>&nbsp;&nbsp;&nbsp;__rt_entry_sh
</UL>

<P><STRONG><a name="[27f]"></a>__user_libspace</STRONG> (Thumb, 8 bytes, Stack size 0 bytes, libspace.o(.text), UNUSED)

<P><STRONG><a name="[240]"></a>__user_perproc_libspace</STRONG> (Thumb, 0 bytes, Stack size 0 bytes, libspace.o(.text))
<BR><BR>[Called By]<UL><LI><a href="#[42]">&gt;&gt;</a>&nbsp;&nbsp;&nbsp;__user_setup_stackheap
</UL>

<P><STRONG><a name="[280]"></a>__user_perthread_libspace</STRONG> (Thumb, 0 bytes, Stack size 0 bytes, libspace.o(.text), UNUSED)

<P><STRONG><a name="[239]"></a>_is_digit</STRONG> (Thumb, 14 bytes, Stack size 0 bytes, __printf_wp.o(i._is_digit))
<BR><BR>[Called By]<UL><LI><a href="#[238]">&gt;&gt;</a>&nbsp;&nbsp;&nbsp;__printf
</UL>

<P><STRONG><a name="[31]"></a>exit</STRONG> (ARM, 4608 bytes, Stack size unknown bytes, drv_lcd.o(.constdata))
<BR>[Address Reference Count : 1]<UL><LI> drv_lcd.o(.text)
</UL><P>
<H3>
Local Symbols
</H3>
<P><STRONG><a name="[7f]"></a>NVIC_EnableIRQ</STRONG> (Thumb, 22 bytes, Stack size 0 bytes, drv_timer.o(.text))
<BR><BR>[Called By]<UL><LI><a href="#[d]">&gt;&gt;</a>&nbsp;&nbsp;&nbsp;TIMER0_IRQHandler
<LI><a href="#[7e]">&gt;&gt;</a>&nbsp;&nbsp;&nbsp;Time0_Init
</UL>

<P><STRONG><a name="[9d]"></a>NVIC_EnableIRQ</STRONG> (Thumb, 22 bytes, Stack size 0 bytes, drv_uart.o(.text))
<BR><BR>[Called By]<UL><LI><a href="#[ac]">&gt;&gt;</a>&nbsp;&nbsp;&nbsp;UART3_Init
<LI><a href="#[a9]">&gt;&gt;</a>&nbsp;&nbsp;&nbsp;UART2_Init
<LI><a href="#[a5]">&gt;&gt;</a>&nbsp;&nbsp;&nbsp;UART1_Init
<LI><a href="#[9c]">&gt;&gt;</a>&nbsp;&nbsp;&nbsp;UART0_Init
</UL>

<P><STRONG><a name="[38]"></a>_printf_input_char</STRONG> (Thumb, 10 bytes, Stack size 0 bytes, _printf_char_common.o(.text))
<BR>[Address Reference Count : 1]<UL><LI> _printf_char_common.o(.text)
</UL><P>
<H3>
Undefined Global Symbols
</H3><HR></body></html>
