<html>
<body>
<pre>
<h1>礦ision Build Log</h1>
<h2>Tool Versions:</h2>
IDE-Version: μVision V5.15
Copyright (C) 2015 ARM Ltd and ARM Germany GmbH. All rights reserved.
License Information: xc Microsoft, Microsoft, LIC=65IBS-L7ZLM-Y6FQX-HR867-Q16V4-1QPS3
 
Tool Versions:
Toolchain:       MDK-ARM Standard  Version: 5.15.0
Toolchain Path:  D:\Keil uv5\ARM\ARMCC\Bin
C Compiler:      Armcc.exe V5.05 update 2 (build 169)
Assembler:       Armasm.exe V5.05 update 2 (build 169)
Linker/Locator:  ArmLink.exe V5.05 update 2 (build 169)
Library Manager: ArmAr.exe V5.05 update 2 (build 169)
Hex Converter:   FromElf.exe V5.05 update 2 (build 169)
CPU DLL:         SARMCM3.DLL V5.15.0
Dialog DLL:      DARMP1.DLL V1.25.0.0
Target DLL:      Segger\JL2CM3.dll V2.99.15.0
Dialog DLL:      TARMP1.DLL V1.24.0.0
 
<h2>Project:</h2>
F:\工作文件\A程序文件\LPC1768(香港中文大学项目)\UvProj\LPC768.uvproj
Project File Date:  03/06/2018

<h2>Output:</h2>
*** Using Compiler 'V5.05 update 2 (build 169)', folder: 'D:\Keil uv5\ARM\ARMCC\Bin'
Build target 'Target 1'
compiling core_cm3.c...
compiling system_LPC17xx.c...
assembling startup_LPC17xx.s...
compiling Drv_LCD.c...
compiling Drv_Uart.c...
compiling Drv_Voice.c...
compiling Drv_74HC16X.c...
compiling Drv_RFM.c...
compiling Drv_Wiegand.c...
compiling Lib_Public.c...
compiling Mid_SysTick.c...
compiling Mid_Magically.c...
compiling Mid_SysConfig.c...
compiling Mid_Comm.c...
compiling Mid_Lockers.c...
compiling Mid_ZiKu.c...
compiling App_main.c...
compiling App_ComDeal.c...
compiling App_Record.c...
compiling App_Card.c...
compiling App_Network.c...
compiling App_GUI.c...
compiling App_KeyUI.c...
compiling app_Lockers.c...
compiling app_Fingerprint.c...
linking...
Program Size: Code=91002 RO-data=346002 RW-data=1948 ZI-data=19268  
FromELF: creating hex file...
After Build - User command #1: fromelf.exe --bin ".\Objects\ZY-2017-SJG.axf" --output "..\Objects\ZY-2017-SJG.bin"
".\Objects\ZY-2017-SJG.axf" - 0 Error(s), 0 Warning(s).
</pre>
</body>
</html>
