Component: ARM Compiler 5.05 update 2 (build 169) Tool: armlink [4d0f33]

==============================================================================

Section Cross References

    startup_stm32f40_41xxx.o(STACK) refers (Special) to heapauxi.o(.text) for __use_two_region_memory
    startup_stm32f40_41xxx.o(HEAP) refers (Special) to heapauxi.o(.text) for __use_two_region_memory
    startup_stm32f40_41xxx.o(RESET) refers (Special) to heapauxi.o(.text) for __use_two_region_memory
    startup_stm32f40_41xxx.o(RESET) refers to startup_stm32f40_41xxx.o(STACK) for __initial_sp
    startup_stm32f40_41xxx.o(RESET) refers to startup_stm32f40_41xxx.o(.text) for Reset_Handler
    startup_stm32f40_41xxx.o(RESET) refers to i2s.o(i.DMA1_Stream4_IRQHandler) for DMA1_Stream4_IRQHandler
    startup_stm32f40_41xxx.o(RESET) refers to usmart.o(i.TIM4_IRQHandler) for TIM4_IRQHandler
    startup_stm32f40_41xxx.o(RESET) refers to usart.o(i.USART1_IRQHandler) for USART1_IRQHandler
    startup_stm32f40_41xxx.o(RESET) refers to sdio_sdcard.o(i.SDIO_IRQHandler) for SDIO_IRQHandler
    startup_stm32f40_41xxx.o(.text) refers (Special) to heapauxi.o(.text) for __use_two_region_memory
    startup_stm32f40_41xxx.o(.text) refers to __main.o(!!!main) for __main
    startup_stm32f40_41xxx.o(.text) refers to startup_stm32f40_41xxx.o(HEAP) for Heap_Mem
    startup_stm32f40_41xxx.o(.text) refers to startup_stm32f40_41xxx.o(STACK) for Stack_Mem
    test.o(i.main) refers to sys.o(i.Stm32_Clock_Init) for Stm32_Clock_Init
    test.o(i.main) refers to delay.o(i.delay_init) for delay_init
    test.o(i.main) refers to usart.o(i.uart_init) for uart_init
    test.o(i.main) refers to led.o(i.LED_Init) for LED_Init
    test.o(i.main) refers to ili93xx.o(i.LCD_Init) for LCD_Init
    test.o(i.main) refers to key.o(i.KEY_Init) for KEY_Init
    test.o(i.main) refers to w25qxx.o(i.W25QXX_Init) for W25QXX_Init
    test.o(i.main) refers to wm8978.o(i.WM8978_Init) for WM8978_Init
    test.o(i.main) refers to wm8978.o(i.WM8978_HPvol_Set) for WM8978_HPvol_Set
    test.o(i.main) refers to wm8978.o(i.WM8978_SPKvol_Set) for WM8978_SPKvol_Set
    test.o(i.main) refers to malloc.o(i.my_mem_init) for my_mem_init
    test.o(i.main) refers to exfuns.o(i.exfuns_init) for exfuns_init
    test.o(i.main) refers to ff.o(i.f_mount) for f_mount
    test.o(i.main) refers to ili93xx.o(i.LCD_ShowString) for LCD_ShowString
    test.o(i.main) refers to delay.o(i.delay_ms) for delay_ms
    test.o(i.main) refers to ili93xx.o(i.LCD_Fill) for LCD_Fill
    test.o(i.main) refers to fontupd.o(i.font_init) for font_init
    test.o(i.main) refers to text.o(i.Show_Str) for Show_Str
    test.o(i.main) refers to audioplay.o(i.audio_play) for audio_play
    test.o(i.main) refers to usmart_config.o(.data) for usmart_dev
    test.o(i.main) refers to exfuns.o(.bss) for fs
    test.o(i.main) refers to ili93xx.o(.data) for POINT_COLOR
    delay.o(i.delay_init) refers to delay.o(.data) for fac_us
    delay.o(i.delay_ms) refers to delay.o(i.delay_xms) for delay_xms
    delay.o(i.delay_us) refers to delay.o(.data) for fac_us
    delay.o(i.delay_xms) refers to delay.o(.data) for fac_ms
    sys.o(i.MY_NVIC_Init) refers to sys.o(i.MY_NVIC_PriorityGroupConfig) for MY_NVIC_PriorityGroupConfig
    sys.o(i.Stm32_Clock_Init) refers to sys.o(i.Sys_Clock_Set) for Sys_Clock_Set
    sys.o(i.Stm32_Clock_Init) refers to sys.o(i.MY_NVIC_SetVectorTable) for MY_NVIC_SetVectorTable
    sys.o(i.Sys_Standby) refers to sys.o(i.WFI_SET) for WFI_SET
    usart.o(.rev16_text) refers (Special) to use_no_semi_2.o(.text) for __use_no_semihosting
    usart.o(.revsh_text) refers (Special) to use_no_semi_2.o(.text) for __use_no_semihosting
    usart.o(i.USART1_IRQHandler) refers (Special) to use_no_semi_2.o(.text) for __use_no_semihosting
    usart.o(i.USART1_IRQHandler) refers to usart.o(.data) for USART_RX_STA
    usart.o(i.USART1_IRQHandler) refers to usart.o(.bss) for USART_RX_BUF
    usart.o(i._sys_exit) refers (Special) to use_no_semi_2.o(.text) for __use_no_semihosting
    usart.o(i.fputc) refers (Special) to use_no_semi_2.o(.text) for __use_no_semihosting
    usart.o(i.uart_init) refers (Special) to use_no_semi_2.o(.text) for __use_no_semihosting
    usart.o(i.uart_init) refers to sys.o(i.GPIO_Set) for GPIO_Set
    usart.o(i.uart_init) refers to sys.o(i.GPIO_AF_Set) for GPIO_AF_Set
    usart.o(i.uart_init) refers to sys.o(i.MY_NVIC_Init) for MY_NVIC_Init
    usart.o(.bss) refers (Special) to use_no_semi_2.o(.text) for __use_no_semihosting
    usart.o(.data) refers (Special) to use_no_semi_2.o(.text) for __use_no_semihosting
    led.o(i.LED_Init) refers to sys.o(i.GPIO_Set) for GPIO_Set
    ili93xx.o(i.LCD_Clear) refers to ili93xx.o(i.LCD_SetCursor) for LCD_SetCursor
    ili93xx.o(i.LCD_Clear) refers to ili93xx.o(i.LCD_WriteRAM_Prepare) for LCD_WriteRAM_Prepare
    ili93xx.o(i.LCD_Clear) refers to ili93xx.o(.bss) for lcddev
    ili93xx.o(i.LCD_Color_Fill) refers to ili93xx.o(i.LCD_SetCursor) for LCD_SetCursor
[...]
    .conststring                             0x0800e3d0   Section      464  usmart_config.o(.conststring)
    .ARM.__AT_0x10000000                     0x10000000   Section    61440  malloc.o(.ARM.__AT_0x10000000)
    .ARM.__AT_0x1000F000                     0x1000f000   Section     3840  malloc.o(.ARM.__AT_0x1000F000)
    .data                                    0x20000000   Section        4  delay.o(.data)
    fac_us                                   0x20000000   Data           1  delay.o(.data)
    fac_ms                                   0x20000002   Data           2  delay.o(.data)
    .data                                    0x20000004   Section        6  usart.o(.data)
    .data                                    0x2000000a   Section        4  ili93xx.o(.data)
    .data                                    0x2000000e   Section        1  key.o(.data)
    key_up                                   0x2000000e   Data           1  key.o(.data)
    .data                                    0x20000010   Section       16  sdio_sdcard.o(.data)
    CardType                                 0x20000010   Data           1  sdio_sdcard.o(.data)
    RCA                                      0x20000014   Data           4  sdio_sdcard.o(.data)
    DeviceMode                               0x20000018   Data           1  sdio_sdcard.o(.data)
    StopCondition                            0x20000019   Data           1  sdio_sdcard.o(.data)
    .data                                    0x20000020   Section        2  w25qxx.o(.data)
    .data                                    0x20000024   Section        4  i2s.o(.data)
    .data                                    0x20000028   Section      116  wm8978.o(.data)
    WM8978_REGVAL_TBL                        0x20000028   Data         116  wm8978.o(.data)
    .data                                    0x2000009c   Section       36  malloc.o(.data)
    .data                                    0x200000c0   Section        2  ff.o(.data)
    Fsid                                     0x200000c0   Data           2  ff.o(.data)
    .data                                    0x200000c2   Section        2  diskio.o(.data)
    .data                                    0x200000c4   Section       20  exfuns.o(.data)
    .data                                    0x200000d8   Section       28  usmart.o(.data)
    .data                                    0x200000f4   Section      348  usmart_config.o(.data)
    .data                                    0x20000250   Section        2  wavplay.o(.data)
    .data                                    0x20000252   Section        2  audioplay.o(.data)
    playtime                                 0x20000252   Data           2  audioplay.o(.data)
    .bss                                     0x20000254   Section      200  usart.o(.bss)
    .bss                                     0x2000031c   Section       14  ili93xx.o(.bss)
    .bss                                     0x20000330   Section      632  sdio_sdcard.o(.bss)
    CSD_Tab                                  0x20000330   Data          16  sdio_sdcard.o(.bss)
    CID_Tab                                  0x20000340   Data          16  sdio_sdcard.o(.bss)
    .bss                                     0x200005a8   Section     4096  w25qxx.o(.bss)
    .bss                                     0x200015c0   Section    119680  malloc.o(.bss)
    .bss                                     0x2001e940   Section       12  ff.o(.bss)
    FatFs                                    0x2001e940   Data          12  ff.o(.bss)
    .bss                                     0x2001e94c   Section       80  exfuns.o(.bss)
    .bss                                     0x2001e99c   Section       33  fontupd.o(.bss)
    .bss                                     0x2001e9bd   Section       32  wavplay.o(.bss)
    .bss                                     0x2001e9dd   Section       17  audioplay.o(.bss)
    .bss                                     0x2001e9f0   Section       96  libspace.o(.bss)
    HEAP                                     0x2001ea50   Section        0  startup_stm32f40_41xxx.o(HEAP)
    STACK                                    0x2001ea50   Section     1024  startup_stm32f40_41xxx.o(STACK)
    Heap_Mem                                 0x2001ea50   Data           0  startup_stm32f40_41xxx.o(HEAP)
    Stack_Mem                                0x2001ea50   Data        1024  startup_stm32f40_41xxx.o(STACK)
    __initial_sp                             0x2001ee50   Data           0  startup_stm32f40_41xxx.o(STACK)
    .ARM.__AT_0x68000000                     0x68000000   Section    983040  malloc.o(.ARM.__AT_0x68000000)
    .ARM.__AT_0x680F0000                     0x680f0000   Section    61440  malloc.o(.ARM.__AT_0x680F0000)

    Global Symbols

    Symbol Name                              Value     Ov Type        Size  Object(Section)

    BuildAttributes$$THM_ISAv4$E$P$D$K$B$S$7EM$VFPi3$EXTD16$VFPS$VFMA$PE$A:L22UL41UL21$X:L11$S22US41US21$IEEE1$IW$USESV6$~STKCKD$USESV7$~SHL$OSPACE$ROPI$EBA8$UX$STANDARDLIB$REQ8$PRES8$EABIv2 0x00000000   Number         0  anon$$obj.o ABSOLUTE
    __ARM_use_no_argv                        0x00000000   Number         0  test.o ABSOLUTE
    _printf_flags                            0x00000000   Number         0  printf_stubs.o ABSOLUTE
    _printf_return_value                     0x00000000   Number         0  printf_stubs.o ABSOLUTE
    _printf_sizespec                         0x00000000   Number         0  printf_stubs.o ABSOLUTE
    _printf_widthprec                        0x00000000   Number         0  printf_stubs.o ABSOLUTE
    __ARM_exceptions_init                     - Undefined Weak Reference
    __alloca_initialize                       - Undefined Weak Reference
    __arm_preinit_                            - Undefined Weak Reference
    __cpp_initialize__aeabi_                  - Undefined Weak Reference
    __cxa_finalize                            - Undefined Weak Reference
    __rt_locale                               - Undefined Weak Reference
    __sigvec_lookup                           - Undefined Weak Reference
    _atexit_init                              - Undefined Weak Reference
    _call_atexit_fns                          - Undefined Weak Reference
    _clock_init                               - Undefined Weak Reference
    _fp_trap_init                             - Undefined Weak Reference
    _fp_trap_shutdown                         - Undefined Weak Reference
    _get_lc_collate                           - Undefined Weak Reference
    _get_lc_ctype                             - Undefined Weak Reference
    _get_lc_monetary                          - Undefined Weak Reference
    _get_lc_numeric                           - Undefined Weak Reference
    _get_lc_time                              - Undefined Weak Reference
    _getenv_init                              - Undefined Weak Reference
    _handle_redirection                       - Undefined Weak Reference
    _init_alloc                               - Undefined Weak Reference
    _init_user_alloc                          - Undefined Weak Reference
    _initio                                   - Undefined Weak Reference
    _mutex_acquire                            - Undefined Weak Reference
    _mutex_release                            - Undefined Weak Reference
    _printf_mbtowc                            - Undefined Weak Reference
    _printf_truncate_signed                   - Undefined Weak Reference
    _printf_truncate_unsigned                 - Undefined Weak Reference
    _rand_init                                - Undefined Weak Reference
    _signal_finish                            - Undefined Weak Reference
    _signal_init                              - Undefined Weak Reference
    _terminate_alloc                          - Undefined Weak Reference
    _terminate_user_alloc                     - Undefined Weak Reference
    _terminateio                              - Undefined Weak Reference
    __Vectors_Size                           0x00000188   Number         0  startup_stm32f40_41xxx.o ABSOLUTE
    __Vectors                                0x08000000   Data           4  startup_stm32f40_41xxx.o(RESET)
    __Vectors_End                            0x08000188   Data           0  startup_stm32f40_41xxx.o(RESET)
    __main                                   0x08000189   Thumb Code     8  __main.o(!!!main)
    __scatterload                            0x08000191   Thumb Code     0  __scatter.o(!!!scatter)
    __scatterload_rt2                        0x08000191   Thumb Code    44  __scatter.o(!!!scatter)
    __scatterload_rt2_thumb_only             0x08000191   Thumb Code     0  __scatter.o(!!!scatter)
    __scatterload_null                       0x0800019f   Thumb Code     0  __scatter.o(!!!scatter)
    __decompress                             0x080001c5   Thumb Code    90  __dczerorl2.o(!!dczerorl2)
    __decompress1                            0x080001c5   Thumb Code     0  __dczerorl2.o(!!dczerorl2)
    __scatterload_zeroinit                   0x08000221   Thumb Code    28  __scatter_zi.o(!!handler_zi)
    _printf_d                                0x0800023d   Thumb Code     0  _printf_d.o(.ARM.Collect$$_printf_percent$$00000009)
    _printf_percent                          0x0800023d   Thumb Code     0  _printf_percent.o(.ARM.Collect$$_printf_percent$$00000000)
    _printf_u                                0x08000243   Thumb Code     0  _printf_u.o(.ARM.Collect$$_printf_percent$$0000000A)
    _printf_x                                0x08000249   Thumb Code     0  _printf_x.o(.ARM.Collect$$_printf_percent$$0000000C)
    _printf_c                                0x0800024f   Thumb Code     0  _printf_c.o(.ARM.Collect$$_printf_percent$$00000013)
    _printf_s                                0x08000255   Thumb Code     0  _printf_s.o(.ARM.Collect$$_printf_percent$$00000014)
    _printf_percent_end                      0x0800025b   Thumb Code     0  _printf_percent_end.o(.ARM.Collect$$_printf_percent$$00000017)
    __rt_lib_init                            0x0800025f   Thumb Code     0  libinit.o(.ARM.Collect$$libinit$$00000000)
    __rt_lib_init_fp_1                       0x08000261   Thumb Code     0  libinit2.o(.ARM.Collect$$libinit$$00000001)
    __rt_lib_init_alloca_1                   0x08000265   Thumb Code     0  libinit2.o(.ARM.Collect$$libinit$$0000002E)
    __rt_lib_init_argv_1                     0x08000265   Thumb Code     0  libinit2.o(.ARM.Collect$$libinit$$0000002C)
    __rt_lib_init_atexit_1                   0x08000265   Thumb Code     0  libinit2.o(.ARM.Collect$$libinit$$0000001B)
    __rt_lib_init_clock_1                    0x08000265   Thumb Code     0  libinit2.o(.ARM.Collect$$libinit$$00000021)
    __rt_lib_init_cpp_1                      0x08000265   Thumb Code     0  libinit2.o(.ARM.Collect$$libinit$$00000032)
    __rt_lib_init_exceptions_1               0x08000265   Thumb Code     0  libinit2.o(.ARM.Collect$$libinit$$00000030)
    __rt_lib_init_fp_trap_1                  0x08000265   Thumb Code     0  libinit2.o(.ARM.Collect$$libinit$$0000001F)
    __rt_lib_init_getenv_1                   0x08000265   Thumb Code     0  libinit2.o(.ARM.Collect$$libinit$$00000023)
    __rt_lib_init_heap_1                     0x08000265   Thumb Code     0  libinit2.o(.ARM.Collect$$libinit$$0000000A)
    __rt_lib_init_lc_collate_1               0x08000265   Thumb Code     0  libinit2.o(.ARM.Collect$$libinit$$00000011)
    __rt_lib_init_lc_ctype_1                 0x08000265   Thumb Code     0  libinit2.o(.ARM.Collect$$libinit$$00000013)
    __rt_lib_init_lc_monetary_1              0x08000265   Thumb Code     0  libinit2.o(.ARM.Collect$$libinit$$00000015)
    __rt_lib_init_lc_numeric_1               0x08000265   Thumb Code     0  libinit2.o(.ARM.Collect$$libinit$$00000017)
    __rt_lib_init_lc_time_1                  0x08000265   Thumb Code     0  libinit2.o(.ARM.Collect$$libinit$$00000019)
    __rt_lib_init_preinit_1                  0x08000265   Thumb Code     0  libinit2.o(.ARM.Collect$$libinit$$00000004)
    __rt_lib_init_rand_1                     0x08000265   Thumb Code     0  libinit2.o(.ARM.Collect$$libinit$$0000000E)
    __rt_lib_init_return                     0x08000265   Thumb Code     0  libinit2.o(.ARM.Collect$$libinit$$00000033)
    __rt_lib_init_signal_1                   0x08000265   Thumb Code     0  libinit2.o(.ARM.Collect$$libinit$$0000001D)
    __rt_lib_init_stdio_1                    0x08000265   Thumb Code     0  libinit2.o(.ARM.Collect$$libinit$$00000025)
    __rt_lib_init_user_alloc_1               0x08000265   Thumb Code     0  libinit2.o(.ARM.Collect$$libinit$$0000000C)
    __rt_lib_shutdown                        0x08000267   Thumb Code     0  libshutdown.o(.ARM.Collect$$libshutdown$$00000000)
    __rt_lib_shutdown_fp_trap_1              0x08000269   Thumb Code     0  libshutdown2.o(.ARM.Collect$$libshutdown$$00000006)
    __rt_lib_shutdown_heap_1                 0x08000269   Thumb Code     0  libshutdown2.o(.ARM.Collect$$libshutdown$$0000000E)
    __rt_lib_shutdown_return                 0x08000269   Thumb Code     0  libshutdown2.o(.ARM.Collect$$libshutdown$$0000000F)
    __rt_lib_shutdown_signal_1               0x08000269   Thumb Code     0  libshutdown2.o(.ARM.Collect$$libshutdown$$00000009)
    __rt_lib_shutdown_stdio_1                0x08000269   Thumb Code     0  libshutdown2.o(.ARM.Collect$$libshutdown$$00000003)
    __rt_lib_shutdown_user_alloc_1           0x08000269   Thumb Code     0  libshutdown2.o(.ARM.Collect$$libshutdown$$0000000B)
    __rt_entry                               0x0800026b   Thumb Code     0  __rtentry.o(.ARM.Collect$$rtentry$$00000000)
    __rt_entry_presh_1                       0x0800026b   Thumb Code     0  __rtentry2.o(.ARM.Collect$$rtentry$$00000002)
    __rt_entry_sh                            0x0800026b   Thumb Code     0  __rtentry4.o(.ARM.Collect$$rtentry$$00000004)
    __rt_entry_li                            0x08000271   Thumb Code     0  __rtentry2.o(.ARM.Collect$$rtentry$$0000000A)
    __rt_entry_postsh_1                      0x08000271   Thumb Code     0  __rtentry2.o(.ARM.Collect$$rtentry$$00000009)
    __rt_entry_main                          0x08000275   Thumb Code     0  __rtentry2.o(.ARM.Collect$$rtentry$$0000000D)
    __rt_entry_postli_1                      0x08000275   Thumb Code     0  __rtentry2.o(.ARM.Collect$$rtentry$$0000000C)
    __rt_exit                                0x0800027d   Thumb Code     0  rtexit.o(.ARM.Collect$$rtexit$$00000000)
    __rt_exit_ls                             0x0800027f   Thumb Code     0  rtexit2.o(.ARM.Collect$$rtexit$$00000003)
    __rt_exit_prels_1                        0x0800027f   Thumb Code     0  rtexit2.o(.ARM.Collect$$rtexit$$00000002)
    __rt_exit_exit                           0x08000283   Thumb Code     0  rtexit2.o(.ARM.Collect$$rtexit$$00000004)
    Reset_Handler                            0x08000289   Thumb Code    14  startup_stm32f40_41xxx.o(.text)
    NMI_Handler                              0x08000297   Thumb Code     2  startup_stm32f40_41xxx.o(.text)
    HardFault_Handler                        0x08000299   Thumb Code     2  startup_stm32f40_41xxx.o(.text)
    MemManage_Handler                        0x0800029b   Thumb Code     2  startup_stm32f40_41xxx.o(.text)
    BusFault_Handler                         0x0800029d   Thumb Code     2  startup_stm32f40_41xxx.o(.text)
    UsageFault_Handler                       0x0800029f   Thumb Code     2  startup_stm32f40_41xxx.o(.text)
    SVC_Handler                              0x080002a1   Thumb Code     2  startup_stm32f40_41xxx.o(.text)
    DebugMon_Handler                         0x080002a3   Thumb Code     2  startup_stm32f40_41xxx.o(.text)
    PendSV_Handler                           0x080002a5   Thumb Code     2  startup_stm32f40_41xxx.o(.text)
    SysTick_Handler                          0x080002a7   Thumb Code     2  startup_stm32f40_41xxx.o(.text)
    ADC_IRQHandler                           0x080002a9   Thumb Code     0  startup_stm32f40_41xxx.o(.text)
    CAN1_RX0_IRQHandler                      0x080002a9   Thumb Code     0  startup_stm32f40_41xxx.o(.text)
    CAN1_RX1_IRQHandler                      0x080002a9   Thumb Code     0  startup_stm32f40_41xxx.o(.text)
    CAN1_SCE_IRQHandler                      0x080002a9   Thumb Code     0  startup_stm32f40_41xxx.o(.text)
    CAN1_TX_IRQHandler                       0x080002a9   Thumb Code     0  startup_stm32f40_41xxx.o(.text)
    CAN2_RX0_IRQHandler                      0x080002a9   Thumb Code     0  startup_stm32f40_41xxx.o(.text)
    CAN2_RX1_IRQHandler                      0x080002a9   Thumb Code     0  startup_stm32f40_41xxx.o(.text)
    CAN2_SCE_IRQHandler                      0x080002a9   Thumb Code     0  startup_stm32f40_41xxx.o(.text)
    CAN2_TX_IRQHandler                       0x080002a9   Thumb Code     0  startup_stm32f40_41xxx.o(.text)
    CRYP_IRQHandler                          0x080002a9   Thumb Code     0  startup_stm32f40_41xxx.o(.text)
    DCMI_IRQHandler                          0x080002a9   Thumb Code     0  startup_stm32f40_41xxx.o(.text)
    DMA1_Stream0_IRQHandler                  0x080002a9   Thumb Code     0  startup_stm32f40_41xxx.o(.text)
    DMA1_Stream1_IRQHandler                  0x080002a9   Thumb Code     0  startup_stm32f40_41xxx.o(.text)
    DMA1_Stream2_IRQHandler                  0x080002a9   Thumb Code     0  startup_stm32f40_41xxx.o(.text)
    DMA1_Stream3_IRQHandler                  0x080002a9   Thumb Code     0  startup_stm32f40_41xxx.o(.text)
    DMA1_Stream5_IRQHandler                  0x080002a9   Thumb Code     0  startup_stm32f40_41xxx.o(.text)
    DMA1_Stream6_IRQHandler                  0x080002a9   Thumb Code     0  startup_stm32f40_41xxx.o(.text)
    DMA1_Stream7_IRQHandler                  0x080002a9   Thumb Code     0  startup_stm32f40_41xxx.o(.text)
    DMA2_Stream0_IRQHandler                  0x080002a9   Thumb Code     0  startup_stm32f40_41xxx.o(.text)
    DMA2_Stream1_IRQHandler                  0x080002a9   Thumb Code     0  startup_stm32f40_41xxx.o(.text)
    DMA2_Stream2_IRQHandler                  0x080002a9   Thumb Code     0  startup_stm32f40_41xxx.o(.text)
    DMA2_Stream3_IRQHandler                  0x080002a9   Thumb Code     0  startup_stm32f40_41xxx.o(.text)
    DMA2_Stream4_IRQHandler                  0x080002a9   Thumb Code     0  startup_stm32f40_41xxx.o(.text)
    DMA2_Stream5_IRQHandler                  0x080002a9   Thumb Code     0  startup_stm32f40_41xxx.o(.text)
    DMA2_Stream6_IRQHandler                  0x080002a9   Thumb Code     0  startup_stm32f40_41xxx.o(.text)
    DMA2_Stream7_IRQHandler                  0x080002a9   Thumb Code     0  startup_stm32f40_41xxx.o(.text)
    ETH_IRQHandler                           0x080002a9   Thumb Code     0  startup_stm32f40_41xxx.o(.text)
    ETH_WKUP_IRQHandler                      0x080002a9   Thumb Code     0  startup_stm32f40_41xxx.o(.text)
    EXTI0_IRQHandler                         0x080002a9   Thumb Code     0  startup_stm32f40_41xxx.o(.text)
    EXTI15_10_IRQHandler                     0x080002a9   Thumb Code     0  startup_stm32f40_41xxx.o(.text)
    EXTI1_IRQHandler                         0x080002a9   Thumb Code     0  startup_stm32f40_41xxx.o(.text)
    EXTI2_IRQHandler                         0x080002a9   Thumb Code     0  startup_stm32f40_41xxx.o(.text)
    EXTI3_IRQHandler                         0x080002a9   Thumb Code     0  startup_stm32f40_41xxx.o(.text)
    EXTI4_IRQHandler                         0x080002a9   Thumb Code     0  startup_stm32f40_41xxx.o(.text)
    EXTI9_5_IRQHandler                       0x080002a9   Thumb Code     0  startup_stm32f40_41xxx.o(.text)
    FLASH_IRQHandler                         0x080002a9   Thumb Code     0  startup_stm32f40_41xxx.o(.text)
    FPU_IRQHandler                           0x080002a9   Thumb Code     0  startup_stm32f40_41xxx.o(.text)
    FSMC_IRQHandler                          0x080002a9   Thumb Code     0  startup_stm32f40_41xxx.o(.text)
    HASH_RNG_IRQHandler                      0x080002a9   Thumb Code     0  startup_stm32f40_41xxx.o(.text)
    I2C1_ER_IRQHandler                       0x080002a9   Thumb Code     0  startup_stm32f40_41xxx.o(.text)
    I2C1_EV_IRQHandler                       0x080002a9   Thumb Code     0  startup_stm32f40_41xxx.o(.text)
    I2C2_ER_IRQHandler                       0x080002a9   Thumb Code     0  startup_stm32f40_41xxx.o(.text)
    I2C2_EV_IRQHandler                       0x080002a9   Thumb Code     0  startup_stm32f40_41xxx.o(.text)
    I2C3_ER_IRQHandler                       0x080002a9   Thumb Code     0  startup_stm32f40_41xxx.o(.text)
    I2C3_EV_IRQHandler                       0x080002a9   Thumb Code     0  startup_stm32f40_41xxx.o(.text)
    OTG_FS_IRQHandler                        0x080002a9   Thumb Code     0  startup_stm32f40_41xxx.o(.text)
    OTG_FS_WKUP_IRQHandler                   0x080002a9   Thumb Code     0  startup_stm32f40_41xxx.o(.text)
    OTG_HS_EP1_IN_IRQHandler                 0x080002a9   Thumb Code     0  startup_stm32f40_41xxx.o(.text)
    OTG_HS_EP1_OUT_IRQHandler                0x080002a9   Thumb Code     0  startup_stm32f40_41xxx.o(.text)
    OTG_HS_IRQHandler                        0x080002a9   Thumb Code     0  startup_stm32f40_41xxx.o(.text)
    OTG_HS_WKUP_IRQHandler                   0x080002a9   Thumb Code     0  startup_stm32f40_41xxx.o(.text)
    PVD_IRQHandler                           0x080002a9   Thumb Code     0  startup_stm32f40_41xxx.o(.text)
    RCC_IRQHandler                           0x080002a9   Thumb Code     0  startup_stm32f40_41xxx.o(.text)
    RTC_Alarm_IRQHandler                     0x080002a9   Thumb Code     0  startup_stm32f40_41xxx.o(.text)
    RTC_WKUP_IRQHandler                      0x080002a9   Thumb Code     0  startup_stm32f40_41xxx.o(.text)
    SPI1_IRQHandler                          0x080002a9   Thumb Code     0  startup_stm32f40_41xxx.o(.text)
    SPI2_IRQHandler                          0x080002a9   Thumb Code     0  startup_stm32f40_41xxx.o(.text)
    SPI3_IRQHandler                          0x080002a9   Thumb Code     0  startup_stm32f40_41xxx.o(.text)
    TAMP_STAMP_IRQHandler                    0x080002a9   Thumb Code     0  startup_stm32f40_41xxx.o(.text)
    TIM1_BRK_TIM9_IRQHandler                 0x080002a9   Thumb Code     0  startup_stm32f40_41xxx.o(.text)
    TIM1_CC_IRQHandler                       0x080002a9   Thumb Code     0  startup_stm32f40_41xxx.o(.text)
    TIM1_TRG_COM_TIM11_IRQHandler            0x080002a9   Thumb Code     0  startup_stm32f40_41xxx.o(.text)
    TIM1_UP_TIM10_IRQHandler                 0x080002a9   Thumb Code     0  startup_stm32f40_41xxx.o(.text)
    TIM2_IRQHandler                          0x080002a9   Thumb Code     0  startup_stm32f40_41xxx.o(.text)
    TIM3_IRQHandler                          0x080002a9   Thumb Code     0  startup_stm32f40_41xxx.o(.text)
    TIM5_IRQHandler                          0x080002a9   Thumb Code     0  startup_stm32f40_41xxx.o(.text)
    TIM6_DAC_IRQHandler                      0x080002a9   Thumb Code     0  startup_stm32f40_41xxx.o(.text)
    TIM7_IRQHandler                          0x080002a9   Thumb Code     0  startup_stm32f40_41xxx.o(.text)
    TIM8_BRK_TIM12_IRQHandler                0x080002a9   Thumb Code     0  startup_stm32f40_41xxx.o(.text)
    TIM8_CC_IRQHandler                       0x080002a9   Thumb Code     0  startup_stm32f40_41xxx.o(.text)
    TIM8_TRG_COM_TIM14_IRQHandler            0x080002a9   Thumb Code     0  startup_stm32f40_41xxx.o(.text)
    TIM8_UP_TIM13_IRQHandler                 0x080002a9   Thumb Code     0  startup_stm32f40_41xxx.o(.text)
    UART4_IRQHandler                         0x080002a9   Thumb Code     0  startup_stm32f40_41xxx.o(.text)
    UART5_IRQHandler                         0x080002a9   Thumb Code     0  startup_stm32f40_41xxx.o(.text)
    USART2_IRQHandler                        0x080002a9   Thumb Code     0  startup_stm32f40_41xxx.o(.text)
    USART3_IRQHandler                        0x080002a9   Thumb Code     0  startup_stm32f40_41xxx.o(.text)
    USART6_IRQHandler                        0x080002a9   Thumb Code     0  startup_stm32f40_41xxx.o(.text)
    WWDG_IRQHandler                          0x080002a9   Thumb Code     0  startup_stm32f40_41xxx.o(.text)
    __user_initial_stackheap                 0x080002ad   Thumb Code     0  startup_stm32f40_41xxx.o(.text)
    __use_no_semihosting                     0x080002cd   Thumb Code     2  use_no_semi_2.o(.text)
    __aeabi_ldivmod                          0x080002cf   Thumb Code     0  llsdiv.o(.text)
    _ll_sdiv                                 0x080002cf   Thumb Code    72  llsdiv.o(.text)
    __2printf                                0x08000319   Thumb Code    20  noretval__2printf.o(.text)
    _printf_pre_padding                      0x08000331   Thumb Code    44  _printf_pad.o(.text)
    _printf_post_padding                     0x0800035d   Thumb Code    34  _printf_pad.o(.text)
    _printf_str                              0x0800037f   Thumb Code    82  _printf_str.o(.text)
    _printf_int_dec                          0x080003d1   Thumb Code   104  _printf_dec.o(.text)
    _printf_int_hex                          0x08000449   Thumb Code    84  _printf_hex_int.o(.text)
    _printf_longlong_hex                     0x08000449   Thumb Code     0  _printf_hex_int.o(.text)
    __printf                                 0x080004a1   Thumb Code   388  __printf_flags_ss_wp.o(.text)
    strcpy                                   0x08000629   Thumb Code    72  strcpy.o(.text)
    strcat                                   0x08000671   Thumb Code    24  strcat.o(.text)
    __aeabi_memcpy                           0x08000689   Thumb Code     0  rt_memcpy_v6.o(.text)
    __rt_memcpy                              0x08000689   Thumb Code   138  rt_memcpy_v6.o(.text)
    _memcpy_lastbytes                        0x080006ef   Thumb Code     0  rt_memcpy_v6.o(.text)
    strcmp                                   0x08000715   Thumb Code   128  strcmpv7m.o(.text)
    __use_two_region_memory                  0x08000795   Thumb Code     2  heapauxi.o(.text)
    __rt_heap_escrow$2region                 0x08000797   Thumb Code     2  heapauxi.o(.text)
    __rt_heap_expand$2region                 0x08000799   Thumb Code     2  heapauxi.o(.text)
    __I$use$semihosting                      0x0800079b   Thumb Code     0  use_no_semi.o(.text)
    __use_no_semihosting_swi                 0x0800079b   Thumb Code     2  use_no_semi.o(.text)
    __aeabi_uldivmod                         0x0800079d   Thumb Code     0  lludivv7m.o(.text)
    _ll_udiv                                 0x0800079d   Thumb Code   238  lludivv7m.o(.text)
    _printf_int_common                       0x0800088b   Thumb Code   178  _printf_intcommon.o(.text)
    _printf_cs_common                        0x0800093d   Thumb Code    20  _printf_char.o(.text)
    _printf_char                             0x08000951   Thumb Code    16  _printf_char.o(.text)
    _printf_string                           0x08000961   Thumb Code     8  _printf_char.o(.text)
    _printf_char_file                        0x08000969   Thumb Code    32  _printf_char_file.o(.text)
    __aeabi_memcpy4                          0x0800098d   Thumb Code     0  rt_memcpy_w.o(.text)
    __aeabi_memcpy8                          0x0800098d   Thumb Code     0  rt_memcpy_w.o(.text)
    __rt_memcpy_w                            0x0800098d   Thumb Code   100  rt_memcpy_w.o(.text)
    _memcpy_lastbytes_aligned                0x080009d5   Thumb Code     0  rt_memcpy_w.o(.text)
    _printf_char_common                      0x080009fb   Thumb Code    32  _printf_char_common.o(.text)
    ferror                                   0x08000a21   Thumb Code     8  ferror.o(.text)
    __user_setup_stackheap                   0x08000a29   Thumb Code    74  sys_stackheap_outer.o(.text)
    exit                                     0x08000a73   Thumb Code    12  exit.o(.text)
    __user_libspace                          0x08000a81   Thumb Code     8  libspace.o(.text)
    __user_perproc_libspace                  0x08000a81   Thumb Code     0  libspace.o(.text)
    __user_perthread_libspace                0x08000a81   Thumb Code     0  libspace.o(.text)
    CmdError                                 0x08000a89   Thumb Code    50  sdio_sdcard.o(i.CmdError)
    CmdResp1Error                            0x08000ac1   Thumb Code    92  sdio_sdcard.o(i.CmdResp1Error)
    CmdResp2Error                            0x08000b21   Thumb Code    98  sdio_sdcard.o(i.CmdResp2Error)
    CmdResp3Error                            0x08000b89   Thumb Code    58  sdio_sdcard.o(i.CmdResp3Error)
    CmdResp6Error                            0x08000bc9   Thumb Code   156  sdio_sdcard.o(i.CmdResp6Error)
    CmdResp7Error                            0x08000c69   Thumb Code    88  sdio_sdcard.o(i.CmdResp7Error)
    DMA1_Stream4_IRQHandler                  0x08000cc5   Thumb Code    32  i2s.o(i.DMA1_Stream4_IRQHandler)
    FindSCR                                  0x08000ced   Thumb Code   344  sdio_sdcard.o(i.FindSCR)
    GPIO_AF_Set                              0x08000e49   Thumb Code    64  sys.o(i.GPIO_AF_Set)
    GPIO_Set                                 0x08000e89   Thumb Code   222  sys.o(i.GPIO_Set)
    Get_HzMat                                0x08000f69   Thumb Code   220  text.o(i.Get_HzMat)
    I2S2_Init                                0x08001049   Thumb Code   162  i2s.o(i.I2S2_Init)
    I2S2_SampleRate_Set                      0x080010f5   Thumb Code   164  i2s.o(i.I2S2_SampleRate_Set)
    I2S2_TX_DMA_Init                         0x080011a5   Thumb Code   220  i2s.o(i.I2S2_TX_DMA_Init)
    I2S_Play_Start                           0x0800128d   Thumb Code    14  i2s.o(i.I2S_Play_Start)
    I2S_Play_Stop                            0x080012a1   Thumb Code    14  i2s.o(i.I2S_Play_Stop)
    IIC_Init                                 0x080012b5   Thumb Code    50  myiic.o(i.IIC_Init)
    IIC_Send_Byte                            0x080012f9   Thumb Code    90  myiic.o(i.IIC_Send_Byte)
    IIC_Start                                0x08001361   Thumb Code    64  myiic.o(i.IIC_Start)
    IIC_Stop                                 0x080013ad   Thumb Code    62  myiic.o(i.IIC_Stop)
    IIC_Wait_Ack                             0x080013f9   Thumb Code    82  myiic.o(i.IIC_Wait_Ack)
    INTX_DISABLE                             0x08001459   Thumb Code     4  sys.o(i.INTX_DISABLE)
    INTX_ENABLE                              0x0800145d   Thumb Code     4  sys.o(i.INTX_ENABLE)
    IsCardProgramming                        0x08001461   Thumb Code   148  sdio_sdcard.o(i.IsCardProgramming)
    KEY_Init                                 0x080014fd   Thumb Code    66  key.o(i.KEY_Init)
    KEY_Scan                                 0x0800154d   Thumb Code   150  key.o(i.KEY_Scan)
    LCD_Clear                                0x080015f1   Thumb Code   100  ili93xx.o(i.LCD_Clear)
    LCD_Display_Dir                          0x0800165d   Thumb Code   444  ili93xx.o(i.LCD_Display_Dir)
    LCD_Fast_DrawPoint                       0x0800181d   Thumb Code   374  ili93xx.o(i.LCD_Fast_DrawPoint)
    LCD_Fill                                 0x0800199d   Thumb Code   180  ili93xx.o(i.LCD_Fill)
    LCD_Init                                 0x08001a55   Thumb Code 14634  ili93xx.o(i.LCD_Init)
    LCD_Pow                                  0x08005389   Thumb Code    22  ili93xx.o(i.LCD_Pow)
    LCD_RD_DATA                              0x080053a1   Thumb Code    14  ili93xx.o(i.LCD_RD_DATA)
    LCD_ReadReg                              0x080053b5   Thumb Code    22  ili93xx.o(i.LCD_ReadReg)
    LCD_SSD_BackLightSet                     0x080053cd   Thumb Code    88  ili93xx.o(i.LCD_SSD_BackLightSet)
    LCD_Scan_Dir                             0x0800542d   Thumb Code   744  ili93xx.o(i.LCD_Scan_Dir)
    LCD_SetCursor                            0x08005719   Thumb Code   418  ili93xx.o(i.LCD_SetCursor)
    LCD_ShowChar                             0x080058c1   Thumb Code   272  ili93xx.o(i.LCD_ShowChar)
    LCD_ShowString                           0x080059e9   Thumb Code   102  ili93xx.o(i.LCD_ShowString)
    LCD_ShowxNum                             0x08005a4f   Thumb Code   190  ili93xx.o(i.LCD_ShowxNum)
    LCD_WR_DATA                              0x08005b0d   Thumb Code    18  ili93xx.o(i.LCD_WR_DATA)
    LCD_WR_REG                               0x08005b25   Thumb Code    18  ili93xx.o(i.LCD_WR_REG)
    LCD_WriteRAM_Prepare                     0x08005b3d   Thumb Code    10  ili93xx.o(i.LCD_WriteRAM_Prepare)
    LCD_WriteReg                             0x08005b51   Thumb Code    14  ili93xx.o(i.LCD_WriteReg)
    LED_Init                                 0x08005b65   Thumb Code    48  led.o(i.LED_Init)
    MY_NVIC_Init                             0x08005ba5   Thumb Code   116  sys.o(i.MY_NVIC_Init)
    MY_NVIC_PriorityGroupConfig              0x08005c1d   Thumb Code    32  sys.o(i.MY_NVIC_PriorityGroupConfig)
    MY_NVIC_SetVectorTable                   0x08005c45   Thumb Code    12  sys.o(i.MY_NVIC_SetVectorTable)
    SDEnWideBus                              0x08005c55   Thumb Code   118  sdio_sdcard.o(i.SDEnWideBus)
    SDIO_Clock_Set                           0x08005cd5   Thumb Code    16  sdio_sdcard.o(i.SDIO_Clock_Set)
    SDIO_IRQHandler                          0x08005ce9   Thumb Code     8  sdio_sdcard.o(i.SDIO_IRQHandler)
    SDIO_Send_Cmd                            0x08005cf1   Thumb Code    40  sdio_sdcard.o(i.SDIO_Send_Cmd)
    SDIO_Send_Data_Cfg                       0x08005d1d   Thumb Code    50  sdio_sdcard.o(i.SDIO_Send_Data_Cfg)
    SD_DMA_Config                            0x08005d55   Thumb Code   138  sdio_sdcard.o(i.SD_DMA_Config)
    SD_EnableWideBusOperation                0x08005de9   Thumb Code    94  sdio_sdcard.o(i.SD_EnableWideBusOperation)
    SD_GetCardInfo                           0x08005e51   Thumb Code   772  sdio_sdcard.o(i.SD_GetCardInfo)
    SD_Init                                  0x08006165   Thumb Code   348  sdio_sdcard.o(i.SD_Init)
    SD_InitializeCards                       0x080062dd   Thumb Code   256  sdio_sdcard.o(i.SD_InitializeCards)
    SD_PowerON                               0x080063f1   Thumb Code   366  sdio_sdcard.o(i.SD_PowerON)
    SD_ProcessIRQSrc                         0x08006571   Thumb Code   346  sdio_sdcard.o(i.SD_ProcessIRQSrc)
    SD_ReadBlock                             0x080066dd   Thumb Code   554  sdio_sdcard.o(i.SD_ReadBlock)
    SD_ReadDisk                              0x08006929   Thumb Code   152  sdio_sdcard.o(i.SD_ReadDisk)
    SD_ReadMultiBlocks                       0x080069c9   Thumb Code   670  sdio_sdcard.o(i.SD_ReadMultiBlocks)
    SD_SelectDeselect                        0x08006c8d   Thumb Code    22  sdio_sdcard.o(i.SD_SelectDeselect)
    SD_SetDeviceMode                         0x08006ca5   Thumb Code    20  sdio_sdcard.o(i.SD_SetDeviceMode)
    SD_WriteBlock                            0x08006cbd   Thumb Code   804  sdio_sdcard.o(i.SD_WriteBlock)
    SD_WriteDisk                             0x08007001   Thumb Code   152  sdio_sdcard.o(i.SD_WriteDisk)
    SD_WriteMultiBlocks                      0x080070a1   Thumb Code   858  sdio_sdcard.o(i.SD_WriteMultiBlocks)
    SPI1_Init                                0x0800741d   Thumb Code   164  spi.o(i.SPI1_Init)
    SPI1_ReadWriteByte                       0x080074cd   Thumb Code    42  spi.o(i.SPI1_ReadWriteByte)
    SPI1_SetSpeed                            0x080074fd   Thumb Code    40  spi.o(i.SPI1_SetSpeed)
    Show_Font                                0x08007529   Thumb Code   190  text.o(i.Show_Font)
    Show_Str                                 0x080075f1   Thumb Code   194  text.o(i.Show_Str)
    Stm32_Clock_Init                         0x080076b5   Thumb Code    90  sys.o(i.Stm32_Clock_Init)
    Sys_Clock_Set                            0x0800771d   Thumb Code   254  sys.o(i.Sys_Clock_Set)
    TIM4_IRQHandler                          0x08007829   Thumb Code    50  usmart.o(i.TIM4_IRQHandler)
    Timer4_Init                              0x08007865   Thumb Code    72  usmart.o(i.Timer4_Init)
    USART1_IRQHandler                        0x080078b5   Thumb Code   116  usart.o(i.USART1_IRQHandler)
    W25QXX_Erase_Sector                      0x08007935   Thumb Code    70  w25qxx.o(i.W25QXX_Erase_Sector)
    W25QXX_Init                              0x0800798d   Thumb Code   106  w25qxx.o(i.W25QXX_Init)
    W25QXX_Read                              0x08007a0d   Thumb Code    74  w25qxx.o(i.W25QXX_Read)
    W25QXX_ReadID                            0x08007a5d   Thumb Code    64  w25qxx.o(i.W25QXX_ReadID)
    W25QXX_ReadSR                            0x08007aa5   Thumb Code    36  w25qxx.o(i.W25QXX_ReadSR)
    W25QXX_Wait_Busy                         0x08007ad1   Thumb Code    18  w25qxx.o(i.W25QXX_Wait_Busy)
    W25QXX_Write                             0x08007ae5   Thumb Code   180  w25qxx.o(i.W25QXX_Write)
    W25QXX_Write_Enable                      0x08007b9d   Thumb Code    24  w25qxx.o(i.W25QXX_Write_Enable)
    W25QXX_Write_NoCheck                     0x08007bbd   Thumb Code    70  w25qxx.o(i.W25QXX_Write_NoCheck)
    W25QXX_Write_Page                        0x08007c05   Thumb Code    80  w25qxx.o(i.W25QXX_Write_Page)
    WM8978_3D_Set                            0x08007c59   Thumb Code    18  wm8978.o(i.WM8978_3D_Set)
    WM8978_ADDA_Cfg                          0x08007c6b   Thumb Code    64  wm8978.o(i.WM8978_ADDA_Cfg)
    WM8978_AUX_Gain                          0x08007cab   Thumb Code    54  wm8978.o(i.WM8978_AUX_Gain)
    WM8978_EQ1_Set                           0x08007ce1   Thumb Code    50  wm8978.o(i.WM8978_EQ1_Set)
    WM8978_EQ2_Set                           0x08007d13   Thumb Code    40  wm8978.o(i.WM8978_EQ2_Set)
    WM8978_EQ3_Set                           0x08007d3b   Thumb Code    40  wm8978.o(i.WM8978_EQ3_Set)
    WM8978_EQ4_Set                           0x08007d63   Thumb Code    40  wm8978.o(i.WM8978_EQ4_Set)
    WM8978_EQ5_Set                           0x08007d8b   Thumb Code    40  wm8978.o(i.WM8978_EQ5_Set)
    WM8978_EQ_3D_Dir                         0x08007db3   Thumb Code    34  wm8978.o(i.WM8978_EQ_3D_Dir)
    WM8978_HPvol_Set                         0x08007dd5   Thumb Code    46  wm8978.o(i.WM8978_HPvol_Set)
    WM8978_I2S_Cfg                           0x08007e03   Thumb Code    28  wm8978.o(i.WM8978_I2S_Cfg)
    WM8978_Init                              0x08007e21   Thumb Code   224  wm8978.o(i.WM8978_Init)
    WM8978_Input_Cfg                         0x08007f0d   Thumb Code   102  wm8978.o(i.WM8978_Input_Cfg)
    WM8978_LINEIN_Gain                       0x08007f73   Thumb Code    54  wm8978.o(i.WM8978_LINEIN_Gain)
    WM8978_Output_Cfg                        0x08007fa9   Thumb Code    42  wm8978.o(i.WM8978_Output_Cfg)
    WM8978_Read_Reg                          0x08007fd5   Thumb Code    10  wm8978.o(i.WM8978_Read_Reg)
    WM8978_SPKvol_Set                        0x08007fe5   Thumb Code    34  wm8978.o(i.WM8978_SPKvol_Set)
    WM8978_Write_Reg                         0x08008009   Thumb Code    80  wm8978.o(i.WM8978_Write_Reg)
    _is_digit                                0x0800805d   Thumb Code    14  __printf_wp.o(i._is_digit)
    _sys_exit                                0x0800806b   Thumb Code     6  usart.o(i._sys_exit)
    audio_get_tnum                           0x08008071   Thumb Code   116  audioplay.o(i.audio_get_tnum)
    audio_index_show                         0x080080e5   Thumb Code    64  audioplay.o(i.audio_index_show)
    audio_msg_show                           0x08008125   Thumb Code   242  audioplay.o(i.audio_msg_show)
    audio_play                               0x08008225   Thumb Code   578  audioplay.o(i.audio_play)
    audio_play_song                          0x080084b9   Thumb Code    44  audioplay.o(i.audio_play_song)
    audio_start                              0x080084f5   Thumb Code    14  audioplay.o(i.audio_start)
    audio_stop                               0x08008509   Thumb Code    14  audioplay.o(i.audio_stop)
    char_upper                               0x0800851d   Thumb Code    26  exfuns.o(i.char_upper)
    clust2sect                               0x0800860f   Thumb Code    26  ff.o(i.clust2sect)
    convert_from_bytes_to_power_of_two       0x080086b9   Thumb Code    18  sdio_sdcard.o(i.convert_from_bytes_to_power_of_two)
    delay_init                               0x08008a11   Thumb Code    56  delay.o(i.delay_init)
    delay_ms                                 0x08008a51   Thumb Code    56  delay.o(i.delay_ms)
    delay_us                                 0x08008a89   Thumb Code    56  delay.o(i.delay_us)
    delay_xms                                0x08008ac5   Thumb Code    56  delay.o(i.delay_xms)
    dir_sdi                                  0x08008f45   Thumb Code   158  ff.o(i.dir_sdi)
    disk_initialize                          0x08008fe5   Thumb Code    52  diskio.o(i.disk_initialize)
    disk_ioctl                               0x0800901d   Thumb Code   170  diskio.o(i.disk_ioctl)
    disk_read                                0x080090d1   Thumb Code   122  diskio.o(i.disk_read)
    disk_status                              0x0800914b   Thumb Code     6  diskio.o(i.disk_status)
    disk_write                               0x08009151   Thumb Code   122  diskio.o(i.disk_write)
    exfuns_init                              0x080091cd   Thumb Code   114  exfuns.o(i.exfuns_init)
    f_close                                  0x08009251   Thumb Code    36  ff.o(i.f_close)
    f_lseek                                  0x08009275   Thumb Code   654  ff.o(i.f_lseek)
    f_mount                                  0x08009505   Thumb Code    86  ff.o(i.f_mount)
    f_open                                   0x08009561   Thumb Code   384  ff.o(i.f_open)
    f_opendir                                0x080096e1   Thumb Code   136  ff.o(i.f_opendir)
    f_read                                   0x08009769   Thumb Code   432  ff.o(i.f_read)
    f_readdir                                0x08009919   Thumb Code   114  ff.o(i.f_readdir)
    f_sync                                   0x0800998b   Thumb Code   176  ff.o(i.f_sync)
    f_typetell                               0x08009a3d   Thumb Code   172  exfuns.o(i.f_typetell)
    ff_convert                               0x08009aed   Thumb Code   146  mycc936.o(i.ff_convert)
    ff_memalloc                              0x08009b85   Thumb Code    14  diskio.o(i.ff_memalloc)
    ff_memfree                               0x08009b93   Thumb Code    14  diskio.o(i.ff_memfree)
    ff_wtoupper                              0x08009ba1   Thumb Code    46  mycc936.o(i.ff_wtoupper)
    font_init                                0x0800a071   Thumb Code    64  fontupd.o(i.font_init)
    fputc                                    0x0800a0b5   Thumb Code    22  usart.o(i.fputc)
    get_fat                                  0x0800a199   Thumb Code   232  ff.o(i.get_fat)
    get_fattime                              0x0800a281   Thumb Code     4  diskio.o(i.get_fattime)
    main                                     0x0800a3fd   Thumb Code   330  test.o(i.main)
    my_mem_free                              0x0800a665   Thumb Code    96  malloc.o(i.my_mem_free)
    my_mem_init                              0x0800a6d1   Thumb Code    54  malloc.o(i.my_mem_init)
    my_mem_malloc                            0x0800a715   Thumb Code   156  malloc.o(i.my_mem_malloc)
    my_mem_perused                           0x0800a7bd   Thumb Code    54  malloc.o(i.my_mem_perused)
    myfree                                   0x0800a7fd   Thumb Code    30  malloc.o(i.myfree)
    mymalloc                                 0x0800a821   Thumb Code    34  malloc.o(i.mymalloc)
    mymemset                                 0x0800a849   Thumb Code    20  malloc.o(i.mymemset)
    put_fat                                  0x0800a8d1   Thumb Code   310  ff.o(i.put_fat)
    read_addr                                0x0800aa07   Thumb Code     6  usmart.o(i.read_addr)
    uart_init                                0x0800abbd   Thumb Code   240  usart.o(i.uart_init)
    usmart_cmd_rec                           0x0800acbd   Thumb Code   170  usmart.o(i.usmart_cmd_rec)
    usmart_exe                               0x0800ad6d   Thumb Code   632  usmart.o(i.usmart_exe)
    usmart_get_aparm                         0x0800b041   Thumb Code   212  usmart_str.o(i.usmart_get_aparm)
    usmart_get_cmdname                       0x0800b115   Thumb Code    54  usmart_str.o(i.usmart_get_cmdname)
    usmart_get_fname                         0x0800b14d   Thumb Code   440  usmart_str.o(i.usmart_get_fname)
    usmart_get_fparam                        0x0800b30d   Thumb Code   262  usmart_str.o(i.usmart_get_fparam)
    usmart_get_parmpos                       0x0800b419   Thumb Code    26  usmart_str.o(i.usmart_get_parmpos)
    usmart_get_runtime                       0x0800b439   Thumb Code    56  usmart.o(i.usmart_get_runtime)
    usmart_init                              0x0800b479   Thumb Code    36  usmart.o(i.usmart_init)
    usmart_pow                               0x0800b4a1   Thumb Code    22  usmart_str.o(i.usmart_pow)
    usmart_reset_runtime                     0x0800b4b9   Thumb Code    38  usmart.o(i.usmart_reset_runtime)
    usmart_scan                              0x0800b4e9   Thumb Code   120  usmart.o(i.usmart_scan)
    usmart_search_nextc                      0x0800b5a5   Thumb Code    22  usmart_str.o(i.usmart_search_nextc)
    usmart_str2num                           0x0800b5bb   Thumb Code   262  usmart_str.o(i.usmart_str2num)
    usmart_strcmp                            0x0800b6c1   Thumb Code    34  usmart_str.o(i.usmart_strcmp)
    usmart_strcopy                           0x0800b6e3   Thumb Code    22  usmart_str.o(i.usmart_strcopy)
    usmart_strlen                            0x0800b6f9   Thumb Code    24  usmart_str.o(i.usmart_strlen)
    usmart_sys_cmd_exe                       0x0800b711   Thumb Code  1570  usmart.o(i.usmart_sys_cmd_exe)
    wav_buffill                              0x0800be3d   Thumb Code   156  wavplay.o(i.wav_buffill)
    wav_decode_init                          0x0800bedd   Thumb Code   314  wavplay.o(i.wav_decode_init)
    wav_get_curtime                          0x0800c0d9   Thumb Code    74  wavplay.o(i.wav_get_curtime)
    wav_i2s_dma_tx_callback                  0x0800c125   Thumb Code    96  wavplay.o(i.wav_i2s_dma_tx_callback)
    wav_play_song                            0x0800c195   Thumb Code   558  wavplay.o(i.wav_play_song)
    write_addr                               0x0800c3e1   Thumb Code     4  usmart.o(i.write_addr)
    __aeabi_d2uiz                            0x0800c3e5   Thumb Code     0  dfixu.o(x$fpl$dfixu)
    _dfixu                                   0x0800c3e5   Thumb Code    90  dfixu.o(x$fpl$dfixu)
    __aeabi_ui2d                             0x0800c43f   Thumb Code     0  dflt_clz.o(x$fpl$dfltu)
    _dfltu                                   0x0800c43f   Thumb Code    38  dflt_clz.o(x$fpl$dfltu)
    __aeabi_dmul                             0x0800c465   Thumb Code     0  dmul.o(x$fpl$dmul)
    _dmul                                    0x0800c465   Thumb Code   332  dmul.o(x$fpl$dmul)
    __fpl_dnaninf                            0x0800c5b9   Thumb Code   156  dnaninf.o(x$fpl$dnaninf)
    __fpl_dretinf                            0x0800c655   Thumb Code    12  dretinf.o(x$fpl$dretinf)
    _fp_init                                 0x0800c661   Thumb Code    10  fpinit.o(x$fpl$fpinit)
    __fplib_config_fpu_vfp                   0x0800c669   Thumb Code     0  fpinit.o(x$fpl$fpinit)
    __fplib_config_pureend_doubles           0x0800c669   Thumb Code     0  fpinit.o(x$fpl$fpinit)
    __I$use$fp                               0x0800c66a   Number         0  usenofp.o(x$fpl$usenofp)
    asc2_1206                                0x0800c66a   Data        1140  ili93xx.o(.constdata)
    asc2_1608                                0x0800cade   Data        1520  ili93xx.o(.constdata)
    asc2_2412                                0x0800d0ce   Data        3420  ili93xx.o(.constdata)
    I2S_PSC_TBL                              0x0800de2a   Data         110  i2s.o(.constdata)
    memtblsize                               0x0800de98   Data          12  malloc.o(.constdata)
    memblksize                               0x0800dea4   Data          12  malloc.o(.constdata)
    memsize                                  0x0800deb0   Data          12  malloc.o(.constdata)
    FILE_TYPE_TBL                            0x0800def8   Data         112  exfuns.o(.constdata)
    Region$$Table$$Base                      0x0800e5a0   Number         0  anon$$obj.o(Region$$Table)
    Region$$Table$$Limit                     0x0800e5c0   Number         0  anon$$obj.o(Region$$Table)
    mem3base                                 0x10000000   Data       61440  malloc.o(.ARM.__AT_0x10000000)
    mem3mapbase                              0x1000f000   Data        3840  malloc.o(.ARM.__AT_0x1000F000)
    __stdout                                 0x20000004   Data           4  usart.o(.data)
    USART_RX_STA                             0x20000008   Data           2  usart.o(.data)
    POINT_COLOR                              0x2000000a   Data           2  ili93xx.o(.data)
    BACK_COLOR                               0x2000000c   Data           2  ili93xx.o(.data)
    TransferError                            0x2000001a   Data           1  sdio_sdcard.o(.data)
    TransferEnd                              0x2000001b   Data           1  sdio_sdcard.o(.data)
    tempbuff                                 0x2000001c   Data           4  sdio_sdcard.o(.data)
    W25QXX_TYPE                              0x20000020   Data           2  w25qxx.o(.data)
    i2s_tx_callback                          0x20000024   Data           4  i2s.o(.data)
    mallco_dev                               0x2000009c   Data          36  malloc.o(.data)
    FLASH_SECTOR_COUNT                       0x200000c2   Data           2  diskio.o(.data)
    file                                     0x200000c4   Data           4  exfuns.o(.data)
    ftemp                                    0x200000c8   Data           4  exfuns.o(.data)
    br                                       0x200000cc   Data           4  exfuns.o(.data)
    bw                                       0x200000d0   Data           4  exfuns.o(.data)
    fatbuf                                   0x200000d4   Data           4  exfuns.o(.data)
    sys_cmd_tab                              0x200000d8   Data          28  usmart.o(.data)
    usmart_nametab                           0x200000f4   Data         104  usmart_config.o(.data)
    usmart_dev                               0x2000015c   Data         244  usmart_config.o(.data)
    wavtransferend                           0x20000250   Data           1  wavplay.o(.data)
    wavwitchbuf                              0x20000251   Data           1  wavplay.o(.data)
    USART_RX_BUF                             0x20000254   Data         200  usart.o(.bss)
    lcddev                                   0x2000031c   Data          14  ili93xx.o(.bss)
    SDCardInfo                               0x20000350   Data          88  sdio_sdcard.o(.bss)
    SDIO_DATA_BUFFER                         0x200003a8   Data         512  sdio_sdcard.o(.bss)
    W25QXX_BUFFER                            0x200005a8   Data        4096  w25qxx.o(.bss)
    mem1base                                 0x200015c0   Data       112640  malloc.o(.bss)
    mem1mapbase                              0x2001cdc0   Data        7040  malloc.o(.bss)
    fs                                       0x2001e94c   Data          12  exfuns.o(.bss)
    fileinfo                                 0x2001e958   Data          32  exfuns.o(.bss)
    dir                                      0x2001e978   Data          36  exfuns.o(.bss)
    ftinfo                                   0x2001e99c   Data          33  fontupd.o(.bss)
    wavctrl                                  0x2001e9bd   Data          32  wavplay.o(.bss)
    audiodev                                 0x2001e9dd   Data          17  audioplay.o(.bss)
    __libspace_start                         0x2001e9f0   Data          96  libspace.o(.bss)
    __temporary_stack_top$libspace           0x2001ea50   Data           0  libspace.o(.bss)
    mem2base                                 0x68000000   Data       983040  malloc.o(.ARM.__AT_0x68000000)
    mem2mapbase                              0x680f0000   Data       61440  malloc.o(.ARM.__AT_0x680F0000)



==============================================================================

Memory Map of the image

  Image Entry point : 0x08000189

  Load Region LR_IROM1 (Base: 0x08000000, Size: 0x0000e814, Max: 0x00100000, ABSOLUTE, COMPRESSED[0x0000e6a4])

    Execution Region ER_IROM1 (Base: 0x08000000, Size: 0x0000e5c0, Max: 0x00100000, ABSOLUTE)

    Base Addr    Size         Type   Attr      Idx    E Section Name        Object

    0x08000000   0x00000188   Data   RO            3    RESET               startup_stm32f40_41xxx.o
    0x08000188   0x00000008   Code   RO         2394  * !!!main             c_w.l(__main.o)
    0x08000190   0x00000034   Code   RO         2596    !!!scatter          c_w.l(__scatter.o)
    0x080001c4   0x0000005a   Code   RO         2594    !!dczerorl2         c_w.l(__dczerorl2.o)
    0x0800021e   0x00000002   PAD
    0x08000220   0x0000001c   Code   RO         2598    !!handler_zi        c_w.l(__scatter_zi.o)
    0x0800023c   0x00000000   Code   RO         2381    .ARM.Collect$$_printf_percent$$00000000  c_w.l(_printf_percent.o)
    0x0800023c   0x00000006   Code   RO         2379    .ARM.Collect$$_printf_percent$$00000009  c_w.l(_printf_d.o)
    0x08000242   0x00000006   Code   RO         2380    .ARM.Collect$$_printf_percent$$0000000A  c_w.l(_printf_u.o)
    0x08000248   0x00000006   Code   RO         2378    .ARM.Collect$$_printf_percent$$0000000C  c_w.l(_printf_x.o)
    0x0800024e   0x00000006   Code   RO         2376    .ARM.Collect$$_printf_percent$$00000013  c_w.l(_printf_c.o)
    0x08000254   0x00000006   Code   RO         2377    .ARM.Collect$$_printf_percent$$00000014  c_w.l(_printf_s.o)
    0x0800025a   0x00000004   Code   RO         2419    .ARM.Collect$$_printf_percent$$00000017  c_w.l(_printf_percent_end.o)
    0x0800025e   0x00000002   Code   RO         2465    .ARM.Collect$$libinit$$00000000  c_w.l(libinit.o)
    0x08000260   0x00000004   Code   RO         2475    .ARM.Collect$$libinit$$00000001  c_w.l(libinit2.o)
    0x08000264   0x00000000   Code   RO         2478    .ARM.Collect$$libinit$$00000004  c_w.l(libinit2.o)
    0x08000264   0x00000000   Code   RO         2481    .ARM.Collect$$libinit$$0000000A  c_w.l(libinit2.o)
    0x08000264   0x00000000   Code   RO         2483    .ARM.Collect$$libinit$$0000000C  c_w.l(libinit2.o)
    0x08000264   0x00000000   Code   RO         2485    .ARM.Collect$$libinit$$0000000E  c_w.l(libinit2.o)
    0x08000264   0x00000000   Code   RO         2488    .ARM.Collect$$libinit$$00000011  c_w.l(libinit2.o)
    0x08000264   0x00000000   Code   RO         2490    .ARM.Collect$$libinit$$00000013  c_w.l(libinit2.o)
    0x08000264   0x00000000   Code   RO         2492    .ARM.Collect$$libinit$$00000015  c_w.l(libinit2.o)
    0x08000264   0x00000000   Code   RO         2494    .ARM.Collect$$libinit$$00000017  c_w.l(libinit2.o)
    0x08000264   0x00000000   Code   RO         2496    .ARM.Collect$$libinit$$00000019  c_w.l(libinit2.o)
    0x08000264   0x00000000   Code   RO         2498    .ARM.Collect$$libinit$$0000001B  c_w.l(libinit2.o)
    0x08000264   0x00000000   Code   RO         2500    .ARM.Collect$$libinit$$0000001D  c_w.l(libinit2.o)
    0x08000264   0x00000000   Code   RO         2502    .ARM.Collect$$libinit$$0000001F  c_w.l(libinit2.o)
    0x08000264   0x00000000   Code   RO         2504    .ARM.Collect$$libinit$$00000021  c_w.l(libinit2.o)
    0x08000264   0x00000000   Code   RO         2506    .ARM.Collect$$libinit$$00000023  c_w.l(libinit2.o)
    0x08000264   0x00000000   Code   RO         2508    .ARM.Collect$$libinit$$00000025  c_w.l(libinit2.o)
    0x08000264   0x00000000   Code   RO         2512    .ARM.Collect$$libinit$$0000002C  c_w.l(libinit2.o)
    0x08000264   0x00000000   Code   RO         2514    .ARM.Collect$$libinit$$0000002E  c_w.l(libinit2.o)
    0x08000264   0x00000000   Code   RO         2516    .ARM.Collect$$libinit$$00000030  c_w.l(libinit2.o)
    0x08000264   0x00000000   Code   RO         2518    .ARM.Collect$$libinit$$00000032  c_w.l(libinit2.o)
    0x08000264   0x00000002   Code   RO         2519    .ARM.Collect$$libinit$$00000033  c_w.l(libinit2.o)
    0x08000266   0x00000002   Code   RO         2547    .ARM.Collect$$libshutdown$$00000000  c_w.l(libshutdown.o)
    0x08000268   0x00000000   Code   RO         2562    .ARM.Collect$$libshutdown$$00000003  c_w.l(libshutdown2.o)
    0x08000268   0x00000000   Code   RO         2565    .ARM.Collect$$libshutdown$$00000006  c_w.l(libshutdown2.o)
    0x08000268   0x00000000   Code   RO         2568    .ARM.Collect$$libshutdown$$00000009  c_w.l(libshutdown2.o)
    0x08000268   0x00000000   Code   RO         2570    .ARM.Collect$$libshutdown$$0000000B  c_w.l(libshutdown2.o)
    0x08000268   0x00000000   Code   RO         2573    .ARM.Collect$$libshutdown$$0000000E  c_w.l(libshutdown2.o)
    0x08000268   0x00000002   Code   RO         2574    .ARM.Collect$$libshutdown$$0000000F  c_w.l(libshutdown2.o)
    0x0800026a   0x00000000   Code   RO         2410    .ARM.Collect$$rtentry$$00000000  c_w.l(__rtentry.o)
    0x0800026a   0x00000000   Code   RO         2428    .ARM.Collect$$rtentry$$00000002  c_w.l(__rtentry2.o)
    0x0800026a   0x00000006   Code   RO         2440    .ARM.Collect$$rtentry$$00000004  c_w.l(__rtentry4.o)
    0x08000270   0x00000000   Code   RO         2430    .ARM.Collect$$rtentry$$00000009  c_w.l(__rtentry2.o)
    0x08000270   0x00000004   Code   RO         2431    .ARM.Collect$$rtentry$$0000000A  c_w.l(__rtentry2.o)
    0x08000274   0x00000000   Code   RO         2433    .ARM.Collect$$rtentry$$0000000C  c_w.l(__rtentry2.o)
    0x08000274   0x00000008   Code   RO         2434    .ARM.Collect$$rtentry$$0000000D  c_w.l(__rtentry2.o)
    0x0800027c   0x00000002   Code   RO         2469    .ARM.Collect$$rtexit$$00000000  c_w.l(rtexit.o)
    0x0800027e   0x00000000   Code   RO         2521    .ARM.Collect$$rtexit$$00000002  c_w.l(rtexit2.o)
    0x0800027e   0x00000004   Code   RO         2522    .ARM.Collect$$rtexit$$00000003  c_w.l(rtexit2.o)
    0x08000282   0x00000006   Code   RO         2523    .ARM.Collect$$rtexit$$00000004  c_w.l(rtexit2.o)
    0x08000288   0x00000044   Code   RO            4    .text               startup_stm32f40_41xxx.o
    0x080002cc   0x00000002   Code   RO         2319    .text               c_w.l(use_no_semi_2.o)
    0x080002ce   0x00000048   Code   RO         2321    .text               c_w.l(llsdiv.o)
    0x08000316   0x00000002   PAD
    0x08000318   0x00000018   Code   RO         2325    .text               c_w.l(noretval__2printf.o)
    0x08000330   0x0000004e   Code   RO         2329    .text               c_w.l(_printf_pad.o)
    0x0800037e   0x00000052   Code   RO         2331    .text               c_w.l(_printf_str.o)
    0x080003d0   0x00000078   Code   RO         2333    .text               c_w.l(_printf_dec.o)
    0x08000448   0x00000058   Code   RO         2338    .text               c_w.l(_printf_hex_int.o)
    0x080004a0   0x00000188   Code   RO         2373    .text               c_w.l(__printf_flags_ss_wp.o)
    0x08000628   0x00000048   Code   RO         2382    .text               c_w.l(strcpy.o)
    0x08000670   0x00000018   Code   RO         2386    .text               c_w.l(strcat.o)
    0x08000688   0x0000008a   Code   RO         2388    .text               c_w.l(rt_memcpy_v6.o)
    0x08000712   0x00000002   PAD
    0x08000714   0x00000080   Code   RO         2390    .text               c_w.l(strcmpv7m.o)
    0x08000794   0x00000006   Code   RO         2392    .text               c_w.l(heapauxi.o)
    0x0800079a   0x00000002   Code   RO         2408    .text               c_w.l(use_no_semi.o)
    0x0800079c   0x000000ee   Code   RO         2411    .text               c_w.l(lludivv7m.o)
    0x0800088a   0x000000b2   Code   RO         2413    .text               c_w.l(_printf_intcommon.o)
    0x0800093c   0x0000002c   Code   RO         2415    .text               c_w.l(_printf_char.o)
    0x08000968   0x00000024   Code   RO         2417    .text               c_w.l(_printf_char_file.o)
    0x0800098c   0x00000064   Code   RO         2420    .text               c_w.l(rt_memcpy_w.o)
    0x080009f0   0x00000030   Code   RO         2446    .text               c_w.l(_printf_char_common.o)
    0x08000a20   0x00000008   Code   RO         2448    .text               c_w.l(ferror.o)
    0x08000a28   0x0000004a   Code   RO         2452    .text               c_w.l(sys_stackheap_outer.o)
    0x08000a72   0x0000000c   Code   RO         2458    .text               c_w.l(exit.o)
    0x08000a7e   0x00000002   PAD
    0x08000a80   0x00000008   Code   RO         2466    .text               c_w.l(libspace.o)
    0x08000a88   0x00000038   Code   RO          582    i.CmdError          sdio_sdcard.o
    0x08000ac0   0x00000060   Code   RO          583    i.CmdResp1Error     sdio_sdcard.o
    0x08000b20   0x00000068   Code   RO          584    i.CmdResp2Error     sdio_sdcard.o
    0x08000b88   0x00000040   Code   RO          585    i.CmdResp3Error     sdio_sdcard.o
    0x08000bc8   0x000000a0   Code   RO          586    i.CmdResp6Error     sdio_sdcard.o
    0x08000c68   0x0000005c   Code   RO          587    i.CmdResp7Error     sdio_sdcard.o
    0x08000cc4   0x00000028   Code   RO         1013    i.DMA1_Stream4_IRQHandler  i2s.o
    0x08000cec   0x0000015c   Code   RO          588    i.FindSCR           sdio_sdcard.o
    0x08000e48   0x00000040   Code   RO          174    i.GPIO_AF_Set       sys.o
    0x08000e88   0x000000de   Code   RO          175    i.GPIO_Set          sys.o
    0x08000f66   0x00000002   PAD
    0x08000f68   0x000000e0   Code   RO         1973    i.Get_HzMat         text.o
    0x08001048   0x000000ac   Code   RO         1014    i.I2S2_Init         i2s.o
    0x080010f4   0x000000b0   Code   RO         1015    i.I2S2_SampleRate_Set  i2s.o
    0x080011a4   0x000000e8   Code   RO         1016    i.I2S2_TX_DMA_Init  i2s.o
    0x0800128c   0x00000014   Code   RO         1017    i.I2S_Play_Start    i2s.o
    0x080012a0   0x00000014   Code   RO         1018    i.I2S_Play_Stop     i2s.o
    0x080012b4   0x00000044   Code   RO          949    i.IIC_Init          myiic.o
    0x080012f8   0x00000068   Code   RO          952    i.IIC_Send_Byte     myiic.o
    0x08001360   0x0000004c   Code   RO          953    i.IIC_Start         myiic.o
    0x080013ac   0x0000004c   Code   RO          954    i.IIC_Stop          myiic.o
    0x080013f8   0x00000060   Code   RO          955    i.IIC_Wait_Ack      myiic.o
    0x08001458   0x00000004   Code   RO          176    i.INTX_DISABLE      sys.o
    0x0800145c   0x00000004   Code   RO          177    i.INTX_ENABLE       sys.o
    0x08001460   0x0000009c   Code   RO          589    i.IsCardProgramming  sdio_sdcard.o
    0x080014fc   0x00000050   Code   RO          555    i.KEY_Init          key.o
    0x0800154c   0x000000a4   Code   RO          556    i.KEY_Scan          key.o
    0x080015f0   0x0000006c   Code   RO          338    i.LCD_Clear         ili93xx.o
    0x0800165c   0x000001c0   Code   RO          342    i.LCD_Display_Dir   ili93xx.o
    0x0800181c   0x00000180   Code   RO          347    i.LCD_Fast_DrawPoint  ili93xx.o
    0x0800199c   0x000000b8   Code   RO          348    i.LCD_Fill          ili93xx.o
    0x08001a54   0x00003934   Code   RO          349    i.LCD_Init          ili93xx.o
    0x08005388   0x00000016   Code   RO          350    i.LCD_Pow           ili93xx.o
    0x0800539e   0x00000002   PAD
    0x080053a0   0x00000014   Code   RO          351    i.LCD_RD_DATA       ili93xx.o
    0x080053b4   0x00000016   Code   RO          353    i.LCD_ReadReg       ili93xx.o
    0x080053ca   0x00000002   PAD
    0x080053cc   0x00000060   Code   RO          354    i.LCD_SSD_BackLightSet  ili93xx.o
    0x0800542c   0x000002ec   Code   RO          355    i.LCD_Scan_Dir      ili93xx.o
    0x08005718   0x000001a8   Code   RO          356    i.LCD_SetCursor     ili93xx.o
    0x080058c0   0x00000128   Code   RO          358    i.LCD_ShowChar      ili93xx.o
    0x080059e8   0x00000066   Code   RO          360    i.LCD_ShowString    ili93xx.o
    0x08005a4e   0x000000be   Code   RO          361    i.LCD_ShowxNum      ili93xx.o
    0x08005b0c   0x00000018   Code   RO          362    i.LCD_WR_DATA       ili93xx.o
    0x08005b24   0x00000018   Code   RO          363    i.LCD_WR_REG        ili93xx.o
    0x08005b3c   0x00000014   Code   RO          365    i.LCD_WriteRAM_Prepare  ili93xx.o
    0x08005b50   0x00000014   Code   RO          366    i.LCD_WriteReg      ili93xx.o
    0x08005b64   0x00000040   Code   RO          317    i.LED_Init          led.o
    0x08005ba4   0x00000078   Code   RO          178    i.MY_NVIC_Init      sys.o
    0x08005c1c   0x00000028   Code   RO          179    i.MY_NVIC_PriorityGroupConfig  sys.o
    0x08005c44   0x00000010   Code   RO          180    i.MY_NVIC_SetVectorTable  sys.o
    0x08005c54   0x00000080   Code   RO          590    i.SDEnWideBus       sdio_sdcard.o
    0x08005cd4   0x00000014   Code   RO          591    i.SDIO_Clock_Set    sdio_sdcard.o
    0x08005ce8   0x00000008   Code   RO          592    i.SDIO_IRQHandler   sdio_sdcard.o
    0x08005cf0   0x0000002c   Code   RO          593    i.SDIO_Send_Cmd     sdio_sdcard.o
    0x08005d1c   0x00000038   Code   RO          594    i.SDIO_Send_Data_Cfg  sdio_sdcard.o
    0x08005d54   0x00000094   Code   RO          595    i.SD_DMA_Config     sdio_sdcard.o
    0x08005de8   0x00000068   Code   RO          596    i.SD_EnableWideBusOperation  sdio_sdcard.o
    0x08005e50   0x00000314   Code   RO          597    i.SD_GetCardInfo    sdio_sdcard.o
    0x08006164   0x00000178   Code   RO          599    i.SD_Init           sdio_sdcard.o
    0x080062dc   0x00000114   Code   RO          600    i.SD_InitializeCards  sdio_sdcard.o
    0x080063f0   0x00000180   Code   RO          602    i.SD_PowerON        sdio_sdcard.o
    0x08006570   0x0000016c   Code   RO          603    i.SD_ProcessIRQSrc  sdio_sdcard.o
    0x080066dc   0x0000024c   Code   RO          604    i.SD_ReadBlock      sdio_sdcard.o
    0x08006928   0x000000a0   Code   RO          605    i.SD_ReadDisk       sdio_sdcard.o
    0x080069c8   0x000002c4   Code   RO          606    i.SD_ReadMultiBlocks  sdio_sdcard.o
    0x08006c8c   0x00000016   Code   RO          607    i.SD_SelectDeselect  sdio_sdcard.o
    0x08006ca2   0x00000002   PAD
    0x08006ca4   0x00000018   Code   RO          609    i.SD_SetDeviceMode  sdio_sdcard.o
    0x08006cbc   0x00000344   Code   RO          610    i.SD_WriteBlock     sdio_sdcard.o
    0x08007000   0x000000a0   Code   RO          611    i.SD_WriteDisk      sdio_sdcard.o
    0x080070a0   0x0000037c   Code   RO          612    i.SD_WriteMultiBlocks  sdio_sdcard.o
    0x0800741c   0x000000b0   Code   RO          802    i.SPI1_Init         spi.o
    0x080074cc   0x00000030   Code   RO          803    i.SPI1_ReadWriteByte  spi.o
    0x080074fc   0x0000002c   Code   RO          804    i.SPI1_SetSpeed     spi.o
    0x08007528   0x000000c8   Code   RO         1974    i.Show_Font         text.o
    0x080075f0   0x000000c2   Code   RO         1975    i.Show_Str          text.o
    0x080076b2   0x00000002   PAD
    0x080076b4   0x00000068   Code   RO          181    i.Stm32_Clock_Init  sys.o
    0x0800771c   0x0000010c   Code   RO          182    i.Sys_Clock_Set     sys.o
    0x08007828   0x0000003c   Code   RO         2011    i.TIM4_IRQHandler   usmart.o
    0x08007864   0x00000050   Code   RO         2012    i.Timer4_Init       usmart.o
    0x080078b4   0x00000080   Code   RO          268    i.USART1_IRQHandler  usart.o
    0x08007934   0x00000058   Code   RO          838    i.W25QXX_Erase_Sector  w25qxx.o
    0x0800798c   0x00000080   Code   RO          839    i.W25QXX_Init       w25qxx.o
    0x08007a0c   0x00000050   Code   RO          841    i.W25QXX_Read       w25qxx.o
    0x08007a5c   0x00000048   Code   RO          842    i.W25QXX_ReadID     w25qxx.o
    0x08007aa4   0x0000002c   Code   RO          843    i.W25QXX_ReadSR     w25qxx.o
    0x08007ad0   0x00000012   Code   RO          845    i.W25QXX_Wait_Busy  w25qxx.o
    0x08007ae2   0x00000002   PAD
    0x08007ae4   0x000000b8   Code   RO          846    i.W25QXX_Write      w25qxx.o
    0x08007b9c   0x00000020   Code   RO          848    i.W25QXX_Write_Enable  w25qxx.o
    0x08007bbc   0x00000046   Code   RO          849    i.W25QXX_Write_NoCheck  w25qxx.o
    0x08007c02   0x00000002   PAD
    0x08007c04   0x00000054   Code   RO          850    i.W25QXX_Write_Page  w25qxx.o
    0x08007c58   0x00000012   Code   RO         1070    i.WM8978_3D_Set     wm8978.o
    0x08007c6a   0x00000040   Code   RO         1071    i.WM8978_ADDA_Cfg   wm8978.o
    0x08007caa   0x00000036   Code   RO         1072    i.WM8978_AUX_Gain   wm8978.o
    0x08007ce0   0x00000032   Code   RO         1073    i.WM8978_EQ1_Set    wm8978.o
    0x08007d12   0x00000028   Code   RO         1074    i.WM8978_EQ2_Set    wm8978.o
    0x08007d3a   0x00000028   Code   RO         1075    i.WM8978_EQ3_Set    wm8978.o
    0x08007d62   0x00000028   Code   RO         1076    i.WM8978_EQ4_Set    wm8978.o
    0x08007d8a   0x00000028   Code   RO         1077    i.WM8978_EQ5_Set    wm8978.o
    0x08007db2   0x00000022   Code   RO         1078    i.WM8978_EQ_3D_Dir  wm8978.o
    0x08007dd4   0x0000002e   Code   RO         1079    i.WM8978_HPvol_Set  wm8978.o
    0x08007e02   0x0000001c   Code   RO         1080    i.WM8978_I2S_Cfg    wm8978.o
    0x08007e1e   0x00000002   PAD
    0x08007e20   0x000000ec   Code   RO         1081    i.WM8978_Init       wm8978.o
    0x08007f0c   0x00000066   Code   RO         1082    i.WM8978_Input_Cfg  wm8978.o
    0x08007f72   0x00000036   Code   RO         1083    i.WM8978_LINEIN_Gain  wm8978.o
    0x08007fa8   0x0000002a   Code   RO         1085    i.WM8978_Output_Cfg  wm8978.o
    0x08007fd2   0x00000002   PAD
    0x08007fd4   0x00000010   Code   RO         1086    i.WM8978_Read_Reg   wm8978.o
    0x08007fe4   0x00000022   Code   RO         1087    i.WM8978_SPKvol_Set  wm8978.o
    0x08008006   0x00000002   PAD
    0x08008008   0x00000054   Code   RO         1088    i.WM8978_Write_Reg  wm8978.o
    0x0800805c   0x0000000e   Code   RO         2366    i._is_digit         c_w.l(__printf_wp.o)
    0x0800806a   0x00000006   Code   RO          269    i._sys_exit         usart.o
    0x08008070   0x00000074   Code   RO         2252    i.audio_get_tnum    audioplay.o
    0x080080e4   0x00000040   Code   RO         2253    i.audio_index_show  audioplay.o
    0x08008124   0x00000100   Code   RO         2254    i.audio_msg_show    audioplay.o
    0x08008224   0x00000294   Code   RO         2255    i.audio_play        audioplay.o
    0x080084b8   0x0000003c   Code   RO         2256    i.audio_play_song   audioplay.o
    0x080084f4   0x00000014   Code   RO         2257    i.audio_start       audioplay.o
    0x08008508   0x00000014   Code   RO         2258    i.audio_stop        audioplay.o
    0x0800851c   0x0000001a   Code   RO         1693    i.char_upper        exfuns.o
    0x08008536   0x00000002   PAD
    0x08008538   0x00000090   Code   RO         1278    i.check_fs          ff.o
    0x080085c8   0x00000014   Code   RO         1279    i.chk_chr           ff.o
    0x080085dc   0x00000032   Code   RO         1280    i.clmt_clust        ff.o
    0x0800860e   0x0000001a   Code   RO         1281    i.clust2sect        ff.o
    0x08008628   0x00000090   Code   RO         1282    i.cmp_lfn           ff.o
    0x080086b8   0x00000012   Code   RO          613    i.convert_from_bytes_to_power_of_two  sdio_sdcard.o
    0x080086ca   0x000000d6   Code   RO         1283    i.create_chain      ff.o
    0x080087a0   0x00000270   Code   RO         1284    i.create_name       ff.o
    0x08008a10   0x00000040   Code   RO          132    i.delay_init        delay.o
    0x08008a50   0x00000038   Code   RO          133    i.delay_ms          delay.o
    0x08008a88   0x0000003c   Code   RO          134    i.delay_us          delay.o
    0x08008ac4   0x0000003c   Code   RO          135    i.delay_xms         delay.o
    0x08008b00   0x0000005c   Code   RO         1285    i.dir_alloc         ff.o
    0x08008b5c   0x000000ea   Code   RO         1286    i.dir_find          ff.o
    0x08008c46   0x00000110   Code   RO         1287    i.dir_next          ff.o
    0x08008d56   0x000000c4   Code   RO         1288    i.dir_read          ff.o
    0x08008e1a   0x0000012a   Code   RO         1289    i.dir_register      ff.o
    0x08008f44   0x0000009e   Code   RO         1291    i.dir_sdi           ff.o
    0x08008fe2   0x00000002   PAD
    0x08008fe4   0x00000038   Code   RO         1628    i.disk_initialize   diskio.o
    0x0800901c   0x000000b4   Code   RO         1629    i.disk_ioctl        diskio.o
    0x080090d0   0x0000007a   Code   RO         1630    i.disk_read         diskio.o
    0x0800914a   0x00000006   Code   RO         1631    i.disk_status       diskio.o
    0x08009150   0x0000007a   Code   RO         1632    i.disk_write        diskio.o
    0x080091ca   0x00000002   PAD
    0x080091cc   0x00000084   Code   RO         1695    i.exfuns_init       exfuns.o
    0x08009250   0x00000024   Code   RO         1293    i.f_close           ff.o
    0x08009274   0x0000028e   Code   RO         1298    i.f_lseek           ff.o
    0x08009502   0x00000002   PAD
    0x08009504   0x0000005c   Code   RO         1301    i.f_mount           ff.o
    0x08009560   0x00000180   Code   RO         1302    i.f_open            ff.o
    0x080096e0   0x00000088   Code   RO         1303    i.f_opendir         ff.o
    0x08009768   0x000001b0   Code   RO         1307    i.f_read            ff.o
    0x08009918   0x00000072   Code   RO         1308    i.f_readdir         ff.o
    0x0800998a   0x000000b0   Code   RO         1312    i.f_sync            ff.o
    0x08009a3a   0x00000002   PAD
    0x08009a3c   0x000000b0   Code   RO         1696    i.f_typetell        exfuns.o
    0x08009aec   0x00000098   Code   RO         1896    i.ff_convert        mycc936.o
    0x08009b84   0x0000000e   Code   RO         1633    i.ff_memalloc       diskio.o
    0x08009b92   0x0000000e   Code   RO         1634    i.ff_memfree        diskio.o
    0x08009ba0   0x00000038   Code   RO         1897    i.ff_wtoupper       mycc936.o
    0x08009bd8   0x00000388   Code   RO         1317    i.find_volume       ff.o
    0x08009f60   0x00000080   Code   RO         1318    i.fit_lfn           ff.o
    0x08009fe0   0x00000090   Code   RO         1319    i.follow_path       ff.o
    0x0800a070   0x00000044   Code   RO         1923    i.font_init         fontupd.o
    0x0800a0b4   0x0000001c   Code   RO          270    i.fputc             usart.o
    0x0800a0d0   0x000000c8   Code   RO         1320    i.gen_numname       ff.o
    0x0800a198   0x000000e8   Code   RO         1321    i.get_fat           ff.o
    0x0800a280   0x00000004   Code   RO         1635    i.get_fattime       diskio.o
    0x0800a284   0x0000010c   Code   RO         1322    i.get_fileinfo      ff.o
    0x0800a390   0x0000004a   Code   RO         1323    i.get_ldnumber      ff.o
    0x0800a3da   0x00000020   Code   RO         1324    i.ld_clust          ff.o
    0x0800a3fa   0x00000002   PAD
    0x0800a3fc   0x000001e0   Code   RO           12    i.main              test.o
    0x0800a5dc   0x00000026   Code   RO         1325    i.mem_cmp           ff.o
    0x0800a602   0x0000001a   Code   RO         1326    i.mem_cpy           ff.o
    0x0800a61c   0x00000014   Code   RO         1327    i.mem_set           ff.o
    0x0800a630   0x00000032   Code   RO         1328    i.move_window       ff.o
    0x0800a662   0x00000002   PAD
    0x0800a664   0x0000006c   Code   RO         1200    i.my_mem_free       malloc.o
    0x0800a6d0   0x00000044   Code   RO         1201    i.my_mem_init       malloc.o
    0x0800a714   0x000000a8   Code   RO         1202    i.my_mem_malloc     malloc.o
    0x0800a7bc   0x00000040   Code   RO         1203    i.my_mem_perused    malloc.o
    0x0800a7fc   0x00000024   Code   RO         1204    i.myfree            malloc.o
    0x0800a820   0x00000028   Code   RO         1205    i.mymalloc          malloc.o
    0x0800a848   0x00000014   Code   RO         1207    i.mymemset          malloc.o
    0x0800a85c   0x00000074   Code   RO         1329    i.pick_lfn          ff.o
    0x0800a8d0   0x00000136   Code   RO         1330    i.put_fat           ff.o
    0x0800aa06   0x00000006   Code   RO         2013    i.read_addr         usmart.o
    0x0800aa0c   0x0000006c   Code   RO         1332    i.remove_chain      ff.o
    0x0800aa78   0x00000010   Code   RO         1333    i.st_clust          ff.o
    0x0800aa88   0x00000020   Code   RO         1334    i.sum_sfn           ff.o
    0x0800aaa8   0x000000c8   Code   RO         1335    i.sync_fs           ff.o
    0x0800ab70   0x0000004c   Code   RO         1336    i.sync_window       ff.o
    0x0800abbc   0x00000100   Code   RO          271    i.uart_init         usart.o
    0x0800acbc   0x000000b0   Code   RO         2014    i.usmart_cmd_rec    usmart.o
    0x0800ad6c   0x000002d4   Code   RO         2015    i.usmart_exe        usmart.o
    0x0800b040   0x000000d4   Code   RO         2116    i.usmart_get_aparm  usmart_str.o
    0x0800b114   0x00000036   Code   RO         2117    i.usmart_get_cmdname  usmart_str.o
    0x0800b14a   0x00000002   PAD
    0x0800b14c   0x000001c0   Code   RO         2118    i.usmart_get_fname  usmart_str.o
    0x0800b30c   0x0000010c   Code   RO         2119    i.usmart_get_fparam  usmart_str.o
    0x0800b418   0x00000020   Code   RO         2120    i.usmart_get_parmpos  usmart_str.o
    0x0800b438   0x00000040   Code   RO         2016    i.usmart_get_runtime  usmart.o
    0x0800b478   0x00000028   Code   RO         2017    i.usmart_init       usmart.o
    0x0800b4a0   0x00000016   Code   RO         2121    i.usmart_pow        usmart_str.o
    0x0800b4b6   0x00000002   PAD
    0x0800b4b8   0x00000030   Code   RO         2018    i.usmart_reset_runtime  usmart.o
    0x0800b4e8   0x000000bc   Code   RO         2019    i.usmart_scan       usmart.o
    0x0800b5a4   0x00000016   Code   RO         2122    i.usmart_search_nextc  usmart_str.o
    0x0800b5ba   0x00000106   Code   RO         2123    i.usmart_str2num    usmart_str.o
    0x0800b6c0   0x00000022   Code   RO         2124    i.usmart_strcmp     usmart_str.o
    0x0800b6e2   0x00000016   Code   RO         2125    i.usmart_strcopy    usmart_str.o
    0x0800b6f8   0x00000018   Code   RO         2126    i.usmart_strlen     usmart_str.o
    0x0800b710   0x000006f4   Code   RO         2020    i.usmart_sys_cmd_exe  usmart.o
    0x0800be04   0x00000036   Code   RO         1337    i.validate          ff.o
    0x0800be3a   0x00000002   PAD
    0x0800be3c   0x000000a0   Code   RO         2196    i.wav_buffill       wavplay.o
    0x0800bedc   0x000001fc   Code   RO         2197    i.wav_decode_init   wavplay.o
    0x0800c0d8   0x0000004a   Code   RO         2198    i.wav_get_curtime   wavplay.o
    0x0800c122   0x00000002   PAD
    0x0800c124   0x00000070   Code   RO         2199    i.wav_i2s_dma_tx_callback  wavplay.o
    0x0800c194   0x0000024c   Code   RO         2200    i.wav_play_song     wavplay.o
    0x0800c3e0   0x00000004   Code   RO         2021    i.write_addr        usmart.o
    0x0800c3e4   0x0000005a   Code   RO         2396    x$fpl$dfixu         fz_wm.l(dfixu.o)
    0x0800c43e   0x00000026   Code   RO         2400    x$fpl$dfltu         fz_wm.l(dflt_clz.o)
    0x0800c464   0x00000154   Code   RO         2406    x$fpl$dmul          fz_wm.l(dmul.o)
    0x0800c5b8   0x0000009c   Code   RO         2422    x$fpl$dnaninf       fz_wm.l(dnaninf.o)
    0x0800c654   0x0000000c   Code   RO         2424    x$fpl$dretinf       fz_wm.l(dretinf.o)
    0x0800c660   0x0000000a   Code   RO         2535    x$fpl$fpinit        fz_wm.l(fpinit.o)
    0x0800c66a   0x00000000   Code   RO         2426    x$fpl$usenofp       fz_wm.l(usenofp.o)
    0x0800c66a   0x000017c0   Data   RO          369    .constdata          ili93xx.o
    0x0800de2a   0x0000006e   Data   RO         1019    .constdata          i2s.o
    0x0800de98   0x00000024   Data   RO         1214    .constdata          malloc.o
    0x0800debc   0x0000003a   Data   RO         1339    .constdata          ff.o
    0x0800def6   0x00000002   PAD
    0x0800def8   0x00000070   Data   RO         1698    .constdata          exfuns.o
    0x0800df68   0x000003c0   Data   RO         1898    .constdata          mycc936.o
    0x0800e328   0x00000028   Data   RO         2339    .constdata          c_w.l(_printf_hex_int.o)
    0x0800e350   0x00000011   Data   RO         2374    .constdata          c_w.l(__printf_flags_ss_wp.o)
    0x0800e361   0x00000003   PAD
    0x0800e364   0x00000044   Data   RO         1699    .conststring        exfuns.o
    0x0800e3a8   0x00000028   Data   RO         2022    .conststring        usmart.o
    0x0800e3d0   0x000001d0   Data   RO         2095    .conststring        usmart_config.o
    0x0800e5a0   0x00000020   Data   RO         2592    Region$$Table       anon$$obj.o


    Execution Region RW_IRAM1 (Base: 0x20000000, Size: 0x0001ee50, Max: 0x00020000, ABSOLUTE, COMPRESSED[0x000000e4])

    Base Addr    Size         Type   Attr      Idx    E Section Name        Object

    0x20000000   0x00000004   Data   RW          136    .data               delay.o
    0x20000004   0x00000006   Data   RW          273    .data               usart.o
    0x2000000a   0x00000004   Data   RW          370    .data               ili93xx.o
    0x2000000e   0x00000001   Data   RW          557    .data               key.o
    0x2000000f   0x00000001   PAD
    0x20000010   0x00000010   Data   RW          615    .data               sdio_sdcard.o
    0x20000020   0x00000002   Data   RW          853    .data               w25qxx.o
    0x20000022   0x00000002   PAD
    0x20000024   0x00000004   Data   RW         1020    .data               i2s.o
    0x20000028   0x00000074   Data   RW         1089    .data               wm8978.o
    0x2000009c   0x00000024   Data   RW         1215    .data               malloc.o
    0x200000c0   0x00000002   Data   RW         1340    .data               ff.o
    0x200000c2   0x00000002   Data   RW         1636    .data               diskio.o
    0x200000c4   0x00000014   Data   RW         1700    .data               exfuns.o
    0x200000d8   0x0000001c   Data   RW         2023    .data               usmart.o
    0x200000f4   0x0000015c   Data   RW         2096    .data               usmart_config.o
    0x20000250   0x00000002   Data   RW         2202    .data               wavplay.o
    0x20000252   0x00000002   Data   RW         2260    .data               audioplay.o
    0x20000254   0x000000c8   Zero   RW          272    .bss                usart.o
    0x2000031c   0x0000000e   Zero   RW          368    .bss                ili93xx.o
    0x2000032a   0x00000006   PAD
    0x20000330   0x00000278   Zero   RW          614    .bss                sdio_sdcard.o
    0x200005a8   0x00001000   Zero   RW          852    .bss                w25qxx.o
    0x200015a8   0x00000018   PAD
    0x200015c0   0x0001d380   Zero   RW         1213    .bss                malloc.o
    0x2001e940   0x0000000c   Zero   RW         1338    .bss                ff.o
    0x2001e94c   0x00000050   Zero   RW         1697    .bss                exfuns.o
    0x2001e99c   0x00000021   Zero   RW         1927    .bss                fontupd.o
    0x2001e9bd   0x00000020   Zero   RW         2201    .bss                wavplay.o
    0x2001e9dd   0x00000011   Zero   RW         2259    .bss                audioplay.o
    0x2001e9ee   0x00000002   PAD
    0x2001e9f0   0x00000060   Zero   RW         2467    .bss                c_w.l(libspace.o)
    0x2001ea50   0x00000000   Zero   RW            2    HEAP                startup_stm32f40_41xxx.o
    0x2001ea50   0x00000400   Zero   RW            1    STACK               startup_stm32f40_41xxx.o



  Load Region LR$$.ARM.__AT_0x10000000 (Base: 0x10000000, Size: 0x00000000, Max: 0x0000f000, ABSOLUTE)

    Execution Region ER$$.ARM.__AT_0x10000000 (Base: 0x10000000, Size: 0x0000f000, Max: 0x0000f000, ABSOLUTE, UNINIT)

    Base Addr    Size         Type   Attr      Idx    E Section Name        Object

    0x10000000   0x0000f000   Zero   RW         1209    .ARM.__AT_0x10000000  malloc.o



  Load Region LR$$.ARM.__AT_0x1000F000 (Base: 0x1000f000, Size: 0x00000000, Max: 0x00000f00, ABSOLUTE)

    Execution Region ER$$.ARM.__AT_0x1000F000 (Base: 0x1000f000, Size: 0x00000f00, Max: 0x00000f00, ABSOLUTE, UNINIT)

    Base Addr    Size         Type   Attr      Idx    E Section Name        Object

    0x1000f000   0x00000f00   Zero   RW         1210    .ARM.__AT_0x1000F000  malloc.o



  Load Region LR$$.ARM.__AT_0x68000000 (Base: 0x68000000, Size: 0x00000000, Max: 0x000f0000, ABSOLUTE)

    Execution Region ER$$.ARM.__AT_0x68000000 (Base: 0x68000000, Size: 0x000f0000, Max: 0x000f0000, ABSOLUTE, UNINIT)

    Base Addr    Size         Type   Attr      Idx    E Section Name        Object

    0x68000000   0x000f0000   Zero   RW         1211    .ARM.__AT_0x68000000  malloc.o



  Load Region LR$$.ARM.__AT_0x680F0000 (Base: 0x680f0000, Size: 0x00000000, Max: 0x0000f000, ABSOLUTE)

    Execution Region ER$$.ARM.__AT_0x680F0000 (Base: 0x680f0000, Size: 0x0000f000, Max: 0x0000f000, ABSOLUTE, UNINIT)

    Base Addr    Size         Type   Attr      Idx    E Section Name        Object

    0x680f0000   0x0000f000   Zero   RW         1212    .ARM.__AT_0x680F0000  malloc.o


==============================================================================

Image component sizes


      Code (inc. data)   RO Data    RW Data    ZI Data      Debug   Object Name

      1196        124          0          2         17       6186   audioplay.o
       240         16          0          4          0       2499   delay.o
       518         14          0          2          0       6048   diskio.o
       334         22        180         20         80       3100   exfuns.o
      7524         70         58          2         12      42445   ff.o
        68          4          0          0         33       2109   fontupd.o
       660         54        110          4          0       4266   i2s.o
     17776        212       6080          4         14      23411   ili93xx.o
       244         28          0          1          0       1218   key.o
        64         16          0          0          0        503   led.o
       504         60         36         36    1229440       6526   malloc.o
       208         16        960          0          0       1979   mycc936.o
       420         72          0          0          0       2857   myiic.o
      7180        344          0         16        632      34295   sdio_sdcard.o
       268         22          0          0          0       1685   spi.o
        68         24        392          0       1024        880   startup_stm32f40_41xxx.o
       842         44          0          0          0       6019   sys.o
       480        150          0          0          0     234127   test.o
       618         14          0          0          0       3383   text.o
       418         34          0          6        200       4356   usart.o
      3170       1350         40         28          0       7938   usmart.o
         0          0        464        348          0       1556   usmart_config.o
      1400         20          0          0          0       8989   usmart_str.o
       800         78          0          2       4096       7129   w25qxx.o
      1442        244          0          2         32       4941   wavplay.o
      1022         22          0        116          0      11943   wm8978.o

    ----------------------------------------------------------------------
     47506       3054       8354        596    1235612     430388   Object Totals
         0          0         32          0          0          0   (incl. Generated)
        42          0          2          3         32          0   (incl. Padding)

    ----------------------------------------------------------------------

      Code (inc. data)   RO Data    RW Data    ZI Data      Debug   Library Member Name

        90          0          0          0          0          0   __dczerorl2.o
         8          0          0          0          0         68   __main.o
       392          4         17          0          0         92   __printf_flags_ss_wp.o
        14          0          0          0          0         68   __printf_wp.o
         0          0          0          0          0          0   __rtentry.o
        12          0          0          0          0          0   __rtentry2.o
         6          0          0          0          0          0   __rtentry4.o
        52          8          0          0          0          0   __scatter.o
        28          0          0          0          0          0   __scatter_zi.o
         6          0          0          0          0          0   _printf_c.o
        44          0          0          0          0        108   _printf_char.o
        48          6          0          0          0         96   _printf_char_common.o
        36          4          0          0          0         80   _printf_char_file.o
         6          0          0          0          0          0   _printf_d.o
       120         16          0          0          0         92   _printf_dec.o
        88          4         40          0          0         88   _printf_hex_int.o
       178          0          0          0          0         88   _printf_intcommon.o
        78          0          0          0          0        108   _printf_pad.o
         0          0          0          0          0          0   _printf_percent.o
         4          0          0          0          0          0   _printf_percent_end.o
         6          0          0          0          0          0   _printf_s.o
        82          0          0          0          0         80   _printf_str.o
         6          0          0          0          0          0   _printf_u.o
         6          0          0          0          0          0   _printf_x.o
        12          0          0          0          0         72   exit.o
         8          0          0          0          0         68   ferror.o
         6          0          0          0          0        152   heapauxi.o
         2          0          0          0          0          0   libinit.o
         6          0          0          0          0          0   libinit2.o
         2          0          0          0          0          0   libshutdown.o
         2          0          0          0          0          0   libshutdown2.o
         8          4          0          0         96         68   libspace.o
        72          0          0          0          0         76   llsdiv.o
       238          0          0          0          0        100   lludivv7m.o
        24          4          0          0          0         84   noretval__2printf.o
       138          0          0          0          0         68   rt_memcpy_v6.o
       100          0          0          0          0         80   rt_memcpy_w.o
         2          0          0          0          0          0   rtexit.o
        10          0          0          0          0          0   rtexit2.o
        24          0          0          0          0         68   strcat.o
       128          0          0          0          0         68   strcmpv7m.o
        72          0          0          0          0         80   strcpy.o
        74          0          0          0          0         80   sys_stackheap_outer.o
         2          0          0          0          0         68   use_no_semi.o
         2          0          0          0          0         68   use_no_semi_2.o
        90          4          0          0          0        140   dfixu.o
        38          0          0          0          0        116   dflt_clz.o
       340         12          0          0          0        152   dmul.o
       156          4          0          0          0        140   dnaninf.o
        12          0          0          0          0        116   dretinf.o
        10          0          0          0          0        116   fpinit.o
         0          0          0          0          0          0   usenofp.o

    ----------------------------------------------------------------------
      2896         70         60          0         96       2948   Library Totals
         8          0          3          0          0          0   (incl. Padding)

    ----------------------------------------------------------------------

      Code (inc. data)   RO Data    RW Data    ZI Data      Debug   Library Name

      2242         50         57          0         96       2168   c_w.l
       646         20          0          0          0        780   fz_wm.l

    ----------------------------------------------------------------------
      2896         70         60          0         96       2948   Library Totals

    ----------------------------------------------------------------------

==============================================================================


      Code (inc. data)   RO Data    RW Data    ZI Data      Debug   

     50402       3124       8414        596    1235708     411592   Grand Totals
     50402       3124       8414        228    1235708     411592   ELF Image Totals (compressed)
     50402       3124       8414        228          0          0   ROM Totals

==============================================================================

    Total RO  Size (Code + RO Data)                58816 (  57.44kB)
    Total RW  Size (RW Data + ZI Data)           1236304 (1207.33kB)
    Total ROM Size (Code + RO Data + RW Data)      59044 (  57.66kB)

==============================================================================

