Component: ARM Compiler 5.05 update 2 (build 169) Tool: armlink [4d0f33]

==============================================================================

Section Cross References

    stm32f10x.o(STACK) refers (Special) to heapauxi.o(.text) for __use_two_region_memory
    stm32f10x.o(HEAP) refers (Special) to heapauxi.o(.text) for __use_two_region_memory
    stm32f10x.o(RESET) refers (Special) to heapauxi.o(.text) for __use_two_region_memory
    stm32f10x.o(RESET) refers to stm32f10x.o(STACK) for __initial_sp
    stm32f10x.o(RESET) refers to stm32f10x.o(.text) for Reset_Handler
    stm32f10x.o(RESET) refers to keyboard.o(.text) for EXTI9_5_IRQHandler
    stm32f10x.o(RESET) refers to adc.o(.text) for TIM2_IRQHandler
    stm32f10x.o(RESET) refers to lrcpro.o(.text) for TIM3_IRQHandler
    stm32f10x.o(RESET) refers to snake.o(.text) for TIM4_IRQHandler
    stm32f10x.o(.text) refers (Special) to heapauxi.o(.text) for __use_two_region_memory
    stm32f10x.o(.text) refers to __main.o(!!!main) for __main
    stm32f10x.o(.text) refers to stm32f10x.o(HEAP) for Heap_Mem
    stm32f10x.o(.text) refers to stm32f10x.o(STACK) for Stack_Mem
    main.o(.text) refers to sys.o(.text) for Stm32_Clock_Init
    main.o(.text) refers to delay.o(.text) for delay_init
    main.o(.text) refers to lcd13164.o(.text) for LCD_init
    main.o(.text) refers to vs1003x.o(.text) for Vs1003_Init
    main.o(.text) refers to fat.o(.text) for FAT_Init
    main.o(.text) refers to keyboard.o(.text) for keyboard_init
    main.o(.text) refers to gui.o(.text) for Load_Sys_ICO
    main.o(.text) refers to mp3player.o(.text) for Mus_Viewer
    main.o(.text) refers to my_fft.o(.text) for Show_FFT
    main.o(.text) refers to snake.o(.text) for Snake_Ini
    main.o(.text) refers to russia.o(.text) for fk_init
    main.o(.text) refers to main.o(.data) for State
    main.o(.text) refers to keyboard.o(.data) for key
    sys.o(.text) refers to sys.o(.emb_text) for WFI_SET
    delay.o(.text) refers to delay.o(.data) for fac_us
    vs1003x.o(.text) refers to delay.o(.text) for delay_ms
    vs1003x.o(.text) refers to vs1003x.o(.data) for VS_BASS
    vs1003x.o(.text) refers to vs1003x.o(.constdata) for bitrate
    mmc_sd.o(.text) refers to spi2.o(.text) for SPI2_ReadWriteByte
    mmc_sd.o(.text) refers to mmc_sd.o(.data) for SD_Type
    lcd13164.o(.text) refers to delay.o(.text) for delay_us
    lcd13164.o(.text) refers to lcd13164.o(.constdata) for asc2
    lcd13164.o(.text) refers to lcd13164.o(.data) for invt
    lcd13164.o(.text) refers to fat.o(.text) for Get_HzMat
    lcd13164.o(.text) refers to fat.o(.bss) for fat_buffer
    lcd13164.o(.text) refers to mp3player.o(.bss) for MCUBuffer
    lcd13164.o(.text) refers to vs1003x.o(.data) for VS_VOLT
    lcd13164.o(.text) refers to lcd13164.o(.bss) for m_c
    keyboard.o(.text) refers to lcd13164.o(.text) for Show_str
    keyboard.o(.text) refers to delay.o(.text) for delay_ms
    keyboard.o(.text) refers to stm32f10x_nvic.o(i.NVIC_SetVectorTable) for NVIC_SetVectorTable
    keyboard.o(.text) refers to stm32f10x_nvic.o(i.NVIC_PriorityGroupConfig) for NVIC_PriorityGroupConfig
    keyboard.o(.text) refers to stm32f10x_nvic.o(i.NVIC_Init) for NVIC_Init
    keyboard.o(.text) refers to keyboard.o(.data) for key
    keyboard.o(.text) refers to main.o(.data) for State
    adc.o(.text) refers to stm32f10x_nvic.o(i.NVIC_SetVectorTable) for NVIC_SetVectorTable
    adc.o(.text) refers to stm32f10x_nvic.o(i.NVIC_PriorityGroupConfig) for NVIC_PriorityGroupConfig
    adc.o(.text) refers to stm32f10x_nvic.o(i.NVIC_Init) for NVIC_Init
    adc.o(.text) refers to fflt_clz.o(x$fpl$ffltu) for __aeabi_ui2f
    adc.o(.text) refers to fdiv.o(x$fpl$fdiv) for __aeabi_fdiv
    adc.o(.text) refers to my_fft.o(.bss) for XR
    adc.o(.text) refers to adc.o(.data) for adc_count
    fat.o(.text) refers to lcd13164.o(.text) for Cleardisplay
    fat.o(.text) refers to mmc_sd.o(.text) for SD_Init
    fat.o(.text) refers to untogb.o(.text) for UniToGB
    fat.o(.text) refers to fat.o(.bss) for fat_buffer
    fat.o(.text) refers to mmc_sd.o(.data) for SD_Type
    fat.o(.text) refers to fat.o(.data) for fat_type
    fat.o(.data) refers to fat.o(.conststring) for .conststring
    untogb.o(.text) refers to untogb.o(.constdata) for UnicodeToGB2312_Tab
    gui.o(.text) refers to lcd13164.o(.text) for Cleardisplay
    gui.o(.text) refers to fat.o(.text) for Get_File_Info
    gui.o(.text) refers to main.o(.data) for key_point
    gui.o(.text) refers to fat.o(.bss) for F_Info
    gui.o(.text) refers to lcd13164.o(.data) for invt
    gui.o(.text) refers to keyboard.o(.data) for key
    gui.o(.text) refers to fat.o(.data) for Cur_Dir_Cluster
    mp3player.o(.text) refers to vs1003x.o(.text) for GetHeadInfo
    mp3player.o(.text) refers to lcd13164.o(.text) for Show_mininum
    mp3player.o(.text) refers to fflt_clz.o(x$fpl$ffltu) for __aeabi_ui2f
    mp3player.o(.text) refers to fmul.o(x$fpl$fmul) for __aeabi_fmul
[...]
    Removing stm32f10x_nvic.o(i.NVIC_SetSystemHandlerPendingBit), (24 bytes).
    Removing stm32f10x_nvic.o(i.NVIC_ClearSystemHandlerPendingBit), (24 bytes).
    Removing stm32f10x_nvic.o(i.NVIC_GetSystemHandlerActiveBitStatus), (32 bytes).
    Removing stm32f10x_nvic.o(i.NVIC_GetFaultHandlerSources), (54 bytes).
    Removing stm32f10x_nvic.o(i.NVIC_GetFaultAddress), (22 bytes).
    Removing cortexm3_macro.o(.text), (122 bytes).

28 unused section(s) (total 772 bytes) removed from the image.

==============================================================================

Image Symbol Table

    Local Symbols

    Symbol Name                              Value     Ov Type        Size  Object(Section)

    ../clib/angel/boardlib.s                 0x00000000   Number         0  boardshut.o ABSOLUTE
    ../clib/angel/boardlib.s                 0x00000000   Number         0  boardinit1.o ABSOLUTE
    ../clib/angel/boardlib.s                 0x00000000   Number         0  boardinit2.o ABSOLUTE
    ../clib/angel/boardlib.s                 0x00000000   Number         0  boardinit3.o ABSOLUTE
    ../clib/angel/dczerorl2.s                0x00000000   Number         0  __dczerorl2.o ABSOLUTE
    ../clib/angel/handlers.s                 0x00000000   Number         0  __scatter_zi.o ABSOLUTE
    ../clib/angel/kernel.s                   0x00000000   Number         0  rtexit.o ABSOLUTE
    ../clib/angel/kernel.s                   0x00000000   Number         0  __rtentry4.o ABSOLUTE
    ../clib/angel/kernel.s                   0x00000000   Number         0  __rtentry2.o ABSOLUTE
    ../clib/angel/kernel.s                   0x00000000   Number         0  rtexit2.o ABSOLUTE
    ../clib/angel/kernel.s                   0x00000000   Number         0  __rtentry.o ABSOLUTE
    ../clib/angel/rt.s                       0x00000000   Number         0  rt_raise.o ABSOLUTE
    ../clib/angel/rt.s                       0x00000000   Number         0  rt_errno_addr_intlibspace.o ABSOLUTE
    ../clib/angel/rt.s                       0x00000000   Number         0  rt_errno_addr.o ABSOLUTE
    ../clib/angel/scatter.s                  0x00000000   Number         0  __scatter.o ABSOLUTE
    ../clib/angel/startup.s                  0x00000000   Number         0  __main.o ABSOLUTE
    ../clib/angel/sys.s                      0x00000000   Number         0  use_no_semi.o ABSOLUTE
    ../clib/angel/sys.s                      0x00000000   Number         0  sys_stackheap_outer.o ABSOLUTE
    ../clib/angel/sys.s                      0x00000000   Number         0  libspace.o ABSOLUTE
    ../clib/angel/sys.s                      0x00000000   Number         0  indicate_semi.o ABSOLUTE
    ../clib/angel/sysapp.c                   0x00000000   Number         0  sys_exit.o ABSOLUTE
    ../clib/angel/sysapp.c                   0x00000000   Number         0  sys_wrch.o ABSOLUTE
    ../clib/angel/sysapp.c                   0x00000000   Number         0  sys_command.o ABSOLUTE
    ../clib/armsys.c                         0x00000000   Number         0  no_argv.o ABSOLUTE
    ../clib/armsys.c                         0x00000000   Number         0  _get_argv_nomalloc.o ABSOLUTE
    ../clib/armsys.c                         0x00000000   Number         0  argv_veneer.o ABSOLUTE
    ../clib/armsys.c                         0x00000000   Number         0  argv_veneer.o ABSOLUTE
    ../clib/fenv.c                           0x00000000   Number         0  _rserrno.o ABSOLUTE
    ../clib/heapalloc.c                      0x00000000   Number         0  hrguard.o ABSOLUTE
    ../clib/heapaux.c                        0x00000000   Number         0  heapauxi.o ABSOLUTE
    ../clib/libinit.s                        0x00000000   Number         0  libshutdown2.o ABSOLUTE
    ../clib/libinit.s                        0x00000000   Number         0  libshutdown.o ABSOLUTE
    ../clib/libinit.s                        0x00000000   Number         0  libinit.o ABSOLUTE
    ../clib/libinit.s                        0x00000000   Number         0  libinit2.o ABSOLUTE
    ../clib/signal.c                         0x00000000   Number         0  defsig_cppl_inner.o ABSOLUTE
    ../clib/signal.c                         0x00000000   Number         0  defsig_stak_inner.o ABSOLUTE
    ../clib/signal.c                         0x00000000   Number         0  defsig_rtred_inner.o ABSOLUTE
    ../clib/signal.c                         0x00000000   Number         0  defsig_rtmem_inner.o ABSOLUTE
    ../clib/signal.c                         0x00000000   Number         0  defsig_abrt_inner.o ABSOLUTE
    ../clib/signal.c                         0x00000000   Number         0  defsig_pvfn_inner.o ABSOLUTE
    ../clib/signal.c                         0x00000000   Number         0  defsig_fpe_inner.o ABSOLUTE
    ../clib/signal.c                         0x00000000   Number         0  __raise.o ABSOLUTE
    ../clib/signal.c                         0x00000000   Number         0  defsig_general.o ABSOLUTE
    ../clib/signal.c                         0x00000000   Number         0  defsig_rtmem_outer.o ABSOLUTE
    ../clib/signal.c                         0x00000000   Number         0  defsig_rtmem_formal.o ABSOLUTE
    ../clib/signal.c                         0x00000000   Number         0  defsig_exit.o ABSOLUTE
    ../clib/signal.c                         0x00000000   Number         0  defsig_other.o ABSOLUTE
    ../clib/signal.c                         0x00000000   Number         0  defsig_segv_inner.o ABSOLUTE
    ../clib/signal.s                         0x00000000   Number         0  defsig.o ABSOLUTE
    ../clib/stdlib.c                         0x00000000   Number         0  rand.o ABSOLUTE
    ../clib/stdlib.c                         0x00000000   Number         0  rand.o ABSOLUTE
    ../clib/stdlib.c                         0x00000000   Number         0  exit.o ABSOLUTE
    ../fplib/d2f.s                           0x00000000   Number         0  d2f.o ABSOLUTE
    ../fplib/daddsub.s                       0x00000000   Number         0  daddsub_clz.o ABSOLUTE
    ../fplib/dcheck1.s                       0x00000000   Number         0  dcheck1.o ABSOLUTE
    ../fplib/dcmpi.s                         0x00000000   Number         0  dcmpi.o ABSOLUTE
    ../fplib/ddiv.s                          0x00000000   Number         0  ddiv.o ABSOLUTE
    ../fplib/dfix.s                          0x00000000   Number         0  dfix.o ABSOLUTE
    ../fplib/dflt.s                          0x00000000   Number         0  dflt_clz.o ABSOLUTE
    ../fplib/dleqf.s                         0x00000000   Number         0  dleqf.o ABSOLUTE
    ../fplib/dmul.s                          0x00000000   Number         0  dmul.o ABSOLUTE
    ../fplib/dnaninf.s                       0x00000000   Number         0  dnaninf.o ABSOLUTE
    ../fplib/dretinf.s                       0x00000000   Number         0  dretinf.o ABSOLUTE
    ../fplib/dsqrt.s                         0x00000000   Number         0  dsqrt_noumaal.o ABSOLUTE
    ../fplib/f2d.s                           0x00000000   Number         0  f2d.o ABSOLUTE
    ../fplib/faddsub.s                       0x00000000   Number         0  faddsub_clz.o ABSOLUTE
    ../fplib/fcmpi.s                         0x00000000   Number         0  fcmpi.o ABSOLUTE
    ../fplib/fdiv.s                          0x00000000   Number         0  fdiv.o ABSOLUTE
    ../fplib/ffixu.s                         0x00000000   Number         0  ffixu.o ABSOLUTE
    ../fplib/fflt.s                          0x00000000   Number         0  fflt_clz.o ABSOLUTE
    ../fplib/fleqf.s                         0x00000000   Number         0  fleqf.o ABSOLUTE
    ../fplib/fmul.s                          0x00000000   Number         0  fmul.o ABSOLUTE
    ../fplib/fnaninf.s                       0x00000000   Number         0  fnaninf.o ABSOLUTE
    ../fplib/fpinit.s                        0x00000000   Number         0  fpinit.o ABSOLUTE
    ../fplib/fretinf.s                       0x00000000   Number         0  fretinf.o ABSOLUTE
    ../fplib/frleqf.s                        0x00000000   Number         0  frleqf.o ABSOLUTE
    ../fplib/retnan.s                        0x00000000   Number         0  retnan.o ABSOLUTE
    ../fplib/scalbn.s                        0x00000000   Number         0  scalbn.o ABSOLUTE
    ../fplib/trapv.s                         0x00000000   Number         0  trapv.o ABSOLUTE
    ../fplib/usenofp.s                       0x00000000   Number         0  usenofp.o ABSOLUTE
    ../mathlib/cos.c                         0x00000000   Number         0  cos_x.o ABSOLUTE
    ../mathlib/cos.c                         0x00000000   Number         0  cos.o ABSOLUTE
    ../mathlib/cos_i.c                       0x00000000   Number         0  cos_i.o ABSOLUTE
    ../mathlib/dunder.c                      0x00000000   Number         0  dunder.o ABSOLUTE
    ../mathlib/fpclassify.c                  0x00000000   Number         0  fpclassify.o ABSOLUTE
    ../mathlib/poly.c                        0x00000000   Number         0  poly.o ABSOLUTE
    ../mathlib/rred.c                        0x00000000   Number         0  rred.o ABSOLUTE
    ../mathlib/sin.c                         0x00000000   Number         0  sin_x.o ABSOLUTE
    ../mathlib/sin.c                         0x00000000   Number         0  sin.o ABSOLUTE
    ../mathlib/sin_i.c                       0x00000000   Number         0  sin_i_x.o ABSOLUTE
    ../mathlib/sin_i.c                       0x00000000   Number         0  sin_i.o ABSOLUTE
    ../mathlib/sqrt.c                        0x00000000   Number         0  sqrt_x.o ABSOLUTE
    ../mathlib/sqrt.c                        0x00000000   Number         0  sqrt.o ABSOLUTE
    ..\FAT\FAT.c                             0x00000000   Number         0  fat.o ABSOLUTE
    ..\FFT\my_fft.c                          0x00000000   Number         0  my_fft.o ABSOLUTE
    ..\GUI\gui.c                             0x00000000   Number         0  gui.o ABSOLUTE
    ..\GUI\lrcpro.c                          0x00000000   Number         0  lrcpro.o ABSOLUTE
    ..\GUI\mp3player.c                       0x00000000   Number         0  mp3player.o ABSOLUTE
    ..\SYS\DELAY.C                           0x00000000   Number         0  delay.o ABSOLUTE
    ..\SYS\SYS.C                             0x00000000   Number         0  sys.o ABSOLUTE
    ..\Untogb\untogb.c                       0x00000000   Number         0  untogb.o ABSOLUTE
    ..\\SYS\\SYS.C                           0x00000000   Number         0  sys.o ABSOLUTE
    ..\device\ADC\ADC.C                      0x00000000   Number         0  adc.o ABSOLUTE
    ..\device\Keyboard\keyboard.c            0x00000000   Number         0  keyboard.o ABSOLUTE
    ..\device\LCD13164\LCD13164.C            0x00000000   Number         0  lcd13164.o ABSOLUTE
    ..\device\MMC_SD\MMC_SD.C                0x00000000   Number         0  mmc_sd.o ABSOLUTE
    ..\device\SPI2\SPI2.C                    0x00000000   Number         0  spi2.o ABSOLUTE
    ..\device\VS1003\VS1003x.c               0x00000000   Number         0  vs1003x.o ABSOLUTE
    ..\game\russia.c                         0x00000000   Number         0  russia.o ABSOLUTE
    ..\game\snake.c                          0x00000000   Number         0  snake.o ABSOLUTE
    STM32F10x.s                              0x00000000   Number         0  stm32f10x.o ABSOLUTE
    cortexm3_macro.s                         0x00000000   Number         0  cortexm3_macro.o ABSOLUTE
    dc.s                                     0x00000000   Number         0  dc.o ABSOLUTE
    main.c                                   0x00000000   Number         0  main.o ABSOLUTE
    stm32f10x_nvic.c                         0x00000000   Number         0  stm32f10x_nvic.o ABSOLUTE
    RESET                                    0x08000000   Section      236  stm32f10x.o(RESET)
    !!!main                                  0x080000ec   Section        8  __main.o(!!!main)
    !!!scatter                               0x080000f4   Section       52  __scatter.o(!!!scatter)
    !!dczerorl2                              0x08000128   Section       90  __dczerorl2.o(!!dczerorl2)
    !!handler_zi                             0x08000184   Section       28  __scatter_zi.o(!!handler_zi)
    .ARM.Collect$$libinit$$00000000          0x080001a0   Section        2  libinit.o(.ARM.Collect$$libinit$$00000000)
    .ARM.Collect$$libinit$$00000002          0x080001a2   Section        0  libinit2.o(.ARM.Collect$$libinit$$00000002)
    .ARM.Collect$$libinit$$00000004          0x080001a2   Section        0  libinit2.o(.ARM.Collect$$libinit$$00000004)
    .ARM.Collect$$libinit$$0000000A          0x080001a2   Section        0  libinit2.o(.ARM.Collect$$libinit$$0000000A)
    .ARM.Collect$$libinit$$0000000C          0x080001a2   Section        0  libinit2.o(.ARM.Collect$$libinit$$0000000C)
    .ARM.Collect$$libinit$$0000000D          0x080001a2   Section        4  libinit2.o(.ARM.Collect$$libinit$$0000000D)
    .ARM.Collect$$libinit$$0000000E          0x080001a6   Section        0  libinit2.o(.ARM.Collect$$libinit$$0000000E)
    .ARM.Collect$$libinit$$00000011          0x080001a6   Section        0  libinit2.o(.ARM.Collect$$libinit$$00000011)
    .ARM.Collect$$libinit$$00000013          0x080001a6   Section        0  libinit2.o(.ARM.Collect$$libinit$$00000013)
    .ARM.Collect$$libinit$$00000015          0x080001a6   Section        0  libinit2.o(.ARM.Collect$$libinit$$00000015)
    .ARM.Collect$$libinit$$00000017          0x080001a6   Section        0  libinit2.o(.ARM.Collect$$libinit$$00000017)
    .ARM.Collect$$libinit$$00000019          0x080001a6   Section        0  libinit2.o(.ARM.Collect$$libinit$$00000019)
    .ARM.Collect$$libinit$$0000001B          0x080001a6   Section        0  libinit2.o(.ARM.Collect$$libinit$$0000001B)
    .ARM.Collect$$libinit$$0000001D          0x080001a6   Section        0  libinit2.o(.ARM.Collect$$libinit$$0000001D)
    .ARM.Collect$$libinit$$0000001F          0x080001a6   Section        0  libinit2.o(.ARM.Collect$$libinit$$0000001F)
    .ARM.Collect$$libinit$$00000021          0x080001a6   Section        0  libinit2.o(.ARM.Collect$$libinit$$00000021)
    .ARM.Collect$$libinit$$00000023          0x080001a6   Section        0  libinit2.o(.ARM.Collect$$libinit$$00000023)
    .ARM.Collect$$libinit$$00000025          0x080001a6   Section        0  libinit2.o(.ARM.Collect$$libinit$$00000025)
    .ARM.Collect$$libinit$$0000002C          0x080001a6   Section        0  libinit2.o(.ARM.Collect$$libinit$$0000002C)
    .ARM.Collect$$libinit$$0000002E          0x080001a6   Section        0  libinit2.o(.ARM.Collect$$libinit$$0000002E)
    .ARM.Collect$$libinit$$00000030          0x080001a6   Section        0  libinit2.o(.ARM.Collect$$libinit$$00000030)
    .ARM.Collect$$libinit$$00000032          0x080001a6   Section        0  libinit2.o(.ARM.Collect$$libinit$$00000032)
    .ARM.Collect$$libinit$$00000033          0x080001a6   Section        2  libinit2.o(.ARM.Collect$$libinit$$00000033)
    .ARM.Collect$$libshutdown$$00000000      0x080001a8   Section        2  libshutdown.o(.ARM.Collect$$libshutdown$$00000000)
    .ARM.Collect$$libshutdown$$00000003      0x080001aa   Section        0  libshutdown2.o(.ARM.Collect$$libshutdown$$00000003)
    .ARM.Collect$$libshutdown$$00000006      0x080001aa   Section        0  libshutdown2.o(.ARM.Collect$$libshutdown$$00000006)
    .ARM.Collect$$libshutdown$$00000009      0x080001aa   Section        0  libshutdown2.o(.ARM.Collect$$libshutdown$$00000009)
    .ARM.Collect$$libshutdown$$0000000B      0x080001aa   Section        0  libshutdown2.o(.ARM.Collect$$libshutdown$$0000000B)
    .ARM.Collect$$libshutdown$$0000000E      0x080001aa   Section        0  libshutdown2.o(.ARM.Collect$$libshutdown$$0000000E)
    .ARM.Collect$$libshutdown$$0000000F      0x080001aa   Section        2  libshutdown2.o(.ARM.Collect$$libshutdown$$0000000F)
    .ARM.Collect$$rtentry$$00000000          0x080001ac   Section        0  __rtentry.o(.ARM.Collect$$rtentry$$00000000)
    .ARM.Collect$$rtentry$$00000002          0x080001ac   Section        0  __rtentry2.o(.ARM.Collect$$rtentry$$00000002)
    .ARM.Collect$$rtentry$$00000004          0x080001ac   Section        6  __rtentry4.o(.ARM.Collect$$rtentry$$00000004)
    .ARM.Collect$$rtentry$$00000009          0x080001b2   Section        0  __rtentry2.o(.ARM.Collect$$rtentry$$00000009)
    .ARM.Collect$$rtentry$$0000000A          0x080001b2   Section        4  __rtentry2.o(.ARM.Collect$$rtentry$$0000000A)
    .ARM.Collect$$rtentry$$0000000C          0x080001b6   Section        0  __rtentry2.o(.ARM.Collect$$rtentry$$0000000C)
    .ARM.Collect$$rtentry$$0000000D          0x080001b6   Section        8  __rtentry2.o(.ARM.Collect$$rtentry$$0000000D)
    .ARM.Collect$$rtexit$$00000000           0x080001be   Section        2  rtexit.o(.ARM.Collect$$rtexit$$00000000)
    .ARM.Collect$$rtexit$$00000002           0x080001c0   Section        0  rtexit2.o(.ARM.Collect$$rtexit$$00000002)
    .ARM.Collect$$rtexit$$00000003           0x080001c0   Section        4  rtexit2.o(.ARM.Collect$$rtexit$$00000003)
    .ARM.Collect$$rtexit$$00000004           0x080001c4   Section        6  rtexit2.o(.ARM.Collect$$rtexit$$00000004)
    .emb_text                                0x080001cc   Section        2  sys.o(.emb_text)
    .emb_text                                0x080001d0   Section       52  rand.o(.emb_text)
    .text                                    0x08000204   Section       52  stm32f10x.o(.text)
    .text                                    0x08000238   Section        0  main.o(.text)
    .text                                    0x08000378   Section        0  sys.o(.text)
    .text                                    0x080005a4   Section        0  delay.o(.text)
    .text                                    0x08000654   Section        0  spi2.o(.text)
    .text                                    0x080007bc   Section        0  vs1003x.o(.text)
    .text                                    0x08000e98   Section        0  mmc_sd.o(.text)
    .text                                    0x08001520   Section        0  lcd13164.o(.text)
    .text                                    0x0800203c   Section        0  keyboard.o(.text)
    .text                                    0x08002324   Section        0  adc.o(.text)
    .text                                    0x0800253c   Section        0  fat.o(.text)
    .text                                    0x080032a0   Section        0  untogb.o(.text)
    .text                                    0x08003384   Section        0  gui.o(.text)
    .text                                    0x0800377c   Section        0  mp3player.o(.text)
    .text                                    0x08003e2c   Section        0  lrcpro.o(.text)
    .text                                    0x08003ee0   Section        0  my_fft.o(.text)
    .text                                    0x080043a0   Section        0  snake.o(.text)
    .text                                    0x08004c5c   Section        0  russia.o(.text)
    .text                                    0x080053ec   Section        0  rand.o(.text)
    .text                                    0x08005428   Section        0  heapauxi.o(.text)
    .text                                    0x0800542e   Section        0  _rserrno.o(.text)
    .text                                    0x08005444   Section        8  rt_errno_addr_intlibspace.o(.text)
    .text                                    0x0800544c   Section        8  libspace.o(.text)
    .text                                    0x08005454   Section       74  sys_stackheap_outer.o(.text)
    .text                                    0x0800549e   Section        0  exit.o(.text)
    .text                                    0x080054aa   Section        2  use_no_semi.o(.text)
    .text                                    0x080054ac   Section        0  sys_exit.o(.text)
    .text                                    0x080054ac   Section        0  indicate_semi.o(.text)
    i.NVIC_Init                              0x080054b8   Section        0  stm32f10x_nvic.o(i.NVIC_Init)
    i.NVIC_PriorityGroupConfig               0x0800552c   Section        0  stm32f10x_nvic.o(i.NVIC_PriorityGroupConfig)
    i.NVIC_SetVectorTable                    0x08005540   Section        0  stm32f10x_nvic.o(i.NVIC_SetVectorTable)
    i.__ARM_fpclassify                       0x08005554   Section        0  fpclassify.o(i.__ARM_fpclassify)
    i.__ieee754_rem_pio2                     0x0800557c   Section        0  rred.o(i.__ieee754_rem_pio2)
    i.__kernel_cos                           0x08005904   Section        0  cos_i.o(i.__kernel_cos)
    i.__kernel_poly                          0x08005a00   Section        0  poly.o(i.__kernel_poly)
    i.__kernel_sin                           0x08005aac   Section        0  sin_i.o(i.__kernel_sin)
    i.__mathlib_dbl_infnan                   0x08005b98   Section        0  dunder.o(i.__mathlib_dbl_infnan)
    i.__mathlib_dbl_invalid                  0x08005b9e   Section        0  dunder.o(i.__mathlib_dbl_invalid)
    i.__mathlib_dbl_underflow                0x08005bac   Section        0  dunder.o(i.__mathlib_dbl_underflow)
    i.cos                                    0x08005bbc   Section        0  cos.o(i.cos)
    i.sin                                    0x08005c58   Section        0  sin.o(i.sin)
    i.sqrt                                   0x08005cf8   Section        0  sqrt.o(i.sqrt)
    x$fpl$d2f                                0x08005d44   Section       98  d2f.o(x$fpl$d2f)
    x$fpl$dadd                               0x08005da8   Section      336  daddsub_clz.o(x$fpl$dadd)
    _dadd1                                   0x08005db9   Thumb Code     0  daddsub_clz.o(x$fpl$dadd)
    x$fpl$dcheck1                            0x08005ef8   Section       16  dcheck1.o(x$fpl$dcheck1)
    x$fpl$ddiv                               0x08005f08   Section      688  ddiv.o(x$fpl$ddiv)
    ddiv_entry                               0x08005f0f   Thumb Code     0  ddiv.o(x$fpl$ddiv)
    x$fpl$dfix                               0x080061b8   Section       94  dfix.o(x$fpl$dfix)
    x$fpl$dflt                               0x08006216   Section       46  dflt_clz.o(x$fpl$dflt)
    x$fpl$dfltu                              0x08006244   Section       38  dflt_clz.o(x$fpl$dfltu)
    x$fpl$dmul                               0x0800626c   Section      340  dmul.o(x$fpl$dmul)
    x$fpl$dnaninf                            0x080063c0   Section      156  dnaninf.o(x$fpl$dnaninf)
    x$fpl$dretinf                            0x0800645c   Section       12  dretinf.o(x$fpl$dretinf)
    x$fpl$drsb                               0x08006468   Section       22  daddsub_clz.o(x$fpl$drsb)
    x$fpl$dsqrt                              0x08006480   Section      460  dsqrt_noumaal.o(x$fpl$dsqrt)
    x$fpl$dsub                               0x0800664c   Section      468  daddsub_clz.o(x$fpl$dsub)
    _dsub1                                   0x0800665d   Thumb Code     0  daddsub_clz.o(x$fpl$dsub)
    x$fpl$f2d                                0x08006820   Section       86  f2d.o(x$fpl$f2d)
    x$fpl$fadd                               0x08006878   Section      196  faddsub_clz.o(x$fpl$fadd)
    _fadd1                                   0x08006887   Thumb Code     0  faddsub_clz.o(x$fpl$fadd)
    x$fpl$fcmpinf                            0x0800693c   Section       24  fcmpi.o(x$fpl$fcmpinf)
    x$fpl$fdiv                               0x08006954   Section      388  fdiv.o(x$fpl$fdiv)
    _fdiv1                                   0x08006955   Thumb Code     0  fdiv.o(x$fpl$fdiv)
    x$fpl$ffixu                              0x08006ad8   Section       62  ffixu.o(x$fpl$ffixu)
    x$fpl$ffltu                              0x08006b18   Section       38  fflt_clz.o(x$fpl$ffltu)
    x$fpl$fleqf                              0x08006b40   Section      104  fleqf.o(x$fpl$fleqf)
    x$fpl$fmul                               0x08006ba8   Section      258  fmul.o(x$fpl$fmul)
    x$fpl$fnaninf                            0x08006caa   Section      140  fnaninf.o(x$fpl$fnaninf)
    x$fpl$fretinf                            0x08006d36   Section       10  fretinf.o(x$fpl$fretinf)
    x$fpl$frleqf                             0x08006d40   Section       98  frleqf.o(x$fpl$frleqf)
    x$fpl$fsub                               0x08006da4   Section      234  faddsub_clz.o(x$fpl$fsub)
    _fsub1                                   0x08006db3   Thumb Code     0  faddsub_clz.o(x$fpl$fsub)
    x$fpl$retnan                             0x08006e8e   Section      100  retnan.o(x$fpl$retnan)
    x$fpl$scalbn                             0x08006ef2   Section       92  scalbn.o(x$fpl$scalbn)
    x$fpl$trapveneer                         0x08006f4e   Section       48  trapv.o(x$fpl$trapveneer)
    .constdata                               0x08006f7e   Section     1008  vs1003x.o(.constdata)
    x$fpl$usenofp                            0x08006f7e   Section        0  usenofp.o(x$fpl$usenofp)
    .constdata                               0x0800736e   Section     1758  lcd13164.o(.constdata)
    .constdata                               0x08007a4c   Section    29780  untogb.o(.constdata)
    .constdata                               0x0800eea0   Section       48  my_fft.o(.constdata)
    .constdata                               0x0800eed0   Section      112  russia.o(.constdata)
    .constdata                               0x0800ef40   Section       48  cos_i.o(.constdata)
    C                                        0x0800ef40   Data          48  cos_i.o(.constdata)
    .constdata                               0x0800ef70   Section      200  rred.o(.constdata)
    pio2s                                    0x0800ef70   Data          48  rred.o(.constdata)
    twooverpi                                0x0800efa0   Data         152  rred.o(.constdata)
    .constdata                               0x0800f038   Section       40  sin_i.o(.constdata)
    S                                        0x0800f038   Data          40  sin_i.o(.constdata)
    .conststring                             0x0800f060   Section      520  fat.o(.conststring)
    .data                                    0x20000000   Section        2  main.o(.data)
    .data                                    0x20000002   Section        4  delay.o(.data)
    fac_us                                   0x20000002   Data           1  delay.o(.data)
    fac_ms                                   0x20000004   Data           2  delay.o(.data)
    .data                                    0x20000006   Section      945  vs1003x.o(.data)
    .data                                    0x200003b7   Section        1  mmc_sd.o(.data)
    .data                                    0x200003b8   Section       12  lcd13164.o(.data)
    .data                                    0x200003c4   Section        1  keyboard.o(.data)
    .data                                    0x200003c5   Section        2  adc.o(.data)
    .data                                    0x200003c8   Section      280  fat.o(.data)
    .data                                    0x200004e0   Section       10  mp3player.o(.data)
    playtime                                 0x200004e8   Data           2  mp3player.o(.data)
    .data                                    0x200004ea   Section        1  lrcpro.o(.data)
    .data                                    0x200004ec   Section        8  my_fft.o(.data)
    .data                                    0x200004f4   Section       20  snake.o(.data)
    .data                                    0x20000508   Section        1  russia.o(.data)
    .bss                                     0x2000050c   Section      400  lcd13164.o(.bss)
    .bss                                     0x2000069c   Section     1584  fat.o(.bss)
    .bss                                     0x20000ccc   Section      640  mp3player.o(.bss)
    .bss                                     0x20000f4c   Section     1024  my_fft.o(.bss)
    .bss                                     0x2000134c   Section       12  snake.o(.bss)
    .bss                                     0x20001358   Section       48  russia.o(.bss)
    .bss                                     0x20001388   Section      228  rand.o(.bss)
    .bss                                     0x2000146c   Section       96  libspace.o(.bss)
    HEAP                                     0x200014d0   Section        0  stm32f10x.o(HEAP)
    STACK                                    0x200014d0   Section      512  stm32f10x.o(STACK)
    Heap_Mem                                 0x200014d0   Data           0  stm32f10x.o(HEAP)
    Stack_Mem                                0x200014d0   Data         512  stm32f10x.o(STACK)
    __initial_sp                             0x200016d0   Data           0  stm32f10x.o(STACK)

    Global Symbols

    Symbol Name                              Value     Ov Type        Size  Object(Section)

    BuildAttributes$$THM_ISAv4$P$D$K$B$S$PE$A:L22UL41UL21$X:L11$S22US41US21$IEEE1$IW$USESV6$~STKCKD$USESV7$~SHL$OTIME$ROPI$IEEEX$EBA8$UX$STANDARDLIB$REQ8$PRES8$EABIv2 0x00000000   Number         0  anon$$obj.o ABSOLUTE
    __ARM_use_no_argv                        0x00000000   Number         0  main.o ABSOLUTE
    __ARM_exceptions_init                     - Undefined Weak Reference
    __alloca_initialize                       - Undefined Weak Reference
    __arm_preinit_                            - Undefined Weak Reference
    __cpp_initialize__aeabi_                  - Undefined Weak Reference
    __cxa_finalize                            - Undefined Weak Reference
    __rt_locale                               - Undefined Weak Reference
    __sigvec_lookup                           - Undefined Weak Reference
    _atexit_init                              - Undefined Weak Reference
    _call_atexit_fns                          - Undefined Weak Reference
    _clock_init                               - Undefined Weak Reference
    _fp_trap_init                             - Undefined Weak Reference
    _fp_trap_shutdown                         - Undefined Weak Reference
    _get_lc_collate                           - Undefined Weak Reference
    _get_lc_ctype                             - Undefined Weak Reference
    _get_lc_monetary                          - Undefined Weak Reference
    _get_lc_numeric                           - Undefined Weak Reference
    _get_lc_time                              - Undefined Weak Reference
    _getenv_init                              - Undefined Weak Reference
    _handle_redirection                       - Undefined Weak Reference
    _init_alloc                               - Undefined Weak Reference
    _init_user_alloc                          - Undefined Weak Reference
    _initio                                   - Undefined Weak Reference
    _signal_finish                            - Undefined Weak Reference
    _signal_init                              - Undefined Weak Reference
    _terminate_alloc                          - Undefined Weak Reference
    _terminate_user_alloc                     - Undefined Weak Reference
    _terminateio                              - Undefined Weak Reference
    __Vectors                                0x08000000   Data           4  stm32f10x.o(RESET)
    __main                                   0x080000ed   Thumb Code     8  __main.o(!!!main)
    __scatterload                            0x080000f5   Thumb Code     0  __scatter.o(!!!scatter)
    __scatterload_rt2                        0x080000f5   Thumb Code    44  __scatter.o(!!!scatter)
    __scatterload_rt2_thumb_only             0x080000f5   Thumb Code     0  __scatter.o(!!!scatter)
    __scatterload_null                       0x08000103   Thumb Code     0  __scatter.o(!!!scatter)
    __decompress                             0x08000129   Thumb Code    90  __dczerorl2.o(!!dczerorl2)
    __decompress1                            0x08000129   Thumb Code     0  __dczerorl2.o(!!dczerorl2)
    __scatterload_zeroinit                   0x08000185   Thumb Code    28  __scatter_zi.o(!!handler_zi)
    __rt_lib_init                            0x080001a1   Thumb Code     0  libinit.o(.ARM.Collect$$libinit$$00000000)
    __rt_lib_init_fp_1                       0x080001a3   Thumb Code     0  libinit2.o(.ARM.Collect$$libinit$$00000002)
    __rt_lib_init_heap_1                     0x080001a3   Thumb Code     0  libinit2.o(.ARM.Collect$$libinit$$0000000A)
    __rt_lib_init_preinit_1                  0x080001a3   Thumb Code     0  libinit2.o(.ARM.Collect$$libinit$$00000004)
    __rt_lib_init_rand_2                     0x080001a3   Thumb Code     0  libinit2.o(.ARM.Collect$$libinit$$0000000D)
    __rt_lib_init_user_alloc_1               0x080001a3   Thumb Code     0  libinit2.o(.ARM.Collect$$libinit$$0000000C)
    __rt_lib_init_alloca_1                   0x080001a7   Thumb Code     0  libinit2.o(.ARM.Collect$$libinit$$0000002E)
    __rt_lib_init_argv_1                     0x080001a7   Thumb Code     0  libinit2.o(.ARM.Collect$$libinit$$0000002C)
    __rt_lib_init_atexit_1                   0x080001a7   Thumb Code     0  libinit2.o(.ARM.Collect$$libinit$$0000001B)
    __rt_lib_init_clock_1                    0x080001a7   Thumb Code     0  libinit2.o(.ARM.Collect$$libinit$$00000021)
    __rt_lib_init_cpp_1                      0x080001a7   Thumb Code     0  libinit2.o(.ARM.Collect$$libinit$$00000032)
    __rt_lib_init_exceptions_1               0x080001a7   Thumb Code     0  libinit2.o(.ARM.Collect$$libinit$$00000030)
    __rt_lib_init_fp_trap_1                  0x080001a7   Thumb Code     0  libinit2.o(.ARM.Collect$$libinit$$0000001F)
    __rt_lib_init_getenv_1                   0x080001a7   Thumb Code     0  libinit2.o(.ARM.Collect$$libinit$$00000023)
    __rt_lib_init_lc_collate_1               0x080001a7   Thumb Code     0  libinit2.o(.ARM.Collect$$libinit$$00000011)
    __rt_lib_init_lc_ctype_1                 0x080001a7   Thumb Code     0  libinit2.o(.ARM.Collect$$libinit$$00000013)
    __rt_lib_init_lc_monetary_1              0x080001a7   Thumb Code     0  libinit2.o(.ARM.Collect$$libinit$$00000015)
    __rt_lib_init_lc_numeric_1               0x080001a7   Thumb Code     0  libinit2.o(.ARM.Collect$$libinit$$00000017)
    __rt_lib_init_lc_time_1                  0x080001a7   Thumb Code     0  libinit2.o(.ARM.Collect$$libinit$$00000019)
    __rt_lib_init_rand_1                     0x080001a7   Thumb Code     0  libinit2.o(.ARM.Collect$$libinit$$0000000E)
    __rt_lib_init_return                     0x080001a7   Thumb Code     0  libinit2.o(.ARM.Collect$$libinit$$00000033)
    __rt_lib_init_signal_1                   0x080001a7   Thumb Code     0  libinit2.o(.ARM.Collect$$libinit$$0000001D)
    __rt_lib_init_stdio_1                    0x080001a7   Thumb Code     0  libinit2.o(.ARM.Collect$$libinit$$00000025)
    __rt_lib_shutdown                        0x080001a9   Thumb Code     0  libshutdown.o(.ARM.Collect$$libshutdown$$00000000)
    __rt_lib_shutdown_fp_trap_1              0x080001ab   Thumb Code     0  libshutdown2.o(.ARM.Collect$$libshutdown$$00000006)
    __rt_lib_shutdown_heap_1                 0x080001ab   Thumb Code     0  libshutdown2.o(.ARM.Collect$$libshutdown$$0000000E)
    __rt_lib_shutdown_return                 0x080001ab   Thumb Code     0  libshutdown2.o(.ARM.Collect$$libshutdown$$0000000F)
    __rt_lib_shutdown_signal_1               0x080001ab   Thumb Code     0  libshutdown2.o(.ARM.Collect$$libshutdown$$00000009)
    __rt_lib_shutdown_stdio_1                0x080001ab   Thumb Code     0  libshutdown2.o(.ARM.Collect$$libshutdown$$00000003)
    __rt_lib_shutdown_user_alloc_1           0x080001ab   Thumb Code     0  libshutdown2.o(.ARM.Collect$$libshutdown$$0000000B)
    __rt_entry                               0x080001ad   Thumb Code     0  __rtentry.o(.ARM.Collect$$rtentry$$00000000)
    __rt_entry_presh_1                       0x080001ad   Thumb Code     0  __rtentry2.o(.ARM.Collect$$rtentry$$00000002)
    __rt_entry_sh                            0x080001ad   Thumb Code     0  __rtentry4.o(.ARM.Collect$$rtentry$$00000004)
    __rt_entry_li                            0x080001b3   Thumb Code     0  __rtentry2.o(.ARM.Collect$$rtentry$$0000000A)
    __rt_entry_postsh_1                      0x080001b3   Thumb Code     0  __rtentry2.o(.ARM.Collect$$rtentry$$00000009)
    __rt_entry_main                          0x080001b7   Thumb Code     0  __rtentry2.o(.ARM.Collect$$rtentry$$0000000D)
    __rt_entry_postli_1                      0x080001b7   Thumb Code     0  __rtentry2.o(.ARM.Collect$$rtentry$$0000000C)
    __rt_exit                                0x080001bf   Thumb Code     0  rtexit.o(.ARM.Collect$$rtexit$$00000000)
    __rt_exit_ls                             0x080001c1   Thumb Code     0  rtexit2.o(.ARM.Collect$$rtexit$$00000003)
    __rt_exit_prels_1                        0x080001c1   Thumb Code     0  rtexit2.o(.ARM.Collect$$rtexit$$00000002)
    __rt_exit_exit                           0x080001c5   Thumb Code     0  rtexit2.o(.ARM.Collect$$rtexit$$00000004)
    WFI_SET                                  0x080001cd   Thumb Code     2  sys.o(.emb_text)
    rand                                     0x080001d1   Thumb Code    48  rand.o(.emb_text)
    Reset_Handler                            0x08000205   Thumb Code     4  stm32f10x.o(.text)
    NMI_Handler                              0x08000209   Thumb Code     2  stm32f10x.o(.text)
    HardFault_Handler                        0x0800020b   Thumb Code     2  stm32f10x.o(.text)
    MemManage_Handler                        0x0800020d   Thumb Code     2  stm32f10x.o(.text)
    BusFault_Handler                         0x0800020f   Thumb Code     2  stm32f10x.o(.text)
    UsageFault_Handler                       0x08000211   Thumb Code     2  stm32f10x.o(.text)
    SVC_Handler                              0x08000213   Thumb Code     2  stm32f10x.o(.text)
    DebugMon_Handler                         0x08000215   Thumb Code     2  stm32f10x.o(.text)
    PendSV_Handler                           0x08000217   Thumb Code     2  stm32f10x.o(.text)
    SysTick_Handler                          0x08000219   Thumb Code     2  stm32f10x.o(.text)
    ADC_IRQHandler                           0x0800021b   Thumb Code     0  stm32f10x.o(.text)
    CAN_RX1_IRQHandler                       0x0800021b   Thumb Code     0  stm32f10x.o(.text)
    CAN_SCE_IRQHandler                       0x0800021b   Thumb Code     0  stm32f10x.o(.text)
    DMAChannel1_IRQHandler                   0x0800021b   Thumb Code     0  stm32f10x.o(.text)
    DMAChannel2_IRQHandler                   0x0800021b   Thumb Code     0  stm32f10x.o(.text)
    DMAChannel3_IRQHandler                   0x0800021b   Thumb Code     0  stm32f10x.o(.text)
    DMAChannel4_IRQHandler                   0x0800021b   Thumb Code     0  stm32f10x.o(.text)
    DMAChannel5_IRQHandler                   0x0800021b   Thumb Code     0  stm32f10x.o(.text)
    DMAChannel6_IRQHandler                   0x0800021b   Thumb Code     0  stm32f10x.o(.text)
    DMAChannel7_IRQHandler                   0x0800021b   Thumb Code     0  stm32f10x.o(.text)
    EXTI0_IRQHandler                         0x0800021b   Thumb Code     0  stm32f10x.o(.text)
    EXTI15_10_IRQHandler                     0x0800021b   Thumb Code     0  stm32f10x.o(.text)
    EXTI1_IRQHandler                         0x0800021b   Thumb Code     0  stm32f10x.o(.text)
    EXTI2_IRQHandler                         0x0800021b   Thumb Code     0  stm32f10x.o(.text)
    EXTI3_IRQHandler                         0x0800021b   Thumb Code     0  stm32f10x.o(.text)
    EXTI4_IRQHandler                         0x0800021b   Thumb Code     0  stm32f10x.o(.text)
    FLASH_IRQHandler                         0x0800021b   Thumb Code     0  stm32f10x.o(.text)
    I2C1_ER_IRQHandler                       0x0800021b   Thumb Code     0  stm32f10x.o(.text)
    I2C1_EV_IRQHandler                       0x0800021b   Thumb Code     0  stm32f10x.o(.text)
    I2C2_ER_IRQHandler                       0x0800021b   Thumb Code     0  stm32f10x.o(.text)
    I2C2_EV_IRQHandler                       0x0800021b   Thumb Code     0  stm32f10x.o(.text)
    PVD_IRQHandler                           0x0800021b   Thumb Code     0  stm32f10x.o(.text)
    RCC_IRQHandler                           0x0800021b   Thumb Code     0  stm32f10x.o(.text)
    RTCAlarm_IRQHandler                      0x0800021b   Thumb Code     0  stm32f10x.o(.text)
    RTC_IRQHandler                           0x0800021b   Thumb Code     0  stm32f10x.o(.text)
    SPI1_IRQHandler                          0x0800021b   Thumb Code     0  stm32f10x.o(.text)
    SPI2_IRQHandler                          0x0800021b   Thumb Code     0  stm32f10x.o(.text)
    TAMPER_IRQHandler                        0x0800021b   Thumb Code     0  stm32f10x.o(.text)
    TIM1_BRK_IRQHandler                      0x0800021b   Thumb Code     0  stm32f10x.o(.text)
    TIM1_CC_IRQHandler                       0x0800021b   Thumb Code     0  stm32f10x.o(.text)
    TIM1_TRG_COM_IRQHandler                  0x0800021b   Thumb Code     0  stm32f10x.o(.text)
    TIM1_UP_IRQHandler                       0x0800021b   Thumb Code     0  stm32f10x.o(.text)
    USART1_IRQHandler                        0x0800021b   Thumb Code     0  stm32f10x.o(.text)
    USART2_IRQHandler                        0x0800021b   Thumb Code     0  stm32f10x.o(.text)
    USART3_IRQHandler                        0x0800021b   Thumb Code     0  stm32f10x.o(.text)
    USBWakeUp_IRQHandler                     0x0800021b   Thumb Code     0  stm32f10x.o(.text)
    USB_HP_CAN_TX_IRQHandler                 0x0800021b   Thumb Code     0  stm32f10x.o(.text)
    USB_LP_CAN_RX0_IRQHandler                0x0800021b   Thumb Code     0  stm32f10x.o(.text)
    WWDG_IRQHandler                          0x0800021b   Thumb Code     0  stm32f10x.o(.text)
    __user_initial_stackheap                 0x0800021d   Thumb Code     0  stm32f10x.o(.text)
    Sys_Init                                 0x08000239   Thumb Code    58  main.o(.text)
    main                                     0x08000273   Thumb Code   192  main.o(.text)
    MY_NVIC_SetVectorTable                   0x08000379   Thumb Code    12  sys.o(.text)
    MY_NVIC_PriorityGroupConfig              0x08000385   Thumb Code    36  sys.o(.text)
    MY_NVIC_Init                             0x080003a9   Thumb Code   154  sys.o(.text)
    MYRCC_DeInit                             0x08000443   Thumb Code    90  sys.o(.text)
    Sys_Standby                              0x0800049d   Thumb Code    78  sys.o(.text)
    Sys_Soft_Reset                           0x080004eb   Thumb Code    12  sys.o(.text)
    Stm32_Clock_Init                         0x080004f7   Thumb Code   134  sys.o(.text)
    delay_init                               0x080005a5   Thumb Code    56  delay.o(.text)
    delay_ms                                 0x080005dd   Thumb Code    56  delay.o(.text)
    delay_us                                 0x08000615   Thumb Code    56  delay.o(.text)
    SPI2_ReadWriteByte                       0x08000655   Thumb Code    74  spi2.o(.text)
    SPI2_Init                                0x0800069f   Thumb Code   164  spi2.o(.text)
    SPI2_SetSpeed                            0x08000743   Thumb Code   106  spi2.o(.text)
    SPI1_ReadWriteByte                       0x080007bd   Thumb Code    42  vs1003x.o(.text)
    SPI1_SetSpeed                            0x080007e7   Thumb Code    86  vs1003x.o(.text)
    Vs1003_CMD_Write                         0x0800083d   Thumb Code   100  vs1003x.o(.text)
    VS_SET_VOL                               0x080008a1   Thumb Code    42  vs1003x.o(.text)
    ResetDecodeTime                          0x080008cb   Thumb Code    20  vs1003x.o(.text)
    Vs1003_REG_Read                          0x080008df   Thumb Code   116  vs1003x.o(.text)
    Vs1003SoftReset                          0x08000953   Thumb Code   246  vs1003x.o(.text)
    Mp3Reset                                 0x08000a49   Thumb Code    82  vs1003x.o(.text)
    VsSineTest                               0x08000a9b   Thumb Code   382  vs1003x.o(.text)
    VsRamTest                                0x08000c19   Thumb Code   112  vs1003x.o(.text)
    Vs1003_DATA_Write                        0x08000c89   Thumb Code    46  vs1003x.o(.text)
    GetHeadInfo                              0x08000cb7   Thumb Code   122  vs1003x.o(.text)
    GetDecodeTime                            0x08000d31   Thumb Code    10  vs1003x.o(.text)
    LoadPatch                                0x08000d3b   Thumb Code    38  vs1003x.o(.text)
    GetSpec                                  0x08000d61   Thumb Code    44  vs1003x.o(.text)
    SPI1_Init                                0x08000d8d   Thumb Code   162  vs1003x.o(.text)
    Vs1003_Init                              0x08000e2f   Thumb Code    70  vs1003x.o(.text)
    SD_WaitReady                             0x08000e99   Thumb Code    38  mmc_sd.o(.text)
    SD_SendCommand                           0x08000ebf   Thumb Code   128  mmc_sd.o(.text)
    SD_SendCommand_NoDeassert                0x08000f3f   Thumb Code   122  mmc_sd.o(.text)
    SD_Init                                  0x08000fb9   Thumb Code   532  mmc_sd.o(.text)
    SD_ReceiveData                           0x080011cd   Thumb Code   130  mmc_sd.o(.text)
    SD_GetCID                                0x0800124f   Thumb Code    36  mmc_sd.o(.text)
    SD_GetCSD                                0x08001273   Thumb Code    36  mmc_sd.o(.text)
    SD_GetCapacity                           0x08001297   Thumb Code   180  mmc_sd.o(.text)
    SD_ReadSingleBlock                       0x0800134b   Thumb Code    56  mmc_sd.o(.text)
    SD_WriteSingleBlock                      0x08001383   Thumb Code   210  mmc_sd.o(.text)
    SD_Read_Bytes                            0x08001455   Thumb Code   194  mmc_sd.o(.text)
    Send_Data                                0x08001521   Thumb Code    88  lcd13164.o(.text)
    Write_data                               0x08001579   Thumb Code    46  lcd13164.o(.text)
    Write_comd                               0x080015a7   Thumb Code    46  lcd13164.o(.text)
    Set_column                               0x080015d5   Thumb Code    28  lcd13164.o(.text)
    Set_page                                 0x080015f1   Thumb Code    18  lcd13164.o(.text)
    Cleardisplay                             0x08001603   Thumb Code    96  lcd13164.o(.text)
    LCD_init                                 0x08001663   Thumb Code   268  lcd13164.o(.text)
    Set_row                                  0x0800176f   Thumb Code    20  lcd13164.o(.text)
    Show_char                                0x08001783   Thumb Code    80  lcd13164.o(.text)
    Show_str                                 0x080017d3   Thumb Code    72  lcd13164.o(.text)
    Show_num                                 0x0800181b   Thumb Code   144  lcd13164.o(.text)
    Show_icon                                0x080018ab   Thumb Code   138  lcd13164.o(.text)
    Show_font                                0x08001935   Thumb Code    66  lcd13164.o(.text)
    draw_picture                             0x08001977   Thumb Code    58  lcd13164.o(.text)
    LCD_write_String                         0x080019b1   Thumb Code   180  lcd13164.o(.text)
    LCD_write_cstr                           0x08001a65   Thumb Code    84  lcd13164.o(.text)
    Show_num2                                0x08001ab9   Thumb Code    70  lcd13164.o(.text)
    show_minichar                            0x08001aff   Thumb Code    58  lcd13164.o(.text)
    Show_mininum                             0x08001b39   Thumb Code    62  lcd13164.o(.text)
    lcd_refresh                              0x08001b77   Thumb Code    80  lcd13164.o(.text)
    lcd_read                                 0x08001bc7   Thumb Code    38  lcd13164.o(.text)
    lcd_write                                0x08001bed   Thumb Code    36  lcd13164.o(.text)
    WritePixel                               0x08001c11   Thumb Code    94  lcd13164.o(.text)
    ReadPixel                                0x08001c6f   Thumb Code    68  lcd13164.o(.text)
    Big_pinxl                                0x08001cb3   Thumb Code    60  lcd13164.o(.text)
    clearlcdram                              0x08001cef   Thumb Code    38  lcd13164.o(.text)
    save_show                                0x08001d15   Thumb Code    58  lcd13164.o(.text)
    MP3_msg                                  0x08001d4f   Thumb Code   158  lcd13164.o(.text)
    Show_Bass                                0x08001ded   Thumb Code    60  lcd13164.o(.text)
    Play_GUI                                 0x08001e29   Thumb Code   122  lcd13164.o(.text)
    Pro_msg                                  0x08001ea3   Thumb Code   252  lcd13164.o(.text)
    Vs1003_GUI                               0x08001f9f   Thumb Code    94  lcd13164.o(.text)
    get_key                                  0x0800203d   Thumb Code    62  keyboard.o(.text)
    Key_Handle                               0x0800207b   Thumb Code   348  keyboard.o(.text)
    EXTI9_5_IRQHandler                       0x080021d7   Thumb Code    44  keyboard.o(.text)
    NVIC_Configuration                       0x08002203   Thumb Code    50  keyboard.o(.text)
    keyboard_init                            0x08002235   Thumb Code   196  keyboard.o(.text)
    ADC_GPIO_Init                            0x08002325   Thumb Code    26  adc.o(.text)
    ADC1_Init                                0x0800233f   Thumb Code   172  adc.o(.text)
    NVIC_TIMER2Configuration                 0x080023eb   Thumb Code    56  adc.o(.text)
    Timer2_Init                              0x08002423   Thumb Code    76  adc.o(.text)
    ADC_DMA_int                              0x0800246f   Thumb Code    16  adc.o(.text)
    TIM2_IRQHandler                          0x0800247f   Thumb Code   162  adc.o(.text)
    get_DW                                   0x0800253d   Thumb Code    38  fat.o(.text)
    FAT_Init                                 0x08002563   Thumb Code   494  fat.o(.text)
    FAT_NextCluster                          0x08002751   Thumb Code    78  fat.o(.text)
    FAT_PrevCluster                          0x0800279f   Thumb Code    50  fat.o(.text)
    fatClustToSect                           0x080027d1   Thumb Code    18  fat.o(.text)
    FileType_Tell                            0x080027e3   Thumb Code    62  fat.o(.text)
    CopyDirentruyItem                        0x08002821   Thumb Code   178  fat.o(.text)
    Get_File_Info                            0x080028d3   Thumb Code   824  fat.o(.text)
    F_Open                                   0x08002c0b   Thumb Code    10  fat.o(.text)
    F_Read                                   0x08002c15   Thumb Code   100  fat.o(.text)
    F_PrevRead                               0x08002c79   Thumb Code   120  fat.o(.text)
    mystrcmp                                 0x08002cf1   Thumb Code    76  fat.o(.text)
    F_Search                                 0x08002d3d   Thumb Code   346  fat.o(.text)
    SysInfoGet                               0x08002e97   Thumb Code   420  fat.o(.text)
    get_file_name                            0x0800303b   Thumb Code   196  fat.o(.text)
    get_file_num                             0x080030ff   Thumb Code    38  fat.o(.text)
    GetSysFileSector                         0x08003125   Thumb Code    60  fat.o(.text)
    Get_HzMat                                0x08003161   Thumb Code   310  fat.o(.text)
    UnicodeToGB2312                          0x080032a1   Thumb Code    88  untogb.o(.text)
    UniToGB                                  0x080032f9   Thumb Code   136  untogb.o(.text)
    Load_Sys_ICO                             0x08003385   Thumb Code   162  gui.o(.text)
    Load_Gui_Mp3                             0x08003427   Thumb Code     2  gui.o(.text)
    Show_File                                0x08003429   Thumb Code   354  gui.o(.text)
    File_Browse                              0x0800358b   Thumb Code   354  gui.o(.text)
    MP3_PROG                                 0x0800377d   Thumb Code   516  mp3player.o(.text)
    music_name                               0x08003981   Thumb Code    20  mp3player.o(.text)
    Mus_Play                                 0x08003995   Thumb Code   996  mp3player.o(.text)
    Mus_Viewer                               0x08003d79   Thumb Code   134  mp3player.o(.text)
    TIM3_IRQHandler                          0x08003e2d   Thumb Code    30  lrcpro.o(.text)
    NVIC_TIMER3Configuration                 0x08003e4b   Thumb Code    56  lrcpro.o(.text)
    timer3_init                              0x08003e83   Thumb Code    82  lrcpro.o(.text)
    butterfly                                0x08003ee1   Thumb Code   528  my_fft.o(.text)
    fft                                      0x080040f1   Thumb Code   212  my_fft.o(.text)
    fft_show2                                0x080041c5   Thumb Code   218  my_fft.o(.text)
    fft_show                                 0x0800429f   Thumb Code    74  my_fft.o(.text)
    Show_FFT                                 0x080042e9   Thumb Code   128  my_fft.o(.text)
    Hit_Self                                 0x080043a1   Thumb Code    16  snake.o(.text)
    Snake_Ini                                0x080043b1   Thumb Code   150  snake.o(.text)
    Snake_msg                                0x08004447   Thumb Code    64  snake.o(.text)
    seedget                                  0x08004487   Thumb Code   240  snake.o(.text)
    snake_run                                0x08004577   Thumb Code   440  snake.o(.text)
    Snake_GUI                                0x0800472f   Thumb Code    74  snake.o(.text)
    Game_Over_Show                           0x08004779   Thumb Code   390  snake.o(.text)
    NVIC_TIMER4Configuration                 0x080048ff   Thumb Code    56  snake.o(.text)
    Timer4_Init                              0x08004937   Thumb Code    94  snake.o(.text)
    Play_Snake                               0x08004995   Thumb Code   518  snake.o(.text)
    TIM4_IRQHandler                          0x08004b9b   Thumb Code    58  snake.o(.text)
    fk_reffk                                 0x08004c5d   Thumb Code   212  russia.o(.text)
    fk_refnew                                0x08004d31   Thumb Code    74  russia.o(.text)
    fk_refline                               0x08004d7b   Thumb Code    42  russia.o(.text)
    fk_chk                                   0x08004da5   Thumb Code   120  russia.o(.text)
    fk_new                                   0x08004e1d   Thumb Code   146  russia.o(.text)
    Russia_msg                               0x08004eaf   Thumb Code    60  russia.o(.text)
    fk_add                                   0x08004eeb   Thumb Code   424  russia.o(.text)
    fk_init                                  0x08005093   Thumb Code    60  russia.o(.text)
    Russia_GUI                               0x080050cf   Thumb Code   118  russia.o(.text)
    Play_Russia                              0x08005145   Thumb Code   616  russia.o(.text)
    srand                                    0x080053ed   Thumb Code    42  rand.o(.text)
    _rand_init                               0x08005417   Thumb Code     4  rand.o(.text)
    __use_two_region_memory                  0x08005429   Thumb Code     2  heapauxi.o(.text)
    __rt_heap_escrow$2region                 0x0800542b   Thumb Code     2  heapauxi.o(.text)
    __rt_heap_expand$2region                 0x0800542d   Thumb Code     2  heapauxi.o(.text)
    __read_errno                             0x0800542f   Thumb Code    10  _rserrno.o(.text)
    __set_errno                              0x08005439   Thumb Code    12  _rserrno.o(.text)
    __aeabi_errno_addr                       0x08005445   Thumb Code     8  rt_errno_addr_intlibspace.o(.text)
    __errno$intlibspace                      0x08005445   Thumb Code     0  rt_errno_addr_intlibspace.o(.text)
    __rt_errno_addr$intlibspace              0x08005445   Thumb Code     0  rt_errno_addr_intlibspace.o(.text)
    __user_libspace                          0x0800544d   Thumb Code     8  libspace.o(.text)
    __user_perproc_libspace                  0x0800544d   Thumb Code     0  libspace.o(.text)
    __user_perthread_libspace                0x0800544d   Thumb Code     0  libspace.o(.text)
    __user_setup_stackheap                   0x08005455   Thumb Code    74  sys_stackheap_outer.o(.text)
    exit                                     0x0800549f   Thumb Code    12  exit.o(.text)
    __I$use$semihosting                      0x080054ab   Thumb Code     0  use_no_semi.o(.text)
    __use_no_semihosting_swi                 0x080054ab   Thumb Code     2  use_no_semi.o(.text)
    __semihosting_library_function           0x080054ad   Thumb Code     0  indicate_semi.o(.text)
    _sys_exit                                0x080054ad   Thumb Code     8  sys_exit.o(.text)
    NVIC_Init                                0x080054b9   Thumb Code   116  stm32f10x_nvic.o(i.NVIC_Init)
    NVIC_PriorityGroupConfig                 0x0800552d   Thumb Code    10  stm32f10x_nvic.o(i.NVIC_PriorityGroupConfig)
    NVIC_SetVectorTable                      0x08005541   Thumb Code    12  stm32f10x_nvic.o(i.NVIC_SetVectorTable)
    __ARM_fpclassify                         0x08005555   Thumb Code    40  fpclassify.o(i.__ARM_fpclassify)
    __ieee754_rem_pio2                       0x0800557d   Thumb Code   828  rred.o(i.__ieee754_rem_pio2)
    __kernel_cos                             0x08005905   Thumb Code   230  cos_i.o(i.__kernel_cos)
    __kernel_poly                            0x08005a01   Thumb Code   170  poly.o(i.__kernel_poly)
    __kernel_sin                             0x08005aad   Thumb Code   224  sin_i.o(i.__kernel_sin)
    __mathlib_dbl_infnan                     0x08005b99   Thumb Code     6  dunder.o(i.__mathlib_dbl_infnan)
    __mathlib_dbl_invalid                    0x08005b9f   Thumb Code    12  dunder.o(i.__mathlib_dbl_invalid)
    __mathlib_dbl_underflow                  0x08005bad   Thumb Code    10  dunder.o(i.__mathlib_dbl_underflow)
    cos                                      0x08005bbd   Thumb Code   148  cos.o(i.cos)
    sin                                      0x08005c59   Thumb Code   150  sin.o(i.sin)
    sqrt                                     0x08005cf9   Thumb Code    76  sqrt.o(i.sqrt)
    __aeabi_d2f                              0x08005d45   Thumb Code     0  d2f.o(x$fpl$d2f)
    _d2f                                     0x08005d45   Thumb Code    98  d2f.o(x$fpl$d2f)
    __aeabi_dadd                             0x08005da9   Thumb Code     0  daddsub_clz.o(x$fpl$dadd)
    _dadd                                    0x08005da9   Thumb Code   332  daddsub_clz.o(x$fpl$dadd)
    __fpl_dcheck_NaN1                        0x08005ef9   Thumb Code    10  dcheck1.o(x$fpl$dcheck1)
    __aeabi_ddiv                             0x08005f09   Thumb Code     0  ddiv.o(x$fpl$ddiv)
    _ddiv                                    0x08005f09   Thumb Code   552  ddiv.o(x$fpl$ddiv)
    __aeabi_d2iz                             0x080061b9   Thumb Code     0  dfix.o(x$fpl$dfix)
    _dfix                                    0x080061b9   Thumb Code    94  dfix.o(x$fpl$dfix)
    __aeabi_i2d                              0x08006217   Thumb Code     0  dflt_clz.o(x$fpl$dflt)
    _dflt                                    0x08006217   Thumb Code    46  dflt_clz.o(x$fpl$dflt)
    __aeabi_ui2d                             0x08006245   Thumb Code     0  dflt_clz.o(x$fpl$dfltu)
    _dfltu                                   0x08006245   Thumb Code    38  dflt_clz.o(x$fpl$dfltu)
    __aeabi_dmul                             0x0800626d   Thumb Code     0  dmul.o(x$fpl$dmul)
    _dmul                                    0x0800626d   Thumb Code   332  dmul.o(x$fpl$dmul)
    __fpl_dnaninf                            0x080063c1   Thumb Code   156  dnaninf.o(x$fpl$dnaninf)
    __fpl_dretinf                            0x0800645d   Thumb Code    12  dretinf.o(x$fpl$dretinf)
    __aeabi_drsub                            0x08006469   Thumb Code     0  daddsub_clz.o(x$fpl$drsb)
    _drsb                                    0x08006469   Thumb Code    22  daddsub_clz.o(x$fpl$drsb)
    _dsqrt                                   0x08006481   Thumb Code   456  dsqrt_noumaal.o(x$fpl$dsqrt)
    __aeabi_dsub                             0x0800664d   Thumb Code     0  daddsub_clz.o(x$fpl$dsub)
    _dsub                                    0x0800664d   Thumb Code   464  daddsub_clz.o(x$fpl$dsub)
    __aeabi_f2d                              0x08006821   Thumb Code     0  f2d.o(x$fpl$f2d)
    _f2d                                     0x08006821   Thumb Code    86  f2d.o(x$fpl$f2d)
    __aeabi_fadd                             0x08006879   Thumb Code     0  faddsub_clz.o(x$fpl$fadd)
    _fadd                                    0x08006879   Thumb Code   196  faddsub_clz.o(x$fpl$fadd)
    __fpl_fcmp_Inf                           0x0800693d   Thumb Code    24  fcmpi.o(x$fpl$fcmpinf)
    __aeabi_fdiv                             0x08006955   Thumb Code     0  fdiv.o(x$fpl$fdiv)
    _fdiv                                    0x08006955   Thumb Code   384  fdiv.o(x$fpl$fdiv)
    __aeabi_f2uiz                            0x08006ad9   Thumb Code     0  ffixu.o(x$fpl$ffixu)
    _ffixu                                   0x08006ad9   Thumb Code    62  ffixu.o(x$fpl$ffixu)
    __aeabi_ui2f                             0x08006b19   Thumb Code     0  fflt_clz.o(x$fpl$ffltu)
    _ffltu                                   0x08006b19   Thumb Code    38  fflt_clz.o(x$fpl$ffltu)
    __aeabi_cfcmple                          0x08006b41   Thumb Code     0  fleqf.o(x$fpl$fleqf)
    _fcmple                                  0x08006b41   Thumb Code   104  fleqf.o(x$fpl$fleqf)
    __fpl_fcmple_InfNaN                      0x08006b93   Thumb Code     0  fleqf.o(x$fpl$fleqf)
    __aeabi_fmul                             0x08006ba9   Thumb Code     0  fmul.o(x$fpl$fmul)
    _fmul                                    0x08006ba9   Thumb Code   258  fmul.o(x$fpl$fmul)
    __fpl_fnaninf                            0x08006cab   Thumb Code   140  fnaninf.o(x$fpl$fnaninf)
    __fpl_fretinf                            0x08006d37   Thumb Code    10  fretinf.o(x$fpl$fretinf)
    __aeabi_cfrcmple                         0x08006d41   Thumb Code     0  frleqf.o(x$fpl$frleqf)
    _frcmple                                 0x08006d41   Thumb Code    98  frleqf.o(x$fpl$frleqf)
    __aeabi_fsub                             0x08006da5   Thumb Code     0  faddsub_clz.o(x$fpl$fsub)
    _fsub                                    0x08006da5   Thumb Code   234  faddsub_clz.o(x$fpl$fsub)
    __fpl_return_NaN                         0x08006e8f   Thumb Code   100  retnan.o(x$fpl$retnan)
    __ARM_scalbn                             0x08006ef3   Thumb Code    92  scalbn.o(x$fpl$scalbn)
    __fpl_cmpreturn                          0x08006f4f   Thumb Code    48  trapv.o(x$fpl$trapveneer)
    __I$use$fp                               0x08006f7e   Number         0  usenofp.o(x$fpl$usenofp)
    dtab                                     0x08006f7e   Data         943  vs1003x.o(.constdata)
    bitrate                                  0x0800732e   Data          64  vs1003x.o(.constdata)
    bass                                     0x0800736e   Data          24  lcd13164.o(.constdata)
    icon                                     0x08007386   Data         504  lcd13164.o(.constdata)
    kbps                                     0x0800757e   Data          20  lcd13164.o(.constdata)
    miniasc2                                 0x08007592   Data          70  lcd13164.o(.constdata)
    asc2                                     0x080075d8   Data        1140  lcd13164.o(.constdata)
    UnicodeToGB2312_Tab                      0x08007a4c   Data       29780  untogb.o(.constdata)
    dian                                     0x0800eea0   Data          48  my_fft.o(.constdata)
    fk_mod                                   0x0800eed0   Data         112  russia.o(.constdata)
    Region$$Table$$Base                      0x0800f268   Number         0  anon$$obj.o(Region$$Table)
    Region$$Table$$Limit                     0x0800f288   Number         0  anon$$obj.o(Region$$Table)
    State                                    0x20000000   Data           1  main.o(.data)
    key_point                                0x20000001   Data           1  main.o(.data)
    atab                                     0x20000006   Data         943  vs1003x.o(.data)
    VS_VOLT                                  0x200003b5   Data           1  vs1003x.o(.data)
    VS_BASS                                  0x200003b6   Data           1  vs1003x.o(.data)
    SD_Type                                  0x200003b7   Data           1  mmc_sd.o(.data)
    invt                                     0x200003b8   Data           1  lcd13164.o(.data)
    LYRIC                                    0x200003b9   Data           1  lcd13164.o(.data)
    SINGLE                                   0x200003ba   Data           1  lcd13164.o(.data)
    PLAYING                                  0x200003bb   Data           1  lcd13164.o(.data)
    file_bps                                 0x200003bc   Data           4  lcd13164.o(.data)
    off_time                                 0x200003c0   Data           4  lcd13164.o(.data)
    key                                      0x200003c4   Data           1  keyboard.o(.data)
    adc_count                                0x200003c5   Data           1  adc.o(.data)
    adc_over                                 0x200003c6   Data           1  adc.o(.data)
    file_cluster                             0x200003c8   Data           4  fat.o(.data)
    file_size                                0x200003cc   Data           4  fat.o(.data)
    root_dir_clu                             0x200003d0   Data           4  fat.o(.data)
    FirstDataSector                          0x200003d4   Data           4  fat.o(.data)
    sector_size                              0x200003d8   Data           2  fat.o(.data)
    FATsectors                               0x200003dc   Data           4  fat.o(.data)
    cluster_size                             0x200003e0   Data           1  fat.o(.data)
    fat_address                              0x200003e4   Data           4  fat.o(.data)
    root_address                             0x200003e8   Data           4  fat.o(.data)
    root_dir_size                            0x200003ec   Data           4  fat.o(.data)
    Root_Entries                             0x200003f0   Data           4  fat.o(.data)
    fat_type                                 0x200003f4   Data           1  fat.o(.data)
    Cur_Dir_Cluster                          0x200003f8   Data           4  fat.o(.data)
    Fat_Dir_Cluster                          0x200003fc   Data           4  fat.o(.data)
    LongNameFlag                             0x20000400   Data           4  fat.o(.data)
    FONT16CLUSTER                            0x20000404   Data           4  fat.o(.data)
    FONT12CLUSTER                            0x20000408   Data           4  fat.o(.data)
    folder                                   0x2000040c   Data          48  fat.o(.data)
    sysfile                                  0x2000043c   Data          76  fat.o(.data)
    sysfile1                                 0x20000488   Data          36  fat.o(.data)
    filetype                                 0x200004ac   Data          52  fat.o(.data)
    voltemp                                  0x200004e0   Data           6  mp3player.o(.data)
    f_kbps                                   0x200004e6   Data           2  mp3player.o(.data)
    bt30MS                                   0x200004ea   Data           1  lrcpro.o(.data)
    m                                        0x200004ec   Data           1  my_fft.o(.data)
    N                                        0x200004f0   Data           4  my_fft.o(.data)
    timer4_count                             0x200004f4   Data           2  snake.o(.data)
    GAME_OVER                                0x200004f6   Data           1  snake.o(.data)
    PASS                                     0x200004f7   Data           1  snake.o(.data)
    pauseen                                  0x200004f8   Data           1  snake.o(.data)
    GAME_PLAY                                0x200004f9   Data           1  snake.o(.data)
    LEVELEPM_Snake                           0x200004fa   Data           1  snake.o(.data)
    LEVELEPM_Russia                          0x200004fb   Data           1  snake.o(.data)
    MAXSCORE_Snake                           0x200004fc   Data           2  snake.o(.data)
    MAXSCORE_Russia                          0x200004fe   Data           2  snake.o(.data)
    LEVEL                                    0x20000500   Data           1  snake.o(.data)
    score                                    0x20000502   Data           2  snake.o(.data)
    snake_body                               0x20000504   Data           4  snake.o(.data)
    fk_run                                   0x20000508   Data           1  russia.o(.data)
    m_c                                      0x2000050c   Data         320  lcd13164.o(.bss)
    CurDir                                   0x2000064c   Data          80  lcd13164.o(.bss)
    F_Info                                   0x2000069c   Data         864  fat.o(.bss)
    fat_buffer                               0x200009fc   Data         512  fat.o(.bss)
    LongNameBuffer                           0x20000bfc   Data          80  fat.o(.bss)
    sys_ico                                  0x20000c4c   Data          36  fat.o(.bss)
    sys_ico1                                 0x20000c70   Data          36  fat.o(.bss)
    file_ico                                 0x20000c94   Data          32  fat.o(.bss)
    File_DIR                                 0x20000cb4   Data          24  fat.o(.bss)
    MCUBuffer                                0x20000ccc   Data         640  mp3player.o(.bss)
    XR                                       0x20000f4c   Data         512  my_fft.o(.bss)
    XI                                       0x2000114c   Data         512  my_fft.o(.bss)
    Snake_Data                               0x2000134c   Data          12  snake.o(.bss)
    Russia_Data                              0x20001358   Data          48  russia.o(.bss)
    _random_number_data                      0x20001388   Data         228  rand.o(.bss)
    __libspace_start                         0x2000146c   Data          96  libspace.o(.bss)
    __temporary_stack_top$libspace           0x200014cc   Data           0  libspace.o(.bss)



==============================================================================

Memory Map of the image

  Image Entry point : 0x080000ed

  Load Region LR_IROM1 (Base: 0x08000000, Size: 0x0000f794, Max: 0x00010000, ABSOLUTE, COMPRESSED[0x0000f360])

    Execution Region ER_IROM1 (Base: 0x08000000, Size: 0x0000f288, Max: 0x00010000, ABSOLUTE)

    Base Addr    Size         Type   Attr      Idx    E Section Name        Object

    0x08000000   0x000000ec   Data   RO            3    RESET               stm32f10x.o
    0x080000ec   0x00000008   Code   RO          675  * !!!main             c_w.l(__main.o)
    0x080000f4   0x00000034   Code   RO          973    !!!scatter          c_w.l(__scatter.o)
    0x08000128   0x0000005a   Code   RO          971    !!dczerorl2         c_w.l(__dczerorl2.o)
    0x08000182   0x00000002   PAD
    0x08000184   0x0000001c   Code   RO          975    !!handler_zi        c_w.l(__scatter_zi.o)
    0x080001a0   0x00000002   Code   RO          892    .ARM.Collect$$libinit$$00000000  c_w.l(libinit.o)
    0x080001a2   0x00000000   Code   RO          753    .ARM.Collect$$libinit$$00000002  c_w.l(libinit2.o)
    0x080001a2   0x00000000   Code   RO          755    .ARM.Collect$$libinit$$00000004  c_w.l(libinit2.o)
    0x080001a2   0x00000000   Code   RO          758    .ARM.Collect$$libinit$$0000000A  c_w.l(libinit2.o)
    0x080001a2   0x00000000   Code   RO          760    .ARM.Collect$$libinit$$0000000C  c_w.l(libinit2.o)
    0x080001a2   0x00000004   Code   RO          761    .ARM.Collect$$libinit$$0000000D  c_w.l(libinit2.o)
    0x080001a6   0x00000000   Code   RO          762    .ARM.Collect$$libinit$$0000000E  c_w.l(libinit2.o)
    0x080001a6   0x00000000   Code   RO          765    .ARM.Collect$$libinit$$00000011  c_w.l(libinit2.o)
    0x080001a6   0x00000000   Code   RO          767    .ARM.Collect$$libinit$$00000013  c_w.l(libinit2.o)
    0x080001a6   0x00000000   Code   RO          769    .ARM.Collect$$libinit$$00000015  c_w.l(libinit2.o)
    0x080001a6   0x00000000   Code   RO          771    .ARM.Collect$$libinit$$00000017  c_w.l(libinit2.o)
    0x080001a6   0x00000000   Code   RO          773    .ARM.Collect$$libinit$$00000019  c_w.l(libinit2.o)
    0x080001a6   0x00000000   Code   RO          775    .ARM.Collect$$libinit$$0000001B  c_w.l(libinit2.o)
    0x080001a6   0x00000000   Code   RO          777    .ARM.Collect$$libinit$$0000001D  c_w.l(libinit2.o)
    0x080001a6   0x00000000   Code   RO          779    .ARM.Collect$$libinit$$0000001F  c_w.l(libinit2.o)
    0x080001a6   0x00000000   Code   RO          781    .ARM.Collect$$libinit$$00000021  c_w.l(libinit2.o)
    0x080001a6   0x00000000   Code   RO          783    .ARM.Collect$$libinit$$00000023  c_w.l(libinit2.o)
    0x080001a6   0x00000000   Code   RO          785    .ARM.Collect$$libinit$$00000025  c_w.l(libinit2.o)
    0x080001a6   0x00000000   Code   RO          789    .ARM.Collect$$libinit$$0000002C  c_w.l(libinit2.o)
    0x080001a6   0x00000000   Code   RO          791    .ARM.Collect$$libinit$$0000002E  c_w.l(libinit2.o)
    0x080001a6   0x00000000   Code   RO          793    .ARM.Collect$$libinit$$00000030  c_w.l(libinit2.o)
    0x080001a6   0x00000000   Code   RO          795    .ARM.Collect$$libinit$$00000032  c_w.l(libinit2.o)
    0x080001a6   0x00000002   Code   RO          796    .ARM.Collect$$libinit$$00000033  c_w.l(libinit2.o)
    0x080001a8   0x00000002   Code   RO          933    .ARM.Collect$$libshutdown$$00000000  c_w.l(libshutdown.o)
    0x080001aa   0x00000000   Code   RO          940    .ARM.Collect$$libshutdown$$00000003  c_w.l(libshutdown2.o)
    0x080001aa   0x00000000   Code   RO          943    .ARM.Collect$$libshutdown$$00000006  c_w.l(libshutdown2.o)
    0x080001aa   0x00000000   Code   RO          946    .ARM.Collect$$libshutdown$$00000009  c_w.l(libshutdown2.o)
    0x080001aa   0x00000000   Code   RO          948    .ARM.Collect$$libshutdown$$0000000B  c_w.l(libshutdown2.o)
    0x080001aa   0x00000000   Code   RO          951    .ARM.Collect$$libshutdown$$0000000E  c_w.l(libshutdown2.o)
    0x080001aa   0x00000002   Code   RO          952    .ARM.Collect$$libshutdown$$0000000F  c_w.l(libshutdown2.o)
    0x080001ac   0x00000000   Code   RO          749    .ARM.Collect$$rtentry$$00000000  c_w.l(__rtentry.o)
    0x080001ac   0x00000000   Code   RO          841    .ARM.Collect$$rtentry$$00000002  c_w.l(__rtentry2.o)
    0x080001ac   0x00000006   Code   RO          853    .ARM.Collect$$rtentry$$00000004  c_w.l(__rtentry4.o)
    0x080001b2   0x00000000   Code   RO          843    .ARM.Collect$$rtentry$$00000009  c_w.l(__rtentry2.o)
    0x080001b2   0x00000004   Code   RO          844    .ARM.Collect$$rtentry$$0000000A  c_w.l(__rtentry2.o)
    0x080001b6   0x00000000   Code   RO          846    .ARM.Collect$$rtentry$$0000000C  c_w.l(__rtentry2.o)
    0x080001b6   0x00000008   Code   RO          847    .ARM.Collect$$rtentry$$0000000D  c_w.l(__rtentry2.o)
    0x080001be   0x00000002   Code   RO          897    .ARM.Collect$$rtexit$$00000000  c_w.l(rtexit.o)
    0x080001c0   0x00000000   Code   RO          911    .ARM.Collect$$rtexit$$00000002  c_w.l(rtexit2.o)
    0x080001c0   0x00000004   Code   RO          912    .ARM.Collect$$rtexit$$00000003  c_w.l(rtexit2.o)
    0x080001c4   0x00000006   Code   RO          913    .ARM.Collect$$rtexit$$00000004  c_w.l(rtexit2.o)
    0x080001ca   0x00000002   PAD
    0x080001cc   0x00000002   Code   RO          171    .emb_text           sys.o
    0x080001ce   0x00000002   PAD
    0x080001d0   0x00000034   Code   RO          668    .emb_text           c_w.l(rand.o)
    0x08000204   0x00000034   Code   RO            4    .text               stm32f10x.o
    0x08000238   0x00000140   Code   RO           10    .text               main.o
    0x08000378   0x0000022c   Code   RO          172    .text               sys.o
    0x080005a4   0x000000b0   Code   RO          187    .text               delay.o
    0x08000654   0x00000168   Code   RO          201    .text               spi2.o
    0x080007bc   0x000006dc   Code   RO          216    .text               vs1003x.o
    0x08000e98   0x00000688   Code   RO          239    .text               mmc_sd.o
    0x08001520   0x00000b1c   Code   RO          257    .text               lcd13164.o
    0x0800203c   0x000002e8   Code   RO          278    .text               keyboard.o
    0x08002324   0x00000218   Code   RO          297    .text               adc.o
    0x0800253c   0x00000d64   Code   RO          316    .text               fat.o
    0x080032a0   0x000000e4   Code   RO          337    .text               untogb.o
    0x08003384   0x000003f8   Code   RO          355    .text               gui.o
    0x0800377c   0x000006b0   Code   RO          368    .text               mp3player.o
    0x08003e2c   0x000000b4   Code   RO          389    .text               lrcpro.o
    0x08003ee0   0x000004c0   Code   RO          404    .text               my_fft.o
    0x080043a0   0x000008bc   Code   RO          426    .text               snake.o
    0x08004c5c   0x00000790   Code   RO          442    .text               russia.o
    0x080053ec   0x0000003c   Code   RO          669    .text               c_w.l(rand.o)
    0x08005428   0x00000006   Code   RO          673    .text               c_w.l(heapauxi.o)
    0x0800542e   0x00000016   Code   RO          750    .text               c_w.l(_rserrno.o)
    0x08005444   0x00000008   Code   RO          858    .text               c_w.l(rt_errno_addr_intlibspace.o)
    0x0800544c   0x00000008   Code   RO          876    .text               c_w.l(libspace.o)
    0x08005454   0x0000004a   Code   RO          879    .text               c_w.l(sys_stackheap_outer.o)
    0x0800549e   0x0000000c   Code   RO          881    .text               c_w.l(exit.o)
    0x080054aa   0x00000002   Code   RO          907    .text               c_w.l(use_no_semi.o)
    0x080054ac   0x00000000   Code   RO          909    .text               c_w.l(indicate_semi.o)
    0x080054ac   0x0000000c   Code   RO          925    .text               c_w.l(sys_exit.o)
    0x080054b8   0x00000074   Code   RO          463    i.NVIC_Init         STM32F10xR.LIB(stm32f10x_nvic.o)
    0x0800552c   0x00000014   Code   RO          462    i.NVIC_PriorityGroupConfig  STM32F10xR.LIB(stm32f10x_nvic.o)
    0x08005540   0x00000014   Code   RO          478    i.NVIC_SetVectorTable  STM32F10xR.LIB(stm32f10x_nvic.o)
    0x08005554   0x00000028   Code   RO          872    i.__ARM_fpclassify  m_ws.l(fpclassify.o)
    0x0800557c   0x00000388   Code   RO          829    i.__ieee754_rem_pio2  m_ws.l(rred.o)
    0x08005904   0x000000fc   Code   RO          812    i.__kernel_cos      m_ws.l(cos_i.o)
    0x08005a00   0x000000aa   Code   RO          874    i.__kernel_poly     m_ws.l(poly.o)
    0x08005aaa   0x00000002   PAD
    0x08005aac   0x000000ec   Code   RO          834    i.__kernel_sin      m_ws.l(sin_i.o)
    0x08005b98   0x00000006   Code   RO          816    i.__mathlib_dbl_infnan  m_ws.l(dunder.o)
    0x08005b9e   0x0000000c   Code   RO          818    i.__mathlib_dbl_invalid  m_ws.l(dunder.o)
    0x08005baa   0x00000002   PAD
    0x08005bac   0x00000010   Code   RO          821    i.__mathlib_dbl_underflow  m_ws.l(dunder.o)
    0x08005bbc   0x0000009c   Code   RO          726    i.cos               m_ws.l(cos.o)
    0x08005c58   0x000000a0   Code   RO          734    i.sin               m_ws.l(sin.o)
    0x08005cf8   0x0000004c   Code   RO          742    i.sqrt              m_ws.l(sqrt.o)
    0x08005d44   0x00000062   Code   RO          677    x$fpl$d2f           fz_ws.l(d2f.o)
    0x08005da6   0x00000002   PAD
    0x08005da8   0x00000150   Code   RO          679    x$fpl$dadd          fz_ws.l(daddsub_clz.o)
    0x08005ef8   0x00000010   Code   RO          893    x$fpl$dcheck1       fz_ws.l(dcheck1.o)
    0x08005f08   0x000002b0   Code   RO          686    x$fpl$ddiv          fz_ws.l(ddiv.o)
    0x080061b8   0x0000005e   Code   RO          864    x$fpl$dfix          fz_ws.l(dfix.o)
    0x08006216   0x0000002e   Code   RO          690    x$fpl$dflt          fz_ws.l(dflt_clz.o)
    0x08006244   0x00000026   Code   RO          689    x$fpl$dfltu         fz_ws.l(dflt_clz.o)
    0x0800626a   0x00000002   PAD
    0x0800626c   0x00000154   Code   RO          695    x$fpl$dmul          fz_ws.l(dmul.o)
    0x080063c0   0x0000009c   Code   RO          799    x$fpl$dnaninf       fz_ws.l(dnaninf.o)
    0x0800645c   0x0000000c   Code   RO          801    x$fpl$dretinf       fz_ws.l(dretinf.o)
    0x08006468   0x00000016   Code   RO          680    x$fpl$drsb          fz_ws.l(daddsub_clz.o)
    0x0800647e   0x00000002   PAD
    0x08006480   0x000001cc   Code   RO          803    x$fpl$dsqrt         fz_ws.l(dsqrt_noumaal.o)
    0x0800664c   0x000001d4   Code   RO          681    x$fpl$dsub          fz_ws.l(daddsub_clz.o)
    0x08006820   0x00000056   Code   RO          697    x$fpl$f2d           fz_ws.l(f2d.o)
    0x08006876   0x00000002   PAD
    0x08006878   0x000000c4   Code   RO          699    x$fpl$fadd          fz_ws.l(faddsub_clz.o)
    0x0800693c   0x00000018   Code   RO          805    x$fpl$fcmpinf       fz_ws.l(fcmpi.o)
    0x08006954   0x00000184   Code   RO          706    x$fpl$fdiv          fz_ws.l(fdiv.o)
    0x08006ad8   0x0000003e   Code   RO          709    x$fpl$ffixu         fz_ws.l(ffixu.o)
    0x08006b16   0x00000002   PAD
    0x08006b18   0x00000026   Code   RO          713    x$fpl$ffltu         fz_ws.l(fflt_clz.o)
    0x08006b3e   0x00000002   PAD
    0x08006b40   0x00000068   Code   RO          719    x$fpl$fleqf         fz_ws.l(fleqf.o)
    0x08006ba8   0x00000102   Code   RO          721    x$fpl$fmul          fz_ws.l(fmul.o)
    0x08006caa   0x0000008c   Code   RO          807    x$fpl$fnaninf       fz_ws.l(fnaninf.o)
    0x08006d36   0x0000000a   Code   RO          809    x$fpl$fretinf       fz_ws.l(fretinf.o)
    0x08006d40   0x00000062   Code   RO          723    x$fpl$frleqf        fz_ws.l(frleqf.o)
    0x08006da2   0x00000002   PAD
    0x08006da4   0x000000ea   Code   RO          701    x$fpl$fsub          fz_ws.l(faddsub_clz.o)
    0x08006e8e   0x00000064   Code   RO          905    x$fpl$retnan        fz_ws.l(retnan.o)
    0x08006ef2   0x0000005c   Code   RO          870    x$fpl$scalbn        fz_ws.l(scalbn.o)
    0x08006f4e   0x00000030   Code   RO          923    x$fpl$trapveneer    fz_ws.l(trapv.o)
    0x08006f7e   0x00000000   Code   RO          811    x$fpl$usenofp       fz_ws.l(usenofp.o)
    0x08006f7e   0x000003f0   Data   RO          217    .constdata          vs1003x.o
    0x0800736e   0x000006de   Data   RO          259    .constdata          lcd13164.o
    0x08007a4c   0x00007454   Data   RO          338    .constdata          untogb.o
    0x0800eea0   0x00000030   Data   RO          406    .constdata          my_fft.o
    0x0800eed0   0x00000070   Data   RO          444    .constdata          russia.o
    0x0800ef40   0x00000030   Data   RO          813    .constdata          m_ws.l(cos_i.o)
    0x0800ef70   0x000000c8   Data   RO          831    .constdata          m_ws.l(rred.o)
    0x0800f038   0x00000028   Data   RO          835    .constdata          m_ws.l(sin_i.o)
    0x0800f060   0x00000208   Data   RO          318    .conststring        fat.o
    0x0800f268   0x00000020   Data   RO          969    Region$$Table       anon$$obj.o


    Execution Region RW_IRAM1 (Base: 0x20000000, Size: 0x000016d0, Max: 0x00005000, ABSOLUTE, COMPRESSED[0x000000d8])

    Base Addr    Size         Type   Attr      Idx    E Section Name        Object

    0x20000000   0x00000002   Data   RW           11    .data               main.o
    0x20000002   0x00000004   Data   RW          188    .data               delay.o
    0x20000006   0x000003b1   Data   RW          218    .data               vs1003x.o
    0x200003b7   0x00000001   Data   RW          240    .data               mmc_sd.o
    0x200003b8   0x0000000c   Data   RW          260    .data               lcd13164.o
    0x200003c4   0x00000001   Data   RW          279    .data               keyboard.o
    0x200003c5   0x00000002   Data   RW          298    .data               adc.o
    0x200003c7   0x00000001   PAD
    0x200003c8   0x00000118   Data   RW          319    .data               fat.o
    0x200004e0   0x0000000a   Data   RW          370    .data               mp3player.o
    0x200004ea   0x00000001   Data   RW          390    .data               lrcpro.o
    0x200004eb   0x00000001   PAD
    0x200004ec   0x00000008   Data   RW          407    .data               my_fft.o
    0x200004f4   0x00000014   Data   RW          428    .data               snake.o
    0x20000508   0x00000001   Data   RW          445    .data               russia.o
    0x20000509   0x00000003   PAD
    0x2000050c   0x00000190   Zero   RW          258    .bss                lcd13164.o
    0x2000069c   0x00000630   Zero   RW          317    .bss                fat.o
    0x20000ccc   0x00000280   Zero   RW          369    .bss                mp3player.o
    0x20000f4c   0x00000400   Zero   RW          405    .bss                my_fft.o
    0x2000134c   0x0000000c   Zero   RW          427    .bss                snake.o
    0x20001358   0x00000030   Zero   RW          443    .bss                russia.o
    0x20001388   0x000000e4   Zero   RW          670    .bss                c_w.l(rand.o)
    0x2000146c   0x00000060   Zero   RW          877    .bss                c_w.l(libspace.o)
    0x200014cc   0x00000004   PAD
    0x200014d0   0x00000000   Zero   RW            2    HEAP                stm32f10x.o
    0x200014d0   0x00000200   Zero   RW            1    STACK               stm32f10x.o


==============================================================================

Image component sizes


      Code (inc. data)   RO Data    RW Data    ZI Data      Debug   Object Name

       536         28          0          2          0       1484   adc.o
       176          8          0          4          0        947   delay.o
      3428        266        520        280       1584      13554   fat.o
      1016        162          0          0          0       2053   gui.o
       744         44          0          1          0       1531   keyboard.o
      2844        182       1758         12        400       9552   lcd13164.o
       180         12          0          1          0       1000   lrcpro.o
       320         80          0          2          0      16059   main.o
      1672         20          0          1          0       5513   mmc_sd.o
      1712        100          0         10        640       3514   mp3player.o
      1216         86         48          8       1024       2449   my_fft.o
      1936         92        112          1         48       4524   russia.o
      2236        220          0         20         12       4554   snake.o
       360         16          0          0          0        949   spi2.o
        52         18        236          0        512        760   stm32f10x.o
       558         40          0          0          0       2123   sys.o
       228          4      29780          0          0       1884   untogb.o
      1756         52       1008        945          0       4929   vs1003x.o

    ----------------------------------------------------------------------
     20972       1430      33494       1292       4220      77379   Object Totals
         0          0         32          0          0          0   (incl. Generated)
         2          0          0          5          0          0   (incl. Padding)

    ----------------------------------------------------------------------

      Code (inc. data)   RO Data    RW Data    ZI Data      Debug   Library Member Name

       156         18          0          0          0      12145   stm32f10x_nvic.o
        90          0          0          0          0          0   __dczerorl2.o
         8          0          0          0          0         68   __main.o
         0          0          0          0          0          0   __rtentry.o
        12          0          0          0          0          0   __rtentry2.o
         6          0          0          0          0          0   __rtentry4.o
        52          8          0          0          0          0   __scatter.o
        28          0          0          0          0          0   __scatter_zi.o
        22          0          0          0          0        100   _rserrno.o
        12          0          0          0          0         72   exit.o
         6          0          0          0          0        152   heapauxi.o
         0          0          0          0          0          0   indicate_semi.o
         2          0          0          0          0          0   libinit.o
         6          0          0          0          0          0   libinit2.o
         2          0          0          0          0          0   libshutdown.o
         2          0          0          0          0          0   libshutdown2.o
         8          4          0          0         96         68   libspace.o
       112         18          0          0        228        160   rand.o
         8          4          0          0          0         68   rt_errno_addr_intlibspace.o
         2          0          0          0          0          0   rtexit.o
        10          0          0          0          0          0   rtexit2.o
        12          4          0          0          0         68   sys_exit.o
        74          0          0          0          0         80   sys_stackheap_outer.o
         2          0          0          0          0         68   use_no_semi.o
        98          4          0          0          0         92   d2f.o
       826         16          0          0          0        348   daddsub_clz.o
        16          4          0          0          0         68   dcheck1.o
       688        140          0          0          0        208   ddiv.o
        94          4          0          0          0         92   dfix.o
        84          0          0          0          0        136   dflt_clz.o
       340         12          0          0          0        104   dmul.o
       156          4          0          0          0         92   dnaninf.o
        12          0          0          0          0         68   dretinf.o
       460         56          0          0          0        120   dsqrt_noumaal.o
        86          4          0          0          0         84   f2d.o
       430          8          0          0          0        168   faddsub_clz.o
        24          0          0          0          0         68   fcmpi.o
       388         76          0          0          0         96   fdiv.o
        62          4          0          0          0         84   ffixu.o
        38          0          0          0          0         68   fflt_clz.o
       104          4          0          0          0         84   fleqf.o
       258          4          0          0          0         84   fmul.o
       140          4          0          0          0         84   fnaninf.o
        10          0          0          0          0         68   fretinf.o
        98          0          0          0          0         68   frleqf.o
       100          0          0          0          0         68   retnan.o
        92          0          0          0          0         68   scalbn.o
        48          0          0          0          0         68   trapv.o
         0          0          0          0          0          0   usenofp.o
       156          8          0          0          0        104   cos.o
       252         22         48          0          0        124   cos_i.o
        34          6          0          0          0        204   dunder.o
        40          0          0          0          0         68   fpclassify.o
       170          0          0          0          0         96   poly.o
       904         76        200          0          0        140   rred.o
       160         10          0          0          0        108   sin.o
       236         12         40          0          0        128   sin_i.o
        76          0          0          0          0         84   sqrt.o

    ----------------------------------------------------------------------
      7334        534        288          0        328      16593   Library Totals
        22          0          0          0          4          0   (incl. Padding)

    ----------------------------------------------------------------------

      Code (inc. data)   RO Data    RW Data    ZI Data      Debug   Library Name

       156         18          0          0          0      12145   STM32F10xR.LIB
       476         38          0          0        324        904   c_w.l
      4652        344          0          0          0       2488   fz_ws.l
      2028        134        288          0          0       1056   m_ws.l

    ----------------------------------------------------------------------
      7334        534        288          0        328      16593   Library Totals

    ----------------------------------------------------------------------

==============================================================================


      Code (inc. data)   RO Data    RW Data    ZI Data      Debug   

     28306       1964      33782       1292       4548      90380   Grand Totals
     28306       1964      33782        216       4548      90380   ELF Image Totals (compressed)
     28306       1964      33782        216          0          0   ROM Totals

==============================================================================

    Total RO  Size (Code + RO Data)                62088 (  60.63kB)
    Total RW  Size (RW Data + ZI Data)              5840 (   5.70kB)
    Total ROM Size (Code + RO Data + RW Data)      62304 (  60.84kB)

==============================================================================

