<html>
<body>
<pre>
<h1>礦ision Build Log</h1>
<h2>Tool Versions:</h2>
IDE-Version: μVision V5.15
Copyright (C) 2015 ARM Ltd and ARM Germany GmbH. All rights reserved.
License Information: xc Microsoft, Microsoft, LIC=65IBS-L7ZLM-Y6FQX-HR867-Q16V4-1QPS3
 
Tool Versions:
Toolchain:       MDK-ARM Standard  Version: 5.15.0
Toolchain Path:  D:\Keil uv5\ARM\ARMCC\Bin
C Compiler:      Armcc.exe V5.05 update 2 (build 169)
Assembler:       Armasm.exe V5.05 update 2 (build 169)
Linker/Locator:  ArmLink.exe V5.05 update 2 (build 169)
Library Manager: ArmAr.exe V5.05 update 2 (build 169)
Hex Converter:   FromElf.exe V5.05 update 2 (build 169)
CPU DLL:         SARMCM3.DLL V5.15.0
Dialog DLL:      DARMSTM.DLL V1.65.0.0
Target DLL:      UL2CM3.DLL V1.155.8.0
Dialog DLL:      TARMSTM.DLL V1.64.0.0
 
<h2>Project:</h2>
F:\工作文件\ll\mp3功放程序\main\main.uvproj
Project File Date:  02/14/2019

<h2>Output:</h2>
*** Using Compiler 'V5.05 update 2 (build 169)', folder: 'D:\Keil uv5\ARM\ARMCC\Bin'
Build target 'Target 1'
compiling keyboard.c...
linking...
Program Size: Code=28306 RO-data=33782 RW-data=1292 ZI-data=4548  
FromELF: creating hex file...
".\main.axf" - 0 Error(s), 0 Warning(s).
</pre>
</body>
</html>
